SDK:Splunk MINT, Error:[Errno 2] No such file or directory: 'plaintext_summaries2.0/Splunk MINT.txt' 
SDK:Localytics, Error:[Errno 2] No such file or directory: 'plaintext_summaries2.0/Localytics.txt' 
SDK:Smaato, Error:[Errno 2] No such file or directory: 'plaintext_summaries2.0/Smaato.txt' 
SDK:Adjust, Error:[Errno 2] No such file or directory: 'plaintext_summaries2.0/Adjust.txt' 
SDK:Branch, Error:[Errno 2] No such file or directory: 'plaintext_summaries2.0/Branch.txt' 
SDK:InMobi, Error:[Errno 2] No such file or directory: 'plaintext_summaries2.0/InMobi.txt' 
SDK:Leanplum, Error:[Errno 2] No such file or directory: 'plaintext_summaries2.0/Leanplum.txt' 
SDK:Unity Ads, Error:[Errno 2] No such file or directory: 'plaintext_summaries2.0/Unity Ads.txt' 
SDK:Pollfish, Error:[Errno 2] No such file or directory: 'plaintext_summaries2.0/Pollfish.txt' 
SDK:AdColony(Digital Turbine, fyber), Error:[Errno 2] No such file or directory: 'plaintext_summaries2.0/AdColony(Digital Turbine, fyber).txt' 
SDK:Umeng, Error:[Errno 2] No such file or directory: 'plaintext_summaries2.0/Umeng.txt' 
SDK:Startapp, Error:[Errno 2] No such file or directory: 'plaintext_summaries2.0/Startapp.txt' 
SDK:AppNexus(Xandr), Error:[Errno 2] No such file or directory: 'plaintext_summaries2.0/AppNexus(Xandr).txt' 
SDK:Flurry Analytics, Error:[Errno 2] No such file or directory: 'plaintext_summaries2.0/Flurry Analytics.txt' 
SDK:Snap Login Kit, Error:[Errno 2] No such file or directory: 'plaintext_summaries2.0/Snap Login Kit.txt' 
SDK:Tapjoy, Error:[Errno 2] No such file or directory: 'plaintext_summaries2.0/Tapjoy.txt' 
SDK:AppLovin, Error:[Errno 2] No such file or directory: 'plaintext_summaries2.0/AppLovin.txt' 
SDK:Countly, Error:[Errno 2] No such file or directory: 'plaintext_summaries2.0/Countly.txt' 
SDK:adMost, Error:[Errno 2] No such file or directory: 'plaintext_summaries2.0/adMost.txt' 
SDK:Prebid, Error:[Errno 2] No such file or directory: 'plaintext_summaries2.0/Prebid.txt' 
SDK:Pangle, Error:[Errno 2] No such file or directory: 'plaintext_summaries2.0/Pangle.txt' 
SDK:Segment, Error:[Errno 2] No such file or directory: 'plaintext_summaries2.0/Segment.txt' 
SDK:Adobe App Measurement for Android, Error:[Errno 2] No such file or directory: 'plaintext_summaries2.0/Adobe App Measurement for Android.txt' 
SDK:Vungle(liftoff), Error:[Errno 2] No such file or directory: 'plaintext_summaries2.0/Vungle(liftoff).txt' 
SDK:BidMachine, Error:[Errno 2] No such file or directory: 'plaintext_summaries2.0/BidMachine.txt' 
SDK:GameAnalytics, Error:[Errno 2] No such file or directory: 'plaintext_summaries2.0/GameAnalytics.txt' 
SDK:TopOn, Error:[Errno 2] No such file or directory: 'plaintext_summaries2.0/TopOn.txt' 
SDK:Kochava, Error:[Errno 2] No such file or directory: 'plaintext_summaries2.0/Kochava.txt' 
SDK:AppNext, Error:[Errno 2] No such file or directory: 'plaintext_summaries2.0/AppNext.txt' 
SDK:Google Analytics, Error:[Errno 2] No such file or directory: 'plaintext_summaries2.0/Google Analytics.txt' 
SDK:AdMob, Error:[Errno 2] No such file or directory: 'plaintext_summaries2.0/AdMob.txt' 
SDK:Amplitude, Error:[Errno 2] No such file or directory: 'plaintext_summaries2.0/Amplitude.txt' 
SDK:AdMob UMP, Error:[Errno 2] No such file or directory: 'plaintext_summaries2.0/AdMob UMP.txt' 
SDK:MyTarget, Error:[Errno 2] No such file or directory: 'plaintext_summaries2.0/MyTarget.txt' 
SDK:mixpanel, Error:[Errno 2] No such file or directory: 'plaintext_summaries2.0/mixpanel.txt' 
SDK:AppBrain SDK, Error:[Errno 2] No such file or directory: 'plaintext_summaries2.0/AppBrain SDK.txt' 
SDK:Batch.com, Error:[Errno 2] No such file or directory: 'plaintext_summaries2.0/Batch.com.txt' 
SDK:Firebase, Error:[Errno 2] No such file or directory: 'plaintext_summaries2.0/Firebase.txt' 
SDK:Nimbus, Error:[Errno 2] No such file or directory: 'plaintext_summaries2.0/Nimbus.txt' 
SDK:AD(X), Error:[Errno 2] No such file or directory: 'plaintext_summaries2.0/AD(X).txt' 
SDK:PubNative(verve), Error:[Errno 2] No such file or directory: 'plaintext_summaries2.0/PubNative(verve).txt' 
SDK:TradPlus, Error:[Errno 2] No such file or directory: 'plaintext_summaries2.0/TradPlus.txt' 
SDK:Bigo Ads, Error:[Errno 2] No such file or directory: 'plaintext_summaries2.0/Bigo Ads.txt' 
SDK:Quantcast, Error:[Errno 2] No such file or directory: 'plaintext_summaries2.0/Quantcast.txt' 
SDK:Appodeal, Error:[Errno 2] No such file or directory: 'plaintext_summaries2.0/Appodeal.txt' 
SDK:Smart AdServer, Error:[Errno 2] No such file or directory: 'plaintext_summaries2.0/Smart AdServer.txt' 
SDK:YouAppi, Error:[Errno 2] No such file or directory: 'plaintext_summaries2.0/YouAppi.txt' 
SDK:MobileFuse, Error:[Errno 2] No such file or directory: 'plaintext_summaries2.0/MobileFuse.txt' 
SDK:Outbrain, Error:[Errno 2] No such file or directory: 'plaintext_summaries2.0/Outbrain.txt' 
SDK:Taboola, Error:[Errno 2] No such file or directory: 'plaintext_summaries2.0/Taboola.txt' 
SDK:Tenjin, Error:[Errno 2] No such file or directory: 'plaintext_summaries2.0/Tenjin.txt' 
SDK:Criteo, Error:[Errno 2] No such file or directory: 'plaintext_summaries2.0/Criteo.txt' 
SDK:Ironsource, Error:[Errno 2] No such file or directory: 'plaintext_summaries2.0/Ironsource.txt' 
SDK:Vpon, Error:[Errno 2] No such file or directory: 'plaintext_summaries2.0/Vpon.txt' 
SDK:AerServ, Error:[Errno 2] No such file or directory: 'plaintext_summaries2.0/AerServ.txt' 
SDK:Visual Studio App Center, Error:[Errno 2] No such file or directory: 'plaintext_summaries2.0/Visual Studio App Center.txt' 
SDK:Yandex Metrica, Error:[Errno 2] No such file or directory: 'plaintext_summaries2.0/Yandex Metrica.txt' 
SDK:Facebook Audience Network, Error:[Errno 2] No such file or directory: 'plaintext_summaries2.0/Facebook Audience Network.txt' 
SDK:HyprMX, Error:[Errno 2] No such file or directory: 'plaintext_summaries2.0/HyprMX.txt' 
SDK:Chartboost, Error:[Errno 2] No such file or directory: 'plaintext_summaries2.0/Chartboost.txt' 
SDK:Digital Turbine FairBid, Error:[Errno 2] No such file or directory: 'plaintext_summaries2.0/Digital Turbine FairBid.txt' 
SDK:AppsFlyer, Error:[Errno 2] No such file or directory: 'plaintext_summaries2.0/AppsFlyer.txt' 
SDK:Mintegral, Error:[Errno 2] No such file or directory: 'plaintext_summaries2.0/Mintegral.txt' 
SDK:Supersonic, Error:[Errno 2] No such file or directory: 'plaintext_summaries2.0/Supersonic.txt' 
SDK:Adbrix(DFINERY), Error:[Errno 2] No such file or directory: 'plaintext_summaries2.0/Adbrix(DFINERY).txt' 
SDK:TappX, Error:[Errno 2] No such file or directory: 'plaintext_summaries2.0/TappX.txt' 
SDK:Braze, Error:[Errno 2] No such file or directory: 'plaintext_summaries2.0/Braze.txt' 
SDK:Comscore Analytics, Error:[Errno 2] No such file or directory: 'plaintext_summaries2.0/Comscore Analytics.txt' 
SDK:Google Ad Manager, Error:[Errno 2] No such file or directory: 'plaintext_summaries2.0/Google Ad Manager.txt' 
SDK:Ogury, Error:[Errno 2] No such file or directory: 'plaintext_summaries2.0/Ogury.txt' 
SDK:CleverTap, Error:[Errno 2] No such file or directory: 'plaintext_summaries2.0/CleverTap.txt' 
SDK:Localytics, JSONDecodeError: Expecting value: line 1 column 1 (char 0) 
SDK:Adjust, JSONDecodeError: Expecting ',' delimiter: line 154 column 78 (char 5347) 
SDK:AdColony(Digital Turbine, fyber), JSONDecodeError: Expecting value: line 71 column 32 (char 2304) 
SDK:Flurry Analytics, JSONDecodeError: Expecting value: line 1 column 1 (char 0) 
SDK:BidMachine, JSONDecodeError: Expecting value: line 1 column 1 (char 0) 
SDK:Facebook Audience Network, JSONDecodeError: Expecting value: line 17 column 29 (char 694) 
SDK:Ogury, JSONDecodeError: Expecting value: line 15 column 38 (char 497) 
