[
    {
        "class": "com.adxcorp.ads.ADXSdk",
        "method": "getInstance",
        "arguments": "{}"
    },
    {
        "class": "com.adxcorp.ads.ADXSdk",
        "method": "isInitialized",
        "arguments": "{}"
    },
    {
        "class": "com.adxcorp.ads.ADXConfiguration",
        "method": "access$002",
        "arguments": "{\"0\":\"<instance: com.adxcorp.ads.ADXConfiguration>\",\"1\":\"6214765944061f00010002d7\"}"
    },
    {
        "class": "com.adxcorp.ads.ADXConfiguration",
        "method": "access$102",
        "arguments": "{\"0\":\"<instance: com.adxcorp.ads.ADXConfiguration>\",\"1\":\"<instance: com.adxcorp.ads.ADXConfiguration$GdprType>\"}"
    },
    {
        "class": "com.adxcorp.ads.ADXSdk",
        "method": "getInstance",
        "arguments": "{}"
    },
    {
        "class": "com.adxcorp.ads.ADXSdk",
        "method": "initialize",
        "arguments": "{\"0\":\"<instance: android.content.Context, $className: com.hancom.androidpc.gnine.launcher.ui.activity.GNineLauncherActivity>\",\"1\":\"<instance: com.adxcorp.ads.ADXConfiguration>\",\"2\":\"<instance: com.adxcorp.ads.ADXSdk$OnInitializedListener, $className: com.adx.manager.b>\"}"
    },
    {
        "class": "com.adxcorp.ads.ADXConfiguration",
        "method": "getAppId",
        "arguments": "{}"
    },
    {
        "class": "com.adxcorp.ads.ADXConfiguration",
        "method": "getGdprType",
        "arguments": "{}"
    },
    {
        "class": "com.adxcorp.ads.ADXSdk",
        "method": "initialize",
        "arguments": "{}"
    },
    {
        "class": "com.google.android.gms.ads.MobileAds",
        "method": "initialize",
        "arguments": "{\"0\":\"<instance: android.content.Context, $className: com.hancom.androidpc.gnine.launcher.ui.activity.GNineLauncherActivity>\",\"1\":\"<instance: com.google.android.gms.ads.initialization.OnInitializationCompleteListener, $className: com.adxcorp.ads.ADXSdk$1>\"}"
    },
    {
        "class": "com.google.android.gms.ads.RequestConfiguration$Builder",
        "method": "build",
        "arguments": "{}"
    },
    {
        "class": "com.google.android.gms.ads.RequestConfiguration",
        "method": "getTagForChildDirectedTreatment",
        "arguments": "{}"
    },
    {
        "class": "com.google.android.gms.ads.RequestConfiguration",
        "method": "getTagForUnderAgeOfConsent",
        "arguments": "{}"
    },
    {
        "class": "com.applovin.sdk.AppLovinSdk",
        "method": "getInstance",
        "arguments": "{\"0\":\"<instance: android.content.Context, $className: com.hancom.androidpc.gnine.launcher.ui.activity.GNineLauncherActivity>\"}"
    },
    {
        "class": "com.applovin.sdk.AppLovinSdk",
        "method": "getInstance",
        "arguments": "{\"0\":\"<instance: com.applovin.sdk.AppLovinSdkSettings, $className: com.applovin.sdk.AppLovinSdk$a>\",\"1\":\"<instance: android.content.Context, $className: com.hancom.androidpc.gnine.launcher.ui.activity.GNineLauncherActivity>\"}"
    },
    {
        "class": "com.applovin.sdk.AppLovinSdk",
        "method": "getInstance",
        "arguments": "{\"0\":\"all5Np4vhK18b2M9MU60lgkHJJU3oB0NxmSIZXCGsDPSFnbcGic_OKGhemmQxnotXE95mLMcZm4pXfPoN1nmM1\",\"1\":\"<instance: com.applovin.sdk.AppLovinSdkSettings, $className: com.applovin.sdk.AppLovinSdk$a>\",\"2\":\"<instance: android.content.Context, $className: com.hancom.androidpc.gnine.launcher.ui.activity.GNineLauncherActivity>\"}"
    }
]