[
    {
        "class": "com.google.firebase.analytics.FirebaseAnalytics",
        "method": "getInstance",
        "arguments": "{\"0\":\"<instance: android.content.Context, $className: com.kooapps.unity.UnityApplication>\"}"
    },
    {
        "class": "com.google.firebase.analytics.FirebaseAnalytics",
        "method": "getFirebaseInstanceId",
        "arguments": "{}"
    },
    {
        "class": "com.google.firebase.analytics.FirebaseAnalytics",
        "method": "getInstance",
        "arguments": "{\"0\":\"<instance: android.content.Context, $className: com.kooapps.unity.UnityApplication>\"}"
    },
    {
        "class": "com.google.firebase.analytics.FirebaseAnalytics",
        "method": "getFirebaseInstanceId",
        "arguments": "{}"
    },
    {
        "class": "com.google.firebase.analytics.FirebaseAnalytics",
        "method": "getInstance",
        "arguments": "{\"0\":\"<instance: android.content.Context, $className: com.kooapps.unity.UnityApplication>\"}"
    },
    {
        "class": "com.google.firebase.analytics.FirebaseAnalytics",
        "method": "getFirebaseInstanceId",
        "arguments": "{}"
    },
    {
        "class": "com.google.firebase.analytics.FirebaseAnalytics",
        "method": "getInstance",
        "arguments": "{\"0\":\"<instance: android.content.Context, $className: com.kooapps.unity.UnityApplication>\"}"
    },
    {
        "class": "com.google.firebase.analytics.FirebaseAnalytics",
        "method": "getFirebaseInstanceId",
        "arguments": "{}"
    },
    {
        "class": "com.google.firebase.analytics.FirebaseAnalytics",
        "method": "getInstance",
        "arguments": "{\"0\":\"<instance: android.content.Context, $className: com.kooapps.unity.UnityApplication>\"}"
    },
    {
        "class": "com.google.firebase.analytics.FirebaseAnalytics",
        "method": "getFirebaseInstanceId",
        "arguments": "{}"
    },
    {
        "class": "com.google.firebase.analytics.FirebaseAnalytics",
        "method": "getInstance",
        "arguments": "{\"0\":\"<instance: android.content.Context, $className: com.kooapps.unity.UnityApplication>\"}"
    },
    {
        "class": "com.google.firebase.analytics.FirebaseAnalytics",
        "method": "getFirebaseInstanceId",
        "arguments": "{}"
    },
    {
        "class": "com.tenjin.android.TenjinSDK",
        "method": "setWrapperVersion",
        "arguments": "{\"0\":\"1.15.4u\"}"
    },
    {
        "class": "com.tenjin.android.TenjinSDK",
        "method": "getInstance",
        "arguments": "{\"0\":\"<instance: android.content.Context, $className: com.kooapps.unity.CustomUnityPlayerActivity>\",\"1\":\"MVSJZWERLSIBH65CZRYQBAPD6NFX2DPY\"}"
    },
    {
        "class": "com.tenjin.android.TenjinSDK",
        "method": "getStandardParams",
        "arguments": "{\"0\":\"<instance: android.content.Context, $className: com.kooapps.unity.CustomUnityPlayerActivity>\"}"
    },
    {
        "class": "com.tenjin.android.TenjinSDK",
        "method": "startup",
        "arguments": "{}"
    },
    {
        "class": "com.tenjin.android.TenjinSDK",
        "method": "access$1400",
        "arguments": "{\"0\":\"<instance: com.tenjin.android.TenjinSDK>\"}"
    },
    {
        "class": "com.tenjin.android.TenjinSDK",
        "method": "setAppStore",
        "arguments": "{\"0\":\"<instance: com.tenjin.android.TenjinSDK$AppStoreType>\"}"
    },
    {
        "class": "com.tenjin.android.TenjinSDK",
        "method": "access$1500",
        "arguments": "{\"0\":\"<instance: com.tenjin.android.TenjinSDK>\"}"
    },
    {
        "class": "com.tenjin.android.TenjinSDK",
        "method": "connect",
        "arguments": "{\"0\":null,\"1\":null}"
    },
    {
        "class": "com.tenjin.android.TenjinSDK",
        "method": "requestIsProcessing",
        "arguments": "{\"0\":\"connect\"}"
    },
    {
        "class": "com.tenjin.android.TenjinSDK",
        "method": "queueProcessingEvent",
        "arguments": "{\"0\":\"connect\"}"
    },
    {
        "class": "com.tenjin.android.TenjinSDK",
        "method": "optOutGoogleDMA",
        "arguments": "{}"
    },
    {
        "class": "com.tenjin.android.TenjinSDK",
        "method": "access$900",
        "arguments": "{\"0\":\"<instance: com.tenjin.android.TenjinSDK>\"}"
    },
    {
        "class": "com.tenjin.android.TenjinSDK",
        "method": "access$1600",
        "arguments": "{\"0\":\"<instance: com.tenjin.android.TenjinSDK>\"}"
    },
    {
        "class": "com.tenjin.android.TenjinSDK",
        "method": "isReadyToConnect",
        "arguments": "{}"
    },
    {
        "class": "com.tenjin.android.TenjinSDK",
        "method": "access$1400",
        "arguments": "{\"0\":\"<instance: com.tenjin.android.TenjinSDK>\"}"
    },
    {
        "class": "com.tenjin.android.TenjinSDK",
        "method": "getAppStore",
        "arguments": "{}"
    },
    {
        "class": "com.tenjin.android.TenjinSDK",
        "method": "access$1300",
        "arguments": "{\"0\":\"<instance: com.tenjin.android.TenjinSDK>\"}"
    },
    {
        "class": "com.tenjin.android.TenjinSDK",
        "method": "access$1300",
        "arguments": "{\"0\":\"<instance: com.tenjin.android.TenjinSDK>\"}"
    },
    {
        "class": "com.tenjin.android.TenjinSDK",
        "method": "access$1700",
        "arguments": "{\"0\":\"<instance: com.tenjin.android.TenjinSDK>\"}"
    },
    {
        "class": "com.tenjin.android.TenjinSDK",
        "method": "getParams",
        "arguments": "{}"
    },
    {
        "class": "com.tenjin.android.TenjinSDK",
        "method": "getParams",
        "arguments": "{\"0\":\"<instance: java.util.Map, $className: java.util.HashMap>\"}"
    },
    {
        "class": "com.tenjin.android.TenjinSDK",
        "method": "applyTrackingParams",
        "arguments": "{\"0\":\"<instance: java.util.Map, $className: java.util.HashMap>\"}"
    },
    {
        "class": "com.tenjin.android.TenjinSDK",
        "method": "getAppStore",
        "arguments": "{}"
    },
    {
        "class": "com.tenjin.android.TenjinSDK",
        "method": "addEphemeralDataToParams",
        "arguments": "{\"0\":\"<instance: java.util.Map, $className: java.util.HashMap>\"}"
    },
    {
        "class": "com.tenjin.android.TenjinSDK",
        "method": "addAppSubversionToParams",
        "arguments": "{\"0\":\"<instance: java.util.Map, $className: java.util.HashMap>\"}"
    },
    {
        "class": "com.tenjin.android.TenjinSDK",
        "method": "addDeeplinkToParams",
        "arguments": "{\"0\":\"<instance: java.util.Map, $className: java.util.HashMap>\"}"
    },
    {
        "class": "com.tenjin.android.TenjinSDK",
        "method": "addCustomerUserIdToParams",
        "arguments": "{\"0\":\"<instance: java.util.Map, $className: java.util.HashMap>\"}"
    },
    {
        "class": "com.tenjin.android.TenjinSDK",
        "method": "getCustomerUserId",
        "arguments": "{}"
    },
    {
        "class": "com.tenjin.android.TenjinSDK",
        "method": "addRetryEnabledToParams",
        "arguments": "{\"0\":\"<instance: java.util.Map, $className: java.util.HashMap>\"}"
    },
    {
        "class": "com.tenjin.android.TenjinSDK",
        "method": "addSignatureToParams",
        "arguments": "{\"0\":\"<instance: java.util.Map, $className: java.util.HashMap>\"}"
    },
    {
        "class": "com.tenjin.android.TenjinSDK",
        "method": "addSandboxModeToParams",
        "arguments": "{\"0\":\"<instance: java.util.Map, $className: java.util.HashMap>\"}"
    },
    {
        "class": "com.google.firebase.analytics.FirebaseAnalytics",
        "method": "getInstance",
        "arguments": "{\"0\":\"<instance: android.content.Context, $className: com.kooapps.unity.CustomUnityPlayerActivity>\"}"
    },
    {
        "class": "com.google.firebase.analytics.FirebaseAnalytics",
        "method": "getInstance",
        "arguments": "{\"0\":\"<instance: android.content.Context, $className: com.kooapps.unity.CustomUnityPlayerActivity>\"}"
    },
    {
        "class": "com.google.firebase.analytics.FirebaseAnalytics",
        "method": "setAnalyticsCollectionEnabled",
        "arguments": "{\"0\":true}"
    },
    {
        "class": "com.google.firebase.analytics.FirebaseAnalytics",
        "method": "getInstance",
        "arguments": "{\"0\":\"<instance: android.content.Context, $className: com.kooapps.unity.UnityApplication>\"}"
    },
    {
        "class": "com.google.firebase.analytics.FirebaseAnalytics",
        "method": "setUserId",
        "arguments": "{\"0\":\"a68d925bc5a8a9f6\"}"
    },
    {
        "class": "com.google.firebase.analytics.FirebaseAnalytics",
        "method": "getFirebaseInstanceId",
        "arguments": "{}"
    },
    {
        "class": "com.google.firebase.analytics.FirebaseAnalytics",
        "method": "setUserProperty",
        "arguments": "{\"0\":\"FlightDimension\",\"1\":\"0\"}"
    },
    {
        "class": "com.google.firebase.analytics.FirebaseAnalytics",
        "method": "setUserProperty",
        "arguments": "{\"0\":\"Last_IsNoAdsUser\",\"1\":\"False\"}"
    },
    {
        "class": "com.google.firebase.analytics.FirebaseAnalytics",
        "method": "setUserProperty",
        "arguments": "{\"0\":\"has_no_ads\",\"1\":\"False\"}"
    },
    {
        "class": "com.google.firebase.analytics.FirebaseAnalytics",
        "method": "setUserProperty",
        "arguments": "{\"0\":\"has_no_ads_legacy\",\"1\":\"False\"}"
    },
    {
        "class": "com.google.firebase.analytics.FirebaseAnalytics",
        "method": "setUserProperty",
        "arguments": "{\"0\":\"Last_ForcePlayDidAppear\",\"1\":\"0\"}"
    },
    {
        "class": "com.google.firebase.analytics.FirebaseAnalytics",
        "method": "setUserProperty",
        "arguments": "{\"0\":\"Last_EventGamePlayed\",\"1\":\"0\"}"
    },
    {
        "class": "com.google.firebase.analytics.FirebaseAnalytics",
        "method": "setUserProperty",
        "arguments": "{\"0\":\"DayOfPlayingDimension\",\"1\":\"1\"}"
    },
    {
        "class": "com.google.firebase.analytics.FirebaseAnalytics",
        "method": "setUserProperty",
        "arguments": "{\"0\":\"BoostPreference\",\"1\":\"MoreMass\"}"
    },
    {
        "class": "com.google.firebase.analytics.FirebaseAnalytics",
        "method": "setUserProperty",
        "arguments": "{\"0\":\"Last_HasUnlockedBaseSkin\",\"1\":\"False\"}"
    },
    {
        "class": "com.google.firebase.analytics.FirebaseAnalytics",
        "method": "getInstance",
        "arguments": "{\"0\":\"<instance: android.content.Context, $className: com.kooapps.unity.UnityApplication>\"}"
    },
    {
        "class": "com.google.firebase.analytics.FirebaseAnalytics",
        "method": "getFirebaseInstanceId",
        "arguments": "{}"
    },
    {
        "class": "com.google.firebase.analytics.FirebaseAnalytics",
        "method": "logEvent",
        "arguments": "{\"0\":\"Show_Screen\",\"1\":\"<instance: android.os.Bundle>\"}"
    },
    {
        "class": "com.google.firebase.analytics.FirebaseAnalytics",
        "method": "logEvent",
        "arguments": "{\"0\":\"App_Launch\",\"1\":\"<instance: android.os.Bundle>\"}"
    },
    {
        "class": "com.google.firebase.analytics.FirebaseAnalytics",
        "method": "logEvent",
        "arguments": "{\"0\":\"First_Launch\",\"1\":\"<instance: android.os.Bundle>\"}"
    },
    {
        "class": "com.google.firebase.analytics.FirebaseAnalytics",
        "method": "logEvent",
        "arguments": "{\"0\":\"App_Launch\",\"1\":\"<instance: android.os.Bundle>\"}"
    },
    {
        "class": "com.google.firebase.analytics.FirebaseAnalytics",
        "method": "getInstance",
        "arguments": "{\"0\":\"<instance: android.content.Context, $className: com.kooapps.unity.UnityApplication>\"}"
    },
    {
        "class": "com.google.firebase.analytics.FirebaseAnalytics",
        "method": "getFirebaseInstanceId",
        "arguments": "{}"
    },
    {
        "class": "com.google.firebase.analytics.FirebaseAnalytics",
        "method": "getInstance",
        "arguments": "{\"0\":\"<instance: android.content.Context, $className: com.kooapps.unity.UnityApplication>\"}"
    },
    {
        "class": "com.google.firebase.analytics.FirebaseAnalytics",
        "method": "getFirebaseInstanceId",
        "arguments": "{}"
    },
    {
        "class": "com.google.firebase.analytics.FirebaseAnalytics",
        "method": "getInstance",
        "arguments": "{\"0\":\"<instance: android.content.Context, $className: com.kooapps.unity.UnityApplication>\"}"
    },
    {
        "class": "com.google.firebase.analytics.FirebaseAnalytics",
        "method": "getFirebaseInstanceId",
        "arguments": "{}"
    },
    {
        "class": "com.google.firebase.analytics.FirebaseAnalytics",
        "method": "getInstance",
        "arguments": "{\"0\":\"<instance: android.content.Context, $className: com.kooapps.unity.UnityApplication>\"}"
    },
    {
        "class": "com.google.firebase.analytics.FirebaseAnalytics",
        "method": "getFirebaseInstanceId",
        "arguments": "{}"
    },
    {
        "class": "com.google.firebase.analytics.FirebaseAnalytics",
        "method": "getInstance",
        "arguments": "{\"0\":\"<instance: android.content.Context, $className: com.kooapps.unity.UnityApplication>\"}"
    },
    {
        "class": "com.google.firebase.analytics.FirebaseAnalytics",
        "method": "getFirebaseInstanceId",
        "arguments": "{}"
    },
    {
        "class": "com.google.firebase.analytics.FirebaseAnalytics",
        "method": "getInstance",
        "arguments": "{\"0\":\"<instance: android.content.Context, $className: com.kooapps.unity.UnityApplication>\"}"
    },
    {
        "class": "com.google.firebase.analytics.FirebaseAnalytics",
        "method": "getFirebaseInstanceId",
        "arguments": "{}"
    },
    {
        "class": "com.google.firebase.analytics.FirebaseAnalytics",
        "method": "getInstance",
        "arguments": "{\"0\":\"<instance: android.content.Context, $className: com.kooapps.unity.UnityApplication>\"}"
    },
    {
        "class": "com.google.firebase.analytics.FirebaseAnalytics",
        "method": "getFirebaseInstanceId",
        "arguments": "{}"
    },
    {
        "class": "com.google.firebase.analytics.FirebaseAnalytics",
        "method": "getInstance",
        "arguments": "{\"0\":\"<instance: android.content.Context, $className: com.kooapps.unity.UnityApplication>\"}"
    },
    {
        "class": "com.google.firebase.analytics.FirebaseAnalytics",
        "method": "getFirebaseInstanceId",
        "arguments": "{}"
    },
    {
        "class": "com.google.firebase.analytics.FirebaseAnalytics",
        "method": "getInstance",
        "arguments": "{\"0\":\"<instance: android.content.Context, $className: com.kooapps.unity.UnityApplication>\"}"
    },
    {
        "class": "com.google.firebase.analytics.FirebaseAnalytics",
        "method": "getFirebaseInstanceId",
        "arguments": "{}"
    },
    {
        "class": "com.facebook.ads.AdSettings",
        "method": "setDataProcessingOptions",
        "arguments": "{\"0\":[]}"
    },
    {
        "class": "com.ironsource.mediationsdk.IronSource",
        "method": "addImpressionDataListener",
        "arguments": "{\"0\":\"<instance: com.ironsource.mediationsdk.impressionData.ImpressionDataListener, $className: com.ironsource.unity.androidbridge.AndroidBridge>\"}"
    },
    {
        "class": "com.ironsource.mediationsdk.IronSource",
        "method": "setSegmentListener",
        "arguments": "{\"0\":\"<instance: com.ironsource.mediationsdk.sdk.SegmentListener, $className: com.ironsource.unity.androidbridge.AndroidBridge>\"}"
    },
    {
        "class": "com.google.firebase.analytics.FirebaseAnalytics",
        "method": "getInstance",
        "arguments": "{\"0\":\"<instance: android.content.Context, $className: com.kooapps.unity.UnityApplication>\"}"
    },
    {
        "class": "com.ironsource.mediationsdk.IronSource",
        "method": "setLevelPlayRewardedVideoListener",
        "arguments": "{\"0\":\"<instance: com.ironsource.mediationsdk.sdk.LevelPlayRewardedVideoListener, $className: com.ironsource.unity.androidbridge.LevelPlayRewardedVideoWrapper>\"}"
    },
    {
        "class": "com.ironsource.mediationsdk.IronSource",
        "method": "setLevelPlayInterstitialListener",
        "arguments": "{\"0\":\"<instance: com.ironsource.mediationsdk.sdk.LevelPlayInterstitialListener, $className: com.ironsource.unity.androidbridge.LevelPlayInterstitialWrapper>\"}"
    },
    {
        "class": "com.google.firebase.analytics.FirebaseAnalytics",
        "method": "getFirebaseInstanceId",
        "arguments": "{}"
    },
    {
        "class": "com.ironsource.mediationsdk.IronSource",
        "method": "setConsent",
        "arguments": "{\"0\":true}"
    },
    {
        "class": "com.ironsource.mediationsdk.IronSource",
        "method": "setMetaData",
        "arguments": "{\"0\":\"do_not_sell\",\"1\":\"false\"}"
    },
    {
        "class": "com.google.firebase.analytics.FirebaseAnalytics",
        "method": "getInstance",
        "arguments": "{\"0\":\"<instance: android.content.Context, $className: com.kooapps.unity.UnityApplication>\"}"
    },
    {
        "class": "com.google.firebase.analytics.FirebaseAnalytics",
        "method": "getFirebaseInstanceId",
        "arguments": "{}"
    },
    {
        "class": "com.tenjin.android.TenjinSDK",
        "method": "access$1800",
        "arguments": "{\"0\":\"<instance: com.tenjin.android.TenjinSDK>\"}"
    },
    {
        "class": "com.tenjin.android.TenjinSDK",
        "method": "access$1900",
        "arguments": "{}"
    },
    {
        "class": "com.tenjin.android.TenjinSDK",
        "method": "access$1900",
        "arguments": "{}"
    },
    {
        "class": "com.tenjin.android.TenjinSDK",
        "method": "access$2002",
        "arguments": "{\"0\":\"<instance: com.tenjin.android.TenjinSDK>\",\"1\":null}"
    },
    {
        "class": "com.tenjin.android.TenjinSDK",
        "method": "access$2100",
        "arguments": "{\"0\":\"<instance: com.tenjin.android.TenjinSDK>\"}"
    },
    {
        "class": "com.tenjin.android.TenjinSDK",
        "method": "processQueue",
        "arguments": "{}"
    },
    {
        "class": "com.google.firebase.analytics.FirebaseAnalytics",
        "method": "getInstance",
        "arguments": "{\"0\":\"<instance: android.content.Context, $className: com.kooapps.unity.UnityApplication>\"}"
    },
    {
        "class": "com.google.firebase.analytics.FirebaseAnalytics",
        "method": "getFirebaseInstanceId",
        "arguments": "{}"
    },
    {
        "class": "com.google.firebase.analytics.FirebaseAnalytics",
        "method": "getInstance",
        "arguments": "{\"0\":\"<instance: android.content.Context, $className: com.kooapps.unity.UnityApplication>\"}"
    },
    {
        "class": "com.google.firebase.analytics.FirebaseAnalytics",
        "method": "getFirebaseInstanceId",
        "arguments": "{}"
    },
    {
        "class": "com.ironsource.mediationsdk.IronSource",
        "method": "init",
        "arguments": "{\"0\":\"<instance: android.content.Context, $className: com.kooapps.unity.CustomUnityPlayerActivity>\",\"1\":\"92cab185\",\"2\":\"<instance: com.ironsource.mediationsdk.sdk.InitializationListener, $className: com.ironsource.unity.androidbridge.AndroidBridge>\",\"3\":[\"<instance: com.ironsource.mediationsdk.IronSource$AD_UNIT>\",\"<instance: com.ironsource.mediationsdk.IronSource$AD_UNIT>\"]}"
    },
    {
        "class": "com.ironsource.mediationsdk.IronSource",
        "method": "setConsent",
        "arguments": "{\"0\":true}"
    },
    {
        "class": "com.ironsource.mediationsdk.IronSource",
        "method": "setMetaData",
        "arguments": "{\"0\":\"do_not_sell\",\"1\":\"false\"}"
    },
    {
        "class": "com.google.firebase.analytics.FirebaseAnalytics",
        "method": "setUserProperty",
        "arguments": "{\"0\":\"FlightDimension\",\"1\":\"8803\"}"
    },
    {
        "class": "com.google.android.ump.ConsentRequestParameters$Builder",
        "method": "setTagForUnderAgeOfConsent",
        "arguments": "{\"0\":false}"
    },
    {
        "class": "com.google.android.ump.ConsentRequestParameters$Builder",
        "method": "build",
        "arguments": "{}"
    },
    {
        "class": "com.google.android.ump.ConsentRequestParameters$Builder",
        "method": "zzc",
        "arguments": "{\"0\":\"<instance: com.google.android.ump.ConsentRequestParameters$Builder>\"}"
    },
    {
        "class": "com.google.android.ump.ConsentRequestParameters$Builder",
        "method": "zzb",
        "arguments": "{\"0\":\"<instance: com.google.android.ump.ConsentRequestParameters$Builder>\"}"
    },
    {
        "class": "com.google.android.ump.ConsentRequestParameters$Builder",
        "method": "zza",
        "arguments": "{\"0\":\"<instance: com.google.android.ump.ConsentRequestParameters$Builder>\"}"
    },
    {
        "class": "com.google.android.ump.UserMessagingPlatform",
        "method": "getConsentInformation",
        "arguments": "{\"0\":\"<instance: android.content.Context, $className: com.kooapps.unity.CustomUnityPlayerActivity>\"}"
    },
    {
        "class": "com.google.firebase.analytics.FirebaseAnalytics",
        "method": "getInstance",
        "arguments": "{\"0\":\"<instance: android.content.Context, $className: com.kooapps.unity.UnityApplication>\"}"
    },
    {
        "class": "com.google.firebase.analytics.FirebaseAnalytics",
        "method": "getFirebaseInstanceId",
        "arguments": "{}"
    },
    {
        "class": "com.google.android.ump.ConsentRequestParameters$Builder",
        "method": "build",
        "arguments": "{}"
    },
    {
        "class": "com.google.android.ump.ConsentRequestParameters$Builder",
        "method": "zzc",
        "arguments": "{\"0\":\"<instance: com.google.android.ump.ConsentRequestParameters$Builder>\"}"
    },
    {
        "class": "com.google.android.ump.ConsentRequestParameters$Builder",
        "method": "zzb",
        "arguments": "{\"0\":\"<instance: com.google.android.ump.ConsentRequestParameters$Builder>\"}"
    },
    {
        "class": "com.google.android.ump.ConsentRequestParameters$Builder",
        "method": "zza",
        "arguments": "{\"0\":\"<instance: com.google.android.ump.ConsentRequestParameters$Builder>\"}"
    },
    {
        "class": "com.google.android.ump.ConsentRequestParameters",
        "method": "getConsentDebugSettings",
        "arguments": "{}"
    },
    {
        "class": "com.google.android.ump.ConsentRequestParameters",
        "method": "getConsentDebugSettings",
        "arguments": "{}"
    },
    {
        "class": "com.google.android.ump.ConsentRequestParameters",
        "method": "zza",
        "arguments": "{}"
    },
    {
        "class": "com.google.android.ump.ConsentRequestParameters",
        "method": "isTagForUnderAgeOfConsent",
        "arguments": "{}"
    },
    {
        "class": "com.google.firebase.analytics.FirebaseAnalytics",
        "method": "logEvent",
        "arguments": "{\"0\":\"Tutorial_Start\",\"1\":\"<instance: android.os.Bundle>\"}"
    },
    {
        "class": "com.google.firebase.analytics.FirebaseAnalytics",
        "method": "logEvent",
        "arguments": "{\"0\":\"Show_Screen\",\"1\":\"<instance: android.os.Bundle>\"}"
    },
    {
        "class": "com.google.firebase.analytics.FirebaseAnalytics",
        "method": "getInstance",
        "arguments": "{\"0\":\"<instance: android.content.Context, $className: com.kooapps.unity.UnityApplication>\"}"
    },
    {
        "class": "com.google.firebase.analytics.FirebaseAnalytics",
        "method": "getFirebaseInstanceId",
        "arguments": "{}"
    },
    {
        "class": "com.google.firebase.analytics.FirebaseAnalytics",
        "method": "getInstance",
        "arguments": "{\"0\":\"<instance: android.content.Context, $className: com.kooapps.unity.UnityApplication>\"}"
    },
    {
        "class": "com.google.firebase.analytics.FirebaseAnalytics",
        "method": "getFirebaseInstanceId",
        "arguments": "{}"
    },
    {
        "class": "com.google.android.gms.ads.MobileAds",
        "method": "getVersion",
        "arguments": "{}"
    },
    {
        "class": "com.google.android.gms.ads.RequestConfiguration$Builder",
        "method": "build",
        "arguments": "{}"
    },
    {
        "class": "com.applovin.sdk.AppLovinPrivacySettings",
        "method": "setDoNotSell",
        "arguments": "{\"0\":false,\"1\":\"<instance: android.content.Context, $className: com.kooapps.unity.UnityApplication>\"}"
    },
    {
        "class": "com.applovin.sdk.AppLovinSdk",
        "method": "reinitializeAll",
        "arguments": "{\"0\":null,\"1\":null,\"2\":\"<instance: java.lang.Boolean>\"}"
    },
    {
        "class": "com.applovin.sdk.AppLovinSdk",
        "method": "getInstances",
        "arguments": "{}"
    },
    {
        "class": "com.applovin.sdk.AppLovinPrivacySettings",
        "method": "setHasUserConsent",
        "arguments": "{\"0\":true,\"1\":\"<instance: android.content.Context, $className: com.kooapps.unity.UnityApplication>\"}"
    },
    {
        "class": "com.applovin.sdk.AppLovinSdk",
        "method": "reinitializeAll",
        "arguments": "{\"0\":\"<instance: java.lang.Boolean>\",\"1\":null,\"2\":null}"
    },
    {
        "class": "com.applovin.sdk.AppLovinSdk",
        "method": "getInstances",
        "arguments": "{}"
    },
    {
        "class": "com.chartboost.sdk.Chartboost",
        "method": "getSDKVersion",
        "arguments": "{}"
    },
    {
        "class": "com.google.firebase.analytics.FirebaseAnalytics",
        "method": "logEvent",
        "arguments": "{\"0\":\"Cloud_Save_Merge\",\"1\":\"<instance: android.os.Bundle>\"}"
    },
    {
        "class": "com.google.firebase.analytics.FirebaseAnalytics",
        "method": "logEvent",
        "arguments": "{\"0\":\"Cloud_Save_Merge\",\"1\":\"<instance: android.os.Bundle>\"}"
    },
    {
        "class": "com.google.firebase.analytics.FirebaseAnalytics",
        "method": "getInstance",
        "arguments": "{\"0\":\"<instance: android.content.Context, $className: com.kooapps.unity.UnityApplication>\"}"
    },
    {
        "class": "com.google.firebase.analytics.FirebaseAnalytics",
        "method": "getFirebaseInstanceId",
        "arguments": "{}"
    },
    {
        "class": "com.google.firebase.analytics.FirebaseAnalytics",
        "method": "getInstance",
        "arguments": "{\"0\":\"<instance: android.content.Context, $className: com.kooapps.unity.UnityApplication>\"}"
    },
    {
        "class": "com.google.firebase.analytics.FirebaseAnalytics",
        "method": "getFirebaseInstanceId",
        "arguments": "{}"
    },
    {
        "class": "com.facebook.ads.AudienceNetworkAds",
        "method": "buildInitSettings",
        "arguments": "{\"0\":\"<instance: android.content.Context, $className: com.kooapps.unity.UnityApplication>\"}"
    },
    {
        "class": "com.facebook.ads.AdSettings",
        "method": "setMediationService",
        "arguments": "{\"0\":\"ironSource_8.0.0:4.3.46\"}"
    },
    {
        "class": "com.google.firebase.analytics.FirebaseAnalytics",
        "method": "logEvent",
        "arguments": "{\"0\":\"Live_Event_Step\",\"1\":\"<instance: android.os.Bundle>\"}"
    },
    {
        "class": "com.google.android.gms.ads.MobileAds",
        "method": "getVersion",
        "arguments": "{}"
    },
    {
        "class": "com.google.android.gms.ads.MobileAds",
        "method": "disableMediationAdapterInitialization",
        "arguments": "{\"0\":\"<instance: android.content.Context, $className: com.kooapps.unity.UnityApplication>\"}"
    },
    {
        "class": "com.google.android.gms.ads.MobileAds",
        "method": "initialize",
        "arguments": "{\"0\":\"<instance: android.content.Context, $className: com.kooapps.unity.UnityApplication>\"}"
    },
    {
        "class": "com.google.android.gms.ads.RequestConfiguration",
        "method": "getTagForChildDirectedTreatment",
        "arguments": "{}"
    },
    {
        "class": "com.google.android.gms.ads.RequestConfiguration",
        "method": "getTagForUnderAgeOfConsent",
        "arguments": "{}"
    },
    {
        "class": "com.unity3d.ads.UnityAds",
        "method": "getVersion",
        "arguments": "{}"
    },
    {
        "class": "com.google.firebase.analytics.FirebaseAnalytics",
        "method": "getInstance",
        "arguments": "{\"0\":\"<instance: android.content.Context, $className: com.kooapps.unity.UnityApplication>\"}"
    },
    {
        "class": "com.google.firebase.analytics.FirebaseAnalytics",
        "method": "getFirebaseInstanceId",
        "arguments": "{}"
    },
    {
        "class": "com.unity3d.ads.metadata.MetaData",
        "method": "set",
        "arguments": "{\"0\":\"privacy.consent\",\"1\":\"<instance: java.lang.Object, $className: java.lang.Boolean>\"}"
    },
    {
        "class": "com.unity3d.ads.metadata.MetaData",
        "method": "getActualKey",
        "arguments": "{\"0\":\"privacy.consent\"}"
    },
    {
        "class": "com.unity3d.ads.metadata.MetaData",
        "method": "getCategory",
        "arguments": "{}"
    },
    {
        "class": "com.unity3d.ads.metadata.MetaData",
        "method": "getActualKey",
        "arguments": "{\"0\":\"privacy.consent\"}"
    },
    {
        "class": "com.unity3d.ads.metadata.MetaData",
        "method": "getCategory",
        "arguments": "{}"
    },
    {
        "class": "com.unity3d.ads.metadata.MetaData",
        "method": "commit",
        "arguments": "{}"
    },
    {
        "class": "com.unity3d.ads.metadata.MetaData",
        "method": "set",
        "arguments": "{\"0\":\"gdpr.consent\",\"1\":\"<instance: java.lang.Object, $className: java.lang.Boolean>\"}"
    },
    {
        "class": "com.unity3d.ads.metadata.MetaData",
        "method": "getActualKey",
        "arguments": "{\"0\":\"gdpr.consent\"}"
    },
    {
        "class": "com.unity3d.ads.metadata.MetaData",
        "method": "getCategory",
        "arguments": "{}"
    },
    {
        "class": "com.unity3d.ads.metadata.MetaData",
        "method": "getActualKey",
        "arguments": "{\"0\":\"gdpr.consent\"}"
    },
    {
        "class": "com.unity3d.ads.metadata.MetaData",
        "method": "getCategory",
        "arguments": "{}"
    },
    {
        "class": "com.unity3d.ads.metadata.MetaData",
        "method": "commit",
        "arguments": "{}"
    },
    {
        "class": "com.unity3d.ads.metadata.MetaData",
        "method": "setCategory",
        "arguments": "{\"0\":\"mediation\"}"
    },
    {
        "class": "com.unity3d.ads.metadata.MetaData",
        "method": "set",
        "arguments": "{\"0\":\"name\",\"1\":\"<instance: java.lang.Object, $className: java.lang.String>\"}"
    },
    {
        "class": "com.unity3d.ads.metadata.MetaData",
        "method": "getActualKey",
        "arguments": "{\"0\":\"name\"}"
    },
    {
        "class": "com.unity3d.ads.metadata.MetaData",
        "method": "getCategory",
        "arguments": "{}"
    },
    {
        "class": "com.unity3d.ads.metadata.MetaData",
        "method": "getCategory",
        "arguments": "{}"
    },
    {
        "class": "com.unity3d.ads.metadata.MetaData",
        "method": "getActualKey",
        "arguments": "{\"0\":\"name\"}"
    },
    {
        "class": "com.unity3d.ads.metadata.MetaData",
        "method": "getCategory",
        "arguments": "{}"
    },
    {
        "class": "com.unity3d.ads.metadata.MetaData",
        "method": "getCategory",
        "arguments": "{}"
    },
    {
        "class": "com.unity3d.ads.metadata.MetaData",
        "method": "set",
        "arguments": "{\"0\":\"version\",\"1\":\"<instance: java.lang.Object, $className: java.lang.String>\"}"
    },
    {
        "class": "com.unity3d.ads.metadata.MetaData",
        "method": "getActualKey",
        "arguments": "{\"0\":\"version\"}"
    },
    {
        "class": "com.unity3d.ads.metadata.MetaData",
        "method": "getCategory",
        "arguments": "{}"
    },
    {
        "class": "com.unity3d.ads.metadata.MetaData",
        "method": "getCategory",
        "arguments": "{}"
    },
    {
        "class": "com.unity3d.ads.metadata.MetaData",
        "method": "getActualKey",
        "arguments": "{\"0\":\"version\"}"
    },
    {
        "class": "com.unity3d.ads.metadata.MetaData",
        "method": "getCategory",
        "arguments": "{}"
    },
    {
        "class": "com.unity3d.ads.metadata.MetaData",
        "method": "getCategory",
        "arguments": "{}"
    },
    {
        "class": "com.unity3d.ads.metadata.MetaData",
        "method": "set",
        "arguments": "{\"0\":\"adapter_version\",\"1\":\"<instance: java.lang.Object, $className: java.lang.String>\"}"
    },
    {
        "class": "com.unity3d.ads.metadata.MetaData",
        "method": "getActualKey",
        "arguments": "{\"0\":\"adapter_version\"}"
    },
    {
        "class": "com.unity3d.ads.metadata.MetaData",
        "method": "getCategory",
        "arguments": "{}"
    },
    {
        "class": "com.unity3d.ads.metadata.MetaData",
        "method": "getCategory",
        "arguments": "{}"
    },
    {
        "class": "com.unity3d.ads.metadata.MetaData",
        "method": "getActualKey",
        "arguments": "{\"0\":\"adapter_version\"}"
    },
    {
        "class": "com.unity3d.ads.metadata.MetaData",
        "method": "getCategory",
        "arguments": "{}"
    },
    {
        "class": "com.unity3d.ads.metadata.MetaData",
        "method": "getCategory",
        "arguments": "{}"
    },
    {
        "class": "com.unity3d.ads.metadata.MetaData",
        "method": "commit",
        "arguments": "{}"
    },
    {
        "class": "com.unity3d.ads.metadata.MetaData",
        "method": "set",
        "arguments": "{\"0\":\"adsGatewayV2\",\"1\":\"<instance: java.lang.Object, $className: java.lang.Boolean>\"}"
    },
    {
        "class": "com.unity3d.ads.metadata.MetaData",
        "method": "getActualKey",
        "arguments": "{\"0\":\"adsGatewayV2\"}"
    },
    {
        "class": "com.unity3d.ads.metadata.MetaData",
        "method": "getCategory",
        "arguments": "{}"
    },
    {
        "class": "com.unity3d.ads.metadata.MetaData",
        "method": "getActualKey",
        "arguments": "{\"0\":\"adsGatewayV2\"}"
    },
    {
        "class": "com.unity3d.ads.metadata.MetaData",
        "method": "getCategory",
        "arguments": "{}"
    },
    {
        "class": "com.unity3d.ads.metadata.MetaData",
        "method": "commit",
        "arguments": "{}"
    },
    {
        "class": "com.unity3d.ads.UnityAds",
        "method": "setDebugMode",
        "arguments": "{\"0\":false}"
    },
    {
        "class": "com.unity3d.ads.UnityAds",
        "method": "initialize",
        "arguments": "{\"0\":\"<instance: android.content.Context, $className: com.kooapps.unity.UnityApplication>\",\"1\":\"3150380\",\"2\":false,\"3\":\"<instance: com.unity3d.ads.IUnityAdsInitializationListener, $className: com.ironsource.adapters.unityads.UnityAdsAdapter>\"}"
    },
    {
        "class": "com.unity3d.ads.UnityAds",
        "method": "getToken",
        "arguments": "{\"0\":\"<instance: com.unity3d.ads.IUnityAdsTokenListener, $className: com.ironsource.adapters.unityads.UnityAdsAdapter$1>\"}"
    },
    {
        "class": "com.google.android.gms.ads.MobileAds",
        "method": "getVersion",
        "arguments": "{}"
    },
    {
        "class": "com.vungle.ads.VungleAds",
        "method": "access$getVungleInternal$cp",
        "arguments": "{}"
    },
    {
        "class": "com.vungle.ads.VunglePrivacySettings",
        "method": "setCCPAStatus",
        "arguments": "{\"0\":true}"
    },
    {
        "class": "com.vungle.ads.VunglePrivacySettings",
        "method": "setGDPRStatus",
        "arguments": "{\"0\":true,\"1\":\"1.0.0\"}"
    },
    {
        "class": "com.vungle.ads.VungleAds",
        "method": "access$getInitializer$cp",
        "arguments": "{}"
    },
    {
        "class": "com.vungle.ads.VungleAds",
        "method": "access$getInitializer$cp",
        "arguments": "{}"
    },
    {
        "class": "com.ironsource.mediationsdk.IronSource",
        "method": "isInterstitialReady",
        "arguments": "{}"
    },
    {
        "class": "com.ironsource.mediationsdk.IronSource",
        "method": "loadInterstitial",
        "arguments": "{}"
    },
    {
        "class": "com.google.android.gms.ads.MobileAds",
        "method": "getVersion",
        "arguments": "{}"
    },
    {
        "class": "com.unity3d.ads.UnityAds",
        "method": "getVersion",
        "arguments": "{}"
    },
    {
        "class": "com.vungle.ads.VungleAds",
        "method": "access$getVungleInternal$cp",
        "arguments": "{}"
    },
    {
        "class": "com.google.android.gms.ads.AdRequest$Builder",
        "method": "self",
        "arguments": "{}"
    },
    {
        "class": "com.unity3d.ads.UnityAds",
        "method": "getToken",
        "arguments": "{\"0\":\"<instance: com.unity3d.ads.IUnityAdsTokenListener, $className: com.ironsource.adapters.unityads.UnityAdsAdapter$1>\"}"
    },
    {
        "class": "com.vungle.ads.VungleAds",
        "method": "access$getVungleInternal$cp",
        "arguments": "{}"
    },
    {
        "class": "com.google.android.gms.ads.AdRequest$Builder",
        "method": "self",
        "arguments": "{}"
    },
    {
        "class": "com.vungle.ads.VungleAds",
        "method": "access$getInitializer$cp",
        "arguments": "{}"
    },
    {
        "class": "com.google.android.gms.ads.AdRequest$Builder",
        "method": "self",
        "arguments": "{}"
    },
    {
        "class": "com.google.android.gms.ads.AdRequest$Builder",
        "method": "self",
        "arguments": "{}"
    },
    {
        "class": "com.google.android.gms.ads.AdRequest$Builder",
        "method": "build",
        "arguments": "{}"
    },
    {
        "class": "com.google.android.gms.ads.AdRequest",
        "method": "zza",
        "arguments": "{}"
    },
    {
        "class": "com.vungle.ads.VungleAds",
        "method": "access$getVungleInternal$cp",
        "arguments": "{}"
    },
    {
        "class": "com.google.android.gms.ads.RequestConfiguration",
        "method": "getTestDeviceIds",
        "arguments": "{}"
    },
    {
        "class": "com.google.android.gms.ads.RequestConfiguration",
        "method": "getTagForChildDirectedTreatment",
        "arguments": "{}"
    },
    {
        "class": "com.google.android.gms.ads.RequestConfiguration",
        "method": "getMaxAdContentRating",
        "arguments": "{}"
    },
    {
        "class": "com.google.android.gms.ads.RequestConfiguration",
        "method": "getTagForUnderAgeOfConsent",
        "arguments": "{}"
    },
    {
        "class": "com.google.android.gms.ads.RequestConfiguration",
        "method": "getPublisherPrivacyPersonalizationState",
        "arguments": "{}"
    },
    {
        "class": "com.google.firebase.analytics.FirebaseAnalytics",
        "method": "getScionFrontendApiImplementation",
        "arguments": "{\"0\":\"<instance: android.content.Context, $className: com.kooapps.unity.UnityApplication>\",\"1\":null}"
    },
    {
        "class": "com.google.android.gms.ads.MobileAds",
        "method": "getVersion",
        "arguments": "{}"
    },
    {
        "class": "com.google.android.gms.ads.MobileAds",
        "method": "getVersion",
        "arguments": "{}"
    },
    {
        "class": "com.unity3d.ads.UnityAds",
        "method": "getVersion",
        "arguments": "{}"
    },
    {
        "class": "com.vungle.ads.VungleAds",
        "method": "access$getVungleInternal$cp",
        "arguments": "{}"
    },
    {
        "class": "com.google.android.gms.ads.AdRequest$Builder",
        "method": "self",
        "arguments": "{}"
    },
    {
        "class": "com.vungle.ads.VungleAds",
        "method": "access$getVungleInternal$cp",
        "arguments": "{}"
    },
    {
        "class": "com.google.android.gms.ads.AdRequest$Builder",
        "method": "self",
        "arguments": "{}"
    },
    {
        "class": "com.vungle.ads.VungleAds",
        "method": "access$getInitializer$cp",
        "arguments": "{}"
    },
    {
        "class": "com.unity3d.ads.UnityAds",
        "method": "getToken",
        "arguments": "{\"0\":\"<instance: com.unity3d.ads.IUnityAdsTokenListener, $className: com.ironsource.adapters.unityads.UnityAdsAdapter$1>\"}"
    },
    {
        "class": "com.google.android.gms.ads.AdRequest$Builder",
        "method": "self",
        "arguments": "{}"
    },
    {
        "class": "com.google.android.gms.ads.AdRequest$Builder",
        "method": "self",
        "arguments": "{}"
    },
    {
        "class": "com.unity3d.ads.UnityAds",
        "method": "getVersion",
        "arguments": "{}"
    },
    {
        "class": "com.facebook.ads.AdSettings",
        "method": "isMixedAudience",
        "arguments": "{}"
    },
    {
        "class": "com.google.android.gms.ads.AdRequest$Builder",
        "method": "build",
        "arguments": "{}"
    },
    {
        "class": "com.facebook.ads.AdSettings",
        "method": "isTestMode",
        "arguments": "{\"0\":\"<instance: android.content.Context, $className: com.facebook.ads.redexgen.X.Ym>\"}"
    },
    {
        "class": "com.google.android.gms.ads.AdRequest",
        "method": "zza",
        "arguments": "{}"
    },
    {
        "class": "com.google.android.gms.ads.MobileAds",
        "method": "getVersion",
        "arguments": "{}"
    },
    {
        "class": "com.facebook.ads.AdSettings",
        "method": "getTestAdType",
        "arguments": "{}"
    },
    {
        "class": "com.vungle.ads.VungleAds",
        "method": "access$getVungleInternal$cp",
        "arguments": "{}"
    },
    {
        "class": "com.google.android.gms.ads.RequestConfiguration",
        "method": "getTestDeviceIds",
        "arguments": "{}"
    },
    {
        "class": "com.vungle.ads.VungleAds",
        "method": "access$getVungleInternal$cp",
        "arguments": "{}"
    },
    {
        "class": "com.google.android.gms.ads.RequestConfiguration",
        "method": "getTagForChildDirectedTreatment",
        "arguments": "{}"
    },
    {
        "class": "com.google.android.gms.ads.RequestConfiguration",
        "method": "getMaxAdContentRating",
        "arguments": "{}"
    },
    {
        "class": "com.google.android.gms.ads.RequestConfiguration",
        "method": "getTagForUnderAgeOfConsent",
        "arguments": "{}"
    },
    {
        "class": "com.google.android.gms.ads.RequestConfiguration",
        "method": "getPublisherPrivacyPersonalizationState",
        "arguments": "{}"
    },
    {
        "class": "com.google.android.gms.ads.MobileAds",
        "method": "getVersion",
        "arguments": "{}"
    },
    {
        "class": "com.vungle.ads.VungleAds",
        "method": "access$getVungleInternal$cp",
        "arguments": "{}"
    },
    {
        "class": "com.google.android.gms.ads.MobileAds",
        "method": "getVersion",
        "arguments": "{}"
    },
    {
        "class": "com.unity3d.ads.UnityAds",
        "method": "getVersion",
        "arguments": "{}"
    },
    {
        "class": "com.google.android.gms.ads.MobileAds",
        "method": "getInitializationStatus",
        "arguments": "{}"
    },
    {
        "class": "com.google.android.gms.ads.MobileAds",
        "method": "getVersion",
        "arguments": "{}"
    },
    {
        "class": "com.google.android.gms.ads.AdRequest$Builder",
        "method": "self",
        "arguments": "{}"
    },
    {
        "class": "com.google.android.gms.ads.AdRequest$Builder",
        "method": "self",
        "arguments": "{}"
    },
    {
        "class": "com.google.android.gms.ads.MobileAds",
        "method": "getRequestConfiguration",
        "arguments": "{}"
    },
    {
        "class": "com.google.android.gms.ads.RequestConfiguration",
        "method": "toBuilder",
        "arguments": "{}"
    },
    {
        "class": "com.google.android.gms.ads.RequestConfiguration$Builder",
        "method": "setTagForChildDirectedTreatment",
        "arguments": "{\"0\":-1}"
    },
    {
        "class": "com.google.android.gms.ads.RequestConfiguration$Builder",
        "method": "setTagForUnderAgeOfConsent",
        "arguments": "{\"0\":-1}"
    },
    {
        "class": "com.google.android.gms.ads.RequestConfiguration$Builder",
        "method": "setMaxAdContentRating",
        "arguments": "{\"0\":null}"
    },
    {
        "class": "com.google.android.gms.ads.RequestConfiguration$Builder",
        "method": "setTestDeviceIds",
        "arguments": "{\"0\":\"<instance: java.util.List, $className: java.util.ArrayList>\"}"
    },
    {
        "class": "com.google.android.gms.ads.AdRequest$Builder",
        "method": "self",
        "arguments": "{}"
    },
    {
        "class": "com.google.android.gms.ads.AdRequest$Builder",
        "method": "self",
        "arguments": "{}"
    },
    {
        "class": "com.google.android.gms.ads.AdRequest$Builder",
        "method": "build",
        "arguments": "{}"
    },
    {
        "class": "com.applovin.sdk.AppLovinSdk",
        "method": "getInstance",
        "arguments": "{\"0\":\"<instance: android.content.Context, $className: com.kooapps.unity.UnityApplication>\"}"
    },
    {
        "class": "com.google.android.gms.ads.AdRequest",
        "method": "zza",
        "arguments": "{}"
    },
    {
        "class": "com.google.android.gms.ads.RequestConfiguration",
        "method": "getTestDeviceIds",
        "arguments": "{}"
    },
    {
        "class": "com.google.android.gms.ads.RequestConfiguration",
        "method": "getTagForChildDirectedTreatment",
        "arguments": "{}"
    },
    {
        "class": "com.google.android.gms.ads.RequestConfiguration",
        "method": "getMaxAdContentRating",
        "arguments": "{}"
    },
    {
        "class": "com.google.android.gms.ads.RequestConfiguration",
        "method": "getTagForUnderAgeOfConsent",
        "arguments": "{}"
    },
    {
        "class": "com.google.android.gms.ads.RequestConfiguration",
        "method": "getPublisherPrivacyPersonalizationState",
        "arguments": "{}"
    }
]