[
    {
        "class": "com.google.firebase.analytics.FirebaseAnalytics",
        "method": "getInstance",
        "arguments": "{\"0\":\"<instance: android.content.Context, $className: com.casino.template.CasinoApp>\"}"
    },
    {
        "class": "com.google.firebase.analytics.FirebaseAnalytics",
        "method": "getFirebaseInstanceId",
        "arguments": "{}"
    },
    {
        "class": "com.google.firebase.analytics.FirebaseAnalytics",
        "method": "getInstance",
        "arguments": "{\"0\":\"<instance: android.content.Context, $className: com.casino.template.CasinoApp>\"}"
    },
    {
        "class": "com.google.firebase.analytics.FirebaseAnalytics",
        "method": "getFirebaseInstanceId",
        "arguments": "{}"
    },
    {
        "class": "com.google.firebase.analytics.FirebaseAnalytics",
        "method": "getScionFrontendApiImplementation",
        "arguments": "{\"0\":\"<instance: android.content.Context, $className: com.casino.template.CasinoApp>\",\"1\":null}"
    },
    {
        "class": "com.google.firebase.analytics.FirebaseAnalytics",
        "method": "getInstance",
        "arguments": "{\"0\":\"<instance: android.content.Context, $className: com.casino.template.CasinoApp>\"}"
    },
    {
        "class": "com.google.firebase.analytics.FirebaseAnalytics",
        "method": "getFirebaseInstanceId",
        "arguments": "{}"
    },
    {
        "class": "com.google.firebase.analytics.FirebaseAnalytics",
        "method": "getInstance",
        "arguments": "{\"0\":\"<instance: android.content.Context, $className: com.casino.template.CasinoApp>\"}"
    },
    {
        "class": "com.google.firebase.analytics.FirebaseAnalytics",
        "method": "getFirebaseInstanceId",
        "arguments": "{}"
    },
    {
        "class": "com.google.firebase.analytics.FirebaseAnalytics",
        "method": "getInstance",
        "arguments": "{\"0\":\"<instance: android.content.Context, $className: com.casino.template.CasinoApp>\"}"
    },
    {
        "class": "com.google.firebase.analytics.FirebaseAnalytics",
        "method": "getFirebaseInstanceId",
        "arguments": "{}"
    },
    {
        "class": "com.appsflyer.AppsFlyerLib",
        "method": "getInstance",
        "arguments": "{}"
    },
    {
        "class": "com.braze.Braze",
        "method": "access$getInstance$cp",
        "arguments": "{}"
    },
    {
        "class": "com.braze.Braze",
        "method": "access$getBrazeClassLock$cp",
        "arguments": "{}"
    },
    {
        "class": "com.braze.Braze",
        "method": "access$getInstance$cp",
        "arguments": "{}"
    },
    {
        "class": "com.braze.Braze",
        "method": "setImageLoader",
        "arguments": "{\"0\":\"<instance: com.braze.images.IBrazeImageLoader, $className: com.braze.images.DefaultBrazeImageLoader>\"}"
    },
    {
        "class": "com.braze.Braze",
        "method": "access$getSdkEnablementProvider$cp",
        "arguments": "{}"
    },
    {
        "class": "com.braze.Braze",
        "method": "access$setSdkEnablementProvider$cp",
        "arguments": "{\"0\":\"<instance: bo.app.u70>\"}"
    },
    {
        "class": "com.braze.Braze",
        "method": "run$android_sdk_base_release",
        "arguments": "{\"0\":\"<instance: kotlin.jvm.functions.Function0, $className: bo.app.c0>\",\"1\":false,\"2\":false,\"3\":\"<instance: kotlin.jvm.functions.Function0, $className: com.braze.a>\"}"
    },
    {
        "class": "com.braze.Braze",
        "method": "access$setInstanceStopped$p",
        "arguments": "{\"0\":\"<instance: com.braze.Braze>\",\"1\":false}"
    },
    {
        "class": "com.braze.Braze",
        "method": "applyPendingRuntimeConfiguration$android_sdk_base_release",
        "arguments": "{}"
    },
    {
        "class": "com.braze.Braze",
        "method": "access$setInstance$cp",
        "arguments": "{\"0\":\"<instance: com.braze.Braze>\"}"
    },
    {
        "class": "com.google.firebase.analytics.FirebaseAnalytics",
        "method": "getInstance",
        "arguments": "{\"0\":\"<instance: android.content.Context, $className: com.casino.template.CasinoApp>\"}"
    },
    {
        "class": "com.braze.Braze",
        "method": "access$getApplicationContext$p",
        "arguments": "{\"0\":\"<instance: com.braze.Braze>\"}"
    },
    {
        "class": "com.braze.Braze",
        "method": "setConfigurationProvider$android_sdk_base_release",
        "arguments": "{\"0\":\"<instance: com.braze.configuration.BrazeConfigurationProvider>\"}"
    },
    {
        "class": "com.braze.Braze",
        "method": "getConfigurationProvider$android_sdk_base_release",
        "arguments": "{}"
    },
    {
        "class": "com.braze.Braze",
        "method": "setApiKeyPresent$android_sdk_base_release",
        "arguments": "{\"0\":\"<instance: java.lang.Boolean>\"}"
    },
    {
        "class": "com.braze.Braze",
        "method": "getConfigurationProvider$android_sdk_base_release",
        "arguments": "{}"
    },
    {
        "class": "com.braze.Braze",
        "method": "access$getSdkEnablementProvider$cp",
        "arguments": "{}"
    },
    {
        "class": "com.braze.Braze",
        "method": "access$getApplicationContext$p",
        "arguments": "{\"0\":\"<instance: com.braze.Braze>\"}"
    },
    {
        "class": "com.braze.Braze",
        "method": "getConfigurationProvider$android_sdk_base_release",
        "arguments": "{}"
    },
    {
        "class": "com.braze.Braze",
        "method": "setPushDeliveryManager$android_sdk_base_release",
        "arguments": "{\"0\":\"<instance: bo.app.a50>\"}"
    },
    {
        "class": "com.braze.Braze",
        "method": "access$getApplicationContext$p",
        "arguments": "{\"0\":\"<instance: com.braze.Braze>\"}"
    },
    {
        "class": "com.braze.Braze",
        "method": "setDeviceIdProvider$android_sdk_base_release",
        "arguments": "{\"0\":\"<instance: bo.app.zy, $className: bo.app.zp>\"}"
    },
    {
        "class": "com.braze.Braze",
        "method": "access$getApplicationContext$p",
        "arguments": "{\"0\":\"<instance: com.braze.Braze>\"}"
    },
    {
        "class": "com.braze.Braze",
        "method": "access$setOfflineUserStorageProvider$p",
        "arguments": "{\"0\":\"<instance: com.braze.Braze>\",\"1\":\"<instance: bo.app.m30>\"}"
    },
    {
        "class": "com.braze.Braze",
        "method": "access$getApplicationContext$p",
        "arguments": "{\"0\":\"<instance: com.braze.Braze>\"}"
    },
    {
        "class": "com.braze.Braze",
        "method": "getConfigurationProvider$android_sdk_base_release",
        "arguments": "{}"
    },
    {
        "class": "com.braze.Braze",
        "method": "access$setRegistrationDataProvider$p",
        "arguments": "{\"0\":\"<instance: com.braze.Braze>\",\"1\":\"<instance: bo.app.jz, $className: bo.app.q50>\"}"
    },
    {
        "class": "com.braze.Braze",
        "method": "getConfigurationProvider$android_sdk_base_release",
        "arguments": "{}"
    },
    {
        "class": "com.braze.Braze",
        "method": "getConfigurationProvider$android_sdk_base_release",
        "arguments": "{}"
    },
    {
        "class": "com.braze.Braze",
        "method": "access$getEndpointProviderLock$cp",
        "arguments": "{}"
    },
    {
        "class": "com.braze.Braze",
        "method": "access$getEndpointProviderLock$cp",
        "arguments": "{}"
    },
    {
        "class": "com.braze.configuration.BrazeConfig",
        "method": "toString",
        "arguments": "{}"
    },
    {
        "class": "com.braze.Braze",
        "method": "access$getBrazeClassLock$cp",
        "arguments": "{}"
    },
    {
        "class": "com.braze.Braze",
        "method": "access$setEndpointProvider$cp",
        "arguments": "{\"0\":\"<instance: com.braze.IBrazeEndpointProvider, $className: com.braze.i0>\"}"
    },
    {
        "class": "com.braze.Braze",
        "method": "access$getInstance$cp",
        "arguments": "{}"
    },
    {
        "class": "com.braze.Braze",
        "method": "access$isInstanceStopped$p",
        "arguments": "{\"0\":\"<instance: com.braze.Braze>\"}"
    },
    {
        "class": "com.braze.Braze",
        "method": "isApiKeyPresent$android_sdk_base_release",
        "arguments": "{}"
    },
    {
        "class": "com.braze.Braze",
        "method": "getConfigurationProvider$android_sdk_base_release",
        "arguments": "{}"
    },
    {
        "class": "com.braze.Braze",
        "method": "access$getInstance$cp",
        "arguments": "{}"
    },
    {
        "class": "com.braze.Braze",
        "method": "access$isInstanceStopped$p",
        "arguments": "{\"0\":\"<instance: com.braze.Braze>\"}"
    },
    {
        "class": "com.braze.Braze",
        "method": "access$getRegistrationDataProvider$p",
        "arguments": "{\"0\":\"<instance: com.braze.Braze>\"}"
    },
    {
        "class": "com.braze.Braze",
        "method": "isApiKeyPresent$android_sdk_base_release",
        "arguments": "{}"
    },
    {
        "class": "com.braze.Braze",
        "method": "access$getInstance$cp",
        "arguments": "{}"
    },
    {
        "class": "com.braze.Braze",
        "method": "subscribeToPushNotificationEvents",
        "arguments": "{\"0\":\"<instance: com.braze.events.IEventSubscriber, $className: f5.h>\"}"
    },
    {
        "class": "com.braze.Braze",
        "method": "getConfigurationProvider$android_sdk_base_release",
        "arguments": "{}"
    },
    {
        "class": "com.appsflyer.AppsFlyerLib",
        "method": "getInstance",
        "arguments": "{}"
    },
    {
        "class": "com.braze.Braze",
        "method": "getConfigurationProvider$android_sdk_base_release",
        "arguments": "{}"
    },
    {
        "class": "com.braze.Braze",
        "method": "access$verifyProperSdkSetup",
        "arguments": "{\"0\":\"<instance: com.braze.Braze>\"}"
    },
    {
        "class": "com.braze.Braze",
        "method": "verifyProperSdkSetup",
        "arguments": "{}"
    },
    {
        "class": "com.braze.Braze",
        "method": "getConfigurationProvider$android_sdk_base_release",
        "arguments": "{}"
    },
    {
        "class": "com.appsflyer.AppsFlyerLib",
        "method": "getInstance",
        "arguments": "{}"
    },
    {
        "class": "com.appsflyer.AppsFlyerLib",
        "method": "getInstance",
        "arguments": "{}"
    },
    {
        "class": "com.braze.Braze",
        "method": "access$getApplicationContext$p",
        "arguments": "{\"0\":\"<instance: com.braze.Braze>\"}"
    },
    {
        "class": "com.braze.Braze",
        "method": "access$getOfflineUserStorageProvider$p",
        "arguments": "{\"0\":\"<instance: com.braze.Braze>\"}"
    },
    {
        "class": "com.braze.Braze",
        "method": "getConfigurationProvider$android_sdk_base_release",
        "arguments": "{}"
    },
    {
        "class": "com.braze.Braze",
        "method": "logCustomEvent",
        "arguments": "{\"0\":\"first_app_launch\",\"1\":\"<instance: com.braze.models.outgoing.BrazeProperties>\"}"
    },
    {
        "class": "com.braze.Braze",
        "method": "getExternalIEventMessenger$android_sdk_base_release",
        "arguments": "{}"
    },
    {
        "class": "com.braze.Braze",
        "method": "run$android_sdk_base_release$default",
        "arguments": "{\"0\":\"<instance: com.braze.Braze>\",\"1\":\"<instance: kotlin.jvm.functions.Function0, $className: bo.app.r2>\",\"2\":false,\"3\":false,\"4\":\"<instance: kotlin.jvm.functions.Function0, $className: bo.app.u2>\",\"5\":6,\"6\":null}"
    },
    {
        "class": "com.braze.Braze",
        "method": "run$android_sdk_base_release",
        "arguments": "{\"0\":\"<instance: kotlin.jvm.functions.Function0, $className: bo.app.r2>\",\"1\":true,\"2\":true,\"3\":\"<instance: kotlin.jvm.functions.Function0, $className: bo.app.u2>\"}"
    },
    {
        "class": "com.braze.Braze",
        "method": "getDeviceIdProvider$android_sdk_base_release",
        "arguments": "{}"
    },
    {
        "class": "com.braze.Braze",
        "method": "access$getSdkEnablementProvider$cp",
        "arguments": "{}"
    },
    {
        "class": "com.braze.Braze",
        "method": "access$getRegistrationDataProvider$p",
        "arguments": "{\"0\":\"<instance: com.braze.Braze>\"}"
    },
    {
        "class": "com.braze.Braze",
        "method": "access$getInstance$cp",
        "arguments": "{}"
    },
    {
        "class": "com.braze.Braze",
        "method": "getPushDeliveryManager$android_sdk_base_release",
        "arguments": "{}"
    },
    {
        "class": "com.braze.Braze",
        "method": "isApiKeyPresent$android_sdk_base_release",
        "arguments": "{}"
    },
    {
        "class": "com.braze.Braze",
        "method": "access$getShouldMockNetworkRequestsAndDropEvents$cp",
        "arguments": "{}"
    },
    {
        "class": "com.google.firebase.analytics.FirebaseAnalytics",
        "method": "logEvent",
        "arguments": "{\"0\":\"first_app_launch\",\"1\":\"<instance: android.os.Bundle>\"}"
    },
    {
        "class": "com.braze.Braze",
        "method": "access$getAreOutboundNetworkRequestsOffline$cp",
        "arguments": "{}"
    },
    {
        "class": "com.braze.Braze",
        "method": "getCurrentUser",
        "arguments": "{}"
    },
    {
        "class": "com.braze.Braze",
        "method": "runForResult",
        "arguments": "{\"0\":null,\"1\":\"<instance: kotlin.jvm.functions.Function0, $className: bo.app.n1>\",\"2\":false,\"3\":true,\"4\":\"<instance: kotlin.jvm.functions.Function2, $className: bo.app.o1>\"}"
    },
    {
        "class": "com.braze.Braze",
        "method": "access$getDeviceDataProvider",
        "arguments": "{\"0\":\"<instance: com.braze.Braze>\"}"
    },
    {
        "class": "com.braze.Braze",
        "method": "getDeviceDataProvider",
        "arguments": "{}"
    },
    {
        "class": "com.braze.Braze",
        "method": "getConfigurationProvider$android_sdk_base_release",
        "arguments": "{}"
    },
    {
        "class": "com.braze.Braze",
        "method": "access$getShouldRequestFrameworkListenToNetworkUpdates$cp",
        "arguments": "{}"
    },
    {
        "class": "com.braze.Braze",
        "method": "access$setUserSpecificMemberVariablesAndStartDispatch",
        "arguments": "{\"0\":\"<instance: com.braze.Braze>\",\"1\":\"<instance: bo.app.if0>\"}"
    },
    {
        "class": "com.braze.Braze",
        "method": "setUserSpecificMemberVariablesAndStartDispatch",
        "arguments": "{\"0\":\"<instance: bo.app.if0>\"}"
    },
    {
        "class": "com.braze.Braze",
        "method": "setUdm$android_sdk_base_release",
        "arguments": "{\"0\":\"<instance: bo.app.vz, $className: bo.app.if0>\"}"
    },
    {
        "class": "com.braze.Braze",
        "method": "getUdm$android_sdk_base_release",
        "arguments": "{}"
    },
    {
        "class": "com.braze.Braze",
        "method": "getUdm$android_sdk_base_release",
        "arguments": "{}"
    },
    {
        "class": "com.braze.Braze",
        "method": "getUdm$android_sdk_base_release",
        "arguments": "{}"
    },
    {
        "class": "com.braze.Braze",
        "method": "getUdm$android_sdk_base_release",
        "arguments": "{}"
    },
    {
        "class": "com.braze.Braze",
        "method": "getUdm$android_sdk_base_release",
        "arguments": "{}"
    },
    {
        "class": "com.braze.Braze",
        "method": "getUdm$android_sdk_base_release",
        "arguments": "{}"
    },
    {
        "class": "com.braze.Braze",
        "method": "getUdm$android_sdk_base_release",
        "arguments": "{}"
    },
    {
        "class": "com.braze.Braze",
        "method": "getUdm$android_sdk_base_release",
        "arguments": "{}"
    },
    {
        "class": "com.braze.Braze",
        "method": "getUdm$android_sdk_base_release",
        "arguments": "{}"
    },
    {
        "class": "com.braze.Braze",
        "method": "getUdm$android_sdk_base_release",
        "arguments": "{}"
    },
    {
        "class": "com.braze.Braze",
        "method": "getUdm$android_sdk_base_release",
        "arguments": "{}"
    },
    {
        "class": "com.braze.Braze",
        "method": "access$isEphemeralEventKey",
        "arguments": "{\"0\":\"<instance: com.braze.Braze>\",\"1\":\"first_app_launch\"}"
    },
    {
        "class": "com.braze.Braze",
        "method": "isEphemeralEventKey",
        "arguments": "{\"0\":\"first_app_launch\"}"
    },
    {
        "class": "com.braze.Braze",
        "method": "getConfigurationProvider$android_sdk_base_release",
        "arguments": "{}"
    },
    {
        "class": "com.braze.Braze",
        "method": "getUdm$android_sdk_base_release",
        "arguments": "{}"
    },
    {
        "class": "com.braze.Braze",
        "method": "getUdm$android_sdk_base_release",
        "arguments": "{}"
    },
    {
        "class": "com.braze.Braze",
        "method": "access$getBrazeUser$p",
        "arguments": "{\"0\":\"<instance: com.braze.Braze>\"}"
    },
    {
        "class": "com.braze.BrazeUser",
        "method": "setCustomUserAttribute",
        "arguments": "{\"0\":\"App ID\",\"1\":\"com.fanduel.casino\"}"
    },
    {
        "class": "com.braze.BrazeUser",
        "method": "setCustomAttribute$default",
        "arguments": "{\"0\":\"<instance: com.braze.BrazeUser>\",\"1\":\"App ID\",\"2\":\"<instance: java.lang.Object, $className: java.lang.String>\",\"3\":false,\"4\":4,\"5\":null}"
    },
    {
        "class": "com.braze.BrazeUser",
        "method": "setCustomAttribute",
        "arguments": "{\"0\":\"App ID\",\"1\":\"<instance: java.lang.Object, $className: java.lang.String>\",\"2\":false}"
    },
    {
        "class": "com.google.firebase.analytics.FirebaseAnalytics",
        "method": "setUserProperty",
        "arguments": "{\"0\":\"App ID\",\"1\":\"com.fanduel.casino\"}"
    },
    {
        "class": "com.braze.Braze",
        "method": "getCurrentUser",
        "arguments": "{}"
    },
    {
        "class": "com.braze.Braze",
        "method": "runForResult",
        "arguments": "{\"0\":null,\"1\":\"<instance: kotlin.jvm.functions.Function0, $className: bo.app.n1>\",\"2\":false,\"3\":true,\"4\":\"<instance: kotlin.jvm.functions.Function2, $className: bo.app.o1>\"}"
    },
    {
        "class": "com.braze.Braze",
        "method": "access$getBrazeUser$p",
        "arguments": "{\"0\":\"<instance: com.braze.Braze>\"}"
    },
    {
        "class": "com.braze.BrazeUser",
        "method": "setCustomUserAttribute",
        "arguments": "{\"0\":\"App Name\",\"1\":\"fanduel_casino_real_money\"}"
    },
    {
        "class": "com.braze.BrazeUser",
        "method": "setCustomAttribute$default",
        "arguments": "{\"0\":\"<instance: com.braze.BrazeUser>\",\"1\":\"App Name\",\"2\":\"<instance: java.lang.Object, $className: java.lang.String>\",\"3\":false,\"4\":4,\"5\":null}"
    },
    {
        "class": "com.braze.BrazeUser",
        "method": "setCustomAttribute",
        "arguments": "{\"0\":\"App Name\",\"1\":\"<instance: java.lang.Object, $className: java.lang.String>\",\"2\":false}"
    },
    {
        "class": "com.google.firebase.analytics.FirebaseAnalytics",
        "method": "setUserProperty",
        "arguments": "{\"0\":\"App Name\",\"1\":\"fanduel_casino_real_money\"}"
    },
    {
        "class": "com.braze.Braze",
        "method": "getCurrentUser",
        "arguments": "{}"
    },
    {
        "class": "com.braze.Braze",
        "method": "runForResult",
        "arguments": "{\"0\":null,\"1\":\"<instance: kotlin.jvm.functions.Function0, $className: bo.app.n1>\",\"2\":false,\"3\":true,\"4\":\"<instance: kotlin.jvm.functions.Function2, $className: bo.app.o1>\"}"
    },
    {
        "class": "com.braze.Braze",
        "method": "access$getBrazeUser$p",
        "arguments": "{\"0\":\"<instance: com.braze.Braze>\"}"
    },
    {
        "class": "com.braze.BrazeUser",
        "method": "setCustomUserAttribute",
        "arguments": "{\"0\":\"App Version\",\"1\":\"1.3.6\"}"
    },
    {
        "class": "com.google.firebase.analytics.FirebaseAnalytics",
        "method": "getInstance",
        "arguments": "{\"0\":\"<instance: android.content.Context, $className: com.casino.template.CasinoApp>\"}"
    },
    {
        "class": "com.braze.BrazeUser",
        "method": "setCustomAttribute$default",
        "arguments": "{\"0\":\"<instance: com.braze.BrazeUser>\",\"1\":\"App Version\",\"2\":\"<instance: java.lang.Object, $className: java.lang.String>\",\"3\":false,\"4\":4,\"5\":null}"
    },
    {
        "class": "com.google.firebase.analytics.FirebaseAnalytics",
        "method": "getFirebaseInstanceId",
        "arguments": "{}"
    },
    {
        "class": "com.braze.BrazeUser",
        "method": "setCustomAttribute",
        "arguments": "{\"0\":\"App Version\",\"1\":\"<instance: java.lang.Object, $className: java.lang.String>\",\"2\":false}"
    },
    {
        "class": "com.google.firebase.analytics.FirebaseAnalytics",
        "method": "setUserProperty",
        "arguments": "{\"0\":\"App Version\",\"1\":\"1.3.6\"}"
    },
    {
        "class": "com.google.firebase.analytics.FirebaseAnalytics",
        "method": "getInstance",
        "arguments": "{\"0\":\"<instance: android.content.Context, $className: com.casino.template.CasinoApp>\"}"
    },
    {
        "class": "com.google.firebase.analytics.FirebaseAnalytics",
        "method": "getFirebaseInstanceId",
        "arguments": "{}"
    },
    {
        "class": "com.google.firebase.analytics.FirebaseAnalytics",
        "method": "getInstance",
        "arguments": "{\"0\":\"<instance: android.content.Context, $className: com.casino.template.CasinoApp>\"}"
    },
    {
        "class": "com.google.firebase.analytics.FirebaseAnalytics",
        "method": "getFirebaseInstanceId",
        "arguments": "{}"
    },
    {
        "class": "com.braze.Braze",
        "method": "access$getInstance$cp",
        "arguments": "{}"
    },
    {
        "class": "com.braze.Braze",
        "method": "access$isInstanceStopped$p",
        "arguments": "{\"0\":\"<instance: com.braze.Braze>\"}"
    },
    {
        "class": "com.braze.Braze",
        "method": "isApiKeyPresent$android_sdk_base_release",
        "arguments": "{}"
    },
    {
        "class": "com.braze.Braze",
        "method": "access$getInstance$cp",
        "arguments": "{}"
    },
    {
        "class": "com.braze.Braze",
        "method": "subscribeToNewInAppMessages",
        "arguments": "{\"0\":\"<instance: com.braze.events.IEventSubscriber, $className: com.braze.ui.inappmessage.b>\"}"
    },
    {
        "class": "com.braze.Braze",
        "method": "access$getInstance$cp",
        "arguments": "{}"
    },
    {
        "class": "com.braze.Braze",
        "method": "access$isInstanceStopped$p",
        "arguments": "{\"0\":\"<instance: com.braze.Braze>\"}"
    },
    {
        "class": "com.braze.Braze",
        "method": "isApiKeyPresent$android_sdk_base_release",
        "arguments": "{}"
    },
    {
        "class": "com.braze.Braze",
        "method": "access$getInstance$cp",
        "arguments": "{}"
    },
    {
        "class": "com.braze.Braze",
        "method": "addSingleSynchronousSubscription",
        "arguments": "{\"0\":\"<instance: com.braze.events.IEventSubscriber, $className: com.braze.ui.inappmessage.b>\",\"1\":\"<instance: java.lang.Class>\"}"
    },
    {
        "class": "com.appsflyer.AppsFlyerLib",
        "method": "getInstance",
        "arguments": "{}"
    },
    {
        "class": "com.braze.Braze",
        "method": "access$getInstance$cp",
        "arguments": "{}"
    },
    {
        "class": "com.braze.Braze",
        "method": "access$isInstanceStopped$p",
        "arguments": "{\"0\":\"<instance: com.braze.Braze>\"}"
    },
    {
        "class": "com.braze.Braze",
        "method": "isApiKeyPresent$android_sdk_base_release",
        "arguments": "{}"
    },
    {
        "class": "com.braze.Braze",
        "method": "access$getInstance$cp",
        "arguments": "{}"
    },
    {
        "class": "com.braze.Braze",
        "method": "openSession",
        "arguments": "{\"0\":\"<instance: android.app.Activity, $className: com.casino.template.presentation.LandingActivity>\"}"
    },
    {
        "class": "com.braze.Braze",
        "method": "run$android_sdk_base_release$default",
        "arguments": "{\"0\":\"<instance: com.braze.Braze>\",\"1\":\"<instance: kotlin.jvm.functions.Function0, $className: bo.app.e4>\",\"2\":false,\"3\":false,\"4\":\"<instance: kotlin.jvm.functions.Function0, $className: bo.app.g4>\",\"5\":6,\"6\":null}"
    },
    {
        "class": "com.braze.Braze",
        "method": "run$android_sdk_base_release",
        "arguments": "{\"0\":\"<instance: kotlin.jvm.functions.Function0, $className: bo.app.e4>\",\"1\":true,\"2\":true,\"3\":\"<instance: kotlin.jvm.functions.Function0, $className: bo.app.g4>\"}"
    },
    {
        "class": "com.braze.Braze",
        "method": "access$getSdkEnablementProvider$cp",
        "arguments": "{}"
    },
    {
        "class": "com.braze.Braze",
        "method": "access$getInstance$cp",
        "arguments": "{}"
    },
    {
        "class": "com.braze.Braze",
        "method": "isApiKeyPresent$android_sdk_base_release",
        "arguments": "{}"
    },
    {
        "class": "com.braze.Braze",
        "method": "getUdm$android_sdk_base_release",
        "arguments": "{}"
    },
    {
        "class": "com.braze.Braze",
        "method": "access$getInstance$cp",
        "arguments": "{}"
    },
    {
        "class": "com.braze.Braze",
        "method": "access$getInstance$cp",
        "arguments": "{}"
    },
    {
        "class": "com.braze.Braze",
        "method": "access$isInstanceStopped$p",
        "arguments": "{\"0\":\"<instance: com.braze.Braze>\"}"
    },
    {
        "class": "com.braze.Braze",
        "method": "access$isInstanceStopped$p",
        "arguments": "{\"0\":\"<instance: com.braze.Braze>\"}"
    },
    {
        "class": "com.braze.Braze",
        "method": "isApiKeyPresent$android_sdk_base_release",
        "arguments": "{}"
    },
    {
        "class": "com.braze.Braze",
        "method": "access$getInstance$cp",
        "arguments": "{}"
    },
    {
        "class": "com.braze.Braze",
        "method": "isApiKeyPresent$android_sdk_base_release",
        "arguments": "{}"
    },
    {
        "class": "com.braze.Braze",
        "method": "requestGeofenceRefresh$android_sdk_base_release",
        "arguments": "{\"0\":false}"
    },
    {
        "class": "com.braze.Braze",
        "method": "access$getInstance$cp",
        "arguments": "{}"
    },
    {
        "class": "com.braze.Braze",
        "method": "run$android_sdk_base_release$default",
        "arguments": "{\"0\":\"<instance: com.braze.Braze>\",\"1\":\"<instance: kotlin.jvm.functions.Function0, $className: bo.app.n5>\",\"2\":false,\"3\":false,\"4\":\"<instance: kotlin.jvm.functions.Function0, $className: bo.app.o5>\",\"5\":6,\"6\":null}"
    },
    {
        "class": "com.braze.Braze",
        "method": "removeSingleSubscription",
        "arguments": "{\"0\":\"<instance: com.braze.events.IEventSubscriber, $className: com.braze.ui.inappmessage.b>\",\"1\":\"<instance: java.lang.Class>\"}"
    },
    {
        "class": "com.braze.Braze",
        "method": "access$getInstance$cp",
        "arguments": "{}"
    },
    {
        "class": "com.braze.Braze",
        "method": "run$android_sdk_base_release",
        "arguments": "{\"0\":\"<instance: kotlin.jvm.functions.Function0, $className: bo.app.n5>\",\"1\":true,\"2\":true,\"3\":\"<instance: kotlin.jvm.functions.Function0, $className: bo.app.o5>\"}"
    },
    {
        "class": "com.google.firebase.analytics.FirebaseAnalytics",
        "method": "getInstance",
        "arguments": "{\"0\":\"<instance: android.content.Context, $className: com.casino.template.CasinoApp>\"}"
    },
    {
        "class": "com.braze.Braze",
        "method": "access$isInstanceStopped$p",
        "arguments": "{\"0\":\"<instance: com.braze.Braze>\"}"
    },
    {
        "class": "com.braze.Braze",
        "method": "access$getSdkEnablementProvider$cp",
        "arguments": "{}"
    },
    {
        "class": "com.braze.Braze",
        "method": "isApiKeyPresent$android_sdk_base_release",
        "arguments": "{}"
    },
    {
        "class": "com.google.firebase.analytics.FirebaseAnalytics",
        "method": "getFirebaseInstanceId",
        "arguments": "{}"
    },
    {
        "class": "com.braze.Braze",
        "method": "access$getInstance$cp",
        "arguments": "{}"
    },
    {
        "class": "com.braze.Braze",
        "method": "access$getInstance$cp",
        "arguments": "{}"
    },
    {
        "class": "com.braze.Braze",
        "method": "subscribeToNewInAppMessages",
        "arguments": "{\"0\":\"<instance: com.braze.events.IEventSubscriber, $className: com.braze.ui.inappmessage.b>\"}"
    },
    {
        "class": "com.braze.Braze",
        "method": "isApiKeyPresent$android_sdk_base_release",
        "arguments": "{}"
    },
    {
        "class": "com.braze.Braze",
        "method": "access$getInstance$cp",
        "arguments": "{}"
    },
    {
        "class": "com.braze.Braze",
        "method": "access$isInstanceStopped$p",
        "arguments": "{\"0\":\"<instance: com.braze.Braze>\"}"
    },
    {
        "class": "com.braze.Braze",
        "method": "isApiKeyPresent$android_sdk_base_release",
        "arguments": "{}"
    },
    {
        "class": "com.braze.Braze",
        "method": "getUdm$android_sdk_base_release",
        "arguments": "{}"
    },
    {
        "class": "com.braze.Braze",
        "method": "access$getInstance$cp",
        "arguments": "{}"
    },
    {
        "class": "com.braze.Braze",
        "method": "removeSingleSubscription",
        "arguments": "{\"0\":\"<instance: com.braze.events.IEventSubscriber, $className: com.braze.ui.inappmessage.b>\",\"1\":\"<instance: java.lang.Class>\"}"
    },
    {
        "class": "com.braze.Braze",
        "method": "access$getInstance$cp",
        "arguments": "{}"
    },
    {
        "class": "com.braze.Braze",
        "method": "access$isInstanceStopped$p",
        "arguments": "{\"0\":\"<instance: com.braze.Braze>\"}"
    },
    {
        "class": "com.braze.Braze",
        "method": "isApiKeyPresent$android_sdk_base_release",
        "arguments": "{}"
    },
    {
        "class": "com.braze.Braze",
        "method": "access$getInstance$cp",
        "arguments": "{}"
    },
    {
        "class": "com.braze.Braze",
        "method": "addSingleSynchronousSubscription",
        "arguments": "{\"0\":\"<instance: com.braze.events.IEventSubscriber, $className: com.braze.ui.inappmessage.b>\",\"1\":\"<instance: java.lang.Class>\"}"
    },
    {
        "class": "com.braze.Braze",
        "method": "access$getEndpointProviderLock$cp",
        "arguments": "{}"
    },
    {
        "class": "com.braze.Braze",
        "method": "access$getEndpointProvider$cp",
        "arguments": "{}"
    },
    {
        "class": "com.appsflyer.AppsFlyerLib",
        "method": "getInstance",
        "arguments": "{}"
    },
    {
        "class": "com.appsflyer.AppsFlyerLib",
        "method": "getInstance",
        "arguments": "{}"
    },
    {
        "class": "com.appsflyer.AppsFlyerLib",
        "method": "getInstance",
        "arguments": "{}"
    },
    {
        "class": "com.appsflyer.AppsFlyerLib",
        "method": "getInstance",
        "arguments": "{}"
    },
    {
        "class": "com.appsflyer.AppsFlyerLib",
        "method": "getInstance",
        "arguments": "{}"
    },
    {
        "class": "com.appsflyer.AppsFlyerLib",
        "method": "getInstance",
        "arguments": "{}"
    },
    {
        "class": "com.braze.Braze",
        "method": "access$getEndpointProviderLock$cp",
        "arguments": "{}"
    },
    {
        "class": "com.braze.Braze",
        "method": "access$getEndpointProvider$cp",
        "arguments": "{}"
    },
    {
        "class": "com.braze.Braze",
        "method": "access$getEndpointProviderLock$cp",
        "arguments": "{}"
    },
    {
        "class": "com.braze.Braze",
        "method": "access$getEndpointProvider$cp",
        "arguments": "{}"
    },
    {
        "class": "com.braze.Braze",
        "method": "access$getInstance$cp",
        "arguments": "{}"
    },
    {
        "class": "com.braze.Braze",
        "method": "access$isInstanceStopped$p",
        "arguments": "{\"0\":\"<instance: com.braze.Braze>\"}"
    },
    {
        "class": "com.braze.Braze",
        "method": "isApiKeyPresent$android_sdk_base_release",
        "arguments": "{}"
    },
    {
        "class": "com.braze.Braze",
        "method": "access$getInstance$cp",
        "arguments": "{}"
    },
    {
        "class": "com.braze.Braze",
        "method": "applyPendingRuntimeConfiguration$android_sdk_base_release",
        "arguments": "{}"
    },
    {
        "class": "com.braze.Braze",
        "method": "access$getInstance$cp",
        "arguments": "{}"
    },
    {
        "class": "com.braze.Braze",
        "method": "access$isInstanceStopped$p",
        "arguments": "{\"0\":\"<instance: com.braze.Braze>\"}"
    },
    {
        "class": "com.braze.Braze",
        "method": "isApiKeyPresent$android_sdk_base_release",
        "arguments": "{}"
    },
    {
        "class": "com.braze.Braze",
        "method": "access$getInstance$cp",
        "arguments": "{}"
    },
    {
        "class": "com.braze.Braze",
        "method": "getConfigurationProviderSafe$android_sdk_base_release",
        "arguments": "{\"0\":\"<instance: android.content.Context, $className: com.braze.push.BrazeFirebaseMessagingService>\"}"
    },
    {
        "class": "com.braze.Braze",
        "method": "getConfigurationProvider$android_sdk_base_release",
        "arguments": "{}"
    },
    {
        "class": "com.braze.Braze",
        "method": "access$getInstance$cp",
        "arguments": "{}"
    },
    {
        "class": "com.braze.Braze",
        "method": "access$isInstanceStopped$p",
        "arguments": "{\"0\":\"<instance: com.braze.Braze>\"}"
    },
    {
        "class": "com.braze.Braze",
        "method": "isApiKeyPresent$android_sdk_base_release",
        "arguments": "{}"
    },
    {
        "class": "com.braze.Braze",
        "method": "access$getInstance$cp",
        "arguments": "{}"
    },
    {
        "class": "com.braze.Braze",
        "method": "setRegisteredPushToken",
        "arguments": "{\"0\":\"cx2Ln6lUTBGCB145BRE4xB:APA91bEZJOoTH-XHGAtRV2HeVRv_-gDazZzSY8TN8EStfYQmgqm1X_uFE5LIv61FceJvE4yi2iiZ8aoo1yHtWKSd4ObdwS0ZF7nBBMEdZpLmxIPZivyMluSVvLsURIpnm7HxQzWHn9KH\"}"
    },
    {
        "class": "com.braze.Braze",
        "method": "run$android_sdk_base_release$default",
        "arguments": "{\"0\":\"<instance: com.braze.Braze>\",\"1\":\"<instance: kotlin.jvm.functions.Function0, $className: bo.app.u4>\",\"2\":false,\"3\":false,\"4\":\"<instance: kotlin.jvm.functions.Function0, $className: bo.app.x4>\",\"5\":6,\"6\":null}"
    },
    {
        "class": "com.braze.Braze",
        "method": "run$android_sdk_base_release",
        "arguments": "{\"0\":\"<instance: kotlin.jvm.functions.Function0, $className: bo.app.u4>\",\"1\":true,\"2\":true,\"3\":\"<instance: kotlin.jvm.functions.Function0, $className: bo.app.x4>\"}"
    },
    {
        "class": "com.braze.Braze",
        "method": "access$getSdkEnablementProvider$cp",
        "arguments": "{}"
    },
    {
        "class": "com.braze.Braze",
        "method": "access$getInstance$cp",
        "arguments": "{}"
    },
    {
        "class": "com.braze.Braze",
        "method": "access$getEndpointProviderLock$cp",
        "arguments": "{}"
    },
    {
        "class": "com.braze.Braze",
        "method": "isApiKeyPresent$android_sdk_base_release",
        "arguments": "{}"
    },
    {
        "class": "com.braze.Braze",
        "method": "access$getEndpointProvider$cp",
        "arguments": "{}"
    },
    {
        "class": "com.braze.Braze",
        "method": "access$getRegistrationDataProvider$p",
        "arguments": "{\"0\":\"<instance: com.braze.Braze>\"}"
    },
    {
        "class": "com.braze.Braze",
        "method": "getUdm$android_sdk_base_release",
        "arguments": "{}"
    },
    {
        "class": "com.braze.Braze",
        "method": "requestImmediateDataFlush",
        "arguments": "{}"
    },
    {
        "class": "com.braze.Braze",
        "method": "run$android_sdk_base_release$default",
        "arguments": "{\"0\":\"<instance: com.braze.Braze>\",\"1\":\"<instance: kotlin.jvm.functions.Function0, $className: bo.app.v5>\",\"2\":false,\"3\":false,\"4\":\"<instance: kotlin.jvm.functions.Function0, $className: bo.app.x5>\",\"5\":6,\"6\":null}"
    },
    {
        "class": "com.braze.Braze",
        "method": "run$android_sdk_base_release",
        "arguments": "{\"0\":\"<instance: kotlin.jvm.functions.Function0, $className: bo.app.v5>\",\"1\":true,\"2\":true,\"3\":\"<instance: kotlin.jvm.functions.Function0, $className: bo.app.x5>\"}"
    },
    {
        "class": "com.braze.Braze",
        "method": "access$getSdkEnablementProvider$cp",
        "arguments": "{}"
    },
    {
        "class": "com.braze.Braze",
        "method": "access$getInstance$cp",
        "arguments": "{}"
    },
    {
        "class": "com.braze.Braze",
        "method": "isApiKeyPresent$android_sdk_base_release",
        "arguments": "{}"
    },
    {
        "class": "com.braze.Braze",
        "method": "getUdm$android_sdk_base_release",
        "arguments": "{}"
    },
    {
        "class": "com.braze.Braze",
        "method": "access$getEndpointProviderLock$cp",
        "arguments": "{}"
    },
    {
        "class": "com.braze.Braze",
        "method": "access$getEndpointProvider$cp",
        "arguments": "{}"
    },
    {
        "class": "com.google.firebase.analytics.FirebaseAnalytics",
        "method": "getInstance",
        "arguments": "{\"0\":\"<instance: android.content.Context, $className: com.casino.template.CasinoApp>\"}"
    },
    {
        "class": "com.google.firebase.analytics.FirebaseAnalytics",
        "method": "getFirebaseInstanceId",
        "arguments": "{}"
    },
    {
        "class": "com.braze.Braze",
        "method": "access$getEndpointProviderLock$cp",
        "arguments": "{}"
    },
    {
        "class": "com.braze.Braze",
        "method": "access$getEndpointProvider$cp",
        "arguments": "{}"
    },
    {
        "class": "com.google.firebase.analytics.FirebaseAnalytics",
        "method": "getInstance",
        "arguments": "{\"0\":\"<instance: android.content.Context, $className: com.casino.template.CasinoApp>\"}"
    },
    {
        "class": "com.google.firebase.analytics.FirebaseAnalytics",
        "method": "getFirebaseInstanceId",
        "arguments": "{}"
    },
    {
        "class": "com.appsflyer.AppsFlyerLib",
        "method": "getInstance",
        "arguments": "{}"
    },
    {
        "class": "com.braze.Braze",
        "method": "access$getInstance$cp",
        "arguments": "{}"
    },
    {
        "class": "com.braze.Braze",
        "method": "access$isInstanceStopped$p",
        "arguments": "{\"0\":\"<instance: com.braze.Braze>\"}"
    },
    {
        "class": "com.braze.Braze",
        "method": "isApiKeyPresent$android_sdk_base_release",
        "arguments": "{}"
    },
    {
        "class": "com.braze.Braze",
        "method": "access$getInstance$cp",
        "arguments": "{}"
    },
    {
        "class": "com.braze.Braze",
        "method": "removeSingleSubscription",
        "arguments": "{\"0\":\"<instance: com.braze.events.IEventSubscriber, $className: com.braze.ui.inappmessage.b>\",\"1\":\"<instance: java.lang.Class>\"}"
    },
    {
        "class": "com.braze.Braze",
        "method": "access$getInstance$cp",
        "arguments": "{}"
    },
    {
        "class": "com.braze.Braze",
        "method": "access$isInstanceStopped$p",
        "arguments": "{\"0\":\"<instance: com.braze.Braze>\"}"
    },
    {
        "class": "com.braze.Braze",
        "method": "isApiKeyPresent$android_sdk_base_release",
        "arguments": "{}"
    },
    {
        "class": "com.braze.Braze",
        "method": "access$getInstance$cp",
        "arguments": "{}"
    },
    {
        "class": "com.braze.Braze",
        "method": "subscribeToNewInAppMessages",
        "arguments": "{\"0\":\"<instance: com.braze.events.IEventSubscriber, $className: com.braze.ui.inappmessage.b>\"}"
    },
    {
        "class": "com.braze.Braze",
        "method": "access$getInstance$cp",
        "arguments": "{}"
    },
    {
        "class": "com.braze.Braze",
        "method": "access$isInstanceStopped$p",
        "arguments": "{\"0\":\"<instance: com.braze.Braze>\"}"
    },
    {
        "class": "com.braze.Braze",
        "method": "isApiKeyPresent$android_sdk_base_release",
        "arguments": "{}"
    },
    {
        "class": "com.braze.Braze",
        "method": "access$getInstance$cp",
        "arguments": "{}"
    },
    {
        "class": "com.braze.Braze",
        "method": "removeSingleSubscription",
        "arguments": "{\"0\":\"<instance: com.braze.events.IEventSubscriber, $className: com.braze.ui.inappmessage.b>\",\"1\":\"<instance: java.lang.Class>\"}"
    },
    {
        "class": "com.braze.Braze",
        "method": "access$getInstance$cp",
        "arguments": "{}"
    },
    {
        "class": "com.braze.Braze",
        "method": "access$isInstanceStopped$p",
        "arguments": "{\"0\":\"<instance: com.braze.Braze>\"}"
    },
    {
        "class": "com.braze.Braze",
        "method": "isApiKeyPresent$android_sdk_base_release",
        "arguments": "{}"
    },
    {
        "class": "com.braze.Braze",
        "method": "access$getInstance$cp",
        "arguments": "{}"
    },
    {
        "class": "com.braze.Braze",
        "method": "addSingleSynchronousSubscription",
        "arguments": "{\"0\":\"<instance: com.braze.events.IEventSubscriber, $className: com.braze.ui.inappmessage.b>\",\"1\":\"<instance: java.lang.Class>\"}"
    },
    {
        "class": "com.appsflyer.AppsFlyerLib",
        "method": "getInstance",
        "arguments": "{}"
    },
    {
        "class": "com.appsflyer.AppsFlyerLib",
        "method": "getInstance",
        "arguments": "{}"
    },
    {
        "class": "com.appsflyer.AppsFlyerLib",
        "method": "getInstance",
        "arguments": "{}"
    },
    {
        "class": "com.google.firebase.analytics.FirebaseAnalytics",
        "method": "getInstance",
        "arguments": "{\"0\":\"<instance: android.content.Context, $className: com.casino.template.CasinoApp>\"}"
    },
    {
        "class": "com.google.firebase.analytics.FirebaseAnalytics",
        "method": "getFirebaseInstanceId",
        "arguments": "{}"
    },
    {
        "class": "com.braze.Braze",
        "method": "access$getInstance$cp",
        "arguments": "{}"
    },
    {
        "class": "com.braze.Braze",
        "method": "access$isInstanceStopped$p",
        "arguments": "{\"0\":\"<instance: com.braze.Braze>\"}"
    },
    {
        "class": "com.braze.Braze",
        "method": "isApiKeyPresent$android_sdk_base_release",
        "arguments": "{}"
    },
    {
        "class": "com.braze.Braze",
        "method": "access$getInstance$cp",
        "arguments": "{}"
    },
    {
        "class": "com.braze.Braze",
        "method": "closeSession",
        "arguments": "{\"0\":\"<instance: android.app.Activity, $className: com.casino.template.presentation.LandingActivity>\"}"
    },
    {
        "class": "com.braze.Braze",
        "method": "run$android_sdk_base_release$default",
        "arguments": "{\"0\":\"<instance: com.braze.Braze>\",\"1\":\"<instance: kotlin.jvm.functions.Function0, $className: bo.app.k1>\",\"2\":false,\"3\":false,\"4\":\"<instance: kotlin.jvm.functions.Function0, $className: bo.app.m1>\",\"5\":6,\"6\":null}"
    },
    {
        "class": "com.braze.Braze",
        "method": "run$android_sdk_base_release",
        "arguments": "{\"0\":\"<instance: kotlin.jvm.functions.Function0, $className: bo.app.k1>\",\"1\":true,\"2\":true,\"3\":\"<instance: kotlin.jvm.functions.Function0, $className: bo.app.m1>\"}"
    },
    {
        "class": "com.braze.Braze",
        "method": "access$getSdkEnablementProvider$cp",
        "arguments": "{}"
    },
    {
        "class": "com.braze.Braze",
        "method": "access$getInstance$cp",
        "arguments": "{}"
    },
    {
        "class": "com.braze.Braze",
        "method": "isApiKeyPresent$android_sdk_base_release",
        "arguments": "{}"
    },
    {
        "class": "com.braze.Braze",
        "method": "getUdm$android_sdk_base_release",
        "arguments": "{}"
    },
    {
        "class": "com.google.firebase.analytics.FirebaseAnalytics",
        "method": "getInstance",
        "arguments": "{\"0\":\"<instance: android.content.Context, $className: com.casino.template.CasinoApp>\"}"
    },
    {
        "class": "com.google.firebase.analytics.FirebaseAnalytics",
        "method": "getFirebaseInstanceId",
        "arguments": "{}"
    },
    {
        "class": "com.google.firebase.analytics.FirebaseAnalytics",
        "method": "getInstance",
        "arguments": "{\"0\":\"<instance: android.content.Context, $className: com.casino.template.CasinoApp>\"}"
    },
    {
        "class": "com.google.firebase.analytics.FirebaseAnalytics",
        "method": "getFirebaseInstanceId",
        "arguments": "{}"
    },
    {
        "class": "com.braze.Braze",
        "method": "access$getInstance$cp",
        "arguments": "{}"
    },
    {
        "class": "com.braze.Braze",
        "method": "access$isInstanceStopped$p",
        "arguments": "{\"0\":\"<instance: com.braze.Braze>\"}"
    },
    {
        "class": "com.braze.Braze",
        "method": "isApiKeyPresent$android_sdk_base_release",
        "arguments": "{}"
    },
    {
        "class": "com.braze.Braze",
        "method": "access$getInstance$cp",
        "arguments": "{}"
    },
    {
        "class": "com.braze.Braze",
        "method": "requestImmediateDataFlush",
        "arguments": "{}"
    },
    {
        "class": "com.braze.Braze",
        "method": "run$android_sdk_base_release$default",
        "arguments": "{\"0\":\"<instance: com.braze.Braze>\",\"1\":\"<instance: kotlin.jvm.functions.Function0, $className: bo.app.v5>\",\"2\":false,\"3\":false,\"4\":\"<instance: kotlin.jvm.functions.Function0, $className: bo.app.x5>\",\"5\":6,\"6\":null}"
    },
    {
        "class": "com.braze.Braze",
        "method": "run$android_sdk_base_release",
        "arguments": "{\"0\":\"<instance: kotlin.jvm.functions.Function0, $className: bo.app.v5>\",\"1\":true,\"2\":true,\"3\":\"<instance: kotlin.jvm.functions.Function0, $className: bo.app.x5>\"}"
    },
    {
        "class": "com.braze.Braze",
        "method": "access$getSdkEnablementProvider$cp",
        "arguments": "{}"
    },
    {
        "class": "com.braze.Braze",
        "method": "access$getInstance$cp",
        "arguments": "{}"
    },
    {
        "class": "com.braze.Braze",
        "method": "isApiKeyPresent$android_sdk_base_release",
        "arguments": "{}"
    },
    {
        "class": "com.braze.Braze",
        "method": "getUdm$android_sdk_base_release",
        "arguments": "{}"
    }
]