[
    {
        "class": "com.google.firebase.analytics.FirebaseAnalytics",
        "method": "getInstance",
        "arguments": "{\"0\":\"<instance: android.content.Context, $className: com.hiface.MainApplication>\"}"
    },
    {
        "class": "com.google.firebase.analytics.FirebaseAnalytics",
        "method": "getFirebaseInstanceId",
        "arguments": "{}"
    },
    {
        "class": "com.google.firebase.analytics.FirebaseAnalytics",
        "method": "getInstance",
        "arguments": "{\"0\":\"<instance: android.content.Context, $className: com.hiface.MainApplication>\"}"
    },
    {
        "class": "com.google.firebase.analytics.FirebaseAnalytics",
        "method": "getFirebaseInstanceId",
        "arguments": "{}"
    },
    {
        "class": "com.google.firebase.analytics.FirebaseAnalytics",
        "method": "getInstance",
        "arguments": "{\"0\":\"<instance: android.content.Context, $className: com.hiface.MainApplication>\"}"
    },
    {
        "class": "com.google.firebase.analytics.FirebaseAnalytics",
        "method": "getFirebaseInstanceId",
        "arguments": "{}"
    },
    {
        "class": "com.google.firebase.analytics.FirebaseAnalytics",
        "method": "getInstance",
        "arguments": "{\"0\":\"<instance: android.content.Context, $className: com.hiface.MainApplication>\"}"
    },
    {
        "class": "com.google.firebase.analytics.FirebaseAnalytics",
        "method": "getFirebaseInstanceId",
        "arguments": "{}"
    },
    {
        "class": "com.google.firebase.analytics.FirebaseAnalytics",
        "method": "getInstance",
        "arguments": "{\"0\":\"<instance: android.content.Context, $className: com.hiface.MainApplication>\"}"
    },
    {
        "class": "com.google.firebase.analytics.FirebaseAnalytics",
        "method": "getFirebaseInstanceId",
        "arguments": "{}"
    },
    {
        "class": "com.google.firebase.analytics.FirebaseAnalytics",
        "method": "getInstance",
        "arguments": "{\"0\":\"<instance: android.content.Context, $className: com.hiface.MainApplication>\"}"
    },
    {
        "class": "com.google.firebase.analytics.FirebaseAnalytics",
        "method": "getFirebaseInstanceId",
        "arguments": "{}"
    },
    {
        "class": "com.google.android.ump.UserMessagingPlatform",
        "method": "getConsentInformation",
        "arguments": "{\"0\":\"<instance: android.content.Context, $className: com.facebook.react.bridge.ReactApplicationContext>\"}"
    },
    {
        "class": "com.google.android.ump.ConsentRequestParameters$Builder",
        "method": "build",
        "arguments": "{}"
    },
    {
        "class": "com.google.android.ump.ConsentRequestParameters$Builder",
        "method": "zzc",
        "arguments": "{\"0\":\"<instance: com.google.android.ump.ConsentRequestParameters$Builder>\"}"
    },
    {
        "class": "com.google.android.ump.ConsentRequestParameters$Builder",
        "method": "zzb",
        "arguments": "{\"0\":\"<instance: com.google.android.ump.ConsentRequestParameters$Builder>\"}"
    },
    {
        "class": "com.google.android.ump.ConsentRequestParameters$Builder",
        "method": "zza",
        "arguments": "{\"0\":\"<instance: com.google.android.ump.ConsentRequestParameters$Builder>\"}"
    },
    {
        "class": "com.google.android.ump.ConsentRequestParameters$Builder",
        "method": "setConsentDebugSettings",
        "arguments": "{\"0\":\"<instance: com.google.android.ump.ConsentDebugSettings>\"}"
    },
    {
        "class": "com.google.android.ump.ConsentRequestParameters$Builder",
        "method": "build",
        "arguments": "{}"
    },
    {
        "class": "com.google.android.ump.ConsentRequestParameters$Builder",
        "method": "zzc",
        "arguments": "{\"0\":\"<instance: com.google.android.ump.ConsentRequestParameters$Builder>\"}"
    },
    {
        "class": "com.google.android.ump.ConsentRequestParameters$Builder",
        "method": "zzb",
        "arguments": "{\"0\":\"<instance: com.google.android.ump.ConsentRequestParameters$Builder>\"}"
    },
    {
        "class": "com.google.android.ump.ConsentRequestParameters$Builder",
        "method": "zza",
        "arguments": "{\"0\":\"<instance: com.google.android.ump.ConsentRequestParameters$Builder>\"}"
    },
    {
        "class": "com.google.android.ump.ConsentRequestParameters",
        "method": "getConsentDebugSettings",
        "arguments": "{}"
    },
    {
        "class": "com.google.android.ump.ConsentRequestParameters",
        "method": "getConsentDebugSettings",
        "arguments": "{}"
    },
    {
        "class": "com.google.android.ump.ConsentRequestParameters",
        "method": "zza",
        "arguments": "{}"
    },
    {
        "class": "com.google.android.ump.ConsentRequestParameters",
        "method": "isTagForUnderAgeOfConsent",
        "arguments": "{}"
    },
    {
        "class": "com.google.android.gms.ads.AdRequest$Builder",
        "method": "addNetworkExtrasBundle",
        "arguments": "{\"0\":\"<instance: java.lang.Class>\",\"1\":\"<instance: android.os.Bundle>\"}"
    },
    {
        "class": "com.google.android.ump.ConsentRequestParameters",
        "method": "isTagForUnderAgeOfConsent",
        "arguments": "{}"
    },
    {
        "class": "com.google.android.gms.ads.AdRequest",
        "method": "zza",
        "arguments": "{}"
    },
    {
        "class": "com.google.android.gms.ads.RequestConfiguration$Builder",
        "method": "build",
        "arguments": "{}"
    },
    {
        "class": "com.google.android.gms.ads.RequestConfiguration",
        "method": "getTestDeviceIds",
        "arguments": "{}"
    },
    {
        "class": "com.google.android.gms.ads.RequestConfiguration",
        "method": "getTagForChildDirectedTreatment",
        "arguments": "{}"
    },
    {
        "class": "com.google.android.gms.ads.RequestConfiguration",
        "method": "getMaxAdContentRating",
        "arguments": "{}"
    },
    {
        "class": "com.google.android.gms.ads.RequestConfiguration",
        "method": "getTagForUnderAgeOfConsent",
        "arguments": "{}"
    },
    {
        "class": "com.google.android.gms.ads.RequestConfiguration",
        "method": "getPublisherPrivacyPersonalizationState",
        "arguments": "{}"
    },
    {
        "class": "com.google.firebase.analytics.FirebaseAnalytics",
        "method": "getScionFrontendApiImplementation",
        "arguments": "{\"0\":\"<instance: android.content.Context, $className: com.hiface.MainApplication>\",\"1\":null}"
    },
    {
        "class": "com.google.firebase.analytics.FirebaseAnalytics",
        "method": "getInstance",
        "arguments": "{\"0\":\"<instance: android.content.Context, $className: com.hiface.MainApplication>\"}"
    },
    {
        "class": "com.google.firebase.analytics.FirebaseAnalytics",
        "method": "getFirebaseInstanceId",
        "arguments": "{}"
    },
    {
        "class": "com.google.firebase.analytics.FirebaseAnalytics",
        "method": "getInstance",
        "arguments": "{\"0\":\"<instance: android.content.Context, $className: com.hiface.MainApplication>\"}"
    },
    {
        "class": "com.google.firebase.analytics.FirebaseAnalytics",
        "method": "getFirebaseInstanceId",
        "arguments": "{}"
    },
    {
        "class": "com.google.firebase.analytics.FirebaseAnalytics",
        "method": "getInstance",
        "arguments": "{\"0\":\"<instance: android.content.Context, $className: com.hiface.MainApplication>\"}"
    },
    {
        "class": "com.google.firebase.analytics.FirebaseAnalytics",
        "method": "getFirebaseInstanceId",
        "arguments": "{}"
    },
    {
        "class": "com.google.firebase.analytics.FirebaseAnalytics",
        "method": "getInstance",
        "arguments": "{\"0\":\"<instance: android.content.Context, $className: com.hiface.MainApplication>\"}"
    },
    {
        "class": "com.google.firebase.analytics.FirebaseAnalytics",
        "method": "getFirebaseInstanceId",
        "arguments": "{}"
    },
    {
        "class": "com.google.firebase.analytics.FirebaseAnalytics",
        "method": "getInstance",
        "arguments": "{\"0\":\"<instance: android.content.Context, $className: com.hiface.MainApplication>\"}"
    },
    {
        "class": "com.google.firebase.analytics.FirebaseAnalytics",
        "method": "getFirebaseInstanceId",
        "arguments": "{}"
    },
    {
        "class": "com.google.firebase.analytics.FirebaseAnalytics",
        "method": "getInstance",
        "arguments": "{\"0\":\"<instance: android.content.Context, $className: com.hiface.MainApplication>\"}"
    },
    {
        "class": "com.google.firebase.analytics.FirebaseAnalytics",
        "method": "getFirebaseInstanceId",
        "arguments": "{}"
    },
    {
        "class": "com.google.firebase.analytics.FirebaseAnalytics",
        "method": "getInstance",
        "arguments": "{\"0\":\"<instance: android.content.Context, $className: com.hiface.MainApplication>\"}"
    },
    {
        "class": "com.google.firebase.analytics.FirebaseAnalytics",
        "method": "getFirebaseInstanceId",
        "arguments": "{}"
    },
    {
        "class": "com.google.android.ump.UserMessagingPlatform",
        "method": "loadConsentForm",
        "arguments": "{\"0\":\"<instance: android.content.Context, $className: com.facebook.react.bridge.ReactApplicationContext>\",\"1\":\"<instance: com.google.android.ump.UserMessagingPlatform$OnConsentFormLoadSuccessListener, $className: io.invertase.googlemobileads.ReactNativeGoogleMobileAdsConsentModule$$ExternalSyntheticLambda2>\",\"2\":\"<instance: com.google.android.ump.UserMessagingPlatform$OnConsentFormLoadFailureListener, $className: io.invertase.googlemobileads.ReactNativeGoogleMobileAdsConsentModule$$ExternalSyntheticLambda3>\"}"
    },
    {
        "class": "com.google.firebase.analytics.FirebaseAnalytics",
        "method": "getInstance",
        "arguments": "{\"0\":\"<instance: android.content.Context, $className: com.hiface.MainApplication>\"}"
    },
    {
        "class": "com.google.firebase.analytics.FirebaseAnalytics",
        "method": "getFirebaseInstanceId",
        "arguments": "{}"
    }
]