[
    {
        "class": "com.google.firebase.analytics.FirebaseAnalytics",
        "method": "getInstance",
        "arguments": "{\"0\":\"<instance: android.content.Context, $className: com.miui.player.app.MusicApplication>\"}"
    },
    {
        "class": "com.google.firebase.analytics.FirebaseAnalytics",
        "method": "getAppInstanceId",
        "arguments": "{}"
    },
    {
        "class": "com.google.firebase.analytics.FirebaseAnalytics",
        "method": "zza",
        "arguments": "{}"
    },
    {
        "class": "com.google.firebase.analytics.FirebaseAnalytics",
        "method": "getInstance",
        "arguments": "{\"0\":\"<instance: android.content.Context, $className: com.miui.player.app.MusicApplication>\"}"
    },
    {
        "class": "com.google.firebase.analytics.FirebaseAnalytics",
        "method": "zza",
        "arguments": "{\"0\":\"<instance: com.google.firebase.analytics.FirebaseAnalytics>\"}"
    },
    {
        "class": "com.google.firebase.analytics.FirebaseAnalytics",
        "method": "setUserProperty",
        "arguments": "{\"0\":\"aobd\",\"1\":\"OP5CFBL1\"}"
    },
    {
        "class": "com.google.firebase.analytics.FirebaseAnalytics",
        "method": "setUserProperty",
        "arguments": "{\"0\":\"rd\",\"1\":\"CN\"}"
    },
    {
        "class": "com.google.firebase.analytics.FirebaseAnalytics",
        "method": "setUserProperty",
        "arguments": "{\"0\":\"operator\",\"1\":\"nonOperator\"}"
    },
    {
        "class": "com.google.firebase.analytics.FirebaseAnalytics",
        "method": "setUserProperty",
        "arguments": "{\"0\":\"random_min\",\"1\":\"54\"}"
    },
    {
        "class": "com.google.firebase.analytics.FirebaseAnalytics",
        "method": "setUserProperty",
        "arguments": "{\"0\":\"random_max\",\"1\":\"54\"}"
    },
    {
        "class": "com.google.firebase.analytics.FirebaseAnalytics",
        "method": "setUserProperty",
        "arguments": "{\"0\":\"abtest_group\",\"1\":\"0\"}"
    },
    {
        "class": "com.google.firebase.analytics.FirebaseAnalytics",
        "method": "setUserProperty",
        "arguments": "{\"0\":\"userMode\",\"1\":\"none\"}"
    },
    {
        "class": "com.google.firebase.analytics.FirebaseAnalytics",
        "method": "setUserProperty",
        "arguments": "{\"0\":\"phoneBrand\",\"1\":\"OnePlus\"}"
    },
    {
        "class": "com.google.firebase.analytics.FirebaseAnalytics",
        "method": "setUserProperty",
        "arguments": "{\"0\":\"iregion\",\"1\":\"none\"}"
    },
    {
        "class": "com.google.firebase.analytics.FirebaseAnalytics",
        "method": "setAnalyticsCollectionEnabled",
        "arguments": "{\"0\":true}"
    },
    {
        "class": "com.google.firebase.analytics.FirebaseAnalytics",
        "method": "getInstance",
        "arguments": "{\"0\":\"<instance: android.content.Context, $className: com.miui.player.app.MusicApplication>\"}"
    },
    {
        "class": "com.google.firebase.analytics.FirebaseAnalytics",
        "method": "logEvent",
        "arguments": "{\"0\":\"app_open\",\"1\":\"<instance: android.os.Bundle>\"}"
    },
    {
        "class": "com.google.firebase.analytics.FirebaseAnalytics",
        "method": "getFirebaseInstanceId",
        "arguments": "{}"
    },
    {
        "class": "com.google.firebase.analytics.FirebaseAnalytics",
        "method": "getInstance",
        "arguments": "{\"0\":\"<instance: android.content.Context, $className: com.miui.player.app.MusicApplication>\"}"
    },
    {
        "class": "com.google.firebase.analytics.FirebaseAnalytics",
        "method": "getFirebaseInstanceId",
        "arguments": "{}"
    },
    {
        "class": "com.google.firebase.analytics.FirebaseAnalytics",
        "method": "getInstance",
        "arguments": "{\"0\":\"<instance: android.content.Context, $className: com.miui.player.app.MusicApplication>\"}"
    },
    {
        "class": "com.google.firebase.analytics.FirebaseAnalytics",
        "method": "getFirebaseInstanceId",
        "arguments": "{}"
    },
    {
        "class": "com.google.firebase.analytics.FirebaseAnalytics",
        "method": "logEvent",
        "arguments": "{\"0\":\"account_playlist\",\"1\":\"<instance: android.os.Bundle>\"}"
    },
    {
        "class": "com.google.firebase.analytics.FirebaseAnalytics",
        "method": "getInstance",
        "arguments": "{\"0\":\"<instance: android.content.Context, $className: com.miui.player.app.MusicApplication>\"}"
    },
    {
        "class": "com.google.firebase.analytics.FirebaseAnalytics",
        "method": "getFirebaseInstanceId",
        "arguments": "{}"
    },
    {
        "class": "com.google.firebase.analytics.FirebaseAnalytics",
        "method": "getInstance",
        "arguments": "{\"0\":\"<instance: android.content.Context, $className: com.miui.player.app.MusicApplication>\"}"
    },
    {
        "class": "com.google.firebase.analytics.FirebaseAnalytics",
        "method": "getFirebaseInstanceId",
        "arguments": "{}"
    },
    {
        "class": "com.google.android.ump.ConsentRequestParameters$Builder",
        "method": "setTagForUnderAgeOfConsent",
        "arguments": "{\"0\":false}"
    },
    {
        "class": "com.google.android.ump.ConsentRequestParameters$Builder",
        "method": "build",
        "arguments": "{}"
    },
    {
        "class": "com.google.android.ump.ConsentRequestParameters$Builder",
        "method": "zzc",
        "arguments": "{\"0\":\"<instance: com.google.android.ump.ConsentRequestParameters$Builder>\"}"
    },
    {
        "class": "com.google.android.ump.ConsentRequestParameters$Builder",
        "method": "zzb",
        "arguments": "{\"0\":\"<instance: com.google.android.ump.ConsentRequestParameters$Builder>\"}"
    },
    {
        "class": "com.google.android.ump.ConsentRequestParameters$Builder",
        "method": "zza",
        "arguments": "{\"0\":\"<instance: com.google.android.ump.ConsentRequestParameters$Builder>\"}"
    },
    {
        "class": "com.google.android.ump.UserMessagingPlatform",
        "method": "getConsentInformation",
        "arguments": "{\"0\":\"<instance: android.content.Context, $className: com.miui.player.ui.MusicActivity>\"}"
    },
    {
        "class": "com.google.android.ump.ConsentRequestParameters$Builder",
        "method": "build",
        "arguments": "{}"
    },
    {
        "class": "com.google.android.ump.ConsentRequestParameters$Builder",
        "method": "zzc",
        "arguments": "{\"0\":\"<instance: com.google.android.ump.ConsentRequestParameters$Builder>\"}"
    },
    {
        "class": "com.google.android.ump.ConsentRequestParameters$Builder",
        "method": "zzb",
        "arguments": "{\"0\":\"<instance: com.google.android.ump.ConsentRequestParameters$Builder>\"}"
    },
    {
        "class": "com.google.android.ump.ConsentRequestParameters$Builder",
        "method": "zza",
        "arguments": "{\"0\":\"<instance: com.google.android.ump.ConsentRequestParameters$Builder>\"}"
    },
    {
        "class": "com.google.android.ump.ConsentRequestParameters",
        "method": "getConsentDebugSettings",
        "arguments": "{}"
    },
    {
        "class": "com.google.android.ump.ConsentRequestParameters",
        "method": "getConsentDebugSettings",
        "arguments": "{}"
    },
    {
        "class": "com.google.android.ump.ConsentRequestParameters",
        "method": "zza",
        "arguments": "{}"
    },
    {
        "class": "com.google.android.ump.ConsentRequestParameters",
        "method": "isTagForUnderAgeOfConsent",
        "arguments": "{}"
    },
    {
        "class": "com.google.firebase.analytics.FirebaseAnalytics",
        "method": "getInstance",
        "arguments": "{\"0\":\"<instance: android.content.Context, $className: com.miui.player.app.MusicApplication>\"}"
    },
    {
        "class": "com.google.firebase.analytics.FirebaseAnalytics",
        "method": "getFirebaseInstanceId",
        "arguments": "{}"
    },
    {
        "class": "com.google.android.ump.ConsentRequestParameters",
        "method": "isTagForUnderAgeOfConsent",
        "arguments": "{}"
    },
    {
        "class": "com.google.firebase.analytics.FirebaseAnalytics",
        "method": "getInstance",
        "arguments": "{\"0\":\"<instance: android.content.Context, $className: com.miui.player.app.MusicApplication>\"}"
    },
    {
        "class": "com.google.firebase.analytics.FirebaseAnalytics",
        "method": "getFirebaseInstanceId",
        "arguments": "{}"
    },
    {
        "class": "com.google.firebase.analytics.FirebaseAnalytics",
        "method": "getInstance",
        "arguments": "{\"0\":\"<instance: android.content.Context, $className: com.miui.player.app.MusicApplication>\"}"
    },
    {
        "class": "com.google.firebase.analytics.FirebaseAnalytics",
        "method": "getFirebaseInstanceId",
        "arguments": "{}"
    },
    {
        "class": "com.google.firebase.analytics.FirebaseAnalytics",
        "method": "getInstance",
        "arguments": "{\"0\":\"<instance: android.content.Context, $className: com.miui.player.app.MusicApplication>\"}"
    },
    {
        "class": "com.google.firebase.analytics.FirebaseAnalytics",
        "method": "getFirebaseInstanceId",
        "arguments": "{}"
    },
    {
        "class": "com.facebook.ads.AudienceNetworkAds",
        "method": "initialize",
        "arguments": "{\"0\":\"<instance: android.content.Context, $className: com.miui.player.app.MusicApplication>\"}"
    },
    {
        "class": "com.facebook.ads.AdSettings",
        "method": "getTestAdType",
        "arguments": "{}"
    },
    {
        "class": "com.facebook.ads.AdSettings",
        "method": "isTestMode",
        "arguments": "{\"0\":\"<instance: android.content.Context, $className: com.facebook.ads.redexgen.X.Y9>\"}"
    },
    {
        "class": "com.facebook.ads.AdSettings",
        "method": "isMixedAudience",
        "arguments": "{}"
    },
    {
        "class": "com.google.firebase.analytics.FirebaseAnalytics",
        "method": "logEvent",
        "arguments": "{\"0\":\"playerbar_play_viewed\",\"1\":\"<instance: android.os.Bundle>\"}"
    },
    {
        "class": "com.google.firebase.analytics.FirebaseAnalytics",
        "method": "getInstance",
        "arguments": "{\"0\":\"<instance: android.content.Context, $className: com.miui.player.app.MusicApplication>\"}"
    },
    {
        "class": "com.google.firebase.analytics.FirebaseAnalytics",
        "method": "getFirebaseInstanceId",
        "arguments": "{}"
    },
    {
        "class": "com.google.firebase.analytics.FirebaseAnalytics",
        "method": "getInstance",
        "arguments": "{\"0\":\"<instance: android.content.Context, $className: com.miui.player.app.MusicApplication>\"}"
    },
    {
        "class": "com.google.firebase.analytics.FirebaseAnalytics",
        "method": "getFirebaseInstanceId",
        "arguments": "{}"
    },
    {
        "class": "com.google.firebase.analytics.FirebaseAnalytics",
        "method": "getInstance",
        "arguments": "{\"0\":\"<instance: android.content.Context, $className: com.miui.player.app.MusicApplication>\"}"
    },
    {
        "class": "com.google.firebase.analytics.FirebaseAnalytics",
        "method": "getFirebaseInstanceId",
        "arguments": "{}"
    },
    {
        "class": "com.google.firebase.analytics.FirebaseAnalytics",
        "method": "logEvent",
        "arguments": "{\"0\":\"push_request\",\"1\":\"<instance: android.os.Bundle>\"}"
    },
    {
        "class": "com.google.firebase.analytics.FirebaseAnalytics",
        "method": "getInstance",
        "arguments": "{\"0\":\"<instance: android.content.Context, $className: com.miui.player.app.MusicApplication>\"}"
    },
    {
        "class": "com.google.firebase.analytics.FirebaseAnalytics",
        "method": "getFirebaseInstanceId",
        "arguments": "{}"
    },
    {
        "class": "com.google.android.gms.ads.MobileAds",
        "method": "initialize",
        "arguments": "{\"0\":\"<instance: android.content.Context, $className: com.miui.player.app.MusicApplication>\",\"1\":\"<instance: com.google.android.gms.ads.initialization.OnInitializationCompleteListener, $className: com.xiaomi.mobileads.admob.AdmobAdapterConfiguration$1>\"}"
    },
    {
        "class": "com.facebook.ads.AudienceNetworkAds",
        "method": "isInitialized",
        "arguments": "{\"0\":\"<instance: android.content.Context, $className: com.miui.player.app.MusicApplication>\"}"
    },
    {
        "class": "com.google.android.gms.ads.RequestConfiguration$Builder",
        "method": "build",
        "arguments": "{}"
    },
    {
        "class": "com.google.android.gms.ads.RequestConfiguration",
        "method": "getTagForChildDirectedTreatment",
        "arguments": "{}"
    },
    {
        "class": "com.google.android.gms.ads.RequestConfiguration",
        "method": "getTagForUnderAgeOfConsent",
        "arguments": "{}"
    },
    {
        "class": "com.google.firebase.analytics.FirebaseAnalytics",
        "method": "logEvent",
        "arguments": "{\"0\":\"ad_webview_config_get\",\"1\":\"<instance: android.os.Bundle>\"}"
    },
    {
        "class": "com.google.firebase.analytics.FirebaseAnalytics",
        "method": "logEvent",
        "arguments": "{\"0\":\"ad_webview_config_get\",\"1\":\"<instance: android.os.Bundle>\"}"
    },
    {
        "class": "com.google.firebase.analytics.FirebaseAnalytics",
        "method": "getInstance",
        "arguments": "{\"0\":\"<instance: android.content.Context, $className: com.miui.player.app.MusicApplication>\"}"
    },
    {
        "class": "com.google.firebase.analytics.FirebaseAnalytics",
        "method": "getFirebaseInstanceId",
        "arguments": "{}"
    },
    {
        "class": "com.google.firebase.analytics.FirebaseAnalytics",
        "method": "logEvent",
        "arguments": "{\"0\":\"scanner_change_count\",\"1\":\"<instance: android.os.Bundle>\"}"
    },
    {
        "class": "com.google.firebase.analytics.FirebaseAnalytics",
        "method": "logEvent",
        "arguments": "{\"0\":\"scanner_change_count\",\"1\":\"<instance: android.os.Bundle>\"}"
    },
    {
        "class": "com.google.firebase.analytics.FirebaseAnalytics",
        "method": "logEvent",
        "arguments": "{\"0\":\"account_song_show\",\"1\":\"<instance: android.os.Bundle>\"}"
    },
    {
        "class": "com.google.firebase.analytics.FirebaseAnalytics",
        "method": "getInstance",
        "arguments": "{\"0\":\"<instance: android.content.Context, $className: com.miui.player.app.MusicApplication>\"}"
    },
    {
        "class": "com.google.firebase.analytics.FirebaseAnalytics",
        "method": "getFirebaseInstanceId",
        "arguments": "{}"
    },
    {
        "class": "com.google.firebase.analytics.FirebaseAnalytics",
        "method": "getInstance",
        "arguments": "{\"0\":\"<instance: android.content.Context, $className: com.miui.player.app.MusicApplication>\"}"
    },
    {
        "class": "com.google.firebase.analytics.FirebaseAnalytics",
        "method": "getFirebaseInstanceId",
        "arguments": "{}"
    },
    {
        "class": "com.google.firebase.analytics.FirebaseAnalytics",
        "method": "getInstance",
        "arguments": "{\"0\":\"<instance: android.content.Context, $className: com.miui.player.app.MusicApplication>\"}"
    },
    {
        "class": "com.google.firebase.analytics.FirebaseAnalytics",
        "method": "getFirebaseInstanceId",
        "arguments": "{}"
    },
    {
        "class": "com.google.firebase.analytics.FirebaseAnalytics",
        "method": "getInstance",
        "arguments": "{\"0\":\"<instance: android.content.Context, $className: com.miui.player.app.MusicApplication>\"}"
    },
    {
        "class": "com.google.firebase.analytics.FirebaseAnalytics",
        "method": "getFirebaseInstanceId",
        "arguments": "{}"
    },
    {
        "class": "com.google.firebase.analytics.FirebaseAnalytics",
        "method": "logEvent",
        "arguments": "{\"0\":\"privacy_agree\",\"1\":\"<instance: android.os.Bundle>\"}"
    },
    {
        "class": "com.google.firebase.analytics.FirebaseAnalytics",
        "method": "getInstance",
        "arguments": "{\"0\":\"<instance: android.content.Context, $className: com.miui.player.app.MusicApplication>\"}"
    },
    {
        "class": "com.google.firebase.analytics.FirebaseAnalytics",
        "method": "getFirebaseInstanceId",
        "arguments": "{}"
    },
    {
        "class": "com.facebook.ads.AudienceNetworkAds",
        "method": "buildInitSettings",
        "arguments": "{\"0\":\"<instance: android.content.Context, $className: com.miui.player.app.MusicApplication>\"}"
    },
    {
        "class": "com.facebook.ads.AdSettings",
        "method": "setMediationService",
        "arguments": "{\"0\":\"GOOGLE:6.16.0.0\"}"
    },
    {
        "class": "com.google.firebase.analytics.FirebaseAnalytics",
        "method": "getInstance",
        "arguments": "{\"0\":\"<instance: android.content.Context, $className: com.miui.player.app.MusicApplication>\"}"
    },
    {
        "class": "com.google.firebase.analytics.FirebaseAnalytics",
        "method": "getFirebaseInstanceId",
        "arguments": "{}"
    },
    {
        "class": "com.google.firebase.analytics.FirebaseAnalytics",
        "method": "getInstance",
        "arguments": "{\"0\":\"<instance: android.content.Context, $className: com.miui.player.app.MusicApplication>\"}"
    },
    {
        "class": "com.google.firebase.analytics.FirebaseAnalytics",
        "method": "getFirebaseInstanceId",
        "arguments": "{}"
    },
    {
        "class": "com.google.firebase.analytics.FirebaseAnalytics",
        "method": "setUserProperty",
        "arguments": "{\"0\":\"abtest_group\",\"1\":\"0\"}"
    },
    {
        "class": "com.google.firebase.analytics.FirebaseAnalytics",
        "method": "getInstance",
        "arguments": "{\"0\":\"<instance: android.content.Context, $className: com.miui.player.app.MusicApplication>\"}"
    },
    {
        "class": "com.google.firebase.analytics.FirebaseAnalytics",
        "method": "getFirebaseInstanceId",
        "arguments": "{}"
    },
    {
        "class": "com.google.firebase.analytics.FirebaseAnalytics",
        "method": "getInstance",
        "arguments": "{\"0\":\"<instance: android.content.Context, $className: com.miui.player.app.MusicApplication>\"}"
    },
    {
        "class": "com.google.firebase.analytics.FirebaseAnalytics",
        "method": "getFirebaseInstanceId",
        "arguments": "{}"
    },
    {
        "class": "com.google.firebase.analytics.FirebaseAnalytics",
        "method": "getInstance",
        "arguments": "{\"0\":\"<instance: android.content.Context, $className: com.miui.player.app.MusicApplication>\"}"
    },
    {
        "class": "com.google.firebase.analytics.FirebaseAnalytics",
        "method": "getFirebaseInstanceId",
        "arguments": "{}"
    },
    {
        "class": "com.google.firebase.analytics.FirebaseAnalytics",
        "method": "getInstance",
        "arguments": "{\"0\":\"<instance: android.content.Context, $className: com.miui.player.app.MusicApplication>\"}"
    },
    {
        "class": "com.google.firebase.analytics.FirebaseAnalytics",
        "method": "getFirebaseInstanceId",
        "arguments": "{}"
    },
    {
        "class": "com.google.firebase.analytics.FirebaseAnalytics",
        "method": "setUserProperty",
        "arguments": "{\"0\":\"abtest_group\",\"1\":\"0\"}"
    },
    {
        "class": "com.google.firebase.analytics.FirebaseAnalytics",
        "method": "getInstance",
        "arguments": "{\"0\":\"<instance: android.content.Context, $className: com.miui.player.app.MusicApplication>\"}"
    },
    {
        "class": "com.google.firebase.analytics.FirebaseAnalytics",
        "method": "getFirebaseInstanceId",
        "arguments": "{}"
    }
]