{
    "type": "log",
    "source": "class",
    "method": "getInstance",
    "package_name": "aesthetic.wallpaper",
    "class_name": "com.google.firebase.analytics.FirebaseAnalytics",
    "timestamp": 1730744957841,
    "ref": "<class: com.google.firebase.analytics.FirebaseAnalytics>",
    "arguments": "{\"0\":\"<instance: android.content.Context, $className: aesthetic.wallpaper.Utils.MyApplication>\"}",
    "stack_trace": "java.lang.Exception\n\tat com.google.firebase.analytics.FirebaseAnalytics.getInstance(Native Method)\n\tat java.lang.reflect.Method.invoke(Native Method)\n\tat m.th.f(:com.google.android.gms.dynamite_measurementdynamite@244336029@24.43.36 (190400-0):47)\n\tat m.rr.s(:com.google.android.gms.dynamite_measurementdynamite@244336029@24.43.36 (190400-0):81)\n\tat m.pr.run(:com.google.android.gms.dynamite_measurementdynamite@244336029@24.43.36 (190400-0):2078)\n\tat java.util.concurrent.Executors$RunnableAdapter.call(Executors.java:487)\n\tat java.util.concurrent.FutureTask.run(FutureTask.java:290)\n\tat m.pn.run(:com.google.android.gms.dynamite_measurementdynamite@244336029@24.43.36 (190400-0):48)\n",
    "is_privacy": false
},
{
    "type": "log",
    "source": "class",
    "method": "getFirebaseInstanceId",
    "package_name": "aesthetic.wallpaper",
    "class_name": "com.google.firebase.analytics.FirebaseAnalytics",
    "timestamp": 1730744957862,
    "ref": "com.google.firebase.analytics.FirebaseAnalytics@801d4c7",
    "arguments": "{}",
    "stack_trace": "java.lang.Exception\n\tat com.google.firebase.analytics.FirebaseAnalytics.getFirebaseInstanceId(Native Method)\n\tat java.lang.reflect.Method.invoke(Native Method)\n\tat m.th.f(:com.google.android.gms.dynamite_measurementdynamite@244336029@24.43.36 (190400-0):49)\n\tat m.rr.s(:com.google.android.gms.dynamite_measurementdynamite@244336029@24.43.36 (190400-0):81)\n\tat m.pr.run(:com.google.android.gms.dynamite_measurementdynamite@244336029@24.43.36 (190400-0):2078)\n\tat java.util.concurrent.Executors$RunnableAdapter.call(Executors.java:487)\n\tat java.util.concurrent.FutureTask.run(FutureTask.java:290)\n\tat m.pn.run(:com.google.android.gms.dynamite_measurementdynamite@244336029@24.43.36 (190400-0):48)\n",
    "is_privacy": false
},
{
    "type": "log",
    "source": "class",
    "method": "getInstance",
    "package_name": "aesthetic.wallpaper",
    "class_name": "com.google.firebase.analytics.FirebaseAnalytics",
    "timestamp": 1730744957920,
    "ref": "<class: com.google.firebase.analytics.FirebaseAnalytics>",
    "arguments": "{\"0\":\"<instance: android.content.Context, $className: aesthetic.wallpaper.Utils.MyApplication>\"}",
    "stack_trace": "java.lang.Exception\n\tat com.google.firebase.analytics.FirebaseAnalytics.getInstance(Native Method)\n\tat java.lang.reflect.Method.invoke(Native Method)\n\tat m.th.f(:com.google.android.gms.dynamite_measurementdynamite@244336029@24.43.36 (190400-0):47)\n\tat m.rr.U(:com.google.android.gms.dynamite_measurementdynamite@244336029@24.43.36 (190400-0):209)\n\tat m.tp.b(:com.google.android.gms.dynamite_measurementdynamite@244336029@24.43.36 (190400-0):70)\n\tat m.tp.a(:com.google.android.gms.dynamite_measurementdynamite@244336029@24.43.36 (190400-0):65)\n\tat m.pr.run(:com.google.android.gms.dynamite_measurementdynamite@244336029@24.43.36 (190400-0):2087)\n\tat java.util.concurrent.Executors$RunnableAdapter.call(Executors.java:487)\n\tat java.util.concurrent.FutureTask.run(FutureTask.java:290)\n\tat m.pn.run(:com.google.android.gms.dynamite_measurementdynamite@244336029@24.43.36 (190400-0):48)\n",
    "is_privacy": false
},
{
    "type": "log",
    "source": "class",
    "method": "getFirebaseInstanceId",
    "package_name": "aesthetic.wallpaper",
    "class_name": "com.google.firebase.analytics.FirebaseAnalytics",
    "timestamp": 1730744957924,
    "ref": "com.google.firebase.analytics.FirebaseAnalytics@801d4c7",
    "arguments": "{}",
    "stack_trace": "java.lang.Exception\n\tat com.google.firebase.analytics.FirebaseAnalytics.getFirebaseInstanceId(Native Method)\n\tat java.lang.reflect.Method.invoke(Native Method)\n\tat m.th.f(:com.google.android.gms.dynamite_measurementdynamite@244336029@24.43.36 (190400-0):49)\n\tat m.rr.U(:com.google.android.gms.dynamite_measurementdynamite@244336029@24.43.36 (190400-0):209)\n\tat m.tp.b(:com.google.android.gms.dynamite_measurementdynamite@244336029@24.43.36 (190400-0):70)\n\tat m.tp.a(:com.google.android.gms.dynamite_measurementdynamite@244336029@24.43.36 (190400-0):65)\n\tat m.pr.run(:com.google.android.gms.dynamite_measurementdynamite@244336029@24.43.36 (190400-0):2087)\n\tat java.util.concurrent.Executors$RunnableAdapter.call(Executors.java:487)\n\tat java.util.concurrent.FutureTask.run(FutureTask.java:290)\n\tat m.pn.run(:com.google.android.gms.dynamite_measurementdynamite@244336029@24.43.36 (190400-0):48)\n",
    "is_privacy": false
},
{
    "type": "log",
    "source": "class",
    "method": "getInstance",
    "package_name": "aesthetic.wallpaper",
    "class_name": "com.google.firebase.analytics.FirebaseAnalytics",
    "timestamp": 1730744957958,
    "ref": "<class: com.google.firebase.analytics.FirebaseAnalytics>",
    "arguments": "{\"0\":\"<instance: android.content.Context, $className: aesthetic.wallpaper.Utils.MyApplication>\"}",
    "stack_trace": "java.lang.Exception\n\tat com.google.firebase.analytics.FirebaseAnalytics.getInstance(Native Method)\n\tat java.lang.reflect.Method.invoke(Native Method)\n\tat m.th.f(:com.google.android.gms.dynamite_measurementdynamite@244336029@24.43.36 (190400-0):47)\n\tat m.rr.Y(:com.google.android.gms.dynamite_measurementdynamite@244336029@24.43.36 (190400-0):143)\n\tat m.rr.H(:com.google.android.gms.dynamite_measurementdynamite@244336029@24.43.36 (190400-0):30)\n\tat m.tp.b(:com.google.android.gms.dynamite_measurementdynamite@244336029@24.43.36 (190400-0):123)\n\tat m.tp.a(:com.google.android.gms.dynamite_measurementdynamite@244336029@24.43.36 (190400-0):65)\n\tat m.pr.run(:com.google.android.gms.dynamite_measurementdynamite@244336029@24.43.36 (190400-0):2087)\n\tat java.util.concurrent.Executors$RunnableAdapter.call(Executors.java:487)\n\tat java.util.concurrent.FutureTask.run(FutureTask.java:290)\n\tat m.pn.run(:com.google.android.gms.dynamite_measurementdynamite@244336029@24.43.36 (190400-0):48)\n",
    "is_privacy": false
},
{
    "type": "log",
    "source": "class",
    "method": "getFirebaseInstanceId",
    "package_name": "aesthetic.wallpaper",
    "class_name": "com.google.firebase.analytics.FirebaseAnalytics",
    "timestamp": 1730744957961,
    "ref": "com.google.firebase.analytics.FirebaseAnalytics@801d4c7",
    "arguments": "{}",
    "stack_trace": "java.lang.Exception\n\tat com.google.firebase.analytics.FirebaseAnalytics.getFirebaseInstanceId(Native Method)\n\tat java.lang.reflect.Method.invoke(Native Method)\n\tat m.th.f(:com.google.android.gms.dynamite_measurementdynamite@244336029@24.43.36 (190400-0):49)\n\tat m.rr.Y(:com.google.android.gms.dynamite_measurementdynamite@244336029@24.43.36 (190400-0):143)\n\tat m.rr.H(:com.google.android.gms.dynamite_measurementdynamite@244336029@24.43.36 (190400-0):30)\n\tat m.tp.b(:com.google.android.gms.dynamite_measurementdynamite@244336029@24.43.36 (190400-0):123)\n\tat m.tp.a(:com.google.android.gms.dynamite_measurementdynamite@244336029@24.43.36 (190400-0):65)\n\tat m.pr.run(:com.google.android.gms.dynamite_measurementdynamite@244336029@24.43.36 (190400-0):2087)\n\tat java.util.concurrent.Executors$RunnableAdapter.call(Executors.java:487)\n\tat java.util.concurrent.FutureTask.run(FutureTask.java:290)\n\tat m.pn.run(:com.google.android.gms.dynamite_measurementdynamite@244336029@24.43.36 (190400-0):48)\n",
    "is_privacy": false
},
{
    "type": "log",
    "source": "class",
    "method": "getInstance",
    "package_name": "aesthetic.wallpaper",
    "class_name": "com.google.firebase.analytics.FirebaseAnalytics",
    "timestamp": 1730744957977,
    "ref": "<class: com.google.firebase.analytics.FirebaseAnalytics>",
    "arguments": "{\"0\":\"<instance: android.content.Context, $className: aesthetic.wallpaper.Utils.MyApplication>\"}",
    "stack_trace": "java.lang.Exception\n\tat com.google.firebase.analytics.FirebaseAnalytics.getInstance(Native Method)\n\tat java.lang.reflect.Method.invoke(Native Method)\n\tat m.th.f(:com.google.android.gms.dynamite_measurementdynamite@244336029@24.43.36 (190400-0):47)\n\tat m.th.s(:com.google.android.gms.dynamite_measurementdynamite@244336029@24.43.36 (190400-0):8)\n\tat m.pr.run(:com.google.android.gms.dynamite_measurementdynamite@244336029@24.43.36 (190400-0):2099)\n\tat java.util.concurrent.Executors$RunnableAdapter.call(Executors.java:487)\n\tat java.util.concurrent.FutureTask.run(FutureTask.java:290)\n\tat m.pn.run(:com.google.android.gms.dynamite_measurementdynamite@244336029@24.43.36 (190400-0):48)\n",
    "is_privacy": false
},
{
    "type": "log",
    "source": "class",
    "method": "getFirebaseInstanceId",
    "package_name": "aesthetic.wallpaper",
    "class_name": "com.google.firebase.analytics.FirebaseAnalytics",
    "timestamp": 1730744957979,
    "ref": "com.google.firebase.analytics.FirebaseAnalytics@801d4c7",
    "arguments": "{}",
    "stack_trace": "java.lang.Exception\n\tat com.google.firebase.analytics.FirebaseAnalytics.getFirebaseInstanceId(Native Method)\n\tat java.lang.reflect.Method.invoke(Native Method)\n\tat m.th.f(:com.google.android.gms.dynamite_measurementdynamite@244336029@24.43.36 (190400-0):49)\n\tat m.th.s(:com.google.android.gms.dynamite_measurementdynamite@244336029@24.43.36 (190400-0):8)\n\tat m.pr.run(:com.google.android.gms.dynamite_measurementdynamite@244336029@24.43.36 (190400-0):2099)\n\tat java.util.concurrent.Executors$RunnableAdapter.call(Executors.java:487)\n\tat java.util.concurrent.FutureTask.run(FutureTask.java:290)\n\tat m.pn.run(:com.google.android.gms.dynamite_measurementdynamite@244336029@24.43.36 (190400-0):48)\n",
    "is_privacy": false
},
{
    "type": "log",
    "source": "class",
    "method": "getInstance",
    "package_name": "aesthetic.wallpaper",
    "class_name": "com.google.firebase.analytics.FirebaseAnalytics",
    "timestamp": 1730744957992,
    "ref": "<class: com.google.firebase.analytics.FirebaseAnalytics>",
    "arguments": "{\"0\":\"<instance: android.content.Context, $className: aesthetic.wallpaper.Utils.MyApplication>\"}",
    "stack_trace": "java.lang.Exception\n\tat com.google.firebase.analytics.FirebaseAnalytics.getInstance(Native Method)\n\tat java.lang.reflect.Method.invoke(Native Method)\n\tat m.th.f(:com.google.android.gms.dynamite_measurementdynamite@244336029@24.43.36 (190400-0):47)\n\tat m.th.F(:com.google.android.gms.dynamite_measurementdynamite@244336029@24.43.36 (190400-0):8)\n\tat m.pr.run(:com.google.android.gms.dynamite_measurementdynamite@244336029@24.43.36 (190400-0):2116)\n\tat java.util.concurrent.Executors$RunnableAdapter.call(Executors.java:487)\n\tat java.util.concurrent.FutureTask.run(FutureTask.java:290)\n\tat m.pn.run(:com.google.android.gms.dynamite_measurementdynamite@244336029@24.43.36 (190400-0):48)\n",
    "is_privacy": false
},
{
    "type": "log",
    "source": "class",
    "method": "getFirebaseInstanceId",
    "package_name": "aesthetic.wallpaper",
    "class_name": "com.google.firebase.analytics.FirebaseAnalytics",
    "timestamp": 1730744957994,
    "ref": "com.google.firebase.analytics.FirebaseAnalytics@801d4c7",
    "arguments": "{}",
    "stack_trace": "java.lang.Exception\n\tat com.google.firebase.analytics.FirebaseAnalytics.getFirebaseInstanceId(Native Method)\n\tat java.lang.reflect.Method.invoke(Native Method)\n\tat m.th.f(:com.google.android.gms.dynamite_measurementdynamite@244336029@24.43.36 (190400-0):49)\n\tat m.th.F(:com.google.android.gms.dynamite_measurementdynamite@244336029@24.43.36 (190400-0):8)\n\tat m.pr.run(:com.google.android.gms.dynamite_measurementdynamite@244336029@24.43.36 (190400-0):2116)\n\tat java.util.concurrent.Executors$RunnableAdapter.call(Executors.java:487)\n\tat java.util.concurrent.FutureTask.run(FutureTask.java:290)\n\tat m.pn.run(:com.google.android.gms.dynamite_measurementdynamite@244336029@24.43.36 (190400-0):48)\n",
    "is_privacy": false
},
{
    "type": "log",
    "source": "class",
    "method": "getInstance",
    "package_name": "aesthetic.wallpaper",
    "class_name": "com.google.firebase.analytics.FirebaseAnalytics",
    "timestamp": 1730744958029,
    "ref": "<class: com.google.firebase.analytics.FirebaseAnalytics>",
    "arguments": "{\"0\":\"<instance: android.content.Context, $className: aesthetic.wallpaper.Utils.MyApplication>\"}",
    "stack_trace": "java.lang.Exception\n\tat com.google.firebase.analytics.FirebaseAnalytics.getInstance(Native Method)\n\tat java.lang.reflect.Method.invoke(Native Method)\n\tat m.th.f(:com.google.android.gms.dynamite_measurementdynamite@244336029@24.43.36 (190400-0):47)\n\tat m.rr.Y(:com.google.android.gms.dynamite_measurementdynamite@244336029@24.43.36 (190400-0):143)\n\tat m.rr.H(:com.google.android.gms.dynamite_measurementdynamite@244336029@24.43.36 (190400-0):30)\n\tat m.se.A(:com.google.android.gms.dynamite_measurementdynamite@244336029@24.43.36 (190400-0):183)\n\tat m.rz.run(:com.google.android.gms.dynamite_measurementdynamite@244336029@24.43.36 (190400-0):12)\n\tat java.util.concurrent.Executors$RunnableAdapter.call(Executors.java:487)\n\tat java.util.concurrent.FutureTask.run(FutureTask.java:290)\n\tat m.pn.run(:com.google.android.gms.dynamite_measurementdynamite@244336029@24.43.36 (190400-0):48)\n",
    "is_privacy": false
},
{
    "type": "log",
    "source": "class",
    "method": "getFirebaseInstanceId",
    "package_name": "aesthetic.wallpaper",
    "class_name": "com.google.firebase.analytics.FirebaseAnalytics",
    "timestamp": 1730744958031,
    "ref": "com.google.firebase.analytics.FirebaseAnalytics@801d4c7",
    "arguments": "{}",
    "stack_trace": "java.lang.Exception\n\tat com.google.firebase.analytics.FirebaseAnalytics.getFirebaseInstanceId(Native Method)\n\tat java.lang.reflect.Method.invoke(Native Method)\n\tat m.th.f(:com.google.android.gms.dynamite_measurementdynamite@244336029@24.43.36 (190400-0):49)\n\tat m.rr.Y(:com.google.android.gms.dynamite_measurementdynamite@244336029@24.43.36 (190400-0):143)\n\tat m.rr.H(:com.google.android.gms.dynamite_measurementdynamite@244336029@24.43.36 (190400-0):30)\n\tat m.se.A(:com.google.android.gms.dynamite_measurementdynamite@244336029@24.43.36 (190400-0):183)\n\tat m.rz.run(:com.google.android.gms.dynamite_measurementdynamite@244336029@24.43.36 (190400-0):12)\n\tat java.util.concurrent.Executors$RunnableAdapter.call(Executors.java:487)\n\tat java.util.concurrent.FutureTask.run(FutureTask.java:290)\n\tat m.pn.run(:com.google.android.gms.dynamite_measurementdynamite@244336029@24.43.36 (190400-0):48)\n",
    "is_privacy": false
},
{
    "type": "log",
    "source": "class",
    "method": "getInstance",
    "package_name": "aesthetic.wallpaper",
    "class_name": "com.google.firebase.analytics.FirebaseAnalytics",
    "timestamp": 1730744960219,
    "ref": "<class: com.google.firebase.analytics.FirebaseAnalytics>",
    "arguments": "{\"0\":\"<instance: android.content.Context, $className: aesthetic.wallpaper.Utils.MyApplication>\"}",
    "stack_trace": "java.lang.Exception\n\tat com.google.firebase.analytics.FirebaseAnalytics.getInstance(Native Method)\n\tat java.lang.reflect.Method.invoke(Native Method)\n\tat m.th.f(:com.google.android.gms.dynamite_measurementdynamite@244336029@24.43.36 (190400-0):47)\n\tat m.rr.Y(:com.google.android.gms.dynamite_measurementdynamite@244336029@24.43.36 (190400-0):143)\n\tat m.rr.H(:com.google.android.gms.dynamite_measurementdynamite@244336029@24.43.36 (190400-0):30)\n\tat m.rr.G(:com.google.android.gms.dynamite_measurementdynamite@244336029@24.43.36 (190400-0):15)\n\tat m.to.c(:com.google.android.gms.dynamite_measurementdynamite@244336029@24.43.36 (190400-0):138)\n\tat m.tq.q(:com.google.android.gms.dynamite_measurementdynamite@244336029@24.43.36 (190400-0):3)\n\tat m.se.C(:com.google.android.gms.dynamite_measurementdynamite@244336029@24.43.36 (190400-0):26)\n\tat m.sc.run(:com.google.android.gms.dynamite_measurementdynamite@244336029@24.43.36 (190400-0):8)\n\tat java.util.concurrent.Executors$RunnableAdapter.call(Executors.java:487)\n\tat java.util.concurrent.FutureTask.run(FutureTask.java:290)\n\tat m.pn.run(:com.google.android.gms.dynamite_measurementdynamite@244336029@24.43.36 (190400-0):48)\n",
    "is_privacy": false
},
{
    "type": "log",
    "source": "class",
    "method": "getFirebaseInstanceId",
    "package_name": "aesthetic.wallpaper",
    "class_name": "com.google.firebase.analytics.FirebaseAnalytics",
    "timestamp": 1730744960221,
    "ref": "com.google.firebase.analytics.FirebaseAnalytics@801d4c7",
    "arguments": "{}",
    "stack_trace": "java.lang.Exception\n\tat com.google.firebase.analytics.FirebaseAnalytics.getFirebaseInstanceId(Native Method)\n\tat java.lang.reflect.Method.invoke(Native Method)\n\tat m.th.f(:com.google.android.gms.dynamite_measurementdynamite@244336029@24.43.36 (190400-0):49)\n\tat m.rr.Y(:com.google.android.gms.dynamite_measurementdynamite@244336029@24.43.36 (190400-0):143)\n\tat m.rr.H(:com.google.android.gms.dynamite_measurementdynamite@244336029@24.43.36 (190400-0):30)\n\tat m.rr.G(:com.google.android.gms.dynamite_measurementdynamite@244336029@24.43.36 (190400-0):15)\n\tat m.to.c(:com.google.android.gms.dynamite_measurementdynamite@244336029@24.43.36 (190400-0):138)\n\tat m.tq.q(:com.google.android.gms.dynamite_measurementdynamite@244336029@24.43.36 (190400-0):3)\n\tat m.se.C(:com.google.android.gms.dynamite_measurementdynamite@244336029@24.43.36 (190400-0):26)\n\tat m.sc.run(:com.google.android.gms.dynamite_measurementdynamite@244336029@24.43.36 (190400-0):8)\n\tat java.util.concurrent.Executors$RunnableAdapter.call(Executors.java:487)\n\tat java.util.concurrent.FutureTask.run(FutureTask.java:290)\n\tat m.pn.run(:com.google.android.gms.dynamite_measurementdynamite@244336029@24.43.36 (190400-0):48)\n",
    "is_privacy": false
},
{
    "type": "log",
    "source": "class",
    "method": "getInstance",
    "package_name": "aesthetic.wallpaper",
    "class_name": "com.google.firebase.analytics.FirebaseAnalytics",
    "timestamp": 1730744960415,
    "ref": "<class: com.google.firebase.analytics.FirebaseAnalytics>",
    "arguments": "{\"0\":\"<instance: android.content.Context, $className: aesthetic.wallpaper.Utils.MyApplication>\"}",
    "stack_trace": "java.lang.Exception\n\tat com.google.firebase.analytics.FirebaseAnalytics.getInstance(Native Method)\n\tat java.lang.reflect.Method.invoke(Native Method)\n\tat m.th.f(:com.google.android.gms.dynamite_measurementdynamite@244336029@24.43.36 (190400-0):47)\n\tat m.rr.Y(:com.google.android.gms.dynamite_measurementdynamite@244336029@24.43.36 (190400-0):143)\n\tat m.rr.H(:com.google.android.gms.dynamite_measurementdynamite@244336029@24.43.36 (190400-0):30)\n\tat m.se.A(:com.google.android.gms.dynamite_measurementdynamite@244336029@24.43.36 (190400-0):183)\n\tat m.rz.run(:com.google.android.gms.dynamite_measurementdynamite@244336029@24.43.36 (190400-0):12)\n\tat java.util.concurrent.Executors$RunnableAdapter.call(Executors.java:487)\n\tat java.util.concurrent.FutureTask.run(FutureTask.java:290)\n\tat m.pn.run(:com.google.android.gms.dynamite_measurementdynamite@244336029@24.43.36 (190400-0):48)\n",
    "is_privacy": false
},
{
    "type": "log",
    "source": "class",
    "method": "getFirebaseInstanceId",
    "package_name": "aesthetic.wallpaper",
    "class_name": "com.google.firebase.analytics.FirebaseAnalytics",
    "timestamp": 1730744960416,
    "ref": "com.google.firebase.analytics.FirebaseAnalytics@801d4c7",
    "arguments": "{}",
    "stack_trace": "java.lang.Exception\n\tat com.google.firebase.analytics.FirebaseAnalytics.getFirebaseInstanceId(Native Method)\n\tat java.lang.reflect.Method.invoke(Native Method)\n\tat m.th.f(:com.google.android.gms.dynamite_measurementdynamite@244336029@24.43.36 (190400-0):49)\n\tat m.rr.Y(:com.google.android.gms.dynamite_measurementdynamite@244336029@24.43.36 (190400-0):143)\n\tat m.rr.H(:com.google.android.gms.dynamite_measurementdynamite@244336029@24.43.36 (190400-0):30)\n\tat m.se.A(:com.google.android.gms.dynamite_measurementdynamite@244336029@24.43.36 (190400-0):183)\n\tat m.rz.run(:com.google.android.gms.dynamite_measurementdynamite@244336029@24.43.36 (190400-0):12)\n\tat java.util.concurrent.Executors$RunnableAdapter.call(Executors.java:487)\n\tat java.util.concurrent.FutureTask.run(FutureTask.java:290)\n\tat m.pn.run(:com.google.android.gms.dynamite_measurementdynamite@244336029@24.43.36 (190400-0):48)\n",
    "is_privacy": false
},
{
    "type": "log",
    "source": "class",
    "method": "build",
    "package_name": "aesthetic.wallpaper",
    "class_name": "com.google.android.gms.ads.AdRequest$Builder",
    "timestamp": 1730744961046,
    "ref": "com.google.android.gms.ads.AdRequest$Builder@b3b955d",
    "arguments": "{}",
    "stack_trace": "java.lang.Exception\n\tat com.google.android.gms.ads.AdRequest$Builder.build(Native Method)\n\tat aesthetic.wallpaper.Activity.MainActivity.google_Banner(MainActivity.java:1057)\n\tat aesthetic.wallpaper.Activity.MainActivity.get_Ads(MainActivity.java:1037)\n\tat aesthetic.wallpaper.Activity.MainActivity.access$900(MainActivity.java:102)\n\tat aesthetic.wallpaper.Activity.MainActivity$17.onResponse(MainActivity.java:1011)\n\tat aesthetic.wallpaper.Activity.MainActivity$17.onResponse(MainActivity.java:986)\n\tat com.android.volley.toolbox.StringRequest.deliverResponse(StringRequest.java:82)\n\tat com.android.volley.toolbox.StringRequest.deliverResponse(StringRequest.java:29)\n\tat com.android.volley.ExecutorDelivery$ResponseDeliveryRunnable.run(ExecutorDelivery.java:102)\n\tat android.os.Handler.handleCallback(Handler.java:958)\n\tat android.os.Handler.dispatchMessage(Handler.java:99)\n\tat android.os.Looper.loopOnce(Looper.java:255)\n\tat android.os.Looper.loop(Looper.java:364)\n\tat android.app.ActivityThread.main(ActivityThread.java:8979)\n\tat java.lang.reflect.Method.invoke(Native Method)\n\tat com.android.internal.os.RuntimeInit$MethodAndArgsCaller.run(RuntimeInit.java:572)\n\tat com.android.internal.os.ZygoteInit.main(ZygoteInit.java:1053)\n",
    "is_privacy": false
},
{
    "type": "log",
    "source": "class",
    "method": "build",
    "package_name": "aesthetic.wallpaper",
    "class_name": "com.google.android.gms.ads.RequestConfiguration$Builder",
    "timestamp": 1730744961182,
    "ref": "com.google.android.gms.ads.RequestConfiguration$Builder@5aae8df",
    "arguments": "{}",
    "stack_trace": "java.lang.Exception\n\tat com.google.android.gms.ads.RequestConfiguration$Builder.build(Native Method)\n\tat com.google.android.gms.ads.internal.client.zzej.<init>(com.google.android.gms:play-services-ads-lite@@22.0.0:2)\n\tat com.google.android.gms.ads.internal.client.zzej.zzf(com.google.android.gms:play-services-ads-lite@@22.0.0:1)\n\tat com.google.android.gms.ads.internal.client.zzdx.zzs(com.google.android.gms:play-services-ads-lite@@22.0.0:1)\n\tat com.google.android.gms.ads.internal.client.zzp.zza(com.google.android.gms:play-services-ads-lite@@22.0.0:8)\n\tat com.google.android.gms.ads.internal.client.zzea.zzm(com.google.android.gms:play-services-ads-lite@@22.0.0:26)\n\tat com.google.android.gms.ads.BaseAdView.loadAd(com.google.android.gms:play-services-ads-lite@@22.0.0:5)\n\tat aesthetic.wallpaper.Activity.MainActivity.google_Banner(MainActivity.java:1058)\n\tat aesthetic.wallpaper.Activity.MainActivity.get_Ads(MainActivity.java:1037)\n\tat aesthetic.wallpaper.Activity.MainActivity.access$900(MainActivity.java:102)\n\tat aesthetic.wallpaper.Activity.MainActivity$17.onResponse(MainActivity.java:1011)\n\tat aesthetic.wallpaper.Activity.MainActivity$17.onResponse(MainActivity.java:986)\n\tat com.android.volley.toolbox.StringRequest.deliverResponse(StringRequest.java:82)\n\tat com.android.volley.toolbox.StringRequest.deliverResponse(StringRequest.java:29)\n\tat com.android.volley.ExecutorDelivery$ResponseDeliveryRunnable.run(ExecutorDelivery.java:102)\n\tat android.os.Handler.handleCallback(Handler.java:958)\n\tat android.os.Handler.dispatchMessage(Handler.java:99)\n\tat android.os.Looper.loopOnce(Looper.java:255)\n\tat android.os.Looper.loop(Looper.java:364)\n\tat android.app.ActivityThread.main(ActivityThread.java:8979)\n\tat java.lang.reflect.Method.invoke(Native Method)\n\tat com.android.internal.os.RuntimeInit$MethodAndArgsCaller.run(RuntimeInit.java:572)\n\tat com.android.internal.os.ZygoteInit.main(ZygoteInit.java:1053)\n",
    "is_privacy": false
},
{
    "type": "log",
    "source": "class",
    "method": "getTestDeviceIds",
    "package_name": "aesthetic.wallpaper",
    "class_name": "com.google.android.gms.ads.RequestConfiguration",
    "timestamp": 1730744961185,
    "ref": "com.google.android.gms.ads.RequestConfiguration@229bff5",
    "arguments": "{}",
    "stack_trace": "java.lang.Exception\n\tat com.google.android.gms.ads.RequestConfiguration.getTestDeviceIds(Native Method)\n\tat com.google.android.gms.ads.internal.client.zzdx.zzs(com.google.android.gms:play-services-ads-lite@@22.0.0:4)\n\tat com.google.android.gms.ads.internal.client.zzp.zza(com.google.android.gms:play-services-ads-lite@@22.0.0:8)\n\tat com.google.android.gms.ads.internal.client.zzea.zzm(com.google.android.gms:play-services-ads-lite@@22.0.0:26)\n\tat com.google.android.gms.ads.BaseAdView.loadAd(com.google.android.gms:play-services-ads-lite@@22.0.0:5)\n\tat aesthetic.wallpaper.Activity.MainActivity.google_Banner(MainActivity.java:1058)\n\tat aesthetic.wallpaper.Activity.MainActivity.get_Ads(MainActivity.java:1037)\n\tat aesthetic.wallpaper.Activity.MainActivity.access$900(MainActivity.java:102)\n\tat aesthetic.wallpaper.Activity.MainActivity$17.onResponse(MainActivity.java:1011)\n\tat aesthetic.wallpaper.Activity.MainActivity$17.onResponse(MainActivity.java:986)\n\tat com.android.volley.toolbox.StringRequest.deliverResponse(StringRequest.java:82)\n\tat com.android.volley.toolbox.StringRequest.deliverResponse(StringRequest.java:29)\n\tat com.android.volley.ExecutorDelivery$ResponseDeliveryRunnable.run(ExecutorDelivery.java:102)\n\tat android.os.Handler.handleCallback(Handler.java:958)\n\tat android.os.Handler.dispatchMessage(Handler.java:99)\n\tat android.os.Looper.loopOnce(Looper.java:255)\n\tat android.os.Looper.loop(Looper.java:364)\n\tat android.app.ActivityThread.main(ActivityThread.java:8979)\n\tat java.lang.reflect.Method.invoke(Native Method)\n\tat com.android.internal.os.RuntimeInit$MethodAndArgsCaller.run(RuntimeInit.java:572)\n\tat com.android.internal.os.ZygoteInit.main(ZygoteInit.java:1053)\n",
    "is_privacy": false
},
{
    "type": "log",
    "source": "class",
    "method": "getTagForChildDirectedTreatment",
    "package_name": "aesthetic.wallpaper",
    "class_name": "com.google.android.gms.ads.RequestConfiguration",
    "timestamp": 1730744961188,
    "ref": "com.google.android.gms.ads.RequestConfiguration@229bff5",
    "arguments": "{}",
    "stack_trace": "java.lang.Exception\n\tat com.google.android.gms.ads.RequestConfiguration.getTagForChildDirectedTreatment(Native Method)\n\tat com.google.android.gms.ads.internal.client.zzp.zza(com.google.android.gms:play-services-ads-lite@@22.0.0:20)\n\tat com.google.android.gms.ads.internal.client.zzea.zzm(com.google.android.gms:play-services-ads-lite@@22.0.0:26)\n\tat com.google.android.gms.ads.BaseAdView.loadAd(com.google.android.gms:play-services-ads-lite@@22.0.0:5)\n\tat aesthetic.wallpaper.Activity.MainActivity.google_Banner(MainActivity.java:1058)\n\tat aesthetic.wallpaper.Activity.MainActivity.get_Ads(MainActivity.java:1037)\n\tat aesthetic.wallpaper.Activity.MainActivity.access$900(MainActivity.java:102)\n\tat aesthetic.wallpaper.Activity.MainActivity$17.onResponse(MainActivity.java:1011)\n\tat aesthetic.wallpaper.Activity.MainActivity$17.onResponse(MainActivity.java:986)\n\tat com.android.volley.toolbox.StringRequest.deliverResponse(StringRequest.java:82)\n\tat com.android.volley.toolbox.StringRequest.deliverResponse(StringRequest.java:29)\n\tat com.android.volley.ExecutorDelivery$ResponseDeliveryRunnable.run(ExecutorDelivery.java:102)\n\tat android.os.Handler.handleCallback(Handler.java:958)\n\tat android.os.Handler.dispatchMessage(Handler.java:99)\n\tat android.os.Looper.loopOnce(Looper.java:255)\n\tat android.os.Looper.loop(Looper.java:364)\n\tat android.app.ActivityThread.main(ActivityThread.java:8979)\n\tat java.lang.reflect.Method.invoke(Native Method)\n\tat com.android.internal.os.RuntimeInit$MethodAndArgsCaller.run(RuntimeInit.java:572)\n\tat com.android.internal.os.ZygoteInit.main(ZygoteInit.java:1053)\n",
    "is_privacy": false
},
{
    "type": "log",
    "source": "class",
    "method": "getTagForUnderAgeOfConsent",
    "package_name": "aesthetic.wallpaper",
    "class_name": "com.google.android.gms.ads.RequestConfiguration",
    "timestamp": 1730744961190,
    "ref": "com.google.android.gms.ads.RequestConfiguration@229bff5",
    "arguments": "{}",
    "stack_trace": "java.lang.Exception\n\tat com.google.android.gms.ads.RequestConfiguration.getTagForUnderAgeOfConsent(Native Method)\n\tat com.google.android.gms.ads.internal.client.zzp.zza(com.google.android.gms:play-services-ads-lite@@22.0.0:22)\n\tat com.google.android.gms.ads.internal.client.zzea.zzm(com.google.android.gms:play-services-ads-lite@@22.0.0:26)\n\tat com.google.android.gms.ads.BaseAdView.loadAd(com.google.android.gms:play-services-ads-lite@@22.0.0:5)\n\tat aesthetic.wallpaper.Activity.MainActivity.google_Banner(MainActivity.java:1058)\n\tat aesthetic.wallpaper.Activity.MainActivity.get_Ads(MainActivity.java:1037)\n\tat aesthetic.wallpaper.Activity.MainActivity.access$900(MainActivity.java:102)\n\tat aesthetic.wallpaper.Activity.MainActivity$17.onResponse(MainActivity.java:1011)\n\tat aesthetic.wallpaper.Activity.MainActivity$17.onResponse(MainActivity.java:986)\n\tat com.android.volley.toolbox.StringRequest.deliverResponse(StringRequest.java:82)\n\tat com.android.volley.toolbox.StringRequest.deliverResponse(StringRequest.java:29)\n\tat com.android.volley.ExecutorDelivery$ResponseDeliveryRunnable.run(ExecutorDelivery.java:102)\n\tat android.os.Handler.handleCallback(Handler.java:958)\n\tat android.os.Handler.dispatchMessage(Handler.java:99)\n\tat android.os.Looper.loopOnce(Looper.java:255)\n\tat android.os.Looper.loop(Looper.java:364)\n\tat android.app.ActivityThread.main(ActivityThread.java:8979)\n\tat java.lang.reflect.Method.invoke(Native Method)\n\tat com.android.internal.os.RuntimeInit$MethodAndArgsCaller.run(RuntimeInit.java:572)\n\tat com.android.internal.os.ZygoteInit.main(ZygoteInit.java:1053)\n",
    "is_privacy": false
},
{
    "type": "log",
    "source": "class",
    "method": "getMaxAdContentRating",
    "package_name": "aesthetic.wallpaper",
    "class_name": "com.google.android.gms.ads.RequestConfiguration",
    "timestamp": 1730744961192,
    "ref": "com.google.android.gms.ads.RequestConfiguration@229bff5",
    "arguments": "{}",
    "stack_trace": "java.lang.Exception\n\tat com.google.android.gms.ads.RequestConfiguration.getMaxAdContentRating(Native Method)\n\tat com.google.android.gms.ads.internal.client.zzp.zza(com.google.android.gms:play-services-ads-lite@@22.0.0:24)\n\tat com.google.android.gms.ads.internal.client.zzea.zzm(com.google.android.gms:play-services-ads-lite@@22.0.0:26)\n\tat com.google.android.gms.ads.BaseAdView.loadAd(com.google.android.gms:play-services-ads-lite@@22.0.0:5)\n\tat aesthetic.wallpaper.Activity.MainActivity.google_Banner(MainActivity.java:1058)\n\tat aesthetic.wallpaper.Activity.MainActivity.get_Ads(MainActivity.java:1037)\n\tat aesthetic.wallpaper.Activity.MainActivity.access$900(MainActivity.java:102)\n\tat aesthetic.wallpaper.Activity.MainActivity$17.onResponse(MainActivity.java:1011)\n\tat aesthetic.wallpaper.Activity.MainActivity$17.onResponse(MainActivity.java:986)\n\tat com.android.volley.toolbox.StringRequest.deliverResponse(StringRequest.java:82)\n\tat com.android.volley.toolbox.StringRequest.deliverResponse(StringRequest.java:29)\n\tat com.android.volley.ExecutorDelivery$ResponseDeliveryRunnable.run(ExecutorDelivery.java:102)\n\tat android.os.Handler.handleCallback(Handler.java:958)\n\tat android.os.Handler.dispatchMessage(Handler.java:99)\n\tat android.os.Looper.loopOnce(Looper.java:255)\n\tat android.os.Looper.loop(Looper.java:364)\n\tat android.app.ActivityThread.main(ActivityThread.java:8979)\n\tat java.lang.reflect.Method.invoke(Native Method)\n\tat com.android.internal.os.RuntimeInit$MethodAndArgsCaller.run(RuntimeInit.java:572)\n\tat com.android.internal.os.ZygoteInit.main(ZygoteInit.java:1053)\n",
    "is_privacy": false
},
{
    "type": "log",
    "source": "class",
    "method": "getScionFrontendApiImplementation",
    "package_name": "aesthetic.wallpaper",
    "class_name": "com.google.firebase.analytics.FirebaseAnalytics",
    "timestamp": 1730744961469,
    "ref": "<class: com.google.firebase.analytics.FirebaseAnalytics>",
    "arguments": "{\"0\":\"<instance: android.content.Context, $className: aesthetic.wallpaper.Utils.MyApplication>\",\"1\":null}",
    "stack_trace": "java.lang.Exception\n\tat com.google.firebase.analytics.FirebaseAnalytics.getScionFrontendApiImplementation(Native Method)\n\tat java.lang.reflect.Method.invoke(Native Method)\n\tat com.google.android.gms.measurement.AppMeasurement.getInstance(com.google.android.gms:play-services-measurement-impl@@21.0.0:3)\n\tat java.lang.reflect.Method.invoke(Native Method)\n\tat com.google.android.gms.ads.internal.scionintegration.l.l(:com.google.android.gms.policy_ads_fdr_dynamite@243799214@243799204017.685849251.685849251:34)\n\tat com.google.android.gms.ads.internal.scionintegration.l.a(:com.google.android.gms.policy_ads_fdr_dynamite@243799214@243799204017.685849251.685849251:6)\n\tat com.google.android.gms.ads.internal.scionintegration.l.d(:com.google.android.gms.policy_ads_fdr_dynamite@243799214@243799204017.685849251.685849251:20)\n\tat com.google.android.gms.ads.nonagon.signals.go.call(:com.google.android.gms.policy_ads_fdr_dynamite@243799214@243799204017.685849251.685849251:29)\n\tat m.ckk.a(:com.google.android.gms.policy_ads_fdr_dynamite@243799214@243799204017.685849251.685849251:3)\n\tat m.cjr.run(:com.google.android.gms.policy_ads_fdr_dynamite@243799214@243799204017.685849251.685849251:19)\n\tat m.ckl.run(:com.google.android.gms.policy_ads_fdr_dynamite@243799214@243799204017.685849251.685849251:5)\n\tat java.util.concurrent.ThreadPoolExecutor.runWorker(ThreadPoolExecutor.java:1145)\n\tat java.util.concurrent.ThreadPoolExecutor$Worker.run(ThreadPoolExecutor.java:644)\n\tat java.lang.Thread.run(Thread.java:1012)\n",
    "is_privacy": false
},
{
    "type": "log",
    "source": "class",
    "method": "getInstance",
    "package_name": "aesthetic.wallpaper",
    "class_name": "com.google.firebase.analytics.FirebaseAnalytics",
    "timestamp": 1730744964918,
    "ref": "<class: com.google.firebase.analytics.FirebaseAnalytics>",
    "arguments": "{\"0\":\"<instance: android.content.Context, $className: aesthetic.wallpaper.Utils.MyApplication>\"}",
    "stack_trace": "java.lang.Exception\n\tat com.google.firebase.analytics.FirebaseAnalytics.getInstance(Native Method)\n\tat java.lang.reflect.Method.invoke(Native Method)\n\tat m.th.f(:com.google.android.gms.dynamite_measurementdynamite@244336029@24.43.36 (190400-0):47)\n\tat m.rr.Y(:com.google.android.gms.dynamite_measurementdynamite@244336029@24.43.36 (190400-0):143)\n\tat m.qw.run(:com.google.android.gms.dynamite_measurementdynamite@244336029@24.43.36 (190400-0):17)\n\tat java.util.concurrent.Executors$RunnableAdapter.call(Executors.java:487)\n\tat java.util.concurrent.FutureTask.run(FutureTask.java:290)\n\tat m.pn.run(:com.google.android.gms.dynamite_measurementdynamite@244336029@24.43.36 (190400-0):48)\n",
    "is_privacy": false
},
{
    "type": "log",
    "source": "class",
    "method": "getFirebaseInstanceId",
    "package_name": "aesthetic.wallpaper",
    "class_name": "com.google.firebase.analytics.FirebaseAnalytics",
    "timestamp": 1730744964919,
    "ref": "com.google.firebase.analytics.FirebaseAnalytics@801d4c7",
    "arguments": "{}",
    "stack_trace": "java.lang.Exception\n\tat com.google.firebase.analytics.FirebaseAnalytics.getFirebaseInstanceId(Native Method)\n\tat java.lang.reflect.Method.invoke(Native Method)\n\tat m.th.f(:com.google.android.gms.dynamite_measurementdynamite@244336029@24.43.36 (190400-0):49)\n\tat m.rr.Y(:com.google.android.gms.dynamite_measurementdynamite@244336029@24.43.36 (190400-0):143)\n\tat m.qw.run(:com.google.android.gms.dynamite_measurementdynamite@244336029@24.43.36 (190400-0):17)\n\tat java.util.concurrent.Executors$RunnableAdapter.call(Executors.java:487)\n\tat java.util.concurrent.FutureTask.run(FutureTask.java:290)\n\tat m.pn.run(:com.google.android.gms.dynamite_measurementdynamite@244336029@24.43.36 (190400-0):48)\n",
    "is_privacy": false
},
{
    "type": "log",
    "source": "class",
    "method": "getInstance",
    "package_name": "aesthetic.wallpaper",
    "class_name": "com.google.firebase.analytics.FirebaseAnalytics",
    "timestamp": 1730744967443,
    "ref": "<class: com.google.firebase.analytics.FirebaseAnalytics>",
    "arguments": "{\"0\":\"<instance: android.content.Context, $className: aesthetic.wallpaper.Utils.MyApplication>\"}",
    "stack_trace": "java.lang.Exception\n\tat com.google.firebase.analytics.FirebaseAnalytics.getInstance(Native Method)\n\tat java.lang.reflect.Method.invoke(Native Method)\n\tat m.th.f(:com.google.android.gms.dynamite_measurementdynamite@244336029@24.43.36 (190400-0):47)\n\tat m.rr.Y(:com.google.android.gms.dynamite_measurementdynamite@244336029@24.43.36 (190400-0):143)\n\tat m.qw.run(:com.google.android.gms.dynamite_measurementdynamite@244336029@24.43.36 (190400-0):17)\n\tat java.util.concurrent.Executors$RunnableAdapter.call(Executors.java:487)\n\tat java.util.concurrent.FutureTask.run(FutureTask.java:290)\n\tat m.pn.run(:com.google.android.gms.dynamite_measurementdynamite@244336029@24.43.36 (190400-0):48)\n",
    "is_privacy": false
},
{
    "type": "log",
    "source": "class",
    "method": "getFirebaseInstanceId",
    "package_name": "aesthetic.wallpaper",
    "class_name": "com.google.firebase.analytics.FirebaseAnalytics",
    "timestamp": 1730744967448,
    "ref": "com.google.firebase.analytics.FirebaseAnalytics@801d4c7",
    "arguments": "{}",
    "stack_trace": "java.lang.Exception\n\tat com.google.firebase.analytics.FirebaseAnalytics.getFirebaseInstanceId(Native Method)\n\tat java.lang.reflect.Method.invoke(Native Method)\n\tat m.th.f(:com.google.android.gms.dynamite_measurementdynamite@244336029@24.43.36 (190400-0):49)\n\tat m.rr.Y(:com.google.android.gms.dynamite_measurementdynamite@244336029@24.43.36 (190400-0):143)\n\tat m.qw.run(:com.google.android.gms.dynamite_measurementdynamite@244336029@24.43.36 (190400-0):17)\n\tat java.util.concurrent.Executors$RunnableAdapter.call(Executors.java:487)\n\tat java.util.concurrent.FutureTask.run(FutureTask.java:290)\n\tat m.pn.run(:com.google.android.gms.dynamite_measurementdynamite@244336029@24.43.36 (190400-0):48)\n",
    "is_privacy": false
},
{
    "type": "log",
    "source": "class",
    "method": "getInstance",
    "package_name": "aesthetic.wallpaper",
    "class_name": "com.google.firebase.analytics.FirebaseAnalytics",
    "timestamp": 1730923959451,
    "ref": "<class: com.google.firebase.analytics.FirebaseAnalytics>",
    "arguments": "{\"0\":\"<instance: android.content.Context, $className: aesthetic.wallpaper.Utils.MyApplication>\"}",
    "stack_trace": "java.lang.Exception\n\tat com.google.firebase.analytics.FirebaseAnalytics.getInstance(Native Method)\n\tat java.lang.reflect.Method.invoke(Native Method)\n\tat m.th.f(:com.google.android.gms.dynamite_measurementdynamite@244336029@24.43.36 (190400-0):47)\n\tat m.rr.s(:com.google.android.gms.dynamite_measurementdynamite@244336029@24.43.36 (190400-0):81)\n\tat m.pr.run(:com.google.android.gms.dynamite_measurementdynamite@244336029@24.43.36 (190400-0):2078)\n\tat java.util.concurrent.Executors$RunnableAdapter.call(Executors.java:487)\n\tat java.util.concurrent.FutureTask.run(FutureTask.java:290)\n\tat m.pn.run(:com.google.android.gms.dynamite_measurementdynamite@244336029@24.43.36 (190400-0):48)\n",
    "is_privacy": false
},
{
    "type": "log",
    "source": "class",
    "method": "getFirebaseInstanceId",
    "package_name": "aesthetic.wallpaper",
    "class_name": "com.google.firebase.analytics.FirebaseAnalytics",
    "timestamp": 1730923959457,
    "ref": "com.google.firebase.analytics.FirebaseAnalytics@b0e1318",
    "arguments": "{}",
    "stack_trace": "java.lang.Exception\n\tat com.google.firebase.analytics.FirebaseAnalytics.getFirebaseInstanceId(Native Method)\n\tat java.lang.reflect.Method.invoke(Native Method)\n\tat m.th.f(:com.google.android.gms.dynamite_measurementdynamite@244336029@24.43.36 (190400-0):49)\n\tat m.rr.s(:com.google.android.gms.dynamite_measurementdynamite@244336029@24.43.36 (190400-0):81)\n\tat m.pr.run(:com.google.android.gms.dynamite_measurementdynamite@244336029@24.43.36 (190400-0):2078)\n\tat java.util.concurrent.Executors$RunnableAdapter.call(Executors.java:487)\n\tat java.util.concurrent.FutureTask.run(FutureTask.java:290)\n\tat m.pn.run(:com.google.android.gms.dynamite_measurementdynamite@244336029@24.43.36 (190400-0):48)\n",
    "is_privacy": false
},
{
    "type": "log",
    "source": "class",
    "method": "getInstance",
    "package_name": "aesthetic.wallpaper",
    "class_name": "com.google.firebase.analytics.FirebaseAnalytics",
    "timestamp": 1730923959512,
    "ref": "<class: com.google.firebase.analytics.FirebaseAnalytics>",
    "arguments": "{\"0\":\"<instance: android.content.Context, $className: aesthetic.wallpaper.Utils.MyApplication>\"}",
    "stack_trace": "java.lang.Exception\n\tat com.google.firebase.analytics.FirebaseAnalytics.getInstance(Native Method)\n\tat java.lang.reflect.Method.invoke(Native Method)\n\tat m.th.f(:com.google.android.gms.dynamite_measurementdynamite@244336029@24.43.36 (190400-0):47)\n\tat m.rr.U(:com.google.android.gms.dynamite_measurementdynamite@244336029@24.43.36 (190400-0):209)\n\tat m.tp.b(:com.google.android.gms.dynamite_measurementdynamite@244336029@24.43.36 (190400-0):70)\n\tat m.tp.a(:com.google.android.gms.dynamite_measurementdynamite@244336029@24.43.36 (190400-0):65)\n\tat m.pr.run(:com.google.android.gms.dynamite_measurementdynamite@244336029@24.43.36 (190400-0):2087)\n\tat java.util.concurrent.Executors$RunnableAdapter.call(Executors.java:487)\n\tat java.util.concurrent.FutureTask.run(FutureTask.java:290)\n\tat m.pn.run(:com.google.android.gms.dynamite_measurementdynamite@244336029@24.43.36 (190400-0):48)\n",
    "is_privacy": false
},
{
    "type": "log",
    "source": "class",
    "method": "getFirebaseInstanceId",
    "package_name": "aesthetic.wallpaper",
    "class_name": "com.google.firebase.analytics.FirebaseAnalytics",
    "timestamp": 1730923959515,
    "ref": "com.google.firebase.analytics.FirebaseAnalytics@b0e1318",
    "arguments": "{}",
    "stack_trace": "java.lang.Exception\n\tat com.google.firebase.analytics.FirebaseAnalytics.getFirebaseInstanceId(Native Method)\n\tat java.lang.reflect.Method.invoke(Native Method)\n\tat m.th.f(:com.google.android.gms.dynamite_measurementdynamite@244336029@24.43.36 (190400-0):49)\n\tat m.rr.U(:com.google.android.gms.dynamite_measurementdynamite@244336029@24.43.36 (190400-0):209)\n\tat m.tp.b(:com.google.android.gms.dynamite_measurementdynamite@244336029@24.43.36 (190400-0):70)\n\tat m.tp.a(:com.google.android.gms.dynamite_measurementdynamite@244336029@24.43.36 (190400-0):65)\n\tat m.pr.run(:com.google.android.gms.dynamite_measurementdynamite@244336029@24.43.36 (190400-0):2087)\n\tat java.util.concurrent.Executors$RunnableAdapter.call(Executors.java:487)\n\tat java.util.concurrent.FutureTask.run(FutureTask.java:290)\n\tat m.pn.run(:com.google.android.gms.dynamite_measurementdynamite@244336029@24.43.36 (190400-0):48)\n",
    "is_privacy": false
},
{
    "type": "log",
    "source": "class",
    "method": "getInstance",
    "package_name": "aesthetic.wallpaper",
    "class_name": "com.google.firebase.analytics.FirebaseAnalytics",
    "timestamp": 1730923959554,
    "ref": "<class: com.google.firebase.analytics.FirebaseAnalytics>",
    "arguments": "{\"0\":\"<instance: android.content.Context, $className: aesthetic.wallpaper.Utils.MyApplication>\"}",
    "stack_trace": "java.lang.Exception\n\tat com.google.firebase.analytics.FirebaseAnalytics.getInstance(Native Method)\n\tat java.lang.reflect.Method.invoke(Native Method)\n\tat m.th.f(:com.google.android.gms.dynamite_measurementdynamite@244336029@24.43.36 (190400-0):47)\n\tat m.rr.Y(:com.google.android.gms.dynamite_measurementdynamite@244336029@24.43.36 (190400-0):143)\n\tat m.rr.H(:com.google.android.gms.dynamite_measurementdynamite@244336029@24.43.36 (190400-0):30)\n\tat m.tp.b(:com.google.android.gms.dynamite_measurementdynamite@244336029@24.43.36 (190400-0):123)\n\tat m.tp.a(:com.google.android.gms.dynamite_measurementdynamite@244336029@24.43.36 (190400-0):65)\n\tat m.pr.run(:com.google.android.gms.dynamite_measurementdynamite@244336029@24.43.36 (190400-0):2087)\n\tat java.util.concurrent.Executors$RunnableAdapter.call(Executors.java:487)\n\tat java.util.concurrent.FutureTask.run(FutureTask.java:290)\n\tat m.pn.run(:com.google.android.gms.dynamite_measurementdynamite@244336029@24.43.36 (190400-0):48)\n",
    "is_privacy": false
},
{
    "type": "log",
    "source": "class",
    "method": "getFirebaseInstanceId",
    "package_name": "aesthetic.wallpaper",
    "class_name": "com.google.firebase.analytics.FirebaseAnalytics",
    "timestamp": 1730923959557,
    "ref": "com.google.firebase.analytics.FirebaseAnalytics@b0e1318",
    "arguments": "{}",
    "stack_trace": "java.lang.Exception\n\tat com.google.firebase.analytics.FirebaseAnalytics.getFirebaseInstanceId(Native Method)\n\tat java.lang.reflect.Method.invoke(Native Method)\n\tat m.th.f(:com.google.android.gms.dynamite_measurementdynamite@244336029@24.43.36 (190400-0):49)\n\tat m.rr.Y(:com.google.android.gms.dynamite_measurementdynamite@244336029@24.43.36 (190400-0):143)\n\tat m.rr.H(:com.google.android.gms.dynamite_measurementdynamite@244336029@24.43.36 (190400-0):30)\n\tat m.tp.b(:com.google.android.gms.dynamite_measurementdynamite@244336029@24.43.36 (190400-0):123)\n\tat m.tp.a(:com.google.android.gms.dynamite_measurementdynamite@244336029@24.43.36 (190400-0):65)\n\tat m.pr.run(:com.google.android.gms.dynamite_measurementdynamite@244336029@24.43.36 (190400-0):2087)\n\tat java.util.concurrent.Executors$RunnableAdapter.call(Executors.java:487)\n\tat java.util.concurrent.FutureTask.run(FutureTask.java:290)\n\tat m.pn.run(:com.google.android.gms.dynamite_measurementdynamite@244336029@24.43.36 (190400-0):48)\n",
    "is_privacy": false
},
{
    "type": "log",
    "source": "class",
    "method": "getInstance",
    "package_name": "aesthetic.wallpaper",
    "class_name": "com.google.firebase.analytics.FirebaseAnalytics",
    "timestamp": 1730923959574,
    "ref": "<class: com.google.firebase.analytics.FirebaseAnalytics>",
    "arguments": "{\"0\":\"<instance: android.content.Context, $className: aesthetic.wallpaper.Utils.MyApplication>\"}",
    "stack_trace": "java.lang.Exception\n\tat com.google.firebase.analytics.FirebaseAnalytics.getInstance(Native Method)\n\tat java.lang.reflect.Method.invoke(Native Method)\n\tat m.th.f(:com.google.android.gms.dynamite_measurementdynamite@244336029@24.43.36 (190400-0):47)\n\tat m.th.s(:com.google.android.gms.dynamite_measurementdynamite@244336029@24.43.36 (190400-0):8)\n\tat m.pr.run(:com.google.android.gms.dynamite_measurementdynamite@244336029@24.43.36 (190400-0):2099)\n\tat java.util.concurrent.Executors$RunnableAdapter.call(Executors.java:487)\n\tat java.util.concurrent.FutureTask.run(FutureTask.java:290)\n\tat m.pn.run(:com.google.android.gms.dynamite_measurementdynamite@244336029@24.43.36 (190400-0):48)\n",
    "is_privacy": false
},
{
    "type": "log",
    "source": "class",
    "method": "getFirebaseInstanceId",
    "package_name": "aesthetic.wallpaper",
    "class_name": "com.google.firebase.analytics.FirebaseAnalytics",
    "timestamp": 1730923959576,
    "ref": "com.google.firebase.analytics.FirebaseAnalytics@b0e1318",
    "arguments": "{}",
    "stack_trace": "java.lang.Exception\n\tat com.google.firebase.analytics.FirebaseAnalytics.getFirebaseInstanceId(Native Method)\n\tat java.lang.reflect.Method.invoke(Native Method)\n\tat m.th.f(:com.google.android.gms.dynamite_measurementdynamite@244336029@24.43.36 (190400-0):49)\n\tat m.th.s(:com.google.android.gms.dynamite_measurementdynamite@244336029@24.43.36 (190400-0):8)\n\tat m.pr.run(:com.google.android.gms.dynamite_measurementdynamite@244336029@24.43.36 (190400-0):2099)\n\tat java.util.concurrent.Executors$RunnableAdapter.call(Executors.java:487)\n\tat java.util.concurrent.FutureTask.run(FutureTask.java:290)\n\tat m.pn.run(:com.google.android.gms.dynamite_measurementdynamite@244336029@24.43.36 (190400-0):48)\n",
    "is_privacy": false
},
{
    "type": "log",
    "source": "class",
    "method": "getInstance",
    "package_name": "aesthetic.wallpaper",
    "class_name": "com.google.firebase.analytics.FirebaseAnalytics",
    "timestamp": 1730923959597,
    "ref": "<class: com.google.firebase.analytics.FirebaseAnalytics>",
    "arguments": "{\"0\":\"<instance: android.content.Context, $className: aesthetic.wallpaper.Utils.MyApplication>\"}",
    "stack_trace": "java.lang.Exception\n\tat com.google.firebase.analytics.FirebaseAnalytics.getInstance(Native Method)\n\tat java.lang.reflect.Method.invoke(Native Method)\n\tat m.th.f(:com.google.android.gms.dynamite_measurementdynamite@244336029@24.43.36 (190400-0):47)\n\tat m.th.F(:com.google.android.gms.dynamite_measurementdynamite@244336029@24.43.36 (190400-0):8)\n\tat m.pr.run(:com.google.android.gms.dynamite_measurementdynamite@244336029@24.43.36 (190400-0):2116)\n\tat java.util.concurrent.Executors$RunnableAdapter.call(Executors.java:487)\n\tat java.util.concurrent.FutureTask.run(FutureTask.java:290)\n\tat m.pn.run(:com.google.android.gms.dynamite_measurementdynamite@244336029@24.43.36 (190400-0):48)\n",
    "is_privacy": false
},
{
    "type": "log",
    "source": "class",
    "method": "getFirebaseInstanceId",
    "package_name": "aesthetic.wallpaper",
    "class_name": "com.google.firebase.analytics.FirebaseAnalytics",
    "timestamp": 1730923959599,
    "ref": "com.google.firebase.analytics.FirebaseAnalytics@b0e1318",
    "arguments": "{}",
    "stack_trace": "java.lang.Exception\n\tat com.google.firebase.analytics.FirebaseAnalytics.getFirebaseInstanceId(Native Method)\n\tat java.lang.reflect.Method.invoke(Native Method)\n\tat m.th.f(:com.google.android.gms.dynamite_measurementdynamite@244336029@24.43.36 (190400-0):49)\n\tat m.th.F(:com.google.android.gms.dynamite_measurementdynamite@244336029@24.43.36 (190400-0):8)\n\tat m.pr.run(:com.google.android.gms.dynamite_measurementdynamite@244336029@24.43.36 (190400-0):2116)\n\tat java.util.concurrent.Executors$RunnableAdapter.call(Executors.java:487)\n\tat java.util.concurrent.FutureTask.run(FutureTask.java:290)\n\tat m.pn.run(:com.google.android.gms.dynamite_measurementdynamite@244336029@24.43.36 (190400-0):48)\n",
    "is_privacy": false
},
{
    "type": "log",
    "source": "class",
    "method": "getInstance",
    "package_name": "aesthetic.wallpaper",
    "class_name": "com.google.firebase.analytics.FirebaseAnalytics",
    "timestamp": 1730923959655,
    "ref": "<class: com.google.firebase.analytics.FirebaseAnalytics>",
    "arguments": "{\"0\":\"<instance: android.content.Context, $className: aesthetic.wallpaper.Utils.MyApplication>\"}",
    "stack_trace": "java.lang.Exception\n\tat com.google.firebase.analytics.FirebaseAnalytics.getInstance(Native Method)\n\tat java.lang.reflect.Method.invoke(Native Method)\n\tat m.th.f(:com.google.android.gms.dynamite_measurementdynamite@244336029@24.43.36 (190400-0):47)\n\tat m.rr.Y(:com.google.android.gms.dynamite_measurementdynamite@244336029@24.43.36 (190400-0):143)\n\tat m.rr.H(:com.google.android.gms.dynamite_measurementdynamite@244336029@24.43.36 (190400-0):30)\n\tat m.se.A(:com.google.android.gms.dynamite_measurementdynamite@244336029@24.43.36 (190400-0):183)\n\tat m.rz.run(:com.google.android.gms.dynamite_measurementdynamite@244336029@24.43.36 (190400-0):12)\n\tat java.util.concurrent.Executors$RunnableAdapter.call(Executors.java:487)\n\tat java.util.concurrent.FutureTask.run(FutureTask.java:290)\n\tat m.pn.run(:com.google.android.gms.dynamite_measurementdynamite@244336029@24.43.36 (190400-0):48)\n",
    "is_privacy": false
},
{
    "type": "log",
    "source": "class",
    "method": "getFirebaseInstanceId",
    "package_name": "aesthetic.wallpaper",
    "class_name": "com.google.firebase.analytics.FirebaseAnalytics",
    "timestamp": 1730923959658,
    "ref": "com.google.firebase.analytics.FirebaseAnalytics@b0e1318",
    "arguments": "{}",
    "stack_trace": "java.lang.Exception\n\tat com.google.firebase.analytics.FirebaseAnalytics.getFirebaseInstanceId(Native Method)\n\tat java.lang.reflect.Method.invoke(Native Method)\n\tat m.th.f(:com.google.android.gms.dynamite_measurementdynamite@244336029@24.43.36 (190400-0):49)\n\tat m.rr.Y(:com.google.android.gms.dynamite_measurementdynamite@244336029@24.43.36 (190400-0):143)\n\tat m.rr.H(:com.google.android.gms.dynamite_measurementdynamite@244336029@24.43.36 (190400-0):30)\n\tat m.se.A(:com.google.android.gms.dynamite_measurementdynamite@244336029@24.43.36 (190400-0):183)\n\tat m.rz.run(:com.google.android.gms.dynamite_measurementdynamite@244336029@24.43.36 (190400-0):12)\n\tat java.util.concurrent.Executors$RunnableAdapter.call(Executors.java:487)\n\tat java.util.concurrent.FutureTask.run(FutureTask.java:290)\n\tat m.pn.run(:com.google.android.gms.dynamite_measurementdynamite@244336029@24.43.36 (190400-0):48)\n",
    "is_privacy": false
},
{
    "type": "log",
    "source": "class",
    "method": "getInstance",
    "package_name": "aesthetic.wallpaper",
    "class_name": "com.google.firebase.analytics.FirebaseAnalytics",
    "timestamp": 1730923965431,
    "ref": "<class: com.google.firebase.analytics.FirebaseAnalytics>",
    "arguments": "{\"0\":\"<instance: android.content.Context, $className: aesthetic.wallpaper.Utils.MyApplication>\"}",
    "stack_trace": "java.lang.Exception\n\tat com.google.firebase.analytics.FirebaseAnalytics.getInstance(Native Method)\n\tat java.lang.reflect.Method.invoke(Native Method)\n\tat m.th.f(:com.google.android.gms.dynamite_measurementdynamite@244336029@24.43.36 (190400-0):47)\n\tat m.rr.Y(:com.google.android.gms.dynamite_measurementdynamite@244336029@24.43.36 (190400-0):143)\n\tat m.rr.H(:com.google.android.gms.dynamite_measurementdynamite@244336029@24.43.36 (190400-0):30)\n\tat m.rr.G(:com.google.android.gms.dynamite_measurementdynamite@244336029@24.43.36 (190400-0):15)\n\tat m.to.c(:com.google.android.gms.dynamite_measurementdynamite@244336029@24.43.36 (190400-0):138)\n\tat m.tq.q(:com.google.android.gms.dynamite_measurementdynamite@244336029@24.43.36 (190400-0):3)\n\tat m.se.C(:com.google.android.gms.dynamite_measurementdynamite@244336029@24.43.36 (190400-0):26)\n\tat m.sc.run(:com.google.android.gms.dynamite_measurementdynamite@244336029@24.43.36 (190400-0):8)\n\tat java.util.concurrent.Executors$RunnableAdapter.call(Executors.java:487)\n\tat java.util.concurrent.FutureTask.run(FutureTask.java:290)\n\tat m.pn.run(:com.google.android.gms.dynamite_measurementdynamite@244336029@24.43.36 (190400-0):48)\n",
    "is_privacy": false
},
{
    "type": "log",
    "source": "class",
    "method": "getFirebaseInstanceId",
    "package_name": "aesthetic.wallpaper",
    "class_name": "com.google.firebase.analytics.FirebaseAnalytics",
    "timestamp": 1730923965471,
    "ref": "com.google.firebase.analytics.FirebaseAnalytics@b0e1318",
    "arguments": "{}",
    "stack_trace": "java.lang.Exception\n\tat com.google.firebase.analytics.FirebaseAnalytics.getFirebaseInstanceId(Native Method)\n\tat java.lang.reflect.Method.invoke(Native Method)\n\tat m.th.f(:com.google.android.gms.dynamite_measurementdynamite@244336029@24.43.36 (190400-0):49)\n\tat m.rr.Y(:com.google.android.gms.dynamite_measurementdynamite@244336029@24.43.36 (190400-0):143)\n\tat m.rr.H(:com.google.android.gms.dynamite_measurementdynamite@244336029@24.43.36 (190400-0):30)\n\tat m.rr.G(:com.google.android.gms.dynamite_measurementdynamite@244336029@24.43.36 (190400-0):15)\n\tat m.to.c(:com.google.android.gms.dynamite_measurementdynamite@244336029@24.43.36 (190400-0):138)\n\tat m.tq.q(:com.google.android.gms.dynamite_measurementdynamite@244336029@24.43.36 (190400-0):3)\n\tat m.se.C(:com.google.android.gms.dynamite_measurementdynamite@244336029@24.43.36 (190400-0):26)\n\tat m.sc.run(:com.google.android.gms.dynamite_measurementdynamite@244336029@24.43.36 (190400-0):8)\n\tat java.util.concurrent.Executors$RunnableAdapter.call(Executors.java:487)\n\tat java.util.concurrent.FutureTask.run(FutureTask.java:290)\n\tat m.pn.run(:com.google.android.gms.dynamite_measurementdynamite@244336029@24.43.36 (190400-0):48)\n",
    "is_privacy": false
},
{
    "type": "log",
    "source": "class",
    "method": "getInstance",
    "package_name": "aesthetic.wallpaper",
    "class_name": "com.google.firebase.analytics.FirebaseAnalytics",
    "timestamp": 1730923966088,
    "ref": "<class: com.google.firebase.analytics.FirebaseAnalytics>",
    "arguments": "{\"0\":\"<instance: android.content.Context, $className: aesthetic.wallpaper.Utils.MyApplication>\"}",
    "stack_trace": "java.lang.Exception\n\tat com.google.firebase.analytics.FirebaseAnalytics.getInstance(Native Method)\n\tat java.lang.reflect.Method.invoke(Native Method)\n\tat m.th.f(:com.google.android.gms.dynamite_measurementdynamite@244336029@24.43.36 (190400-0):47)\n\tat m.rr.Y(:com.google.android.gms.dynamite_measurementdynamite@244336029@24.43.36 (190400-0):143)\n\tat m.rr.H(:com.google.android.gms.dynamite_measurementdynamite@244336029@24.43.36 (190400-0):30)\n\tat m.se.A(:com.google.android.gms.dynamite_measurementdynamite@244336029@24.43.36 (190400-0):183)\n\tat m.rz.run(:com.google.android.gms.dynamite_measurementdynamite@244336029@24.43.36 (190400-0):12)\n\tat java.util.concurrent.Executors$RunnableAdapter.call(Executors.java:487)\n\tat java.util.concurrent.FutureTask.run(FutureTask.java:290)\n\tat m.pn.run(:com.google.android.gms.dynamite_measurementdynamite@244336029@24.43.36 (190400-0):48)\n",
    "is_privacy": false
},
{
    "type": "log",
    "source": "class",
    "method": "getFirebaseInstanceId",
    "package_name": "aesthetic.wallpaper",
    "class_name": "com.google.firebase.analytics.FirebaseAnalytics",
    "timestamp": 1730923966091,
    "ref": "com.google.firebase.analytics.FirebaseAnalytics@b0e1318",
    "arguments": "{}",
    "stack_trace": "java.lang.Exception\n\tat com.google.firebase.analytics.FirebaseAnalytics.getFirebaseInstanceId(Native Method)\n\tat java.lang.reflect.Method.invoke(Native Method)\n\tat m.th.f(:com.google.android.gms.dynamite_measurementdynamite@244336029@24.43.36 (190400-0):49)\n\tat m.rr.Y(:com.google.android.gms.dynamite_measurementdynamite@244336029@24.43.36 (190400-0):143)\n\tat m.rr.H(:com.google.android.gms.dynamite_measurementdynamite@244336029@24.43.36 (190400-0):30)\n\tat m.se.A(:com.google.android.gms.dynamite_measurementdynamite@244336029@24.43.36 (190400-0):183)\n\tat m.rz.run(:com.google.android.gms.dynamite_measurementdynamite@244336029@24.43.36 (190400-0):12)\n\tat java.util.concurrent.Executors$RunnableAdapter.call(Executors.java:487)\n\tat java.util.concurrent.FutureTask.run(FutureTask.java:290)\n\tat m.pn.run(:com.google.android.gms.dynamite_measurementdynamite@244336029@24.43.36 (190400-0):48)\n",
    "is_privacy": false
},
{
    "type": "log",
    "source": "class",
    "method": "getInstance",
    "package_name": "aesthetic.wallpaper",
    "class_name": "com.google.firebase.analytics.FirebaseAnalytics",
    "timestamp": 1730923968595,
    "ref": "<class: com.google.firebase.analytics.FirebaseAnalytics>",
    "arguments": "{\"0\":\"<instance: android.content.Context, $className: aesthetic.wallpaper.Utils.MyApplication>\"}",
    "stack_trace": "java.lang.Exception\n\tat com.google.firebase.analytics.FirebaseAnalytics.getInstance(Native Method)\n\tat java.lang.reflect.Method.invoke(Native Method)\n\tat m.th.f(:com.google.android.gms.dynamite_measurementdynamite@244336029@24.43.36 (190400-0):47)\n\tat m.rr.Y(:com.google.android.gms.dynamite_measurementdynamite@244336029@24.43.36 (190400-0):143)\n\tat m.rr.H(:com.google.android.gms.dynamite_measurementdynamite@244336029@24.43.36 (190400-0):30)\n\tat m.rr.G(:com.google.android.gms.dynamite_measurementdynamite@244336029@24.43.36 (190400-0):15)\n\tat m.to.c(:com.google.android.gms.dynamite_measurementdynamite@244336029@24.43.36 (190400-0):138)\n\tat m.tq.q(:com.google.android.gms.dynamite_measurementdynamite@244336029@24.43.36 (190400-0):3)\n\tat m.se.C(:com.google.android.gms.dynamite_measurementdynamite@244336029@24.43.36 (190400-0):26)\n\tat m.sc.run(:com.google.android.gms.dynamite_measurementdynamite@244336029@24.43.36 (190400-0):8)\n\tat java.util.concurrent.Executors$RunnableAdapter.call(Executors.java:487)\n\tat java.util.concurrent.FutureTask.run(FutureTask.java:290)\n\tat m.pn.run(:com.google.android.gms.dynamite_measurementdynamite@244336029@24.43.36 (190400-0):48)\n",
    "is_privacy": false
},
{
    "type": "log",
    "source": "class",
    "method": "getFirebaseInstanceId",
    "package_name": "aesthetic.wallpaper",
    "class_name": "com.google.firebase.analytics.FirebaseAnalytics",
    "timestamp": 1730923968597,
    "ref": "com.google.firebase.analytics.FirebaseAnalytics@b0e1318",
    "arguments": "{}",
    "stack_trace": "java.lang.Exception\n\tat com.google.firebase.analytics.FirebaseAnalytics.getFirebaseInstanceId(Native Method)\n\tat java.lang.reflect.Method.invoke(Native Method)\n\tat m.th.f(:com.google.android.gms.dynamite_measurementdynamite@244336029@24.43.36 (190400-0):49)\n\tat m.rr.Y(:com.google.android.gms.dynamite_measurementdynamite@244336029@24.43.36 (190400-0):143)\n\tat m.rr.H(:com.google.android.gms.dynamite_measurementdynamite@244336029@24.43.36 (190400-0):30)\n\tat m.rr.G(:com.google.android.gms.dynamite_measurementdynamite@244336029@24.43.36 (190400-0):15)\n\tat m.to.c(:com.google.android.gms.dynamite_measurementdynamite@244336029@24.43.36 (190400-0):138)\n\tat m.tq.q(:com.google.android.gms.dynamite_measurementdynamite@244336029@24.43.36 (190400-0):3)\n\tat m.se.C(:com.google.android.gms.dynamite_measurementdynamite@244336029@24.43.36 (190400-0):26)\n\tat m.sc.run(:com.google.android.gms.dynamite_measurementdynamite@244336029@24.43.36 (190400-0):8)\n\tat java.util.concurrent.Executors$RunnableAdapter.call(Executors.java:487)\n\tat java.util.concurrent.FutureTask.run(FutureTask.java:290)\n\tat m.pn.run(:com.google.android.gms.dynamite_measurementdynamite@244336029@24.43.36 (190400-0):48)\n",
    "is_privacy": false
},
{
    "type": "log",
    "source": "class",
    "method": "getInstance",
    "package_name": "aesthetic.wallpaper",
    "class_name": "com.google.firebase.analytics.FirebaseAnalytics",
    "timestamp": 1730923968796,
    "ref": "<class: com.google.firebase.analytics.FirebaseAnalytics>",
    "arguments": "{\"0\":\"<instance: android.content.Context, $className: aesthetic.wallpaper.Utils.MyApplication>\"}",
    "stack_trace": "java.lang.Exception\n\tat com.google.firebase.analytics.FirebaseAnalytics.getInstance(Native Method)\n\tat java.lang.reflect.Method.invoke(Native Method)\n\tat m.th.f(:com.google.android.gms.dynamite_measurementdynamite@244336029@24.43.36 (190400-0):47)\n\tat m.rr.Y(:com.google.android.gms.dynamite_measurementdynamite@244336029@24.43.36 (190400-0):143)\n\tat m.rr.H(:com.google.android.gms.dynamite_measurementdynamite@244336029@24.43.36 (190400-0):30)\n\tat m.se.A(:com.google.android.gms.dynamite_measurementdynamite@244336029@24.43.36 (190400-0):183)\n\tat m.rz.run(:com.google.android.gms.dynamite_measurementdynamite@244336029@24.43.36 (190400-0):12)\n\tat java.util.concurrent.Executors$RunnableAdapter.call(Executors.java:487)\n\tat java.util.concurrent.FutureTask.run(FutureTask.java:290)\n\tat m.pn.run(:com.google.android.gms.dynamite_measurementdynamite@244336029@24.43.36 (190400-0):48)\n",
    "is_privacy": false
},
{
    "type": "log",
    "source": "class",
    "method": "getFirebaseInstanceId",
    "package_name": "aesthetic.wallpaper",
    "class_name": "com.google.firebase.analytics.FirebaseAnalytics",
    "timestamp": 1730923968807,
    "ref": "com.google.firebase.analytics.FirebaseAnalytics@b0e1318",
    "arguments": "{}",
    "stack_trace": "java.lang.Exception\n\tat com.google.firebase.analytics.FirebaseAnalytics.getFirebaseInstanceId(Native Method)\n\tat java.lang.reflect.Method.invoke(Native Method)\n\tat m.th.f(:com.google.android.gms.dynamite_measurementdynamite@244336029@24.43.36 (190400-0):49)\n\tat m.rr.Y(:com.google.android.gms.dynamite_measurementdynamite@244336029@24.43.36 (190400-0):143)\n\tat m.rr.H(:com.google.android.gms.dynamite_measurementdynamite@244336029@24.43.36 (190400-0):30)\n\tat m.se.A(:com.google.android.gms.dynamite_measurementdynamite@244336029@24.43.36 (190400-0):183)\n\tat m.rz.run(:com.google.android.gms.dynamite_measurementdynamite@244336029@24.43.36 (190400-0):12)\n\tat java.util.concurrent.Executors$RunnableAdapter.call(Executors.java:487)\n\tat java.util.concurrent.FutureTask.run(FutureTask.java:290)\n\tat m.pn.run(:com.google.android.gms.dynamite_measurementdynamite@244336029@24.43.36 (190400-0):48)\n",
    "is_privacy": false
},
{
    "type": "log",
    "source": "class",
    "method": "build",
    "package_name": "aesthetic.wallpaper",
    "class_name": "com.google.android.gms.ads.AdRequest$Builder",
    "timestamp": 1730923969883,
    "ref": "com.google.android.gms.ads.AdRequest$Builder@765cc67",
    "arguments": "{}",
    "stack_trace": "java.lang.Exception\n\tat com.google.android.gms.ads.AdRequest$Builder.build(Native Method)\n\tat aesthetic.wallpaper.Activity.MainActivity.google_Banner(MainActivity.java:1057)\n\tat aesthetic.wallpaper.Activity.MainActivity.get_Ads(MainActivity.java:1037)\n\tat aesthetic.wallpaper.Activity.MainActivity.access$900(MainActivity.java:102)\n\tat aesthetic.wallpaper.Activity.MainActivity$17.onResponse(MainActivity.java:1011)\n\tat aesthetic.wallpaper.Activity.MainActivity$17.onResponse(MainActivity.java:986)\n\tat com.android.volley.toolbox.StringRequest.deliverResponse(StringRequest.java:82)\n\tat com.android.volley.toolbox.StringRequest.deliverResponse(StringRequest.java:29)\n\tat com.android.volley.ExecutorDelivery$ResponseDeliveryRunnable.run(ExecutorDelivery.java:102)\n\tat android.os.Handler.handleCallback(Handler.java:958)\n\tat android.os.Handler.dispatchMessage(Handler.java:99)\n\tat android.os.Looper.loopOnce(Looper.java:255)\n\tat android.os.Looper.loop(Looper.java:364)\n\tat android.app.ActivityThread.main(ActivityThread.java:8979)\n\tat java.lang.reflect.Method.invoke(Native Method)\n\tat com.android.internal.os.RuntimeInit$MethodAndArgsCaller.run(RuntimeInit.java:572)\n\tat com.android.internal.os.ZygoteInit.main(ZygoteInit.java:1053)\n",
    "is_privacy": false
},
{
    "type": "log",
    "source": "class",
    "method": "build",
    "package_name": "aesthetic.wallpaper",
    "class_name": "com.google.android.gms.ads.RequestConfiguration$Builder",
    "timestamp": 1730923970019,
    "ref": "com.google.android.gms.ads.RequestConfiguration$Builder@2016186",
    "arguments": "{}",
    "stack_trace": "java.lang.Exception\n\tat com.google.android.gms.ads.RequestConfiguration$Builder.build(Native Method)\n\tat com.google.android.gms.ads.internal.client.zzej.<init>(com.google.android.gms:play-services-ads-lite@@22.0.0:2)\n\tat com.google.android.gms.ads.internal.client.zzej.zzf(com.google.android.gms:play-services-ads-lite@@22.0.0:1)\n\tat com.google.android.gms.ads.internal.client.zzdx.zzs(com.google.android.gms:play-services-ads-lite@@22.0.0:1)\n\tat com.google.android.gms.ads.internal.client.zzp.zza(com.google.android.gms:play-services-ads-lite@@22.0.0:8)\n\tat com.google.android.gms.ads.internal.client.zzea.zzm(com.google.android.gms:play-services-ads-lite@@22.0.0:26)\n\tat com.google.android.gms.ads.BaseAdView.loadAd(com.google.android.gms:play-services-ads-lite@@22.0.0:5)\n\tat aesthetic.wallpaper.Activity.MainActivity.google_Banner(MainActivity.java:1058)\n\tat aesthetic.wallpaper.Activity.MainActivity.get_Ads(MainActivity.java:1037)\n\tat aesthetic.wallpaper.Activity.MainActivity.access$900(MainActivity.java:102)\n\tat aesthetic.wallpaper.Activity.MainActivity$17.onResponse(MainActivity.java:1011)\n\tat aesthetic.wallpaper.Activity.MainActivity$17.onResponse(MainActivity.java:986)\n\tat com.android.volley.toolbox.StringRequest.deliverResponse(StringRequest.java:82)\n\tat com.android.volley.toolbox.StringRequest.deliverResponse(StringRequest.java:29)\n\tat com.android.volley.ExecutorDelivery$ResponseDeliveryRunnable.run(ExecutorDelivery.java:102)\n\tat android.os.Handler.handleCallback(Handler.java:958)\n\tat android.os.Handler.dispatchMessage(Handler.java:99)\n\tat android.os.Looper.loopOnce(Looper.java:255)\n\tat android.os.Looper.loop(Looper.java:364)\n\tat android.app.ActivityThread.main(ActivityThread.java:8979)\n\tat java.lang.reflect.Method.invoke(Native Method)\n\tat com.android.internal.os.RuntimeInit$MethodAndArgsCaller.run(RuntimeInit.java:572)\n\tat com.android.internal.os.ZygoteInit.main(ZygoteInit.java:1053)\n",
    "is_privacy": false
},
{
    "type": "log",
    "source": "class",
    "method": "getTestDeviceIds",
    "package_name": "aesthetic.wallpaper",
    "class_name": "com.google.android.gms.ads.RequestConfiguration",
    "timestamp": 1730923970022,
    "ref": "com.google.android.gms.ads.RequestConfiguration@de3b274",
    "arguments": "{}",
    "stack_trace": "java.lang.Exception\n\tat com.google.android.gms.ads.RequestConfiguration.getTestDeviceIds(Native Method)\n\tat com.google.android.gms.ads.internal.client.zzdx.zzs(com.google.android.gms:play-services-ads-lite@@22.0.0:4)\n\tat com.google.android.gms.ads.internal.client.zzp.zza(com.google.android.gms:play-services-ads-lite@@22.0.0:8)\n\tat com.google.android.gms.ads.internal.client.zzea.zzm(com.google.android.gms:play-services-ads-lite@@22.0.0:26)\n\tat com.google.android.gms.ads.BaseAdView.loadAd(com.google.android.gms:play-services-ads-lite@@22.0.0:5)\n\tat aesthetic.wallpaper.Activity.MainActivity.google_Banner(MainActivity.java:1058)\n\tat aesthetic.wallpaper.Activity.MainActivity.get_Ads(MainActivity.java:1037)\n\tat aesthetic.wallpaper.Activity.MainActivity.access$900(MainActivity.java:102)\n\tat aesthetic.wallpaper.Activity.MainActivity$17.onResponse(MainActivity.java:1011)\n\tat aesthetic.wallpaper.Activity.MainActivity$17.onResponse(MainActivity.java:986)\n\tat com.android.volley.toolbox.StringRequest.deliverResponse(StringRequest.java:82)\n\tat com.android.volley.toolbox.StringRequest.deliverResponse(StringRequest.java:29)\n\tat com.android.volley.ExecutorDelivery$ResponseDeliveryRunnable.run(ExecutorDelivery.java:102)\n\tat android.os.Handler.handleCallback(Handler.java:958)\n\tat android.os.Handler.dispatchMessage(Handler.java:99)\n\tat android.os.Looper.loopOnce(Looper.java:255)\n\tat android.os.Looper.loop(Looper.java:364)\n\tat android.app.ActivityThread.main(ActivityThread.java:8979)\n\tat java.lang.reflect.Method.invoke(Native Method)\n\tat com.android.internal.os.RuntimeInit$MethodAndArgsCaller.run(RuntimeInit.java:572)\n\tat com.android.internal.os.ZygoteInit.main(ZygoteInit.java:1053)\n",
    "is_privacy": false
},
{
    "type": "log",
    "source": "class",
    "method": "getTagForChildDirectedTreatment",
    "package_name": "aesthetic.wallpaper",
    "class_name": "com.google.android.gms.ads.RequestConfiguration",
    "timestamp": 1730923970024,
    "ref": "com.google.android.gms.ads.RequestConfiguration@de3b274",
    "arguments": "{}",
    "stack_trace": "java.lang.Exception\n\tat com.google.android.gms.ads.RequestConfiguration.getTagForChildDirectedTreatment(Native Method)\n\tat com.google.android.gms.ads.internal.client.zzp.zza(com.google.android.gms:play-services-ads-lite@@22.0.0:20)\n\tat com.google.android.gms.ads.internal.client.zzea.zzm(com.google.android.gms:play-services-ads-lite@@22.0.0:26)\n\tat com.google.android.gms.ads.BaseAdView.loadAd(com.google.android.gms:play-services-ads-lite@@22.0.0:5)\n\tat aesthetic.wallpaper.Activity.MainActivity.google_Banner(MainActivity.java:1058)\n\tat aesthetic.wallpaper.Activity.MainActivity.get_Ads(MainActivity.java:1037)\n\tat aesthetic.wallpaper.Activity.MainActivity.access$900(MainActivity.java:102)\n\tat aesthetic.wallpaper.Activity.MainActivity$17.onResponse(MainActivity.java:1011)\n\tat aesthetic.wallpaper.Activity.MainActivity$17.onResponse(MainActivity.java:986)\n\tat com.android.volley.toolbox.StringRequest.deliverResponse(StringRequest.java:82)\n\tat com.android.volley.toolbox.StringRequest.deliverResponse(StringRequest.java:29)\n\tat com.android.volley.ExecutorDelivery$ResponseDeliveryRunnable.run(ExecutorDelivery.java:102)\n\tat android.os.Handler.handleCallback(Handler.java:958)\n\tat android.os.Handler.dispatchMessage(Handler.java:99)\n\tat android.os.Looper.loopOnce(Looper.java:255)\n\tat android.os.Looper.loop(Looper.java:364)\n\tat android.app.ActivityThread.main(ActivityThread.java:8979)\n\tat java.lang.reflect.Method.invoke(Native Method)\n\tat com.android.internal.os.RuntimeInit$MethodAndArgsCaller.run(RuntimeInit.java:572)\n\tat com.android.internal.os.ZygoteInit.main(ZygoteInit.java:1053)\n",
    "is_privacy": false
},
{
    "type": "log",
    "source": "class",
    "method": "getTagForUnderAgeOfConsent",
    "package_name": "aesthetic.wallpaper",
    "class_name": "com.google.android.gms.ads.RequestConfiguration",
    "timestamp": 1730923970026,
    "ref": "com.google.android.gms.ads.RequestConfiguration@de3b274",
    "arguments": "{}",
    "stack_trace": "java.lang.Exception\n\tat com.google.android.gms.ads.RequestConfiguration.getTagForUnderAgeOfConsent(Native Method)\n\tat com.google.android.gms.ads.internal.client.zzp.zza(com.google.android.gms:play-services-ads-lite@@22.0.0:22)\n\tat com.google.android.gms.ads.internal.client.zzea.zzm(com.google.android.gms:play-services-ads-lite@@22.0.0:26)\n\tat com.google.android.gms.ads.BaseAdView.loadAd(com.google.android.gms:play-services-ads-lite@@22.0.0:5)\n\tat aesthetic.wallpaper.Activity.MainActivity.google_Banner(MainActivity.java:1058)\n\tat aesthetic.wallpaper.Activity.MainActivity.get_Ads(MainActivity.java:1037)\n\tat aesthetic.wallpaper.Activity.MainActivity.access$900(MainActivity.java:102)\n\tat aesthetic.wallpaper.Activity.MainActivity$17.onResponse(MainActivity.java:1011)\n\tat aesthetic.wallpaper.Activity.MainActivity$17.onResponse(MainActivity.java:986)\n\tat com.android.volley.toolbox.StringRequest.deliverResponse(StringRequest.java:82)\n\tat com.android.volley.toolbox.StringRequest.deliverResponse(StringRequest.java:29)\n\tat com.android.volley.ExecutorDelivery$ResponseDeliveryRunnable.run(ExecutorDelivery.java:102)\n\tat android.os.Handler.handleCallback(Handler.java:958)\n\tat android.os.Handler.dispatchMessage(Handler.java:99)\n\tat android.os.Looper.loopOnce(Looper.java:255)\n\tat android.os.Looper.loop(Looper.java:364)\n\tat android.app.ActivityThread.main(ActivityThread.java:8979)\n\tat java.lang.reflect.Method.invoke(Native Method)\n\tat com.android.internal.os.RuntimeInit$MethodAndArgsCaller.run(RuntimeInit.java:572)\n\tat com.android.internal.os.ZygoteInit.main(ZygoteInit.java:1053)\n",
    "is_privacy": false
},
{
    "type": "log",
    "source": "class",
    "method": "getMaxAdContentRating",
    "package_name": "aesthetic.wallpaper",
    "class_name": "com.google.android.gms.ads.RequestConfiguration",
    "timestamp": 1730923970027,
    "ref": "com.google.android.gms.ads.RequestConfiguration@de3b274",
    "arguments": "{}",
    "stack_trace": "java.lang.Exception\n\tat com.google.android.gms.ads.RequestConfiguration.getMaxAdContentRating(Native Method)\n\tat com.google.android.gms.ads.internal.client.zzp.zza(com.google.android.gms:play-services-ads-lite@@22.0.0:24)\n\tat com.google.android.gms.ads.internal.client.zzea.zzm(com.google.android.gms:play-services-ads-lite@@22.0.0:26)\n\tat com.google.android.gms.ads.BaseAdView.loadAd(com.google.android.gms:play-services-ads-lite@@22.0.0:5)\n\tat aesthetic.wallpaper.Activity.MainActivity.google_Banner(MainActivity.java:1058)\n\tat aesthetic.wallpaper.Activity.MainActivity.get_Ads(MainActivity.java:1037)\n\tat aesthetic.wallpaper.Activity.MainActivity.access$900(MainActivity.java:102)\n\tat aesthetic.wallpaper.Activity.MainActivity$17.onResponse(MainActivity.java:1011)\n\tat aesthetic.wallpaper.Activity.MainActivity$17.onResponse(MainActivity.java:986)\n\tat com.android.volley.toolbox.StringRequest.deliverResponse(StringRequest.java:82)\n\tat com.android.volley.toolbox.StringRequest.deliverResponse(StringRequest.java:29)\n\tat com.android.volley.ExecutorDelivery$ResponseDeliveryRunnable.run(ExecutorDelivery.java:102)\n\tat android.os.Handler.handleCallback(Handler.java:958)\n\tat android.os.Handler.dispatchMessage(Handler.java:99)\n\tat android.os.Looper.loopOnce(Looper.java:255)\n\tat android.os.Looper.loop(Looper.java:364)\n\tat android.app.ActivityThread.main(ActivityThread.java:8979)\n\tat java.lang.reflect.Method.invoke(Native Method)\n\tat com.android.internal.os.RuntimeInit$MethodAndArgsCaller.run(RuntimeInit.java:572)\n\tat com.android.internal.os.ZygoteInit.main(ZygoteInit.java:1053)\n",
    "is_privacy": false
},
{
    "type": "log",
    "source": "class",
    "method": "getScionFrontendApiImplementation",
    "package_name": "aesthetic.wallpaper",
    "class_name": "com.google.firebase.analytics.FirebaseAnalytics",
    "timestamp": 1730923970201,
    "ref": "<class: com.google.firebase.analytics.FirebaseAnalytics>",
    "arguments": "{\"0\":\"<instance: android.content.Context, $className: aesthetic.wallpaper.Utils.MyApplication>\",\"1\":null}",
    "stack_trace": "java.lang.Exception\n\tat com.google.firebase.analytics.FirebaseAnalytics.getScionFrontendApiImplementation(Native Method)\n\tat java.lang.reflect.Method.invoke(Native Method)\n\tat com.google.android.gms.measurement.AppMeasurement.getInstance(com.google.android.gms:play-services-measurement-impl@@21.0.0:3)\n\tat java.lang.reflect.Method.invoke(Native Method)\n\tat com.google.android.gms.ads.internal.scionintegration.l.l(:com.google.android.gms.policy_ads_fdr_dynamite@243799214@243799204017.685849251.685849251:34)\n\tat com.google.android.gms.ads.internal.scionintegration.l.a(:com.google.android.gms.policy_ads_fdr_dynamite@243799214@243799204017.685849251.685849251:6)\n\tat com.google.android.gms.ads.internal.scionintegration.l.d(:com.google.android.gms.policy_ads_fdr_dynamite@243799214@243799204017.685849251.685849251:20)\n\tat com.google.android.gms.ads.nonagon.signals.go.call(:com.google.android.gms.policy_ads_fdr_dynamite@243799214@243799204017.685849251.685849251:29)\n\tat m.ckk.a(:com.google.android.gms.policy_ads_fdr_dynamite@243799214@243799204017.685849251.685849251:3)\n\tat m.cjr.run(:com.google.android.gms.policy_ads_fdr_dynamite@243799214@243799204017.685849251.685849251:19)\n\tat m.ckl.run(:com.google.android.gms.policy_ads_fdr_dynamite@243799214@243799204017.685849251.685849251:5)\n\tat java.util.concurrent.ThreadPoolExecutor.runWorker(ThreadPoolExecutor.java:1145)\n\tat java.util.concurrent.ThreadPoolExecutor$Worker.run(ThreadPoolExecutor.java:644)\n\tat java.lang.Thread.run(Thread.java:1012)\n",
    "is_privacy": false
},
{
    "type": "log",
    "source": "class",
    "method": "getInstance",
    "package_name": "aesthetic.wallpaper",
    "class_name": "com.google.firebase.analytics.FirebaseAnalytics",
    "timestamp": 1730923973111,
    "ref": "<class: com.google.firebase.analytics.FirebaseAnalytics>",
    "arguments": "{\"0\":\"<instance: android.content.Context, $className: aesthetic.wallpaper.Utils.MyApplication>\"}",
    "stack_trace": "java.lang.Exception\n\tat com.google.firebase.analytics.FirebaseAnalytics.getInstance(Native Method)\n\tat java.lang.reflect.Method.invoke(Native Method)\n\tat m.th.f(:com.google.android.gms.dynamite_measurementdynamite@244336029@24.43.36 (190400-0):47)\n\tat m.rr.Y(:com.google.android.gms.dynamite_measurementdynamite@244336029@24.43.36 (190400-0):143)\n\tat m.qw.run(:com.google.android.gms.dynamite_measurementdynamite@244336029@24.43.36 (190400-0):17)\n\tat java.util.concurrent.Executors$RunnableAdapter.call(Executors.java:487)\n\tat java.util.concurrent.FutureTask.run(FutureTask.java:290)\n\tat m.pn.run(:com.google.android.gms.dynamite_measurementdynamite@244336029@24.43.36 (190400-0):48)\n",
    "is_privacy": false
},
{
    "type": "log",
    "source": "class",
    "method": "getFirebaseInstanceId",
    "package_name": "aesthetic.wallpaper",
    "class_name": "com.google.firebase.analytics.FirebaseAnalytics",
    "timestamp": 1730923973113,
    "ref": "com.google.firebase.analytics.FirebaseAnalytics@b0e1318",
    "arguments": "{}",
    "stack_trace": "java.lang.Exception\n\tat com.google.firebase.analytics.FirebaseAnalytics.getFirebaseInstanceId(Native Method)\n\tat java.lang.reflect.Method.invoke(Native Method)\n\tat m.th.f(:com.google.android.gms.dynamite_measurementdynamite@244336029@24.43.36 (190400-0):49)\n\tat m.rr.Y(:com.google.android.gms.dynamite_measurementdynamite@244336029@24.43.36 (190400-0):143)\n\tat m.qw.run(:com.google.android.gms.dynamite_measurementdynamite@244336029@24.43.36 (190400-0):17)\n\tat java.util.concurrent.Executors$RunnableAdapter.call(Executors.java:487)\n\tat java.util.concurrent.FutureTask.run(FutureTask.java:290)\n\tat m.pn.run(:com.google.android.gms.dynamite_measurementdynamite@244336029@24.43.36 (190400-0):48)\n",
    "is_privacy": false
},
{
    "type": "log",
    "source": "class",
    "method": "getInstance",
    "package_name": "aesthetic.wallpaper",
    "class_name": "com.google.firebase.analytics.FirebaseAnalytics",
    "timestamp": 1730923977650,
    "ref": "<class: com.google.firebase.analytics.FirebaseAnalytics>",
    "arguments": "{\"0\":\"<instance: android.content.Context, $className: aesthetic.wallpaper.Utils.MyApplication>\"}",
    "stack_trace": "java.lang.Exception\n\tat com.google.firebase.analytics.FirebaseAnalytics.getInstance(Native Method)\n\tat java.lang.reflect.Method.invoke(Native Method)\n\tat m.th.f(:com.google.android.gms.dynamite_measurementdynamite@244336029@24.43.36 (190400-0):47)\n\tat m.rr.Y(:com.google.android.gms.dynamite_measurementdynamite@244336029@24.43.36 (190400-0):143)\n\tat m.rr.H(:com.google.android.gms.dynamite_measurementdynamite@244336029@24.43.36 (190400-0):30)\n\tat m.rr.G(:com.google.android.gms.dynamite_measurementdynamite@244336029@24.43.36 (190400-0):15)\n\tat m.to.c(:com.google.android.gms.dynamite_measurementdynamite@244336029@24.43.36 (190400-0):138)\n\tat m.tq.q(:com.google.android.gms.dynamite_measurementdynamite@244336029@24.43.36 (190400-0):3)\n\tat m.se.C(:com.google.android.gms.dynamite_measurementdynamite@244336029@24.43.36 (190400-0):26)\n\tat m.sc.run(:com.google.android.gms.dynamite_measurementdynamite@244336029@24.43.36 (190400-0):8)\n\tat java.util.concurrent.Executors$RunnableAdapter.call(Executors.java:487)\n\tat java.util.concurrent.FutureTask.run(FutureTask.java:290)\n\tat m.pn.run(:com.google.android.gms.dynamite_measurementdynamite@244336029@24.43.36 (190400-0):48)\n",
    "is_privacy": false
},
{
    "type": "log",
    "source": "class",
    "method": "getFirebaseInstanceId",
    "package_name": "aesthetic.wallpaper",
    "class_name": "com.google.firebase.analytics.FirebaseAnalytics",
    "timestamp": 1730923977669,
    "ref": "com.google.firebase.analytics.FirebaseAnalytics@b0e1318",
    "arguments": "{}",
    "stack_trace": "java.lang.Exception\n\tat com.google.firebase.analytics.FirebaseAnalytics.getFirebaseInstanceId(Native Method)\n\tat java.lang.reflect.Method.invoke(Native Method)\n\tat m.th.f(:com.google.android.gms.dynamite_measurementdynamite@244336029@24.43.36 (190400-0):49)\n\tat m.rr.Y(:com.google.android.gms.dynamite_measurementdynamite@244336029@24.43.36 (190400-0):143)\n\tat m.rr.H(:com.google.android.gms.dynamite_measurementdynamite@244336029@24.43.36 (190400-0):30)\n\tat m.rr.G(:com.google.android.gms.dynamite_measurementdynamite@244336029@24.43.36 (190400-0):15)\n\tat m.to.c(:com.google.android.gms.dynamite_measurementdynamite@244336029@24.43.36 (190400-0):138)\n\tat m.tq.q(:com.google.android.gms.dynamite_measurementdynamite@244336029@24.43.36 (190400-0):3)\n\tat m.se.C(:com.google.android.gms.dynamite_measurementdynamite@244336029@24.43.36 (190400-0):26)\n\tat m.sc.run(:com.google.android.gms.dynamite_measurementdynamite@244336029@24.43.36 (190400-0):8)\n\tat java.util.concurrent.Executors$RunnableAdapter.call(Executors.java:487)\n\tat java.util.concurrent.FutureTask.run(FutureTask.java:290)\n\tat m.pn.run(:com.google.android.gms.dynamite_measurementdynamite@244336029@24.43.36 (190400-0):48)\n",
    "is_privacy": false
},
{
    "type": "log",
    "source": "class",
    "method": "getInstance",
    "package_name": "aesthetic.wallpaper",
    "class_name": "com.google.firebase.analytics.FirebaseAnalytics",
    "timestamp": 1730923983004,
    "ref": "<class: com.google.firebase.analytics.FirebaseAnalytics>",
    "arguments": "{\"0\":\"<instance: android.content.Context, $className: aesthetic.wallpaper.Utils.MyApplication>\"}",
    "stack_trace": "java.lang.Exception\n\tat com.google.firebase.analytics.FirebaseAnalytics.getInstance(Native Method)\n\tat java.lang.reflect.Method.invoke(Native Method)\n\tat m.th.f(:com.google.android.gms.dynamite_measurementdynamite@244336029@24.43.36 (190400-0):47)\n\tat m.rr.Y(:com.google.android.gms.dynamite_measurementdynamite@244336029@24.43.36 (190400-0):143)\n\tat m.rr.H(:com.google.android.gms.dynamite_measurementdynamite@244336029@24.43.36 (190400-0):30)\n\tat m.rr.G(:com.google.android.gms.dynamite_measurementdynamite@244336029@24.43.36 (190400-0):15)\n\tat m.to.c(:com.google.android.gms.dynamite_measurementdynamite@244336029@24.43.36 (190400-0):138)\n\tat m.tq.q(:com.google.android.gms.dynamite_measurementdynamite@244336029@24.43.36 (190400-0):3)\n\tat m.se.C(:com.google.android.gms.dynamite_measurementdynamite@244336029@24.43.36 (190400-0):26)\n\tat m.sc.run(:com.google.android.gms.dynamite_measurementdynamite@244336029@24.43.36 (190400-0):8)\n\tat java.util.concurrent.Executors$RunnableAdapter.call(Executors.java:487)\n\tat java.util.concurrent.FutureTask.run(FutureTask.java:290)\n\tat m.pn.run(:com.google.android.gms.dynamite_measurementdynamite@244336029@24.43.36 (190400-0):48)\n",
    "is_privacy": false
},
{
    "type": "log",
    "source": "class",
    "method": "getFirebaseInstanceId",
    "package_name": "aesthetic.wallpaper",
    "class_name": "com.google.firebase.analytics.FirebaseAnalytics",
    "timestamp": 1730923983043,
    "ref": "com.google.firebase.analytics.FirebaseAnalytics@b0e1318",
    "arguments": "{}",
    "stack_trace": "java.lang.Exception\n\tat com.google.firebase.analytics.FirebaseAnalytics.getFirebaseInstanceId(Native Method)\n\tat java.lang.reflect.Method.invoke(Native Method)\n\tat m.th.f(:com.google.android.gms.dynamite_measurementdynamite@244336029@24.43.36 (190400-0):49)\n\tat m.rr.Y(:com.google.android.gms.dynamite_measurementdynamite@244336029@24.43.36 (190400-0):143)\n\tat m.rr.H(:com.google.android.gms.dynamite_measurementdynamite@244336029@24.43.36 (190400-0):30)\n\tat m.rr.G(:com.google.android.gms.dynamite_measurementdynamite@244336029@24.43.36 (190400-0):15)\n\tat m.to.c(:com.google.android.gms.dynamite_measurementdynamite@244336029@24.43.36 (190400-0):138)\n\tat m.tq.q(:com.google.android.gms.dynamite_measurementdynamite@244336029@24.43.36 (190400-0):3)\n\tat m.se.C(:com.google.android.gms.dynamite_measurementdynamite@244336029@24.43.36 (190400-0):26)\n\tat m.sc.run(:com.google.android.gms.dynamite_measurementdynamite@244336029@24.43.36 (190400-0):8)\n\tat java.util.concurrent.Executors$RunnableAdapter.call(Executors.java:487)\n\tat java.util.concurrent.FutureTask.run(FutureTask.java:290)\n\tat m.pn.run(:com.google.android.gms.dynamite_measurementdynamite@244336029@24.43.36 (190400-0):48)\n",
    "is_privacy": false
},
