{
    "type": "log",
    "source": "class",
    "method": "getInstance",
    "package_name": "aptip.app",
    "class_name": "com.google.firebase.analytics.FirebaseAnalytics",
    "timestamp": 1728462989750,
    "ref": "<class: com.google.firebase.analytics.FirebaseAnalytics>",
    "arguments": "{\"0\":\"<instance: android.content.Context, $className: aptip.app.App>\"}",
    "stack_trace": "java.lang.Exception\n\tat com.google.firebase.analytics.FirebaseAnalytics.getInstance(Native Method)\n\tat java.lang.reflect.Method.invoke(Native Method)\n\tat o9.b5.J(Unknown Source:72)\n\tat o9.b5.B(Unknown Source:158)\n\tat o9.ja.j0(Unknown Source:16)\n\tat o9.ja.X(Unknown Source:7)\n\tat o9.g8.o0(Unknown Source:68)\n\tat o9.v6.d(Unknown Source:1189)\n\tat o9.w6.run(Unknown Source:13)\n\tat java.util.concurrent.Executors$RunnableAdapter.call(Executors.java:487)\n\tat java.util.concurrent.FutureTask.run(FutureTask.java:290)\n\tat o9.s6.run(Unknown Source:48)\n",
    "is_privacy": false
},
{
    "type": "log",
    "source": "class",
    "method": "getFirebaseInstanceId",
    "package_name": "aptip.app",
    "class_name": "com.google.firebase.analytics.FirebaseAnalytics",
    "timestamp": 1728462989758,
    "ref": "com.google.firebase.analytics.FirebaseAnalytics@82ae059",
    "arguments": "{}",
    "stack_trace": "java.lang.Exception\n\tat com.google.firebase.analytics.FirebaseAnalytics.getFirebaseInstanceId(Native Method)\n\tat java.lang.reflect.Method.invoke(Native Method)\n\tat o9.b5.J(Unknown Source:89)\n\tat o9.b5.B(Unknown Source:158)\n\tat o9.ja.j0(Unknown Source:16)\n\tat o9.ja.X(Unknown Source:7)\n\tat o9.g8.o0(Unknown Source:68)\n\tat o9.v6.d(Unknown Source:1189)\n\tat o9.w6.run(Unknown Source:13)\n\tat java.util.concurrent.Executors$RunnableAdapter.call(Executors.java:487)\n\tat java.util.concurrent.FutureTask.run(FutureTask.java:290)\n\tat o9.s6.run(Unknown Source:48)\n",
    "is_privacy": false
},
{
    "type": "log",
    "source": "class",
    "method": "getInstance",
    "package_name": "aptip.app",
    "class_name": "com.google.firebase.analytics.FirebaseAnalytics",
    "timestamp": 1728462989861,
    "ref": "<class: com.google.firebase.analytics.FirebaseAnalytics>",
    "arguments": "{\"0\":\"<instance: android.content.Context, $className: aptip.app.App>\"}",
    "stack_trace": "java.lang.Exception\n\tat com.google.firebase.analytics.FirebaseAnalytics.getInstance(Native Method)\n\tat java.lang.reflect.Method.invoke(Native Method)\n\tat o9.b5.J(Unknown Source:72)\n\tat o9.b5.B(Unknown Source:158)\n\tat o9.ja.j0(Unknown Source:16)\n\tat o9.ja.T(Unknown Source:15)\n\tat o9.g8.S(Unknown Source:141)\n\tat o9.zb.c(Unknown Source:76)\n\tat o9.zb.a(Unknown Source:79)\n\tat o9.v6.d(Unknown Source:1198)\n\tat o9.w6.run(Unknown Source:13)\n\tat java.util.concurrent.Executors$RunnableAdapter.call(Executors.java:487)\n\tat java.util.concurrent.FutureTask.run(FutureTask.java:290)\n\tat o9.s6.run(Unknown Source:48)\n",
    "is_privacy": false
},
{
    "type": "log",
    "source": "class",
    "method": "getFirebaseInstanceId",
    "package_name": "aptip.app",
    "class_name": "com.google.firebase.analytics.FirebaseAnalytics",
    "timestamp": 1728462989863,
    "ref": "com.google.firebase.analytics.FirebaseAnalytics@82ae059",
    "arguments": "{}",
    "stack_trace": "java.lang.Exception\n\tat com.google.firebase.analytics.FirebaseAnalytics.getFirebaseInstanceId(Native Method)\n\tat java.lang.reflect.Method.invoke(Native Method)\n\tat o9.b5.J(Unknown Source:89)\n\tat o9.b5.B(Unknown Source:158)\n\tat o9.ja.j0(Unknown Source:16)\n\tat o9.ja.T(Unknown Source:15)\n\tat o9.g8.S(Unknown Source:141)\n\tat o9.zb.c(Unknown Source:76)\n\tat o9.zb.a(Unknown Source:79)\n\tat o9.v6.d(Unknown Source:1198)\n\tat o9.w6.run(Unknown Source:13)\n\tat java.util.concurrent.Executors$RunnableAdapter.call(Executors.java:487)\n\tat java.util.concurrent.FutureTask.run(FutureTask.java:290)\n\tat o9.s6.run(Unknown Source:48)\n",
    "is_privacy": false
},
{
    "type": "log",
    "source": "class",
    "method": "getInstance",
    "package_name": "aptip.app",
    "class_name": "com.google.firebase.analytics.FirebaseAnalytics",
    "timestamp": 1728462989878,
    "ref": "<class: com.google.firebase.analytics.FirebaseAnalytics>",
    "arguments": "{\"0\":\"<instance: android.content.Context, $className: aptip.app.App>\"}",
    "stack_trace": "java.lang.Exception\n\tat com.google.firebase.analytics.FirebaseAnalytics.getInstance(Native Method)\n\tat io.flutter.plugins.firebase.analytics.FlutterFirebaseAnalyticsPlugin.initInstance(Unknown Source:0)\n\tat io.flutter.plugins.firebase.analytics.FlutterFirebaseAnalyticsPlugin.onAttachedToEngine(Unknown Source:8)\n\tat io.flutter.embedding.engine.FlutterEngineConnectionRegistry.add(Unknown Source:113)\n\tat io.flutter.plugins.GeneratedPluginRegistrant.registerWith(Unknown Source:144)\n\tat aptip.app.MainActivity.configureFlutterEngine(Unknown Source:0)\n\tat io.flutter.embedding.android.FlutterFragment.configureFlutterEngine(Unknown Source:10)\n\tat io.flutter.embedding.android.FlutterActivityAndFragmentDelegate.onAttach(Unknown Source:58)\n\tat io.flutter.embedding.android.FlutterFragment.onAttach(Unknown Source:11)\n\tat androidx.fragment.app.Fragment.performAttach(Unknown Source:49)\n\tat androidx.fragment.app.x.c(Unknown Source:186)\n\tat androidx.fragment.app.x.m(Unknown Source:134)\n\tat androidx.fragment.app.q.b0(Unknown Source:230)\n\tat androidx.fragment.app.q.Y0(Unknown Source:81)\n\tat androidx.fragment.app.q.Y(Unknown Source:21)\n\tat androidx.fragment.app.q.Q(Unknown Source:38)\n\tat androidx.fragment.app.q.v(Unknown Source:11)\n\tat androidx.fragment.app.k.c(Unknown Source:4)\n\tat androidx.fragment.app.h.onStart(Unknown Source:20)\n\tat android.app.Instrumentation.callActivityOnStart(Instrumentation.java:1601)\n\tat android.app.Activity.performStart(Activity.java:8813)\n\tat android.app.ActivityThread.handleStartActivity(ActivityThread.java:4118)\n\tat android.app.servertransaction.TransactionExecutor.performLifecycleSequence(TransactionExecutor.java:230)\n\tat android.app.servertransaction.TransactionExecutor.cycleToPath(TransactionExecutor.java:210)\n\tat android.app.servertransaction.TransactionExecutor.executeLifecycleState(TransactionExecutor.java:182)\n\tat android.app.servertransaction.TransactionExecutor.execute(TransactionExecutor.java:103)\n\tat android.app.ActivityThread$H.handleMessage(ActivityThread.java:2705)\n\tat android.os.Handler.dispatchMessage(Handler.java:106)\n\tat android.os.Looper.loopOnce(Looper.java:255)\n\tat android.os.Looper.loop(Looper.java:364)\n\tat android.app.ActivityThread.main(ActivityThread.java:8938)\n\tat java.lang.reflect.Method.invoke(Native Method)\n\tat com.android.internal.os.RuntimeInit$MethodAndArgsCaller.run(RuntimeInit.java:572)\n\tat com.android.internal.os.ZygoteInit.main(ZygoteInit.java:1053)\n",
    "is_privacy": false
},
{
    "type": "log",
    "source": "class",
    "method": "getInstance",
    "package_name": "aptip.app",
    "class_name": "com.google.firebase.analytics.FirebaseAnalytics",
    "timestamp": 1728462989928,
    "ref": "<class: com.google.firebase.analytics.FirebaseAnalytics>",
    "arguments": "{\"0\":\"<instance: android.content.Context, $className: aptip.app.App>\"}",
    "stack_trace": "java.lang.Exception\n\tat com.google.firebase.analytics.FirebaseAnalytics.getInstance(Native Method)\n\tat java.lang.reflect.Method.invoke(Native Method)\n\tat o9.b5.J(Unknown Source:72)\n\tat o9.b5.B(Unknown Source:158)\n\tat o9.ja.j0(Unknown Source:16)\n\tat o9.ja.N(Unknown Source:18)\n\tat o9.g8.N(Unknown Source:1047)\n\tat o9.g8.M(Unknown Source:28)\n\tat o9.zb.c(Unknown Source:131)\n\tat o9.zb.a(Unknown Source:79)\n\tat o9.v6.d(Unknown Source:1198)\n\tat o9.w6.run(Unknown Source:13)\n\tat java.util.concurrent.Executors$RunnableAdapter.call(Executors.java:487)\n\tat java.util.concurrent.FutureTask.run(FutureTask.java:290)\n\tat o9.s6.run(Unknown Source:48)\n",
    "is_privacy": false
},
{
    "type": "log",
    "source": "class",
    "method": "getFirebaseInstanceId",
    "package_name": "aptip.app",
    "class_name": "com.google.firebase.analytics.FirebaseAnalytics",
    "timestamp": 1728462989932,
    "ref": "com.google.firebase.analytics.FirebaseAnalytics@82ae059",
    "arguments": "{}",
    "stack_trace": "java.lang.Exception\n\tat com.google.firebase.analytics.FirebaseAnalytics.getFirebaseInstanceId(Native Method)\n\tat java.lang.reflect.Method.invoke(Native Method)\n\tat o9.b5.J(Unknown Source:89)\n\tat o9.b5.B(Unknown Source:158)\n\tat o9.ja.j0(Unknown Source:16)\n\tat o9.ja.N(Unknown Source:18)\n\tat o9.g8.N(Unknown Source:1047)\n\tat o9.g8.M(Unknown Source:28)\n\tat o9.zb.c(Unknown Source:131)\n\tat o9.zb.a(Unknown Source:79)\n\tat o9.v6.d(Unknown Source:1198)\n\tat o9.w6.run(Unknown Source:13)\n\tat java.util.concurrent.Executors$RunnableAdapter.call(Executors.java:487)\n\tat java.util.concurrent.FutureTask.run(FutureTask.java:290)\n\tat o9.s6.run(Unknown Source:48)\n",
    "is_privacy": false
},
{
    "type": "log",
    "source": "class",
    "method": "getInstance",
    "package_name": "aptip.app",
    "class_name": "com.google.firebase.analytics.FirebaseAnalytics",
    "timestamp": 1728462989962,
    "ref": "<class: com.google.firebase.analytics.FirebaseAnalytics>",
    "arguments": "{\"0\":\"<instance: android.content.Context, $className: aptip.app.App>\"}",
    "stack_trace": "java.lang.Exception\n\tat com.google.firebase.analytics.FirebaseAnalytics.getInstance(Native Method)\n\tat java.lang.reflect.Method.invoke(Native Method)\n\tat o9.b5.J(Unknown Source:72)\n\tat o9.b5.B(Unknown Source:158)\n\tat o9.ja.j0(Unknown Source:16)\n\tat o9.ja.I(Unknown Source:7)\n\tat o9.v6.d(Unknown Source:1210)\n\tat o9.w6.run(Unknown Source:13)\n\tat java.util.concurrent.Executors$RunnableAdapter.call(Executors.java:487)\n\tat java.util.concurrent.FutureTask.run(FutureTask.java:290)\n\tat o9.s6.run(Unknown Source:48)\n",
    "is_privacy": false
},
{
    "type": "log",
    "source": "class",
    "method": "getFirebaseInstanceId",
    "package_name": "aptip.app",
    "class_name": "com.google.firebase.analytics.FirebaseAnalytics",
    "timestamp": 1728462989970,
    "ref": "com.google.firebase.analytics.FirebaseAnalytics@82ae059",
    "arguments": "{}",
    "stack_trace": "java.lang.Exception\n\tat com.google.firebase.analytics.FirebaseAnalytics.getFirebaseInstanceId(Native Method)\n\tat java.lang.reflect.Method.invoke(Native Method)\n\tat o9.b5.J(Unknown Source:89)\n\tat o9.b5.B(Unknown Source:158)\n\tat o9.ja.j0(Unknown Source:16)\n\tat o9.ja.I(Unknown Source:7)\n\tat o9.v6.d(Unknown Source:1210)\n\tat o9.w6.run(Unknown Source:13)\n\tat java.util.concurrent.Executors$RunnableAdapter.call(Executors.java:487)\n\tat java.util.concurrent.FutureTask.run(FutureTask.java:290)\n\tat o9.s6.run(Unknown Source:48)\n",
    "is_privacy": false
},
{
    "type": "log",
    "source": "class",
    "method": "getInstance",
    "package_name": "aptip.app",
    "class_name": "com.google.firebase.analytics.FirebaseAnalytics",
    "timestamp": 1728462989998,
    "ref": "<class: com.google.firebase.analytics.FirebaseAnalytics>",
    "arguments": "{\"0\":\"<instance: android.content.Context, $className: aptip.app.App>\"}",
    "stack_trace": "java.lang.Exception\n\tat com.google.firebase.analytics.FirebaseAnalytics.getInstance(Native Method)\n\tat java.lang.reflect.Method.invoke(Native Method)\n\tat o9.b5.J(Unknown Source:72)\n\tat o9.b5.B(Unknown Source:158)\n\tat o9.ja.j0(Unknown Source:16)\n\tat o9.ja.C(Unknown Source:7)\n\tat o9.v6.d(Unknown Source:1227)\n\tat o9.w6.run(Unknown Source:13)\n\tat java.util.concurrent.Executors$RunnableAdapter.call(Executors.java:487)\n\tat java.util.concurrent.FutureTask.run(FutureTask.java:290)\n\tat o9.s6.run(Unknown Source:48)\n",
    "is_privacy": false
},
{
    "type": "log",
    "source": "class",
    "method": "getFirebaseInstanceId",
    "package_name": "aptip.app",
    "class_name": "com.google.firebase.analytics.FirebaseAnalytics",
    "timestamp": 1728462990001,
    "ref": "com.google.firebase.analytics.FirebaseAnalytics@82ae059",
    "arguments": "{}",
    "stack_trace": "java.lang.Exception\n\tat com.google.firebase.analytics.FirebaseAnalytics.getFirebaseInstanceId(Native Method)\n\tat java.lang.reflect.Method.invoke(Native Method)\n\tat o9.b5.J(Unknown Source:89)\n\tat o9.b5.B(Unknown Source:158)\n\tat o9.ja.j0(Unknown Source:16)\n\tat o9.ja.C(Unknown Source:7)\n\tat o9.v6.d(Unknown Source:1227)\n\tat o9.w6.run(Unknown Source:13)\n\tat java.util.concurrent.Executors$RunnableAdapter.call(Executors.java:487)\n\tat java.util.concurrent.FutureTask.run(FutureTask.java:290)\n\tat o9.s6.run(Unknown Source:48)\n",
    "is_privacy": false
},
{
    "type": "log",
    "source": "class",
    "method": "getInstance",
    "package_name": "aptip.app",
    "class_name": "com.google.firebase.analytics.FirebaseAnalytics",
    "timestamp": 1728462990053,
    "ref": "<class: com.google.firebase.analytics.FirebaseAnalytics>",
    "arguments": "{\"0\":\"<instance: android.content.Context, $className: aptip.app.App>\"}",
    "stack_trace": "java.lang.Exception\n\tat com.google.firebase.analytics.FirebaseAnalytics.getInstance(Native Method)\n\tat java.lang.reflect.Method.invoke(Native Method)\n\tat o9.b5.J(Unknown Source:72)\n\tat o9.b5.B(Unknown Source:158)\n\tat o9.ja.j0(Unknown Source:16)\n\tat o9.ja.N(Unknown Source:18)\n\tat o9.g8.N(Unknown Source:1047)\n\tat o9.g8.M(Unknown Source:28)\n\tat o9.ea.J(Unknown Source:181)\n\tat o9.ea.N(Unknown Source:6)\n\tat o9.ga.run(Unknown Source:11)\n\tat java.util.concurrent.Executors$RunnableAdapter.call(Executors.java:487)\n\tat java.util.concurrent.FutureTask.run(FutureTask.java:290)\n\tat o9.s6.run(Unknown Source:48)\n",
    "is_privacy": false
},
{
    "type": "log",
    "source": "class",
    "method": "getFirebaseInstanceId",
    "package_name": "aptip.app",
    "class_name": "com.google.firebase.analytics.FirebaseAnalytics",
    "timestamp": 1728462990060,
    "ref": "com.google.firebase.analytics.FirebaseAnalytics@82ae059",
    "arguments": "{}",
    "stack_trace": "java.lang.Exception\n\tat com.google.firebase.analytics.FirebaseAnalytics.getFirebaseInstanceId(Native Method)\n\tat java.lang.reflect.Method.invoke(Native Method)\n\tat o9.b5.J(Unknown Source:89)\n\tat o9.b5.B(Unknown Source:158)\n\tat o9.ja.j0(Unknown Source:16)\n\tat o9.ja.N(Unknown Source:18)\n\tat o9.g8.N(Unknown Source:1047)\n\tat o9.g8.M(Unknown Source:28)\n\tat o9.ea.J(Unknown Source:181)\n\tat o9.ea.N(Unknown Source:6)\n\tat o9.ga.run(Unknown Source:11)\n\tat java.util.concurrent.Executors$RunnableAdapter.call(Executors.java:487)\n\tat java.util.concurrent.FutureTask.run(FutureTask.java:290)\n\tat o9.s6.run(Unknown Source:48)\n",
    "is_privacy": false
},
{
    "type": "log",
    "source": "class",
    "method": "e",
    "package_name": "aptip.app",
    "class_name": "com.google.firebase.analytics.FirebaseAnalytics",
    "timestamp": 1728462990464,
    "ref": "com.google.firebase.analytics.FirebaseAnalytics@82ae059",
    "arguments": "{\"0\":true}",
    "stack_trace": "java.lang.Exception\n\tat com.google.firebase.analytics.FirebaseAnalytics.e(Native Method)\n\tat io.flutter.plugins.firebase.analytics.FlutterFirebaseAnalyticsPlugin.lambda$handleSetAnalyticsCollectionEnabled$4(Unknown Source:17)\n\tat io.flutter.plugins.firebase.analytics.FlutterFirebaseAnalyticsPlugin.m(Unknown Source:0)\n\tat io.flutter.plugins.firebase.analytics.j.run(Unknown Source:6)\n\tat java.util.concurrent.ThreadPoolExecutor.runWorker(ThreadPoolExecutor.java:1145)\n\tat java.util.concurrent.ThreadPoolExecutor$Worker.run(ThreadPoolExecutor.java:644)\n\tat java.lang.Thread.run(Thread.java:1012)\n",
    "is_privacy": false
},
{
    "type": "log",
    "source": "class",
    "method": "getInstance",
    "package_name": "aptip.app",
    "class_name": "com.google.firebase.analytics.FirebaseAnalytics",
    "timestamp": 1728462990471,
    "ref": "<class: com.google.firebase.analytics.FirebaseAnalytics>",
    "arguments": "{\"0\":\"<instance: android.content.Context, $className: aptip.app.App>\"}",
    "stack_trace": "java.lang.Exception\n\tat com.google.firebase.analytics.FirebaseAnalytics.getInstance(Native Method)\n\tat java.lang.reflect.Method.invoke(Native Method)\n\tat o9.b5.J(Unknown Source:72)\n\tat o9.b5.B(Unknown Source:158)\n\tat o9.ja.j0(Unknown Source:16)\n\tat o9.ja.b0(Unknown Source:7)\n\tat o9.g8.w0(Unknown Source:144)\n\tat o9.g8.K(Unknown Source:51)\n\tat o9.g8.b0(Unknown Source:1)\n\tat o9.q9.run(Unknown Source:5)\n\tat java.util.concurrent.Executors$RunnableAdapter.call(Executors.java:487)\n\tat java.util.concurrent.FutureTask.run(FutureTask.java:290)\n\tat o9.s6.run(Unknown Source:48)\n",
    "is_privacy": false
},
{
    "type": "log",
    "source": "class",
    "method": "getFirebaseInstanceId",
    "package_name": "aptip.app",
    "class_name": "com.google.firebase.analytics.FirebaseAnalytics",
    "timestamp": 1728462990474,
    "ref": "com.google.firebase.analytics.FirebaseAnalytics@82ae059",
    "arguments": "{}",
    "stack_trace": "java.lang.Exception\n\tat com.google.firebase.analytics.FirebaseAnalytics.getFirebaseInstanceId(Native Method)\n\tat java.lang.reflect.Method.invoke(Native Method)\n\tat o9.b5.J(Unknown Source:89)\n\tat o9.b5.B(Unknown Source:158)\n\tat o9.ja.j0(Unknown Source:16)\n\tat o9.ja.b0(Unknown Source:7)\n\tat o9.g8.w0(Unknown Source:144)\n\tat o9.g8.K(Unknown Source:51)\n\tat o9.g8.b0(Unknown Source:1)\n\tat o9.q9.run(Unknown Source:5)\n\tat java.util.concurrent.Executors$RunnableAdapter.call(Executors.java:487)\n\tat java.util.concurrent.FutureTask.run(FutureTask.java:290)\n\tat o9.s6.run(Unknown Source:48)\n",
    "is_privacy": false
},
{
    "type": "log",
    "source": "class",
    "method": "c",
    "package_name": "aptip.app",
    "class_name": "com.google.firebase.analytics.FirebaseAnalytics",
    "timestamp": 1728462990480,
    "ref": "com.google.firebase.analytics.FirebaseAnalytics@82ae059",
    "arguments": "{\"0\":\"screen_view\",\"1\":\"<instance: android.os.Bundle>\"}",
    "stack_trace": "java.lang.Exception\n\tat com.google.firebase.analytics.FirebaseAnalytics.c(Native Method)\n\tat io.flutter.plugins.firebase.analytics.FlutterFirebaseAnalyticsPlugin.lambda$handleLogEvent$2(Unknown Source:25)\n\tat io.flutter.plugins.firebase.analytics.FlutterFirebaseAnalyticsPlugin.j(Unknown Source:0)\n\tat io.flutter.plugins.firebase.analytics.h.run(Unknown Source:6)\n\tat java.util.concurrent.ThreadPoolExecutor.runWorker(ThreadPoolExecutor.java:1145)\n\tat java.util.concurrent.ThreadPoolExecutor$Worker.run(ThreadPoolExecutor.java:644)\n\tat java.lang.Thread.run(Thread.java:1012)\n",
    "is_privacy": false
},
{
    "type": "log",
    "source": "class",
    "method": "getInstance",
    "package_name": "aptip.app",
    "class_name": "com.google.firebase.analytics.FirebaseAnalytics",
    "timestamp": 1728462990535,
    "ref": "<class: com.google.firebase.analytics.FirebaseAnalytics>",
    "arguments": "{\"0\":\"<instance: android.content.Context, $className: aptip.app.App>\"}",
    "stack_trace": "java.lang.Exception\n\tat com.google.firebase.analytics.FirebaseAnalytics.getInstance(Native Method)\n\tat java.lang.reflect.Method.invoke(Native Method)\n\tat o9.b5.J(Unknown Source:72)\n\tat o9.b5.B(Unknown Source:158)\n\tat o9.ja.j0(Unknown Source:16)\n\tat o9.ja.N(Unknown Source:18)\n\tat o9.g8.N(Unknown Source:1047)\n\tat o9.g8.M(Unknown Source:28)\n\tat o9.ea.J(Unknown Source:181)\n\tat o9.ea.L(Unknown Source:34)\n\tat o9.da.run(Unknown Source:10)\n\tat java.util.concurrent.Executors$RunnableAdapter.call(Executors.java:487)\n\tat java.util.concurrent.FutureTask.run(FutureTask.java:290)\n\tat o9.s6.run(Unknown Source:48)\n",
    "is_privacy": false
},
{
    "type": "log",
    "source": "class",
    "method": "getFirebaseInstanceId",
    "package_name": "aptip.app",
    "class_name": "com.google.firebase.analytics.FirebaseAnalytics",
    "timestamp": 1728462990537,
    "ref": "com.google.firebase.analytics.FirebaseAnalytics@82ae059",
    "arguments": "{}",
    "stack_trace": "java.lang.Exception\n\tat com.google.firebase.analytics.FirebaseAnalytics.getFirebaseInstanceId(Native Method)\n\tat java.lang.reflect.Method.invoke(Native Method)\n\tat o9.b5.J(Unknown Source:89)\n\tat o9.b5.B(Unknown Source:158)\n\tat o9.ja.j0(Unknown Source:16)\n\tat o9.ja.N(Unknown Source:18)\n\tat o9.g8.N(Unknown Source:1047)\n\tat o9.g8.M(Unknown Source:28)\n\tat o9.ea.J(Unknown Source:181)\n\tat o9.ea.L(Unknown Source:34)\n\tat o9.da.run(Unknown Source:10)\n\tat java.util.concurrent.Executors$RunnableAdapter.call(Executors.java:487)\n\tat java.util.concurrent.FutureTask.run(FutureTask.java:290)\n\tat o9.s6.run(Unknown Source:48)\n",
    "is_privacy": false
},
{
    "type": "log",
    "source": "class",
    "method": "getInstance",
    "package_name": "aptip.app",
    "class_name": "com.google.firebase.analytics.FirebaseAnalytics",
    "timestamp": 1728463008533,
    "ref": "<class: com.google.firebase.analytics.FirebaseAnalytics>",
    "arguments": "{\"0\":\"<instance: android.content.Context, $className: aptip.app.App>\"}",
    "stack_trace": "java.lang.Exception\n\tat com.google.firebase.analytics.FirebaseAnalytics.getInstance(Native Method)\n\tat java.lang.reflect.Method.invoke(Native Method)\n\tat o9.b5.J(Unknown Source:72)\n\tat o9.b5.B(Unknown Source:158)\n\tat o9.ja.j0(Unknown Source:16)\n\tat o9.ja.N(Unknown Source:18)\n\tat o9.g8.N(Unknown Source:1047)\n\tat o9.g8.M(Unknown Source:28)\n\tat o9.g8.C0(Unknown Source:15)\n\tat o9.xb.d(Unknown Source:166)\n\tat o9.rb.E(Unknown Source:2)\n\tat o9.ea.K(Unknown Source:29)\n\tat o9.ea.O(Unknown Source:1)\n\tat o9.ha.run(Unknown Source:7)\n\tat java.util.concurrent.Executors$RunnableAdapter.call(Executors.java:487)\n\tat java.util.concurrent.FutureTask.run(FutureTask.java:290)\n\tat o9.s6.run(Unknown Source:48)\n",
    "is_privacy": false
},
{
    "type": "log",
    "source": "class",
    "method": "getFirebaseInstanceId",
    "package_name": "aptip.app",
    "class_name": "com.google.firebase.analytics.FirebaseAnalytics",
    "timestamp": 1728463008539,
    "ref": "com.google.firebase.analytics.FirebaseAnalytics@82ae059",
    "arguments": "{}",
    "stack_trace": "java.lang.Exception\n\tat com.google.firebase.analytics.FirebaseAnalytics.getFirebaseInstanceId(Native Method)\n\tat java.lang.reflect.Method.invoke(Native Method)\n\tat o9.b5.J(Unknown Source:89)\n\tat o9.b5.B(Unknown Source:158)\n\tat o9.ja.j0(Unknown Source:16)\n\tat o9.ja.N(Unknown Source:18)\n\tat o9.g8.N(Unknown Source:1047)\n\tat o9.g8.M(Unknown Source:28)\n\tat o9.g8.C0(Unknown Source:15)\n\tat o9.xb.d(Unknown Source:166)\n\tat o9.rb.E(Unknown Source:2)\n\tat o9.ea.K(Unknown Source:29)\n\tat o9.ea.O(Unknown Source:1)\n\tat o9.ha.run(Unknown Source:7)\n\tat java.util.concurrent.Executors$RunnableAdapter.call(Executors.java:487)\n\tat java.util.concurrent.FutureTask.run(FutureTask.java:290)\n\tat o9.s6.run(Unknown Source:48)\n",
    "is_privacy": false
},
{
    "type": "log",
    "source": "class",
    "method": "getInstance",
    "package_name": "aptip.app",
    "class_name": "com.google.firebase.analytics.FirebaseAnalytics",
    "timestamp": 1728463012396,
    "ref": "<class: com.google.firebase.analytics.FirebaseAnalytics>",
    "arguments": "{\"0\":\"<instance: android.content.Context, $className: aptip.app.App>\"}",
    "stack_trace": "java.lang.Exception\n\tat com.google.firebase.analytics.FirebaseAnalytics.getInstance(Native Method)\n\tat java.lang.reflect.Method.invoke(Native Method)\n\tat o9.b5.J(Unknown Source:72)\n\tat o9.b5.B(Unknown Source:158)\n\tat o9.ja.j0(Unknown Source:16)\n\tat o9.ja.N(Unknown Source:18)\n\tat o9.g8.N(Unknown Source:1047)\n\tat o9.g8.M(Unknown Source:28)\n\tat o9.g8.C0(Unknown Source:15)\n\tat o9.xb.d(Unknown Source:166)\n\tat o9.rb.E(Unknown Source:2)\n\tat o9.ea.K(Unknown Source:29)\n\tat o9.ea.O(Unknown Source:1)\n\tat o9.ha.run(Unknown Source:7)\n\tat java.util.concurrent.Executors$RunnableAdapter.call(Executors.java:487)\n\tat java.util.concurrent.FutureTask.run(FutureTask.java:290)\n\tat o9.s6.run(Unknown Source:48)\n",
    "is_privacy": false
},
{
    "type": "log",
    "source": "class",
    "method": "getFirebaseInstanceId",
    "package_name": "aptip.app",
    "class_name": "com.google.firebase.analytics.FirebaseAnalytics",
    "timestamp": 1728463012399,
    "ref": "com.google.firebase.analytics.FirebaseAnalytics@82ae059",
    "arguments": "{}",
    "stack_trace": "java.lang.Exception\n\tat com.google.firebase.analytics.FirebaseAnalytics.getFirebaseInstanceId(Native Method)\n\tat java.lang.reflect.Method.invoke(Native Method)\n\tat o9.b5.J(Unknown Source:89)\n\tat o9.b5.B(Unknown Source:158)\n\tat o9.ja.j0(Unknown Source:16)\n\tat o9.ja.N(Unknown Source:18)\n\tat o9.g8.N(Unknown Source:1047)\n\tat o9.g8.M(Unknown Source:28)\n\tat o9.g8.C0(Unknown Source:15)\n\tat o9.xb.d(Unknown Source:166)\n\tat o9.rb.E(Unknown Source:2)\n\tat o9.ea.K(Unknown Source:29)\n\tat o9.ea.O(Unknown Source:1)\n\tat o9.ha.run(Unknown Source:7)\n\tat java.util.concurrent.Executors$RunnableAdapter.call(Executors.java:487)\n\tat java.util.concurrent.FutureTask.run(FutureTask.java:290)\n\tat o9.s6.run(Unknown Source:48)\n",
    "is_privacy": false
},
{
    "type": "log",
    "source": "class",
    "method": "c",
    "package_name": "aptip.app",
    "class_name": "com.google.firebase.analytics.FirebaseAnalytics",
    "timestamp": 1728463014301,
    "ref": "com.google.firebase.analytics.FirebaseAnalytics@82ae059",
    "arguments": "{\"0\":\"screen_view\",\"1\":\"<instance: android.os.Bundle>\"}",
    "stack_trace": "java.lang.Exception\n\tat com.google.firebase.analytics.FirebaseAnalytics.c(Native Method)\n\tat io.flutter.plugins.firebase.analytics.FlutterFirebaseAnalyticsPlugin.lambda$handleLogEvent$2(Unknown Source:25)\n\tat io.flutter.plugins.firebase.analytics.FlutterFirebaseAnalyticsPlugin.j(Unknown Source:0)\n\tat io.flutter.plugins.firebase.analytics.h.run(Unknown Source:6)\n\tat java.util.concurrent.ThreadPoolExecutor.runWorker(ThreadPoolExecutor.java:1145)\n\tat java.util.concurrent.ThreadPoolExecutor$Worker.run(ThreadPoolExecutor.java:644)\n\tat java.lang.Thread.run(Thread.java:1012)\n",
    "is_privacy": false
},
{
    "type": "log",
    "source": "class",
    "method": "getInstance",
    "package_name": "aptip.app",
    "class_name": "com.google.firebase.analytics.FirebaseAnalytics",
    "timestamp": 1728463014351,
    "ref": "<class: com.google.firebase.analytics.FirebaseAnalytics>",
    "arguments": "{\"0\":\"<instance: android.content.Context, $className: aptip.app.App>\"}",
    "stack_trace": "java.lang.Exception\n\tat com.google.firebase.analytics.FirebaseAnalytics.getInstance(Native Method)\n\tat java.lang.reflect.Method.invoke(Native Method)\n\tat o9.b5.J(Unknown Source:72)\n\tat o9.b5.B(Unknown Source:158)\n\tat o9.ja.j0(Unknown Source:16)\n\tat o9.ja.N(Unknown Source:18)\n\tat o9.g8.N(Unknown Source:1047)\n\tat o9.g8.M(Unknown Source:28)\n\tat o9.ea.J(Unknown Source:181)\n\tat o9.ea.L(Unknown Source:34)\n\tat o9.da.run(Unknown Source:10)\n\tat java.util.concurrent.Executors$RunnableAdapter.call(Executors.java:487)\n\tat java.util.concurrent.FutureTask.run(FutureTask.java:290)\n\tat o9.s6.run(Unknown Source:48)\n",
    "is_privacy": false
},
{
    "type": "log",
    "source": "class",
    "method": "getFirebaseInstanceId",
    "package_name": "aptip.app",
    "class_name": "com.google.firebase.analytics.FirebaseAnalytics",
    "timestamp": 1728463014353,
    "ref": "com.google.firebase.analytics.FirebaseAnalytics@82ae059",
    "arguments": "{}",
    "stack_trace": "java.lang.Exception\n\tat com.google.firebase.analytics.FirebaseAnalytics.getFirebaseInstanceId(Native Method)\n\tat java.lang.reflect.Method.invoke(Native Method)\n\tat o9.b5.J(Unknown Source:89)\n\tat o9.b5.B(Unknown Source:158)\n\tat o9.ja.j0(Unknown Source:16)\n\tat o9.ja.N(Unknown Source:18)\n\tat o9.g8.N(Unknown Source:1047)\n\tat o9.g8.M(Unknown Source:28)\n\tat o9.ea.J(Unknown Source:181)\n\tat o9.ea.L(Unknown Source:34)\n\tat o9.da.run(Unknown Source:10)\n\tat java.util.concurrent.Executors$RunnableAdapter.call(Executors.java:487)\n\tat java.util.concurrent.FutureTask.run(FutureTask.java:290)\n\tat o9.s6.run(Unknown Source:48)\n",
    "is_privacy": false
},
