{
    "type": "log",
    "source": "class",
    "method": "getInstance",
    "package_name": "com.moveit.app.customer",
    "class_name": "com.appsflyer.AppsFlyerLib",
    "timestamp": 1728462333069,
    "ref": "<class: com.appsflyer.AppsFlyerLib>",
    "arguments": "{}",
    "stack_trace": "java.lang.Exception\n\tat com.appsflyer.AppsFlyerLib.getInstance(Native Method)\n\tat c.g.wp4.F(ApplicationInitializer.kt:1)\n\tat c.g.wp4.A(ApplicationInitializer.kt:167)\n\tat com.grab.pax.PaxApplication.B(PaxApplication.kt:124)\n\tat com.grab.pax.PaxApplication.onCreate(PaxApplication.kt:99)\n\tat android.app.Instrumentation.callApplicationOnCreate(Instrumentation.java:1335)\n\tat android.app.ActivityThread.handleBindApplication(ActivityThread.java:7681)\n\tat android.app.ActivityThread.handleBindApplication(Native Method)\n\tat android.app.ActivityThread.-$$Nest$mhandleBindApplication(Unknown Source:0)\n\tat android.app.ActivityThread$H.handleMessage(ActivityThread.java:2452)\n\tat android.os.Handler.dispatchMessage(Handler.java:106)\n\tat android.os.Looper.loopOnce(Looper.java:255)\n\tat android.os.Looper.loop(Looper.java:364)\n\tat android.app.ActivityThread.main(ActivityThread.java:8938)\n\tat java.lang.reflect.Method.invoke(Native Method)\n\tat com.android.internal.os.RuntimeInit$MethodAndArgsCaller.run(RuntimeInit.java:572)\n\tat com.android.internal.os.ZygoteInit.main(ZygoteInit.java:1053)\n",
    "is_privacy": false
},
{
    "type": "log",
    "source": "class",
    "method": "getInstance",
    "package_name": "com.moveit.app.customer",
    "class_name": "com.google.firebase.analytics.FirebaseAnalytics",
    "timestamp": 1728462333194,
    "ref": "<class: com.google.firebase.analytics.FirebaseAnalytics>",
    "arguments": "{\"0\":\"<instance: android.content.Context, $className: android.app.ContextImpl>\"}",
    "stack_trace": "java.lang.Exception\n\tat com.google.firebase.analytics.FirebaseAnalytics.getInstance(Native Method)\n\tat c.g.wp4$i.invokeSuspend(ApplicationInitializer.kt:17)\n\tat c.g.xs7.resumeWith(ContinuationImpl.kt:12)\n\tat c.g.a5t.run(DispatchedTask.kt:124)\n\tat c.g.c9k1.b(ScheduledDirectTask.java:10)\n\tat c.g.c9k1.call(ScheduledDirectTask.java:1)\n\tat java.util.concurrent.FutureTask.run(FutureTask.java:290)\n\tat java.util.concurrent.ScheduledThreadPoolExecutor$ScheduledFutureTask.run(ScheduledThreadPoolExecutor.java:307)\n\tat java.util.concurrent.ThreadPoolExecutor.runWorker(ThreadPoolExecutor.java:1145)\n\tat java.util.concurrent.ThreadPoolExecutor$Worker.run(ThreadPoolExecutor.java:644)\n\tat java.lang.Thread.run(Thread.java:1012)\n",
    "is_privacy": false
},
{
    "type": "log",
    "source": "class",
    "method": "b",
    "package_name": "com.moveit.app.customer",
    "class_name": "com.google.firebase.analytics.FirebaseAnalytics",
    "timestamp": 1728462333204,
    "ref": "com.google.firebase.analytics.FirebaseAnalytics@e600c32",
    "arguments": "{\"0\":true}",
    "stack_trace": "java.lang.Exception\n\tat com.google.firebase.analytics.FirebaseAnalytics.b(Native Method)\n\tat c.g.wp4$i.invokeSuspend(ApplicationInitializer.kt:34)\n\tat c.g.xs7.resumeWith(ContinuationImpl.kt:12)\n\tat c.g.a5t.run(DispatchedTask.kt:124)\n\tat c.g.c9k1.b(ScheduledDirectTask.java:10)\n\tat c.g.c9k1.call(ScheduledDirectTask.java:1)\n\tat java.util.concurrent.FutureTask.run(FutureTask.java:290)\n\tat java.util.concurrent.ScheduledThreadPoolExecutor$ScheduledFutureTask.run(ScheduledThreadPoolExecutor.java:307)\n\tat java.util.concurrent.ThreadPoolExecutor.runWorker(ThreadPoolExecutor.java:1145)\n\tat java.util.concurrent.ThreadPoolExecutor$Worker.run(ThreadPoolExecutor.java:644)\n\tat java.lang.Thread.run(Thread.java:1012)\n",
    "is_privacy": false
},
{
    "type": "log",
    "source": "class",
    "method": "getInstance",
    "package_name": "com.moveit.app.customer",
    "class_name": "com.google.firebase.analytics.FirebaseAnalytics",
    "timestamp": 1728462333332,
    "ref": "<class: com.google.firebase.analytics.FirebaseAnalytics>",
    "arguments": "{\"0\":\"<instance: android.content.Context, $className: com.grab.pax.PaxApplication>\"}",
    "stack_trace": "java.lang.Exception\n\tat com.google.firebase.analytics.FirebaseAnalytics.getInstance(Native Method)\n\tat java.lang.reflect.Method.invoke(Native Method)\n\tat m.oh.f(:com.google.android.gms.dynamite_measurementdynamite@240714038@24.07.14 (190400-0):63)\n\tat m.mu.s(:com.google.android.gms.dynamite_measurementdynamite@240714038@24.07.14 (190400-0):82)\n\tat m.kx.run(:com.google.android.gms.dynamite_measurementdynamite@240714038@24.07.14 (190400-0):1955)\n\tat java.util.concurrent.Executors$RunnableAdapter.call(Executors.java:487)\n\tat java.util.concurrent.FutureTask.run(FutureTask.java:290)\n\tat m.kt.run(:com.google.android.gms.dynamite_measurementdynamite@240714038@24.07.14 (190400-0):48)\n",
    "is_privacy": false
},
{
    "type": "log",
    "source": "class",
    "method": "getFirebaseInstanceId",
    "package_name": "com.moveit.app.customer",
    "class_name": "com.google.firebase.analytics.FirebaseAnalytics",
    "timestamp": 1728462333341,
    "ref": "com.google.firebase.analytics.FirebaseAnalytics@e600c32",
    "arguments": "{}",
    "stack_trace": "java.lang.Exception\n\tat com.google.firebase.analytics.FirebaseAnalytics.getFirebaseInstanceId(Native Method)\n\tat java.lang.reflect.Method.invoke(Native Method)\n\tat m.oh.f(:com.google.android.gms.dynamite_measurementdynamite@240714038@24.07.14 (190400-0):65)\n\tat m.mu.s(:com.google.android.gms.dynamite_measurementdynamite@240714038@24.07.14 (190400-0):82)\n\tat m.kx.run(:com.google.android.gms.dynamite_measurementdynamite@240714038@24.07.14 (190400-0):1955)\n\tat java.util.concurrent.Executors$RunnableAdapter.call(Executors.java:487)\n\tat java.util.concurrent.FutureTask.run(FutureTask.java:290)\n\tat m.kt.run(:com.google.android.gms.dynamite_measurementdynamite@240714038@24.07.14 (190400-0):48)\n",
    "is_privacy": false
},
{
    "type": "log",
    "source": "class",
    "method": "getInstance",
    "package_name": "com.moveit.app.customer",
    "class_name": "com.google.firebase.analytics.FirebaseAnalytics",
    "timestamp": 1728462333420,
    "ref": "<class: com.google.firebase.analytics.FirebaseAnalytics>",
    "arguments": "{\"0\":\"<instance: android.content.Context, $className: com.grab.pax.PaxApplication>\"}",
    "stack_trace": "java.lang.Exception\n\tat com.google.firebase.analytics.FirebaseAnalytics.getInstance(Native Method)\n\tat java.lang.reflect.Method.invoke(Native Method)\n\tat m.oh.f(:com.google.android.gms.dynamite_measurementdynamite@240714038@24.07.14 (190400-0):63)\n\tat m.mu.W(:com.google.android.gms.dynamite_measurementdynamite@240714038@24.07.14 (190400-0):206)\n\tat m.op.a(:com.google.android.gms.dynamite_measurementdynamite@240714038@24.07.14 (190400-0):70)\n\tat m.kx.run(:com.google.android.gms.dynamite_measurementdynamite@240714038@24.07.14 (190400-0):2031)\n\tat java.util.concurrent.Executors$RunnableAdapter.call(Executors.java:487)\n\tat java.util.concurrent.FutureTask.run(FutureTask.java:290)\n\tat m.kt.run(:com.google.android.gms.dynamite_measurementdynamite@240714038@24.07.14 (190400-0):48)\n",
    "is_privacy": false
},
{
    "type": "log",
    "source": "class",
    "method": "getFirebaseInstanceId",
    "package_name": "com.moveit.app.customer",
    "class_name": "com.google.firebase.analytics.FirebaseAnalytics",
    "timestamp": 1728462333424,
    "ref": "com.google.firebase.analytics.FirebaseAnalytics@e600c32",
    "arguments": "{}",
    "stack_trace": "java.lang.Exception\n\tat com.google.firebase.analytics.FirebaseAnalytics.getFirebaseInstanceId(Native Method)\n\tat java.lang.reflect.Method.invoke(Native Method)\n\tat m.oh.f(:com.google.android.gms.dynamite_measurementdynamite@240714038@24.07.14 (190400-0):65)\n\tat m.mu.W(:com.google.android.gms.dynamite_measurementdynamite@240714038@24.07.14 (190400-0):206)\n\tat m.op.a(:com.google.android.gms.dynamite_measurementdynamite@240714038@24.07.14 (190400-0):70)\n\tat m.kx.run(:com.google.android.gms.dynamite_measurementdynamite@240714038@24.07.14 (190400-0):2031)\n\tat java.util.concurrent.Executors$RunnableAdapter.call(Executors.java:487)\n\tat java.util.concurrent.FutureTask.run(FutureTask.java:290)\n\tat m.kt.run(:com.google.android.gms.dynamite_measurementdynamite@240714038@24.07.14 (190400-0):48)\n",
    "is_privacy": false
},
{
    "type": "log",
    "source": "class",
    "method": "getInstance",
    "package_name": "com.moveit.app.customer",
    "class_name": "com.google.firebase.analytics.FirebaseAnalytics",
    "timestamp": 1728462333467,
    "ref": "<class: com.google.firebase.analytics.FirebaseAnalytics>",
    "arguments": "{\"0\":\"<instance: android.content.Context, $className: com.grab.pax.PaxApplication>\"}",
    "stack_trace": "java.lang.Exception\n\tat com.google.firebase.analytics.FirebaseAnalytics.getInstance(Native Method)\n\tat java.lang.reflect.Method.invoke(Native Method)\n\tat m.oh.f(:com.google.android.gms.dynamite_measurementdynamite@240714038@24.07.14 (190400-0):63)\n\tat m.mu.aa(:com.google.android.gms.dynamite_measurementdynamite@240714038@24.07.14 (190400-0):165)\n\tat m.mu.G(:com.google.android.gms.dynamite_measurementdynamite@240714038@24.07.14 (190400-0):32)\n\tat m.op.a(:com.google.android.gms.dynamite_measurementdynamite@240714038@24.07.14 (190400-0):125)\n\tat m.kx.run(:com.google.android.gms.dynamite_measurementdynamite@240714038@24.07.14 (190400-0):2031)\n\tat java.util.concurrent.Executors$RunnableAdapter.call(Executors.java:487)\n\tat java.util.concurrent.FutureTask.run(FutureTask.java:290)\n\tat m.kt.run(:com.google.android.gms.dynamite_measurementdynamite@240714038@24.07.14 (190400-0):48)\n",
    "is_privacy": false
},
{
    "type": "log",
    "source": "class",
    "method": "getFirebaseInstanceId",
    "package_name": "com.moveit.app.customer",
    "class_name": "com.google.firebase.analytics.FirebaseAnalytics",
    "timestamp": 1728462333469,
    "ref": "com.google.firebase.analytics.FirebaseAnalytics@e600c32",
    "arguments": "{}",
    "stack_trace": "java.lang.Exception\n\tat com.google.firebase.analytics.FirebaseAnalytics.getFirebaseInstanceId(Native Method)\n\tat java.lang.reflect.Method.invoke(Native Method)\n\tat m.oh.f(:com.google.android.gms.dynamite_measurementdynamite@240714038@24.07.14 (190400-0):65)\n\tat m.mu.aa(:com.google.android.gms.dynamite_measurementdynamite@240714038@24.07.14 (190400-0):165)\n\tat m.mu.G(:com.google.android.gms.dynamite_measurementdynamite@240714038@24.07.14 (190400-0):32)\n\tat m.op.a(:com.google.android.gms.dynamite_measurementdynamite@240714038@24.07.14 (190400-0):125)\n\tat m.kx.run(:com.google.android.gms.dynamite_measurementdynamite@240714038@24.07.14 (190400-0):2031)\n\tat java.util.concurrent.Executors$RunnableAdapter.call(Executors.java:487)\n\tat java.util.concurrent.FutureTask.run(FutureTask.java:290)\n\tat m.kt.run(:com.google.android.gms.dynamite_measurementdynamite@240714038@24.07.14 (190400-0):48)\n",
    "is_privacy": false
},
{
    "type": "log",
    "source": "class",
    "method": "getInstance",
    "package_name": "com.moveit.app.customer",
    "class_name": "com.google.firebase.analytics.FirebaseAnalytics",
    "timestamp": 1728462333489,
    "ref": "<class: com.google.firebase.analytics.FirebaseAnalytics>",
    "arguments": "{\"0\":\"<instance: android.content.Context, $className: com.grab.pax.PaxApplication>\"}",
    "stack_trace": "java.lang.Exception\n\tat com.google.firebase.analytics.FirebaseAnalytics.getInstance(Native Method)\n\tat java.lang.reflect.Method.invoke(Native Method)\n\tat m.oh.f(:com.google.android.gms.dynamite_measurementdynamite@240714038@24.07.14 (190400-0):63)\n\tat m.oh.s(:com.google.android.gms.dynamite_measurementdynamite@240714038@24.07.14 (190400-0):8)\n\tat m.kx.run(:com.google.android.gms.dynamite_measurementdynamite@240714038@24.07.14 (190400-0):2043)\n\tat java.util.concurrent.Executors$RunnableAdapter.call(Executors.java:487)\n\tat java.util.concurrent.FutureTask.run(FutureTask.java:290)\n\tat m.kt.run(:com.google.android.gms.dynamite_measurementdynamite@240714038@24.07.14 (190400-0):48)\n",
    "is_privacy": false
},
{
    "type": "log",
    "source": "class",
    "method": "getFirebaseInstanceId",
    "package_name": "com.moveit.app.customer",
    "class_name": "com.google.firebase.analytics.FirebaseAnalytics",
    "timestamp": 1728462333492,
    "ref": "com.google.firebase.analytics.FirebaseAnalytics@e600c32",
    "arguments": "{}",
    "stack_trace": "java.lang.Exception\n\tat com.google.firebase.analytics.FirebaseAnalytics.getFirebaseInstanceId(Native Method)\n\tat java.lang.reflect.Method.invoke(Native Method)\n\tat m.oh.f(:com.google.android.gms.dynamite_measurementdynamite@240714038@24.07.14 (190400-0):65)\n\tat m.oh.s(:com.google.android.gms.dynamite_measurementdynamite@240714038@24.07.14 (190400-0):8)\n\tat m.kx.run(:com.google.android.gms.dynamite_measurementdynamite@240714038@24.07.14 (190400-0):2043)\n\tat java.util.concurrent.Executors$RunnableAdapter.call(Executors.java:487)\n\tat java.util.concurrent.FutureTask.run(FutureTask.java:290)\n\tat m.kt.run(:com.google.android.gms.dynamite_measurementdynamite@240714038@24.07.14 (190400-0):48)\n",
    "is_privacy": false
},
{
    "type": "log",
    "source": "class",
    "method": "getInstance",
    "package_name": "com.moveit.app.customer",
    "class_name": "com.google.firebase.analytics.FirebaseAnalytics",
    "timestamp": 1728462333507,
    "ref": "<class: com.google.firebase.analytics.FirebaseAnalytics>",
    "arguments": "{\"0\":\"<instance: android.content.Context, $className: com.grab.pax.PaxApplication>\"}",
    "stack_trace": "java.lang.Exception\n\tat com.google.firebase.analytics.FirebaseAnalytics.getInstance(Native Method)\n\tat java.lang.reflect.Method.invoke(Native Method)\n\tat m.oh.f(:com.google.android.gms.dynamite_measurementdynamite@240714038@24.07.14 (190400-0):63)\n\tat m.oh.G(:com.google.android.gms.dynamite_measurementdynamite@240714038@24.07.14 (190400-0):8)\n\tat m.kx.run(:com.google.android.gms.dynamite_measurementdynamite@240714038@24.07.14 (190400-0):2060)\n\tat java.util.concurrent.Executors$RunnableAdapter.call(Executors.java:487)\n\tat java.util.concurrent.FutureTask.run(FutureTask.java:290)\n\tat m.kt.run(:com.google.android.gms.dynamite_measurementdynamite@240714038@24.07.14 (190400-0):48)\n",
    "is_privacy": false
},
{
    "type": "log",
    "source": "class",
    "method": "getFirebaseInstanceId",
    "package_name": "com.moveit.app.customer",
    "class_name": "com.google.firebase.analytics.FirebaseAnalytics",
    "timestamp": 1728462333509,
    "ref": "com.google.firebase.analytics.FirebaseAnalytics@e600c32",
    "arguments": "{}",
    "stack_trace": "java.lang.Exception\n\tat com.google.firebase.analytics.FirebaseAnalytics.getFirebaseInstanceId(Native Method)\n\tat java.lang.reflect.Method.invoke(Native Method)\n\tat m.oh.f(:com.google.android.gms.dynamite_measurementdynamite@240714038@24.07.14 (190400-0):65)\n\tat m.oh.G(:com.google.android.gms.dynamite_measurementdynamite@240714038@24.07.14 (190400-0):8)\n\tat m.kx.run(:com.google.android.gms.dynamite_measurementdynamite@240714038@24.07.14 (190400-0):2060)\n\tat java.util.concurrent.Executors$RunnableAdapter.call(Executors.java:487)\n\tat java.util.concurrent.FutureTask.run(FutureTask.java:290)\n\tat m.kt.run(:com.google.android.gms.dynamite_measurementdynamite@240714038@24.07.14 (190400-0):48)\n",
    "is_privacy": false
},
{
    "type": "log",
    "source": "class",
    "method": "getInstance",
    "package_name": "com.moveit.app.customer",
    "class_name": "com.google.firebase.analytics.FirebaseAnalytics",
    "timestamp": 1728462333526,
    "ref": "<class: com.google.firebase.analytics.FirebaseAnalytics>",
    "arguments": "{\"0\":\"<instance: android.content.Context, $className: com.grab.pax.PaxApplication>\"}",
    "stack_trace": "java.lang.Exception\n\tat com.google.firebase.analytics.FirebaseAnalytics.getInstance(Native Method)\n\tat java.lang.reflect.Method.invoke(Native Method)\n\tat m.oh.f(:com.google.android.gms.dynamite_measurementdynamite@240714038@24.07.14 (190400-0):63)\n\tat m.mu.X(:com.google.android.gms.dynamite_measurementdynamite@240714038@24.07.14 (190400-0):132)\n\tat m.mu.T(:com.google.android.gms.dynamite_measurementdynamite@240714038@24.07.14 (190400-0):85)\n\tat m.mo.run(:com.google.android.gms.dynamite_measurementdynamite@240714038@24.07.14 (190400-0):6)\n\tat java.util.concurrent.Executors$RunnableAdapter.call(Executors.java:487)\n\tat java.util.concurrent.FutureTask.run(FutureTask.java:290)\n\tat m.kt.run(:com.google.android.gms.dynamite_measurementdynamite@240714038@24.07.14 (190400-0):48)\n",
    "is_privacy": false
},
{
    "type": "log",
    "source": "class",
    "method": "getFirebaseInstanceId",
    "package_name": "com.moveit.app.customer",
    "class_name": "com.google.firebase.analytics.FirebaseAnalytics",
    "timestamp": 1728462333528,
    "ref": "com.google.firebase.analytics.FirebaseAnalytics@e600c32",
    "arguments": "{}",
    "stack_trace": "java.lang.Exception\n\tat com.google.firebase.analytics.FirebaseAnalytics.getFirebaseInstanceId(Native Method)\n\tat java.lang.reflect.Method.invoke(Native Method)\n\tat m.oh.f(:com.google.android.gms.dynamite_measurementdynamite@240714038@24.07.14 (190400-0):65)\n\tat m.mu.X(:com.google.android.gms.dynamite_measurementdynamite@240714038@24.07.14 (190400-0):132)\n\tat m.mu.T(:com.google.android.gms.dynamite_measurementdynamite@240714038@24.07.14 (190400-0):85)\n\tat m.mo.run(:com.google.android.gms.dynamite_measurementdynamite@240714038@24.07.14 (190400-0):6)\n\tat java.util.concurrent.Executors$RunnableAdapter.call(Executors.java:487)\n\tat java.util.concurrent.FutureTask.run(FutureTask.java:290)\n\tat m.kt.run(:com.google.android.gms.dynamite_measurementdynamite@240714038@24.07.14 (190400-0):48)\n",
    "is_privacy": false
},
{
    "type": "log",
    "source": "class",
    "method": "getInstance",
    "package_name": "com.moveit.app.customer",
    "class_name": "com.appsflyer.AppsFlyerLib",
    "timestamp": 1728462340387,
    "ref": "<class: com.appsflyer.AppsFlyerLib>",
    "arguments": "{}",
    "stack_trace": "java.lang.Exception\n\tat com.appsflyer.AppsFlyerLib.getInstance(Native Method)\n\tat c.g.ju3$a.a(AnalyticsProvider.kt:1)\n\tat c.g.ju3$a.invoke(AnalyticsProvider.kt:1)\n\tat c.g.vts1.getValue(LazyJVM.kt:21)\n\tat c.g.ju3.c(AnalyticsProvider.kt:3)\n\tat c.g.ju3.a(AnalyticsProvider.kt:1)\n\tat c.g.ir4.a(AnalyticsProvider.kt:54)\n\tat c.g.nu3.b(AnalyticsProvider.kt:8)\n\tat c.g.nu3.a(AnalyticsProvider.kt:123)\n\tat c.g.et3.a(AnalyticsManagerImpl.kt:37)\n\tat c.g.znl1.n(SecondaryInitializer.kt:3)\n\tat c.g.znl1.a(SecondaryInitializer.kt:99)\n\tat c.g.x7v0.T(NewFaceCheck.kt:68)\n\tat c.g.x7v0.l(NewFaceCheck.kt:1)\n\tat c.g.u7v0.run(R8$$SyntheticClass:3)\n\tat c.g.nsf.d0(CompletableFromAction.java:10)\n\tat c.g.wrf.d(Completable.java:15)\n\tat c.g.zsf.d0(CompletableMergeArray.java:55)\n\tat c.g.wrf.d(Completable.java:15)\n\tat c.g.ktf.d0(CompletablePeek.java:8)\n\tat c.g.wrf.d(Completable.java:15)\n\tat c.g.ktf.d0(CompletablePeek.java:8)\n\tat c.g.wrf.d(Completable.java:15)\n\tat c.g.ttf.v2(CompletableToObservable.java:8)\n\tat c.g.xjx0.d(Observable.java:15)\n\tat c.g.snx0$b.run(ObservableSubscribeOn.java:7)\n\tat c.g.dck1$a.run(Scheduler.java:10)\n\tat c.g.ack1.run(ScheduledRunnable.java:14)\n\tat c.g.ack1.call(ScheduledRunnable.java:1)\n\tat java.util.concurrent.FutureTask.run(FutureTask.java:290)\n\tat java.util.concurrent.ScheduledThreadPoolExecutor$ScheduledFutureTask.run(ScheduledThreadPoolExecutor.java:307)\n\tat java.util.concurrent.ThreadPoolExecutor.runWorker(ThreadPoolExecutor.java:1145)\n\tat java.util.concurrent.ThreadPoolExecutor$Worker.run(ThreadPoolExecutor.java:644)\n\tat java.lang.Thread.run(Thread.java:1012)\n",
    "is_privacy": false
},
{
    "type": "log",
    "source": "class",
    "method": "getInstance",
    "package_name": "com.moveit.app.customer",
    "class_name": "com.google.firebase.analytics.FirebaseAnalytics",
    "timestamp": 1728462340721,
    "ref": "<class: com.google.firebase.analytics.FirebaseAnalytics>",
    "arguments": "{\"0\":\"<instance: android.content.Context, $className: com.grab.pax.PaxApplication>\"}",
    "stack_trace": "java.lang.Exception\n\tat com.google.firebase.analytics.FirebaseAnalytics.getInstance(Native Method)\n\tat java.lang.reflect.Method.invoke(Native Method)\n\tat m.oh.f(:com.google.android.gms.dynamite_measurementdynamite@240714038@24.07.14 (190400-0):63)\n\tat m.mu.aa(:com.google.android.gms.dynamite_measurementdynamite@240714038@24.07.14 (190400-0):165)\n\tat m.mu.G(:com.google.android.gms.dynamite_measurementdynamite@240714038@24.07.14 (190400-0):32)\n\tat m.nh.A(:com.google.android.gms.dynamite_measurementdynamite@240714038@24.07.14 (190400-0):188)\n\tat m.nc.run(:com.google.android.gms.dynamite_measurementdynamite@240714038@24.07.14 (190400-0):12)\n\tat java.util.concurrent.Executors$RunnableAdapter.call(Executors.java:487)\n\tat java.util.concurrent.FutureTask.run(FutureTask.java:290)\n\tat m.kt.run(:com.google.android.gms.dynamite_measurementdynamite@240714038@24.07.14 (190400-0):48)\n",
    "is_privacy": false
},
{
    "type": "log",
    "source": "class",
    "method": "getFirebaseInstanceId",
    "package_name": "com.moveit.app.customer",
    "class_name": "com.google.firebase.analytics.FirebaseAnalytics",
    "timestamp": 1728462340730,
    "ref": "com.google.firebase.analytics.FirebaseAnalytics@e600c32",
    "arguments": "{}",
    "stack_trace": "java.lang.Exception\n\tat com.google.firebase.analytics.FirebaseAnalytics.getFirebaseInstanceId(Native Method)\n\tat java.lang.reflect.Method.invoke(Native Method)\n\tat m.oh.f(:com.google.android.gms.dynamite_measurementdynamite@240714038@24.07.14 (190400-0):65)\n\tat m.mu.aa(:com.google.android.gms.dynamite_measurementdynamite@240714038@24.07.14 (190400-0):165)\n\tat m.mu.G(:com.google.android.gms.dynamite_measurementdynamite@240714038@24.07.14 (190400-0):32)\n\tat m.nh.A(:com.google.android.gms.dynamite_measurementdynamite@240714038@24.07.14 (190400-0):188)\n\tat m.nc.run(:com.google.android.gms.dynamite_measurementdynamite@240714038@24.07.14 (190400-0):12)\n\tat java.util.concurrent.Executors$RunnableAdapter.call(Executors.java:487)\n\tat java.util.concurrent.FutureTask.run(FutureTask.java:290)\n\tat m.kt.run(:com.google.android.gms.dynamite_measurementdynamite@240714038@24.07.14 (190400-0):48)\n",
    "is_privacy": false
},
{
    "type": "log",
    "source": "class",
    "method": "getInstance",
    "package_name": "com.moveit.app.customer",
    "class_name": "com.google.firebase.analytics.FirebaseAnalytics",
    "timestamp": 1728462340785,
    "ref": "<class: com.google.firebase.analytics.FirebaseAnalytics>",
    "arguments": "{\"0\":\"<instance: android.content.Context, $className: com.grab.pax.PaxApplication>\"}",
    "stack_trace": "java.lang.Exception\n\tat com.google.firebase.analytics.FirebaseAnalytics.getInstance(Native Method)\n\tat java.lang.reflect.Method.invoke(Native Method)\n\tat m.oh.f(:com.google.android.gms.dynamite_measurementdynamite@240714038@24.07.14 (190400-0):63)\n\tat m.ex.run(:com.google.android.gms.dynamite_measurementdynamite@240714038@24.07.14 (190400-0):16)\n\tat java.util.concurrent.Executors$RunnableAdapter.call(Executors.java:487)\n\tat java.util.concurrent.FutureTask.run(FutureTask.java:290)\n\tat m.kt.run(:com.google.android.gms.dynamite_measurementdynamite@240714038@24.07.14 (190400-0):48)\n",
    "is_privacy": false
},
{
    "type": "log",
    "source": "class",
    "method": "getFirebaseInstanceId",
    "package_name": "com.moveit.app.customer",
    "class_name": "com.google.firebase.analytics.FirebaseAnalytics",
    "timestamp": 1728462340789,
    "ref": "com.google.firebase.analytics.FirebaseAnalytics@e600c32",
    "arguments": "{}",
    "stack_trace": "java.lang.Exception\n\tat com.google.firebase.analytics.FirebaseAnalytics.getFirebaseInstanceId(Native Method)\n\tat java.lang.reflect.Method.invoke(Native Method)\n\tat m.oh.f(:com.google.android.gms.dynamite_measurementdynamite@240714038@24.07.14 (190400-0):65)\n\tat m.ex.run(:com.google.android.gms.dynamite_measurementdynamite@240714038@24.07.14 (190400-0):16)\n\tat java.util.concurrent.Executors$RunnableAdapter.call(Executors.java:487)\n\tat java.util.concurrent.FutureTask.run(FutureTask.java:290)\n\tat m.kt.run(:com.google.android.gms.dynamite_measurementdynamite@240714038@24.07.14 (190400-0):48)\n",
    "is_privacy": false
},
{
    "type": "log",
    "source": "class",
    "method": "getInstance",
    "package_name": "com.moveit.app.customer",
    "class_name": "com.appsflyer.AppsFlyerLib",
    "timestamp": 1728462340854,
    "ref": "<class: com.appsflyer.AppsFlyerLib>",
    "arguments": "{}",
    "stack_trace": "java.lang.Exception\n\tat com.appsflyer.AppsFlyerLib.getInstance(Native Method)\n\tat com.appsflyer.internal.AFg1gSDK.valueOf(:9)\n\tat com.appsflyer.internal.AFg1kSDK.AFInAppEventType(:69)\n\tat com.appsflyer.internal.AFb1jSDK.onInstallConversionDataLoadedNative(:22)\n\tat com.appsflyer.internal.AFb1jSDK.afWarnLog(:301)\n\tat com.appsflyer.internal.AFb1jSDK.AFInAppEventParameterName(:1)\n\tat com.appsflyer.internal.AFb1jSDK$4.call(:118)\n\tat java.util.concurrent.FutureTask.run(FutureTask.java:290)\n\tat java.util.concurrent.ThreadPoolExecutor.runWorker(ThreadPoolExecutor.java:1145)\n\tat java.util.concurrent.ThreadPoolExecutor$Worker.run(ThreadPoolExecutor.java:644)\n\tat java.lang.Thread.run(Thread.java:1012)\n",
    "is_privacy": false
},
{
    "type": "log",
    "source": "class",
    "method": "getInstance",
    "package_name": "com.moveit.app.customer",
    "class_name": "com.appsflyer.AppsFlyerLib",
    "timestamp": 1728462340914,
    "ref": "<class: com.appsflyer.AppsFlyerLib>",
    "arguments": "{}",
    "stack_trace": "java.lang.Exception\n\tat com.appsflyer.AppsFlyerLib.getInstance(Native Method)\n\tat com.appsflyer.internal.AFe1bSDK.values(:1)\n\tat com.appsflyer.internal.AFe1dSDK.onConversionDataSuccess(:54)\n\tat com.appsflyer.internal.AFe1dSDK.AFKeystoreWrapper(:18)\n\tat com.appsflyer.internal.AFa1cSDK.AFKeystoreWrapper(:74)\n\tat com.appsflyer.internal.AFa1cSDK.values(:30)\n\tat com.appsflyer.internal.AFa1cSDK.AFInAppEventType(:1)\n\tat com.appsflyer.internal.AFa1cSDK$AFa1vSDK.run(:5)\n\tat java.util.concurrent.Executors$RunnableAdapter.call(Executors.java:487)\n\tat java.util.concurrent.FutureTask.run(FutureTask.java:290)\n\tat java.util.concurrent.ScheduledThreadPoolExecutor$ScheduledFutureTask.run(ScheduledThreadPoolExecutor.java:307)\n\tat java.util.concurrent.ThreadPoolExecutor.runWorker(ThreadPoolExecutor.java:1145)\n\tat java.util.concurrent.ThreadPoolExecutor$Worker.run(ThreadPoolExecutor.java:644)\n\tat java.lang.Thread.run(Thread.java:1012)\n",
    "is_privacy": false
},
{
    "type": "log",
    "source": "class",
    "method": "getInstance",
    "package_name": "com.moveit.app.customer",
    "class_name": "com.appsflyer.AppsFlyerLib",
    "timestamp": 1728462340920,
    "ref": "<class: com.appsflyer.AppsFlyerLib>",
    "arguments": "{}",
    "stack_trace": "java.lang.Exception\n\tat com.appsflyer.AppsFlyerLib.getInstance(Native Method)\n\tat com.appsflyer.internal.AFe1bSDK.values(:1)\n\tat com.appsflyer.internal.AFe1dSDK.onConversionDataSuccess(:54)\n\tat com.appsflyer.internal.AFe1dSDK.AFKeystoreWrapper(:18)\n\tat com.appsflyer.internal.AFa1cSDK.AFKeystoreWrapper(:74)\n\tat com.appsflyer.internal.AFa1cSDK.values(:30)\n\tat com.appsflyer.internal.AFa1cSDK.AFInAppEventType(:1)\n\tat com.appsflyer.internal.AFa1cSDK$AFa1vSDK.run(:5)\n\tat java.util.concurrent.Executors$RunnableAdapter.call(Executors.java:487)\n\tat java.util.concurrent.FutureTask.run(FutureTask.java:290)\n\tat java.util.concurrent.ScheduledThreadPoolExecutor$ScheduledFutureTask.run(ScheduledThreadPoolExecutor.java:307)\n\tat java.util.concurrent.ThreadPoolExecutor.runWorker(ThreadPoolExecutor.java:1145)\n\tat java.util.concurrent.ThreadPoolExecutor$Worker.run(ThreadPoolExecutor.java:644)\n\tat java.lang.Thread.run(Thread.java:1012)\n",
    "is_privacy": false
},
{
    "type": "log",
    "source": "class",
    "method": "getInstance",
    "package_name": "com.moveit.app.customer",
    "class_name": "com.appsflyer.AppsFlyerLib",
    "timestamp": 1728462340959,
    "ref": "<class: com.appsflyer.AppsFlyerLib>",
    "arguments": "{}",
    "stack_trace": "java.lang.Exception\n\tat com.appsflyer.AppsFlyerLib.getInstance(Native Method)\n\tat com.appsflyer.internal.AFg1gSDK.valueOf(:9)\n\tat com.appsflyer.internal.AFa1cSDK.values(:51)\n\tat com.appsflyer.internal.AFa1cSDK.AFInAppEventType(:1)\n\tat com.appsflyer.internal.AFa1cSDK$AFa1vSDK.run(:5)\n\tat java.util.concurrent.Executors$RunnableAdapter.call(Executors.java:487)\n\tat java.util.concurrent.FutureTask.run(FutureTask.java:290)\n\tat java.util.concurrent.ScheduledThreadPoolExecutor$ScheduledFutureTask.run(ScheduledThreadPoolExecutor.java:307)\n\tat java.util.concurrent.ThreadPoolExecutor.runWorker(ThreadPoolExecutor.java:1145)\n\tat java.util.concurrent.ThreadPoolExecutor$Worker.run(ThreadPoolExecutor.java:644)\n\tat java.lang.Thread.run(Thread.java:1012)\n",
    "is_privacy": false
},
{
    "type": "log",
    "source": "class",
    "method": "getInstance",
    "package_name": "com.moveit.app.customer",
    "class_name": "com.appsflyer.AppsFlyerLib",
    "timestamp": 1728462341011,
    "ref": "<class: com.appsflyer.AppsFlyerLib>",
    "arguments": "{}",
    "stack_trace": "java.lang.Exception\n\tat com.appsflyer.AppsFlyerLib.getInstance(Native Method)\n\tat com.appsflyer.internal.AFg1gSDK.valueOf(:9)\n\tat com.appsflyer.internal.AFa1cSDK.values(:52)\n\tat com.appsflyer.internal.AFa1cSDK.AFInAppEventType(:1)\n\tat com.appsflyer.internal.AFa1cSDK$AFa1vSDK.run(:5)\n\tat java.util.concurrent.Executors$RunnableAdapter.call(Executors.java:487)\n\tat java.util.concurrent.FutureTask.run(FutureTask.java:290)\n\tat java.util.concurrent.ScheduledThreadPoolExecutor$ScheduledFutureTask.run(ScheduledThreadPoolExecutor.java:307)\n\tat java.util.concurrent.ThreadPoolExecutor.runWorker(ThreadPoolExecutor.java:1145)\n\tat java.util.concurrent.ThreadPoolExecutor$Worker.run(ThreadPoolExecutor.java:644)\n\tat java.lang.Thread.run(Thread.java:1012)\n",
    "is_privacy": false
},
{
    "type": "log",
    "source": "class",
    "method": "getInstance",
    "package_name": "com.moveit.app.customer",
    "class_name": "com.google.firebase.analytics.FirebaseAnalytics",
    "timestamp": 1728462341231,
    "ref": "<class: com.google.firebase.analytics.FirebaseAnalytics>",
    "arguments": "{\"0\":\"<instance: android.content.Context, $className: com.grab.pax.PaxApplication>\"}",
    "stack_trace": "java.lang.Exception\n\tat com.google.firebase.analytics.FirebaseAnalytics.getInstance(Native Method)\n\tat java.lang.reflect.Method.invoke(Native Method)\n\tat m.oh.f(:com.google.android.gms.dynamite_measurementdynamite@240714038@24.07.14 (190400-0):63)\n\tat m.mu.aa(:com.google.android.gms.dynamite_measurementdynamite@240714038@24.07.14 (190400-0):165)\n\tat m.mu.G(:com.google.android.gms.dynamite_measurementdynamite@240714038@24.07.14 (190400-0):32)\n\tat m.nh.A(:com.google.android.gms.dynamite_measurementdynamite@240714038@24.07.14 (190400-0):188)\n\tat m.nc.run(:com.google.android.gms.dynamite_measurementdynamite@240714038@24.07.14 (190400-0):12)\n\tat java.util.concurrent.Executors$RunnableAdapter.call(Executors.java:487)\n\tat java.util.concurrent.FutureTask.run(FutureTask.java:290)\n\tat m.kt.run(:com.google.android.gms.dynamite_measurementdynamite@240714038@24.07.14 (190400-0):48)\n",
    "is_privacy": false
},
{
    "type": "log",
    "source": "class",
    "method": "getFirebaseInstanceId",
    "package_name": "com.moveit.app.customer",
    "class_name": "com.google.firebase.analytics.FirebaseAnalytics",
    "timestamp": 1728462341234,
    "ref": "com.google.firebase.analytics.FirebaseAnalytics@e600c32",
    "arguments": "{}",
    "stack_trace": "java.lang.Exception\n\tat com.google.firebase.analytics.FirebaseAnalytics.getFirebaseInstanceId(Native Method)\n\tat java.lang.reflect.Method.invoke(Native Method)\n\tat m.oh.f(:com.google.android.gms.dynamite_measurementdynamite@240714038@24.07.14 (190400-0):65)\n\tat m.mu.aa(:com.google.android.gms.dynamite_measurementdynamite@240714038@24.07.14 (190400-0):165)\n\tat m.mu.G(:com.google.android.gms.dynamite_measurementdynamite@240714038@24.07.14 (190400-0):32)\n\tat m.nh.A(:com.google.android.gms.dynamite_measurementdynamite@240714038@24.07.14 (190400-0):188)\n\tat m.nc.run(:com.google.android.gms.dynamite_measurementdynamite@240714038@24.07.14 (190400-0):12)\n\tat java.util.concurrent.Executors$RunnableAdapter.call(Executors.java:487)\n\tat java.util.concurrent.FutureTask.run(FutureTask.java:290)\n\tat m.kt.run(:com.google.android.gms.dynamite_measurementdynamite@240714038@24.07.14 (190400-0):48)\n",
    "is_privacy": false
},
{
    "type": "log",
    "source": "class",
    "method": "getInstance",
    "package_name": "com.moveit.app.customer",
    "class_name": "com.appsflyer.AppsFlyerLib",
    "timestamp": 1728462342383,
    "ref": "<class: com.appsflyer.AppsFlyerLib>",
    "arguments": "{}",
    "stack_trace": "java.lang.Exception\n\tat com.appsflyer.AppsFlyerLib.getInstance(Native Method)\n\tat com.appsflyer.internal.AFe1bSDK.values(:1)\n\tat com.appsflyer.internal.AFe1dSDK.onConversionDataSuccess(:54)\n\tat com.appsflyer.internal.AFe1dSDK.AFKeystoreWrapper(:18)\n\tat com.appsflyer.internal.AFa1cSDK.AFKeystoreWrapper(:74)\n\tat com.appsflyer.internal.AFa1cSDK.values(:30)\n\tat com.appsflyer.internal.AFa1cSDK.afWarnLog(:45)\n\tat com.appsflyer.internal.AFa1cSDK.b(:1)\n\tat com.appsflyer.internal.a.run(R8$$SyntheticClass:3)\n\tat java.util.concurrent.Executors$RunnableAdapter.call(Executors.java:487)\n\tat java.util.concurrent.FutureTask.run(FutureTask.java:290)\n\tat java.util.concurrent.ScheduledThreadPoolExecutor$ScheduledFutureTask.run(ScheduledThreadPoolExecutor.java:307)\n\tat java.util.concurrent.ThreadPoolExecutor.runWorker(ThreadPoolExecutor.java:1145)\n\tat java.util.concurrent.ThreadPoolExecutor$Worker.run(ThreadPoolExecutor.java:644)\n\tat java.lang.Thread.run(Thread.java:1012)\n",
    "is_privacy": false
},
{
    "type": "log",
    "source": "class",
    "method": "getInstance",
    "package_name": "com.moveit.app.customer",
    "class_name": "com.appsflyer.AppsFlyerLib",
    "timestamp": 1728462342426,
    "ref": "<class: com.appsflyer.AppsFlyerLib>",
    "arguments": "{}",
    "stack_trace": "java.lang.Exception\n\tat com.appsflyer.AppsFlyerLib.getInstance(Native Method)\n\tat com.appsflyer.internal.AFg1gSDK.valueOf(:9)\n\tat com.appsflyer.internal.AFa1cSDK.values(:53)\n\tat com.appsflyer.internal.AFa1cSDK.afWarnLog(:45)\n\tat com.appsflyer.internal.AFa1cSDK.b(:1)\n\tat com.appsflyer.internal.a.run(R8$$SyntheticClass:3)\n\tat java.util.concurrent.Executors$RunnableAdapter.call(Executors.java:487)\n\tat java.util.concurrent.FutureTask.run(FutureTask.java:290)\n\tat java.util.concurrent.ScheduledThreadPoolExecutor$ScheduledFutureTask.run(ScheduledThreadPoolExecutor.java:307)\n\tat java.util.concurrent.ThreadPoolExecutor.runWorker(ThreadPoolExecutor.java:1145)\n\tat java.util.concurrent.ThreadPoolExecutor$Worker.run(ThreadPoolExecutor.java:644)\n\tat java.lang.Thread.run(Thread.java:1012)\n",
    "is_privacy": false
},
{
    "type": "log",
    "source": "class",
    "method": "getInstance",
    "package_name": "com.moveit.app.customer",
    "class_name": "com.appsflyer.AppsFlyerLib",
    "timestamp": 1728462342710,
    "ref": "<class: com.appsflyer.AppsFlyerLib>",
    "arguments": "{}",
    "stack_trace": "java.lang.Exception\n\tat com.appsflyer.AppsFlyerLib.getInstance(Native Method)\n\tat com.appsflyer.internal.AFe1eSDK.<init>(:11)\n\tat com.appsflyer.internal.AFe1sSDK.<init>(:9)\n\tat com.appsflyer.internal.AFe1bSDK.valueOf(:11)\n\tat com.appsflyer.internal.AFa1cSDK.updateServerUninstallToken(:109)\n\tat com.grab.pax.gcm.GCMRegistrationService.onHandleWork(GCMRegistrationService.kt:107)\n\tat androidx.core.app.JobIntentService$a.a(JobIntentService.java:15)\n\tat androidx.core.app.JobIntentService$a.doInBackground(JobIntentService.java:3)\n\tat android.os.AsyncTask$3.call(AsyncTask.java:394)\n\tat java.util.concurrent.FutureTask.run(FutureTask.java:290)\n\tat java.util.concurrent.ThreadPoolExecutor.runWorker(ThreadPoolExecutor.java:1145)\n\tat java.util.concurrent.ThreadPoolExecutor$Worker.run(ThreadPoolExecutor.java:644)\n\tat java.lang.Thread.run(Thread.java:1012)\n",
    "is_privacy": false
},
{
    "type": "log",
    "source": "class",
    "method": "getInstance",
    "package_name": "com.moveit.app.customer",
    "class_name": "com.google.firebase.analytics.FirebaseAnalytics",
    "timestamp": 1728462342713,
    "ref": "<class: com.google.firebase.analytics.FirebaseAnalytics>",
    "arguments": "{\"0\":\"<instance: android.content.Context, $className: com.grab.pax.PaxApplication>\"}",
    "stack_trace": "java.lang.Exception\n\tat com.google.firebase.analytics.FirebaseAnalytics.getInstance(Native Method)\n\tat c.g.vj4.g(AppInfoUtil.kt:13)\n\tat c.g.vj4.d(AppInfoUtil.kt:1)\n\tat c.g.rj4.a(R8$$SyntheticClass:3)\n\tat c.g.alp1.A0(SingleCreate.java:11)\n\tat c.g.wjp1.a(Single.java:15)\n\tat c.g.ynp1$a.run(SingleSubscribeOn.java:3)\n\tat c.g.c9k1.b(ScheduledDirectTask.java:10)\n\tat c.g.c9k1.call(ScheduledDirectTask.java:1)\n\tat java.util.concurrent.FutureTask.run(FutureTask.java:290)\n\tat java.util.concurrent.ScheduledThreadPoolExecutor$ScheduledFutureTask.run(ScheduledThreadPoolExecutor.java:307)\n\tat java.util.concurrent.ThreadPoolExecutor.runWorker(ThreadPoolExecutor.java:1145)\n\tat java.util.concurrent.ThreadPoolExecutor$Worker.run(ThreadPoolExecutor.java:644)\n\tat java.lang.Thread.run(Thread.java:1012)\n",
    "is_privacy": false
},
{
    "type": "log",
    "source": "class",
    "method": "a",
    "package_name": "com.moveit.app.customer",
    "class_name": "com.google.firebase.analytics.FirebaseAnalytics",
    "timestamp": 1728462342724,
    "ref": "com.google.firebase.analytics.FirebaseAnalytics@e600c32",
    "arguments": "{}",
    "stack_trace": "java.lang.Exception\n\tat com.google.firebase.analytics.FirebaseAnalytics.a(Native Method)\n\tat c.g.vj4.g(AppInfoUtil.kt:17)\n\tat c.g.vj4.d(AppInfoUtil.kt:1)\n\tat c.g.rj4.a(R8$$SyntheticClass:3)\n\tat c.g.alp1.A0(SingleCreate.java:11)\n\tat c.g.wjp1.a(Single.java:15)\n\tat c.g.ynp1$a.run(SingleSubscribeOn.java:3)\n\tat c.g.c9k1.b(ScheduledDirectTask.java:10)\n\tat c.g.c9k1.call(ScheduledDirectTask.java:1)\n\tat java.util.concurrent.FutureTask.run(FutureTask.java:290)\n\tat java.util.concurrent.ScheduledThreadPoolExecutor$ScheduledFutureTask.run(ScheduledThreadPoolExecutor.java:307)\n\tat java.util.concurrent.ThreadPoolExecutor.runWorker(ThreadPoolExecutor.java:1145)\n\tat java.util.concurrent.ThreadPoolExecutor$Worker.run(ThreadPoolExecutor.java:644)\n\tat java.lang.Thread.run(Thread.java:1012)\n",
    "is_privacy": false
},
{
    "type": "log",
    "source": "class",
    "method": "c",
    "package_name": "com.moveit.app.customer",
    "class_name": "com.google.firebase.analytics.FirebaseAnalytics",
    "timestamp": 1728462342731,
    "ref": "<class: com.google.firebase.analytics.FirebaseAnalytics>",
    "arguments": "{\"0\":\"<instance: com.google.firebase.analytics.FirebaseAnalytics>\"}",
    "stack_trace": "java.lang.Exception\n\tat com.google.firebase.analytics.FirebaseAnalytics.c(Native Method)\n\tat com.google.firebase.analytics.b.call(com.google.android.gms:play-services-measurement-api@@19.0.0:3)\n\tat com.google.android.gms.tasks.zzz.run(com.google.android.gms:play-services-tasks@@18.0.2:5)\n\tat java.util.concurrent.ThreadPoolExecutor.runWorker(ThreadPoolExecutor.java:1145)\n\tat java.util.concurrent.ThreadPoolExecutor$Worker.run(ThreadPoolExecutor.java:644)\n\tat java.lang.Thread.run(Thread.java:1012)\n",
    "is_privacy": false
},
{
    "type": "log",
    "source": "class",
    "method": "getInstance",
    "package_name": "com.moveit.app.customer",
    "class_name": "com.google.firebase.analytics.FirebaseAnalytics",
    "timestamp": 1728462342742,
    "ref": "<class: com.google.firebase.analytics.FirebaseAnalytics>",
    "arguments": "{\"0\":\"<instance: android.content.Context, $className: com.grab.pax.PaxApplication>\"}",
    "stack_trace": "java.lang.Exception\n\tat com.google.firebase.analytics.FirebaseAnalytics.getInstance(Native Method)\n\tat java.lang.reflect.Method.invoke(Native Method)\n\tat m.oh.f(:com.google.android.gms.dynamite_measurementdynamite@240714038@24.07.14 (190400-0):63)\n\tat m.ev.run(:com.google.android.gms.dynamite_measurementdynamite@240714038@24.07.14 (190400-0):16)\n\tat java.util.concurrent.Executors$RunnableAdapter.call(Executors.java:487)\n\tat java.util.concurrent.FutureTask.run(FutureTask.java:290)\n\tat m.kt.run(:com.google.android.gms.dynamite_measurementdynamite@240714038@24.07.14 (190400-0):48)\n",
    "is_privacy": false
},
{
    "type": "log",
    "source": "class",
    "method": "getFirebaseInstanceId",
    "package_name": "com.moveit.app.customer",
    "class_name": "com.google.firebase.analytics.FirebaseAnalytics",
    "timestamp": 1728462342744,
    "ref": "com.google.firebase.analytics.FirebaseAnalytics@e600c32",
    "arguments": "{}",
    "stack_trace": "java.lang.Exception\n\tat com.google.firebase.analytics.FirebaseAnalytics.getFirebaseInstanceId(Native Method)\n\tat java.lang.reflect.Method.invoke(Native Method)\n\tat m.oh.f(:com.google.android.gms.dynamite_measurementdynamite@240714038@24.07.14 (190400-0):65)\n\tat m.ev.run(:com.google.android.gms.dynamite_measurementdynamite@240714038@24.07.14 (190400-0):16)\n\tat java.util.concurrent.Executors$RunnableAdapter.call(Executors.java:487)\n\tat java.util.concurrent.FutureTask.run(FutureTask.java:290)\n\tat m.kt.run(:com.google.android.gms.dynamite_measurementdynamite@240714038@24.07.14 (190400-0):48)\n",
    "is_privacy": false
},
{
    "type": "log",
    "source": "class",
    "method": "getInstance",
    "package_name": "com.moveit.app.customer",
    "class_name": "com.google.firebase.analytics.FirebaseAnalytics",
    "timestamp": 1728462347443,
    "ref": "<class: com.google.firebase.analytics.FirebaseAnalytics>",
    "arguments": "{\"0\":\"<instance: android.content.Context, $className: com.grab.pax.PaxApplication>\"}",
    "stack_trace": "java.lang.Exception\n\tat com.google.firebase.analytics.FirebaseAnalytics.getInstance(Native Method)\n\tat java.lang.reflect.Method.invoke(Native Method)\n\tat m.oh.f(:com.google.android.gms.dynamite_measurementdynamite@240714038@24.07.14 (190400-0):63)\n\tat m.mu.aa(:com.google.android.gms.dynamite_measurementdynamite@240714038@24.07.14 (190400-0):165)\n\tat m.mu.G(:com.google.android.gms.dynamite_measurementdynamite@240714038@24.07.14 (190400-0):32)\n\tat m.mu.F(:com.google.android.gms.dynamite_measurementdynamite@240714038@24.07.14 (190400-0):15)\n\tat m.oo.c(:com.google.android.gms.dynamite_measurementdynamite@240714038@24.07.14 (190400-0):133)\n\tat m.oq.q(:com.google.android.gms.dynamite_measurementdynamite@240714038@24.07.14 (190400-0):3)\n\tat m.nh.C(:com.google.android.gms.dynamite_measurementdynamite@240714038@24.07.14 (190400-0):26)\n\tat m.nf.run(:com.google.android.gms.dynamite_measurementdynamite@240714038@24.07.14 (190400-0):8)\n\tat java.util.concurrent.Executors$RunnableAdapter.call(Executors.java:487)\n\tat java.util.concurrent.FutureTask.run(FutureTask.java:290)\n\tat m.kt.run(:com.google.android.gms.dynamite_measurementdynamite@240714038@24.07.14 (190400-0):48)\n",
    "is_privacy": false
},
{
    "type": "log",
    "source": "class",
    "method": "getFirebaseInstanceId",
    "package_name": "com.moveit.app.customer",
    "class_name": "com.google.firebase.analytics.FirebaseAnalytics",
    "timestamp": 1728462347449,
    "ref": "com.google.firebase.analytics.FirebaseAnalytics@e600c32",
    "arguments": "{}",
    "stack_trace": "java.lang.Exception\n\tat com.google.firebase.analytics.FirebaseAnalytics.getFirebaseInstanceId(Native Method)\n\tat java.lang.reflect.Method.invoke(Native Method)\n\tat m.oh.f(:com.google.android.gms.dynamite_measurementdynamite@240714038@24.07.14 (190400-0):65)\n\tat m.mu.aa(:com.google.android.gms.dynamite_measurementdynamite@240714038@24.07.14 (190400-0):165)\n\tat m.mu.G(:com.google.android.gms.dynamite_measurementdynamite@240714038@24.07.14 (190400-0):32)\n\tat m.mu.F(:com.google.android.gms.dynamite_measurementdynamite@240714038@24.07.14 (190400-0):15)\n\tat m.oo.c(:com.google.android.gms.dynamite_measurementdynamite@240714038@24.07.14 (190400-0):133)\n\tat m.oq.q(:com.google.android.gms.dynamite_measurementdynamite@240714038@24.07.14 (190400-0):3)\n\tat m.nh.C(:com.google.android.gms.dynamite_measurementdynamite@240714038@24.07.14 (190400-0):26)\n\tat m.nf.run(:com.google.android.gms.dynamite_measurementdynamite@240714038@24.07.14 (190400-0):8)\n\tat java.util.concurrent.Executors$RunnableAdapter.call(Executors.java:487)\n\tat java.util.concurrent.FutureTask.run(FutureTask.java:290)\n\tat m.kt.run(:com.google.android.gms.dynamite_measurementdynamite@240714038@24.07.14 (190400-0):48)\n",
    "is_privacy": false
},
