{
    "type": "log",
    "source": "class",
    "method": "getInstance",
    "package_name": "com.fawazapp.blackhole",
    "class_name": "com.google.firebase.analytics.FirebaseAnalytics",
    "timestamp": 1728460560475,
    "ref": "<class: com.google.firebase.analytics.FirebaseAnalytics>",
    "arguments": "{\"0\":\"<instance: android.content.Context, $className: android.app.Application>\"}",
    "stack_trace": "java.lang.Exception\n\tat com.google.firebase.analytics.FirebaseAnalytics.getInstance(Native Method)\n\tat java.lang.reflect.Method.invoke(Native Method)\n\tat m.oh.f(:com.google.android.gms.dynamite_measurementdynamite@240714038@24.07.14 (190400-0):63)\n\tat m.mu.s(:com.google.android.gms.dynamite_measurementdynamite@240714038@24.07.14 (190400-0):82)\n\tat m.kx.run(:com.google.android.gms.dynamite_measurementdynamite@240714038@24.07.14 (190400-0):1955)\n\tat java.util.concurrent.Executors$RunnableAdapter.call(Executors.java:487)\n\tat java.util.concurrent.FutureTask.run(FutureTask.java:290)\n\tat m.kt.run(:com.google.android.gms.dynamite_measurementdynamite@240714038@24.07.14 (190400-0):48)\n",
    "is_privacy": false
},
{
    "type": "log",
    "source": "class",
    "method": "getFirebaseInstanceId",
    "package_name": "com.fawazapp.blackhole",
    "class_name": "com.google.firebase.analytics.FirebaseAnalytics",
    "timestamp": 1728460560480,
    "ref": "com.google.firebase.analytics.FirebaseAnalytics@77cb770",
    "arguments": "{}",
    "stack_trace": "java.lang.Exception\n\tat com.google.firebase.analytics.FirebaseAnalytics.getFirebaseInstanceId(Native Method)\n\tat java.lang.reflect.Method.invoke(Native Method)\n\tat m.oh.f(:com.google.android.gms.dynamite_measurementdynamite@240714038@24.07.14 (190400-0):65)\n\tat m.mu.s(:com.google.android.gms.dynamite_measurementdynamite@240714038@24.07.14 (190400-0):82)\n\tat m.kx.run(:com.google.android.gms.dynamite_measurementdynamite@240714038@24.07.14 (190400-0):1955)\n\tat java.util.concurrent.Executors$RunnableAdapter.call(Executors.java:487)\n\tat java.util.concurrent.FutureTask.run(FutureTask.java:290)\n\tat m.kt.run(:com.google.android.gms.dynamite_measurementdynamite@240714038@24.07.14 (190400-0):48)\n",
    "is_privacy": false
},
{
    "type": "log",
    "source": "class",
    "method": "getInstance",
    "package_name": "com.fawazapp.blackhole",
    "class_name": "com.google.firebase.analytics.FirebaseAnalytics",
    "timestamp": 1728460560536,
    "ref": "<class: com.google.firebase.analytics.FirebaseAnalytics>",
    "arguments": "{\"0\":\"<instance: android.content.Context, $className: android.app.Application>\"}",
    "stack_trace": "java.lang.Exception\n\tat com.google.firebase.analytics.FirebaseAnalytics.getInstance(Native Method)\n\tat java.lang.reflect.Method.invoke(Native Method)\n\tat m.oh.f(:com.google.android.gms.dynamite_measurementdynamite@240714038@24.07.14 (190400-0):63)\n\tat m.mu.W(:com.google.android.gms.dynamite_measurementdynamite@240714038@24.07.14 (190400-0):206)\n\tat m.op.a(:com.google.android.gms.dynamite_measurementdynamite@240714038@24.07.14 (190400-0):70)\n\tat m.kx.run(:com.google.android.gms.dynamite_measurementdynamite@240714038@24.07.14 (190400-0):2031)\n\tat java.util.concurrent.Executors$RunnableAdapter.call(Executors.java:487)\n\tat java.util.concurrent.FutureTask.run(FutureTask.java:290)\n\tat m.kt.run(:com.google.android.gms.dynamite_measurementdynamite@240714038@24.07.14 (190400-0):48)\n",
    "is_privacy": false
},
{
    "type": "log",
    "source": "class",
    "method": "getFirebaseInstanceId",
    "package_name": "com.fawazapp.blackhole",
    "class_name": "com.google.firebase.analytics.FirebaseAnalytics",
    "timestamp": 1728460560539,
    "ref": "com.google.firebase.analytics.FirebaseAnalytics@77cb770",
    "arguments": "{}",
    "stack_trace": "java.lang.Exception\n\tat com.google.firebase.analytics.FirebaseAnalytics.getFirebaseInstanceId(Native Method)\n\tat java.lang.reflect.Method.invoke(Native Method)\n\tat m.oh.f(:com.google.android.gms.dynamite_measurementdynamite@240714038@24.07.14 (190400-0):65)\n\tat m.mu.W(:com.google.android.gms.dynamite_measurementdynamite@240714038@24.07.14 (190400-0):206)\n\tat m.op.a(:com.google.android.gms.dynamite_measurementdynamite@240714038@24.07.14 (190400-0):70)\n\tat m.kx.run(:com.google.android.gms.dynamite_measurementdynamite@240714038@24.07.14 (190400-0):2031)\n\tat java.util.concurrent.Executors$RunnableAdapter.call(Executors.java:487)\n\tat java.util.concurrent.FutureTask.run(FutureTask.java:290)\n\tat m.kt.run(:com.google.android.gms.dynamite_measurementdynamite@240714038@24.07.14 (190400-0):48)\n",
    "is_privacy": false
},
{
    "type": "log",
    "source": "class",
    "method": "getInstance",
    "package_name": "com.fawazapp.blackhole",
    "class_name": "com.google.firebase.analytics.FirebaseAnalytics",
    "timestamp": 1728460560594,
    "ref": "<class: com.google.firebase.analytics.FirebaseAnalytics>",
    "arguments": "{\"0\":\"<instance: android.content.Context, $className: android.app.Application>\"}",
    "stack_trace": "java.lang.Exception\n\tat com.google.firebase.analytics.FirebaseAnalytics.getInstance(Native Method)\n\tat java.lang.reflect.Method.invoke(Native Method)\n\tat m.oh.f(:com.google.android.gms.dynamite_measurementdynamite@240714038@24.07.14 (190400-0):63)\n\tat m.mu.aa(:com.google.android.gms.dynamite_measurementdynamite@240714038@24.07.14 (190400-0):165)\n\tat m.mu.G(:com.google.android.gms.dynamite_measurementdynamite@240714038@24.07.14 (190400-0):32)\n\tat m.op.a(:com.google.android.gms.dynamite_measurementdynamite@240714038@24.07.14 (190400-0):125)\n\tat m.kx.run(:com.google.android.gms.dynamite_measurementdynamite@240714038@24.07.14 (190400-0):2031)\n\tat java.util.concurrent.Executors$RunnableAdapter.call(Executors.java:487)\n\tat java.util.concurrent.FutureTask.run(FutureTask.java:290)\n\tat m.kt.run(:com.google.android.gms.dynamite_measurementdynamite@240714038@24.07.14 (190400-0):48)\n",
    "is_privacy": false
},
{
    "type": "log",
    "source": "class",
    "method": "getFirebaseInstanceId",
    "package_name": "com.fawazapp.blackhole",
    "class_name": "com.google.firebase.analytics.FirebaseAnalytics",
    "timestamp": 1728460560596,
    "ref": "com.google.firebase.analytics.FirebaseAnalytics@77cb770",
    "arguments": "{}",
    "stack_trace": "java.lang.Exception\n\tat com.google.firebase.analytics.FirebaseAnalytics.getFirebaseInstanceId(Native Method)\n\tat java.lang.reflect.Method.invoke(Native Method)\n\tat m.oh.f(:com.google.android.gms.dynamite_measurementdynamite@240714038@24.07.14 (190400-0):65)\n\tat m.mu.aa(:com.google.android.gms.dynamite_measurementdynamite@240714038@24.07.14 (190400-0):165)\n\tat m.mu.G(:com.google.android.gms.dynamite_measurementdynamite@240714038@24.07.14 (190400-0):32)\n\tat m.op.a(:com.google.android.gms.dynamite_measurementdynamite@240714038@24.07.14 (190400-0):125)\n\tat m.kx.run(:com.google.android.gms.dynamite_measurementdynamite@240714038@24.07.14 (190400-0):2031)\n\tat java.util.concurrent.Executors$RunnableAdapter.call(Executors.java:487)\n\tat java.util.concurrent.FutureTask.run(FutureTask.java:290)\n\tat m.kt.run(:com.google.android.gms.dynamite_measurementdynamite@240714038@24.07.14 (190400-0):48)\n",
    "is_privacy": false
},
{
    "type": "log",
    "source": "class",
    "method": "getInstance",
    "package_name": "com.fawazapp.blackhole",
    "class_name": "com.google.firebase.analytics.FirebaseAnalytics",
    "timestamp": 1728460560611,
    "ref": "<class: com.google.firebase.analytics.FirebaseAnalytics>",
    "arguments": "{\"0\":\"<instance: android.content.Context, $className: android.app.Application>\"}",
    "stack_trace": "java.lang.Exception\n\tat com.google.firebase.analytics.FirebaseAnalytics.getInstance(Native Method)\n\tat java.lang.reflect.Method.invoke(Native Method)\n\tat m.oh.f(:com.google.android.gms.dynamite_measurementdynamite@240714038@24.07.14 (190400-0):63)\n\tat m.oh.s(:com.google.android.gms.dynamite_measurementdynamite@240714038@24.07.14 (190400-0):8)\n\tat m.kx.run(:com.google.android.gms.dynamite_measurementdynamite@240714038@24.07.14 (190400-0):2043)\n\tat java.util.concurrent.Executors$RunnableAdapter.call(Executors.java:487)\n\tat java.util.concurrent.FutureTask.run(FutureTask.java:290)\n\tat m.kt.run(:com.google.android.gms.dynamite_measurementdynamite@240714038@24.07.14 (190400-0):48)\n",
    "is_privacy": false
},
{
    "type": "log",
    "source": "class",
    "method": "getFirebaseInstanceId",
    "package_name": "com.fawazapp.blackhole",
    "class_name": "com.google.firebase.analytics.FirebaseAnalytics",
    "timestamp": 1728460560613,
    "ref": "com.google.firebase.analytics.FirebaseAnalytics@77cb770",
    "arguments": "{}",
    "stack_trace": "java.lang.Exception\n\tat com.google.firebase.analytics.FirebaseAnalytics.getFirebaseInstanceId(Native Method)\n\tat java.lang.reflect.Method.invoke(Native Method)\n\tat m.oh.f(:com.google.android.gms.dynamite_measurementdynamite@240714038@24.07.14 (190400-0):65)\n\tat m.oh.s(:com.google.android.gms.dynamite_measurementdynamite@240714038@24.07.14 (190400-0):8)\n\tat m.kx.run(:com.google.android.gms.dynamite_measurementdynamite@240714038@24.07.14 (190400-0):2043)\n\tat java.util.concurrent.Executors$RunnableAdapter.call(Executors.java:487)\n\tat java.util.concurrent.FutureTask.run(FutureTask.java:290)\n\tat m.kt.run(:com.google.android.gms.dynamite_measurementdynamite@240714038@24.07.14 (190400-0):48)\n",
    "is_privacy": false
},
{
    "type": "log",
    "source": "class",
    "method": "getInstance",
    "package_name": "com.fawazapp.blackhole",
    "class_name": "com.google.firebase.analytics.FirebaseAnalytics",
    "timestamp": 1728460560628,
    "ref": "<class: com.google.firebase.analytics.FirebaseAnalytics>",
    "arguments": "{\"0\":\"<instance: android.content.Context, $className: android.app.Application>\"}",
    "stack_trace": "java.lang.Exception\n\tat com.google.firebase.analytics.FirebaseAnalytics.getInstance(Native Method)\n\tat java.lang.reflect.Method.invoke(Native Method)\n\tat m.oh.f(:com.google.android.gms.dynamite_measurementdynamite@240714038@24.07.14 (190400-0):63)\n\tat m.oh.G(:com.google.android.gms.dynamite_measurementdynamite@240714038@24.07.14 (190400-0):8)\n\tat m.kx.run(:com.google.android.gms.dynamite_measurementdynamite@240714038@24.07.14 (190400-0):2060)\n\tat java.util.concurrent.Executors$RunnableAdapter.call(Executors.java:487)\n\tat java.util.concurrent.FutureTask.run(FutureTask.java:290)\n\tat m.kt.run(:com.google.android.gms.dynamite_measurementdynamite@240714038@24.07.14 (190400-0):48)\n",
    "is_privacy": false
},
{
    "type": "log",
    "source": "class",
    "method": "getFirebaseInstanceId",
    "package_name": "com.fawazapp.blackhole",
    "class_name": "com.google.firebase.analytics.FirebaseAnalytics",
    "timestamp": 1728460560630,
    "ref": "com.google.firebase.analytics.FirebaseAnalytics@77cb770",
    "arguments": "{}",
    "stack_trace": "java.lang.Exception\n\tat com.google.firebase.analytics.FirebaseAnalytics.getFirebaseInstanceId(Native Method)\n\tat java.lang.reflect.Method.invoke(Native Method)\n\tat m.oh.f(:com.google.android.gms.dynamite_measurementdynamite@240714038@24.07.14 (190400-0):65)\n\tat m.oh.G(:com.google.android.gms.dynamite_measurementdynamite@240714038@24.07.14 (190400-0):8)\n\tat m.kx.run(:com.google.android.gms.dynamite_measurementdynamite@240714038@24.07.14 (190400-0):2060)\n\tat java.util.concurrent.Executors$RunnableAdapter.call(Executors.java:487)\n\tat java.util.concurrent.FutureTask.run(FutureTask.java:290)\n\tat m.kt.run(:com.google.android.gms.dynamite_measurementdynamite@240714038@24.07.14 (190400-0):48)\n",
    "is_privacy": false
},
{
    "type": "log",
    "source": "class",
    "method": "getInstance",
    "package_name": "com.fawazapp.blackhole",
    "class_name": "com.applovin.sdk.AppLovinSdk",
    "timestamp": 1728460560771,
    "ref": "<class: com.applovin.sdk.AppLovinSdk>",
    "arguments": "{\"0\":\"<instance: android.content.Context, $className: com.fawazapp.blackhole.Home>\"}",
    "stack_trace": "java.lang.Exception\n\tat com.applovin.sdk.AppLovinSdk.getInstance(Native Method)\n\tat com.applovin.mediation.ads.MaxInterstitialAd.<init>(SourceFile:1)\n\tat com.fawazapp.blackhole.Home.onCreate(SourceFile:599)\n\tat android.app.Activity.performCreate(Activity.java:8780)\n\tat android.app.Activity.performCreate(Activity.java:8752)\n\tat android.app.Instrumentation.callActivityOnCreate(Instrumentation.java:1475)\n\tat android.app.ActivityThread.performLaunchActivity(ActivityThread.java:4067)\n\tat android.app.ActivityThread.handleLaunchActivity(ActivityThread.java:4243)\n\tat android.app.servertransaction.LaunchActivityItem.execute(LaunchActivityItem.java:114)\n\tat android.app.servertransaction.TransactionExecutor.executeCallbacks(TransactionExecutor.java:144)\n\tat android.app.servertransaction.TransactionExecutor.execute(TransactionExecutor.java:101)\n\tat android.app.ActivityThread$H.handleMessage(ActivityThread.java:2705)\n\tat android.os.Handler.dispatchMessage(Handler.java:106)\n\tat android.os.Looper.loopOnce(Looper.java:255)\n\tat android.os.Looper.loop(Looper.java:364)\n\tat android.app.ActivityThread.main(ActivityThread.java:8938)\n\tat java.lang.reflect.Method.invoke(Native Method)\n\tat com.android.internal.os.RuntimeInit$MethodAndArgsCaller.run(RuntimeInit.java:572)\n\tat com.android.internal.os.ZygoteInit.main(ZygoteInit.java:1053)\n",
    "is_privacy": false
},
{
    "type": "log",
    "source": "class",
    "method": "getInstance",
    "package_name": "com.fawazapp.blackhole",
    "class_name": "com.applovin.sdk.AppLovinSdk",
    "timestamp": 1728460560774,
    "ref": "<class: com.applovin.sdk.AppLovinSdk>",
    "arguments": "{\"0\":\"<instance: com.applovin.sdk.AppLovinSdkSettings, $className: com.applovin.sdk.AppLovinSdk$a>\",\"1\":\"<instance: android.content.Context, $className: com.fawazapp.blackhole.Home>\"}",
    "stack_trace": "java.lang.Exception\n\tat com.applovin.sdk.AppLovinSdk.getInstance(Native Method)\n\tat com.applovin.sdk.AppLovinSdk.getInstance(SourceFile:1)\n\tat com.applovin.sdk.AppLovinSdk.getInstance(Native Method)\n\tat com.applovin.mediation.ads.MaxInterstitialAd.<init>(SourceFile:1)\n\tat com.fawazapp.blackhole.Home.onCreate(SourceFile:599)\n\tat android.app.Activity.performCreate(Activity.java:8780)\n\tat android.app.Activity.performCreate(Activity.java:8752)\n\tat android.app.Instrumentation.callActivityOnCreate(Instrumentation.java:1475)\n\tat android.app.ActivityThread.performLaunchActivity(ActivityThread.java:4067)\n\tat android.app.ActivityThread.handleLaunchActivity(ActivityThread.java:4243)\n\tat android.app.servertransaction.LaunchActivityItem.execute(LaunchActivityItem.java:114)\n\tat android.app.servertransaction.TransactionExecutor.executeCallbacks(TransactionExecutor.java:144)\n\tat android.app.servertransaction.TransactionExecutor.execute(TransactionExecutor.java:101)\n\tat android.app.ActivityThread$H.handleMessage(ActivityThread.java:2705)\n\tat android.os.Handler.dispatchMessage(Handler.java:106)\n\tat android.os.Looper.loopOnce(Looper.java:255)\n\tat android.os.Looper.loop(Looper.java:364)\n\tat android.app.ActivityThread.main(ActivityThread.java:8938)\n\tat java.lang.reflect.Method.invoke(Native Method)\n\tat com.android.internal.os.RuntimeInit$MethodAndArgsCaller.run(RuntimeInit.java:572)\n\tat com.android.internal.os.ZygoteInit.main(ZygoteInit.java:1053)\n",
    "is_privacy": false
},
{
    "type": "log",
    "source": "class",
    "method": "getInstance",
    "package_name": "com.fawazapp.blackhole",
    "class_name": "com.applovin.sdk.AppLovinSdk",
    "timestamp": 1728460560776,
    "ref": "<class: com.applovin.sdk.AppLovinSdk>",
    "arguments": "{\"0\":\"5X3OifxF5L3TMTZIG4mx7oNO_qx1BPH5LFquNgII3ut17wPfebLJgW0V66KU3K8aAznZyr4cpTb7QHKDbOTwbd\",\"1\":\"<instance: com.applovin.sdk.AppLovinSdkSettings, $className: com.applovin.sdk.AppLovinSdk$a>\",\"2\":\"<instance: android.content.Context, $className: com.fawazapp.blackhole.Home>\"}",
    "stack_trace": "java.lang.Exception\n\tat com.applovin.sdk.AppLovinSdk.getInstance(Native Method)\n\tat com.applovin.sdk.AppLovinSdk.getInstance(SourceFile:3)\n\tat com.applovin.sdk.AppLovinSdk.getInstance(Native Method)\n\tat com.applovin.sdk.AppLovinSdk.getInstance(SourceFile:1)\n\tat com.applovin.sdk.AppLovinSdk.getInstance(Native Method)\n\tat com.applovin.mediation.ads.MaxInterstitialAd.<init>(SourceFile:1)\n\tat com.fawazapp.blackhole.Home.onCreate(SourceFile:599)\n\tat android.app.Activity.performCreate(Activity.java:8780)\n\tat android.app.Activity.performCreate(Activity.java:8752)\n\tat android.app.Instrumentation.callActivityOnCreate(Instrumentation.java:1475)\n\tat android.app.ActivityThread.performLaunchActivity(ActivityThread.java:4067)\n\tat android.app.ActivityThread.handleLaunchActivity(ActivityThread.java:4243)\n\tat android.app.servertransaction.LaunchActivityItem.execute(LaunchActivityItem.java:114)\n\tat android.app.servertransaction.TransactionExecutor.executeCallbacks(TransactionExecutor.java:144)\n\tat android.app.servertransaction.TransactionExecutor.execute(TransactionExecutor.java:101)\n\tat android.app.ActivityThread$H.handleMessage(ActivityThread.java:2705)\n\tat android.os.Handler.dispatchMessage(Handler.java:106)\n\tat android.os.Looper.loopOnce(Looper.java:255)\n\tat android.os.Looper.loop(Looper.java:364)\n\tat android.app.ActivityThread.main(ActivityThread.java:8938)\n\tat java.lang.reflect.Method.invoke(Native Method)\n\tat com.android.internal.os.RuntimeInit$MethodAndArgsCaller.run(RuntimeInit.java:572)\n\tat com.android.internal.os.ZygoteInit.main(ZygoteInit.java:1053)\n",
    "is_privacy": false
},
