{
    "type": "log",
    "source": "class",
    "method": "getInstance",
    "package_name": "com.fenceshow.mobileApp",
    "class_name": "com.google.firebase.analytics.FirebaseAnalytics",
    "timestamp": 1728460024155,
    "ref": "<class: com.google.firebase.analytics.FirebaseAnalytics>",
    "arguments": "{\"0\":\"<instance: android.content.Context, $className: android.app.Application>\"}",
    "stack_trace": "java.lang.Exception\n\tat com.google.firebase.analytics.FirebaseAnalytics.getInstance(Native Method)\n\tat java.lang.reflect.Method.invoke(Native Method)\n\tat com.google.android.gms.measurement.internal.P1.B(Unknown Source:229)\n\tat com.google.android.gms.measurement.internal.G3.j0(Unknown Source:16)\n\tat com.google.android.gms.measurement.internal.G3.X(Unknown Source:7)\n\tat com.google.android.gms.measurement.internal.Z2.n0(Unknown Source:69)\n\tat com.google.android.gms.measurement.internal.D2.e(Unknown Source:1124)\n\tat com.google.android.gms.measurement.internal.b3.run(Unknown Source:397)\n\tat java.util.concurrent.Executors$RunnableAdapter.call(Executors.java:487)\n\tat java.util.concurrent.FutureTask.run(FutureTask.java:290)\n\tat com.google.android.gms.measurement.internal.A2.run(Unknown Source:48)\n",
    "is_privacy": false
},
{
    "type": "log",
    "source": "class",
    "method": "getFirebaseInstanceId",
    "package_name": "com.fenceshow.mobileApp",
    "class_name": "com.google.firebase.analytics.FirebaseAnalytics",
    "timestamp": 1728460024159,
    "ref": "com.google.firebase.analytics.FirebaseAnalytics@f81057c",
    "arguments": "{}",
    "stack_trace": "java.lang.Exception\n\tat com.google.firebase.analytics.FirebaseAnalytics.getFirebaseInstanceId(Native Method)\n\tat java.lang.reflect.Method.invoke(Native Method)\n\tat com.google.android.gms.measurement.internal.P1.B(Unknown Source:246)\n\tat com.google.android.gms.measurement.internal.G3.j0(Unknown Source:16)\n\tat com.google.android.gms.measurement.internal.G3.X(Unknown Source:7)\n\tat com.google.android.gms.measurement.internal.Z2.n0(Unknown Source:69)\n\tat com.google.android.gms.measurement.internal.D2.e(Unknown Source:1124)\n\tat com.google.android.gms.measurement.internal.b3.run(Unknown Source:397)\n\tat java.util.concurrent.Executors$RunnableAdapter.call(Executors.java:487)\n\tat java.util.concurrent.FutureTask.run(FutureTask.java:290)\n\tat com.google.android.gms.measurement.internal.A2.run(Unknown Source:48)\n",
    "is_privacy": false
},
{
    "type": "log",
    "source": "class",
    "method": "getInstance",
    "package_name": "com.fenceshow.mobileApp",
    "class_name": "com.google.firebase.analytics.FirebaseAnalytics",
    "timestamp": 1728460024220,
    "ref": "<class: com.google.firebase.analytics.FirebaseAnalytics>",
    "arguments": "{\"0\":\"<instance: android.content.Context, $className: android.app.Application>\"}",
    "stack_trace": "java.lang.Exception\n\tat com.google.firebase.analytics.FirebaseAnalytics.getInstance(Native Method)\n\tat java.lang.reflect.Method.invoke(Native Method)\n\tat com.google.android.gms.measurement.internal.P1.B(Unknown Source:229)\n\tat com.google.android.gms.measurement.internal.G3.j0(Unknown Source:16)\n\tat com.google.android.gms.measurement.internal.G3.M(Unknown Source:15)\n\tat com.google.android.gms.measurement.internal.Z2.Y(Unknown Source:136)\n\tat com.google.android.gms.measurement.internal.e4.c(Unknown Source:73)\n\tat com.google.android.gms.measurement.internal.e4.a(Unknown Source:80)\n\tat com.google.android.gms.measurement.internal.D2.e(Unknown Source:1134)\n\tat com.google.android.gms.measurement.internal.b3.run(Unknown Source:397)\n\tat java.util.concurrent.Executors$RunnableAdapter.call(Executors.java:487)\n\tat java.util.concurrent.FutureTask.run(FutureTask.java:290)\n\tat com.google.android.gms.measurement.internal.A2.run(Unknown Source:48)\n",
    "is_privacy": false
},
{
    "type": "log",
    "source": "class",
    "method": "getFirebaseInstanceId",
    "package_name": "com.fenceshow.mobileApp",
    "class_name": "com.google.firebase.analytics.FirebaseAnalytics",
    "timestamp": 1728460024223,
    "ref": "com.google.firebase.analytics.FirebaseAnalytics@f81057c",
    "arguments": "{}",
    "stack_trace": "java.lang.Exception\n\tat com.google.firebase.analytics.FirebaseAnalytics.getFirebaseInstanceId(Native Method)\n\tat java.lang.reflect.Method.invoke(Native Method)\n\tat com.google.android.gms.measurement.internal.P1.B(Unknown Source:246)\n\tat com.google.android.gms.measurement.internal.G3.j0(Unknown Source:16)\n\tat com.google.android.gms.measurement.internal.G3.M(Unknown Source:15)\n\tat com.google.android.gms.measurement.internal.Z2.Y(Unknown Source:136)\n\tat com.google.android.gms.measurement.internal.e4.c(Unknown Source:73)\n\tat com.google.android.gms.measurement.internal.e4.a(Unknown Source:80)\n\tat com.google.android.gms.measurement.internal.D2.e(Unknown Source:1134)\n\tat com.google.android.gms.measurement.internal.b3.run(Unknown Source:397)\n\tat java.util.concurrent.Executors$RunnableAdapter.call(Executors.java:487)\n\tat java.util.concurrent.FutureTask.run(FutureTask.java:290)\n\tat com.google.android.gms.measurement.internal.A2.run(Unknown Source:48)\n",
    "is_privacy": false
},
{
    "type": "log",
    "source": "class",
    "method": "getInstance",
    "package_name": "com.fenceshow.mobileApp",
    "class_name": "com.google.firebase.analytics.FirebaseAnalytics",
    "timestamp": 1728460024255,
    "ref": "<class: com.google.firebase.analytics.FirebaseAnalytics>",
    "arguments": "{\"0\":\"<instance: android.content.Context, $className: android.app.Application>\"}",
    "stack_trace": "java.lang.Exception\n\tat com.google.firebase.analytics.FirebaseAnalytics.getInstance(Native Method)\n\tat java.lang.reflect.Method.invoke(Native Method)\n\tat com.google.android.gms.measurement.internal.P1.B(Unknown Source:229)\n\tat com.google.android.gms.measurement.internal.G3.j0(Unknown Source:16)\n\tat com.google.android.gms.measurement.internal.G3.I(Unknown Source:15)\n\tat com.google.android.gms.measurement.internal.Z2.V(Unknown Source:1128)\n\tat com.google.android.gms.measurement.internal.Z2.c0(Unknown Source:28)\n\tat com.google.android.gms.measurement.internal.e4.c(Unknown Source:122)\n\tat com.google.android.gms.measurement.internal.e4.a(Unknown Source:80)\n\tat com.google.android.gms.measurement.internal.D2.e(Unknown Source:1134)\n\tat com.google.android.gms.measurement.internal.b3.run(Unknown Source:397)\n\tat java.util.concurrent.Executors$RunnableAdapter.call(Executors.java:487)\n\tat java.util.concurrent.FutureTask.run(FutureTask.java:290)\n\tat com.google.android.gms.measurement.internal.A2.run(Unknown Source:48)\n",
    "is_privacy": false
},
{
    "type": "log",
    "source": "class",
    "method": "getFirebaseInstanceId",
    "package_name": "com.fenceshow.mobileApp",
    "class_name": "com.google.firebase.analytics.FirebaseAnalytics",
    "timestamp": 1728460024259,
    "ref": "com.google.firebase.analytics.FirebaseAnalytics@f81057c",
    "arguments": "{}",
    "stack_trace": "java.lang.Exception\n\tat com.google.firebase.analytics.FirebaseAnalytics.getFirebaseInstanceId(Native Method)\n\tat java.lang.reflect.Method.invoke(Native Method)\n\tat com.google.android.gms.measurement.internal.P1.B(Unknown Source:246)\n\tat com.google.android.gms.measurement.internal.G3.j0(Unknown Source:16)\n\tat com.google.android.gms.measurement.internal.G3.I(Unknown Source:15)\n\tat com.google.android.gms.measurement.internal.Z2.V(Unknown Source:1128)\n\tat com.google.android.gms.measurement.internal.Z2.c0(Unknown Source:28)\n\tat com.google.android.gms.measurement.internal.e4.c(Unknown Source:122)\n\tat com.google.android.gms.measurement.internal.e4.a(Unknown Source:80)\n\tat com.google.android.gms.measurement.internal.D2.e(Unknown Source:1134)\n\tat com.google.android.gms.measurement.internal.b3.run(Unknown Source:397)\n\tat java.util.concurrent.Executors$RunnableAdapter.call(Executors.java:487)\n\tat java.util.concurrent.FutureTask.run(FutureTask.java:290)\n\tat com.google.android.gms.measurement.internal.A2.run(Unknown Source:48)\n",
    "is_privacy": false
},
{
    "type": "log",
    "source": "class",
    "method": "getInstance",
    "package_name": "com.fenceshow.mobileApp",
    "class_name": "com.google.firebase.analytics.FirebaseAnalytics",
    "timestamp": 1728460024276,
    "ref": "<class: com.google.firebase.analytics.FirebaseAnalytics>",
    "arguments": "{\"0\":\"<instance: android.content.Context, $className: android.app.Application>\"}",
    "stack_trace": "java.lang.Exception\n\tat com.google.firebase.analytics.FirebaseAnalytics.getInstance(Native Method)\n\tat java.lang.reflect.Method.invoke(Native Method)\n\tat com.google.android.gms.measurement.internal.P1.B(Unknown Source:229)\n\tat com.google.android.gms.measurement.internal.G3.j0(Unknown Source:16)\n\tat com.google.android.gms.measurement.internal.G3.Q(Unknown Source:7)\n\tat com.google.android.gms.measurement.internal.D2.e(Unknown Source:1146)\n\tat com.google.android.gms.measurement.internal.b3.run(Unknown Source:397)\n\tat java.util.concurrent.Executors$RunnableAdapter.call(Executors.java:487)\n\tat java.util.concurrent.FutureTask.run(FutureTask.java:290)\n\tat com.google.android.gms.measurement.internal.A2.run(Unknown Source:48)\n",
    "is_privacy": false
},
{
    "type": "log",
    "source": "class",
    "method": "getFirebaseInstanceId",
    "package_name": "com.fenceshow.mobileApp",
    "class_name": "com.google.firebase.analytics.FirebaseAnalytics",
    "timestamp": 1728460024279,
    "ref": "com.google.firebase.analytics.FirebaseAnalytics@f81057c",
    "arguments": "{}",
    "stack_trace": "java.lang.Exception\n\tat com.google.firebase.analytics.FirebaseAnalytics.getFirebaseInstanceId(Native Method)\n\tat java.lang.reflect.Method.invoke(Native Method)\n\tat com.google.android.gms.measurement.internal.P1.B(Unknown Source:246)\n\tat com.google.android.gms.measurement.internal.G3.j0(Unknown Source:16)\n\tat com.google.android.gms.measurement.internal.G3.Q(Unknown Source:7)\n\tat com.google.android.gms.measurement.internal.D2.e(Unknown Source:1146)\n\tat com.google.android.gms.measurement.internal.b3.run(Unknown Source:397)\n\tat java.util.concurrent.Executors$RunnableAdapter.call(Executors.java:487)\n\tat java.util.concurrent.FutureTask.run(FutureTask.java:290)\n\tat com.google.android.gms.measurement.internal.A2.run(Unknown Source:48)\n",
    "is_privacy": false
},
{
    "type": "log",
    "source": "class",
    "method": "getInstance",
    "package_name": "com.fenceshow.mobileApp",
    "class_name": "com.google.firebase.analytics.FirebaseAnalytics",
    "timestamp": 1728460024293,
    "ref": "<class: com.google.firebase.analytics.FirebaseAnalytics>",
    "arguments": "{\"0\":\"<instance: android.content.Context, $className: android.app.Application>\"}",
    "stack_trace": "java.lang.Exception\n\tat com.google.firebase.analytics.FirebaseAnalytics.getInstance(Native Method)\n\tat java.lang.reflect.Method.invoke(Native Method)\n\tat com.google.android.gms.measurement.internal.P1.B(Unknown Source:229)\n\tat com.google.android.gms.measurement.internal.G3.j0(Unknown Source:16)\n\tat com.google.android.gms.measurement.internal.G3.E(Unknown Source:7)\n\tat com.google.android.gms.measurement.internal.D2.e(Unknown Source:1159)\n\tat com.google.android.gms.measurement.internal.b3.run(Unknown Source:397)\n\tat java.util.concurrent.Executors$RunnableAdapter.call(Executors.java:487)\n\tat java.util.concurrent.FutureTask.run(FutureTask.java:290)\n\tat com.google.android.gms.measurement.internal.A2.run(Unknown Source:48)\n",
    "is_privacy": false
},
{
    "type": "log",
    "source": "class",
    "method": "getFirebaseInstanceId",
    "package_name": "com.fenceshow.mobileApp",
    "class_name": "com.google.firebase.analytics.FirebaseAnalytics",
    "timestamp": 1728460024295,
    "ref": "com.google.firebase.analytics.FirebaseAnalytics@f81057c",
    "arguments": "{}",
    "stack_trace": "java.lang.Exception\n\tat com.google.firebase.analytics.FirebaseAnalytics.getFirebaseInstanceId(Native Method)\n\tat java.lang.reflect.Method.invoke(Native Method)\n\tat com.google.android.gms.measurement.internal.P1.B(Unknown Source:246)\n\tat com.google.android.gms.measurement.internal.G3.j0(Unknown Source:16)\n\tat com.google.android.gms.measurement.internal.G3.E(Unknown Source:7)\n\tat com.google.android.gms.measurement.internal.D2.e(Unknown Source:1159)\n\tat com.google.android.gms.measurement.internal.b3.run(Unknown Source:397)\n\tat java.util.concurrent.Executors$RunnableAdapter.call(Executors.java:487)\n\tat java.util.concurrent.FutureTask.run(FutureTask.java:290)\n\tat com.google.android.gms.measurement.internal.A2.run(Unknown Source:48)\n",
    "is_privacy": false
},
{
    "type": "log",
    "source": "class",
    "method": "getInstance",
    "package_name": "com.fenceshow.mobileApp",
    "class_name": "com.google.firebase.analytics.FirebaseAnalytics",
    "timestamp": 1728460025032,
    "ref": "<class: com.google.firebase.analytics.FirebaseAnalytics>",
    "arguments": "{\"0\":\"<instance: android.content.Context, $className: android.app.Application>\"}",
    "stack_trace": "java.lang.Exception\n\tat com.google.firebase.analytics.FirebaseAnalytics.getInstance(Native Method)\n\tat java.lang.reflect.Method.invoke(Native Method)\n\tat com.google.android.gms.measurement.internal.P1.B(Unknown Source:229)\n\tat com.google.android.gms.measurement.internal.G3.j0(Unknown Source:16)\n\tat com.google.android.gms.measurement.internal.G3.I(Unknown Source:15)\n\tat com.google.android.gms.measurement.internal.Z2.V(Unknown Source:1128)\n\tat com.google.android.gms.measurement.internal.k3.run(Unknown Source:18)\n\tat java.util.concurrent.Executors$RunnableAdapter.call(Executors.java:487)\n\tat java.util.concurrent.FutureTask.run(FutureTask.java:290)\n\tat com.google.android.gms.measurement.internal.A2.run(Unknown Source:48)\n",
    "is_privacy": false
},
{
    "type": "log",
    "source": "class",
    "method": "getFirebaseInstanceId",
    "package_name": "com.fenceshow.mobileApp",
    "class_name": "com.google.firebase.analytics.FirebaseAnalytics",
    "timestamp": 1728460025033,
    "ref": "com.google.firebase.analytics.FirebaseAnalytics@f81057c",
    "arguments": "{}",
    "stack_trace": "java.lang.Exception\n\tat com.google.firebase.analytics.FirebaseAnalytics.getFirebaseInstanceId(Native Method)\n\tat java.lang.reflect.Method.invoke(Native Method)\n\tat com.google.android.gms.measurement.internal.P1.B(Unknown Source:246)\n\tat com.google.android.gms.measurement.internal.G3.j0(Unknown Source:16)\n\tat com.google.android.gms.measurement.internal.G3.I(Unknown Source:15)\n\tat com.google.android.gms.measurement.internal.Z2.V(Unknown Source:1128)\n\tat com.google.android.gms.measurement.internal.k3.run(Unknown Source:18)\n\tat java.util.concurrent.Executors$RunnableAdapter.call(Executors.java:487)\n\tat java.util.concurrent.FutureTask.run(FutureTask.java:290)\n\tat com.google.android.gms.measurement.internal.A2.run(Unknown Source:48)\n",
    "is_privacy": false
},
