{
    "type": "log",
    "source": "class",
    "method": "getInstance",
    "package_name": "com.hiface",
    "class_name": "com.google.firebase.analytics.FirebaseAnalytics",
    "timestamp": 1728462573112,
    "ref": "<class: com.google.firebase.analytics.FirebaseAnalytics>",
    "arguments": "{\"0\":\"<instance: android.content.Context, $className: com.hiface.MainApplication>\"}",
    "stack_trace": "java.lang.Exception\n\tat com.google.firebase.analytics.FirebaseAnalytics.getInstance(Native Method)\n\tat java.lang.reflect.Method.invoke(Native Method)\n\tat m.oh.f(:com.google.android.gms.dynamite_measurementdynamite@240714038@24.07.14 (190400-0):63)\n\tat m.mu.s(:com.google.android.gms.dynamite_measurementdynamite@240714038@24.07.14 (190400-0):82)\n\tat m.kx.run(:com.google.android.gms.dynamite_measurementdynamite@240714038@24.07.14 (190400-0):1955)\n\tat java.util.concurrent.Executors$RunnableAdapter.call(Executors.java:487)\n\tat java.util.concurrent.FutureTask.run(FutureTask.java:290)\n\tat m.kt.run(:com.google.android.gms.dynamite_measurementdynamite@240714038@24.07.14 (190400-0):48)\n",
    "is_privacy": false
},
{
    "type": "log",
    "source": "class",
    "method": "getFirebaseInstanceId",
    "package_name": "com.hiface",
    "class_name": "com.google.firebase.analytics.FirebaseAnalytics",
    "timestamp": 1728462573118,
    "ref": "com.google.firebase.analytics.FirebaseAnalytics@5b68a0c",
    "arguments": "{}",
    "stack_trace": "java.lang.Exception\n\tat com.google.firebase.analytics.FirebaseAnalytics.getFirebaseInstanceId(Native Method)\n\tat java.lang.reflect.Method.invoke(Native Method)\n\tat m.oh.f(:com.google.android.gms.dynamite_measurementdynamite@240714038@24.07.14 (190400-0):65)\n\tat m.mu.s(:com.google.android.gms.dynamite_measurementdynamite@240714038@24.07.14 (190400-0):82)\n\tat m.kx.run(:com.google.android.gms.dynamite_measurementdynamite@240714038@24.07.14 (190400-0):1955)\n\tat java.util.concurrent.Executors$RunnableAdapter.call(Executors.java:487)\n\tat java.util.concurrent.FutureTask.run(FutureTask.java:290)\n\tat m.kt.run(:com.google.android.gms.dynamite_measurementdynamite@240714038@24.07.14 (190400-0):48)\n",
    "is_privacy": false
},
{
    "type": "log",
    "source": "class",
    "method": "getInstance",
    "package_name": "com.hiface",
    "class_name": "com.google.firebase.analytics.FirebaseAnalytics",
    "timestamp": 1728462573282,
    "ref": "<class: com.google.firebase.analytics.FirebaseAnalytics>",
    "arguments": "{\"0\":\"<instance: android.content.Context, $className: com.hiface.MainApplication>\"}",
    "stack_trace": "java.lang.Exception\n\tat com.google.firebase.analytics.FirebaseAnalytics.getInstance(Native Method)\n\tat java.lang.reflect.Method.invoke(Native Method)\n\tat m.oh.f(:com.google.android.gms.dynamite_measurementdynamite@240714038@24.07.14 (190400-0):63)\n\tat m.mu.W(:com.google.android.gms.dynamite_measurementdynamite@240714038@24.07.14 (190400-0):206)\n\tat m.op.a(:com.google.android.gms.dynamite_measurementdynamite@240714038@24.07.14 (190400-0):70)\n\tat m.kx.run(:com.google.android.gms.dynamite_measurementdynamite@240714038@24.07.14 (190400-0):2031)\n\tat java.util.concurrent.Executors$RunnableAdapter.call(Executors.java:487)\n\tat java.util.concurrent.FutureTask.run(FutureTask.java:290)\n\tat m.kt.run(:com.google.android.gms.dynamite_measurementdynamite@240714038@24.07.14 (190400-0):48)\n",
    "is_privacy": false
},
{
    "type": "log",
    "source": "class",
    "method": "getFirebaseInstanceId",
    "package_name": "com.hiface",
    "class_name": "com.google.firebase.analytics.FirebaseAnalytics",
    "timestamp": 1728462573284,
    "ref": "com.google.firebase.analytics.FirebaseAnalytics@5b68a0c",
    "arguments": "{}",
    "stack_trace": "java.lang.Exception\n\tat com.google.firebase.analytics.FirebaseAnalytics.getFirebaseInstanceId(Native Method)\n\tat java.lang.reflect.Method.invoke(Native Method)\n\tat m.oh.f(:com.google.android.gms.dynamite_measurementdynamite@240714038@24.07.14 (190400-0):65)\n\tat m.mu.W(:com.google.android.gms.dynamite_measurementdynamite@240714038@24.07.14 (190400-0):206)\n\tat m.op.a(:com.google.android.gms.dynamite_measurementdynamite@240714038@24.07.14 (190400-0):70)\n\tat m.kx.run(:com.google.android.gms.dynamite_measurementdynamite@240714038@24.07.14 (190400-0):2031)\n\tat java.util.concurrent.Executors$RunnableAdapter.call(Executors.java:487)\n\tat java.util.concurrent.FutureTask.run(FutureTask.java:290)\n\tat m.kt.run(:com.google.android.gms.dynamite_measurementdynamite@240714038@24.07.14 (190400-0):48)\n",
    "is_privacy": false
},
{
    "type": "log",
    "source": "class",
    "method": "getInstance",
    "package_name": "com.hiface",
    "class_name": "com.google.firebase.analytics.FirebaseAnalytics",
    "timestamp": 1728462573311,
    "ref": "<class: com.google.firebase.analytics.FirebaseAnalytics>",
    "arguments": "{\"0\":\"<instance: android.content.Context, $className: com.hiface.MainApplication>\"}",
    "stack_trace": "java.lang.Exception\n\tat com.google.firebase.analytics.FirebaseAnalytics.getInstance(Native Method)\n\tat java.lang.reflect.Method.invoke(Native Method)\n\tat m.oh.f(:com.google.android.gms.dynamite_measurementdynamite@240714038@24.07.14 (190400-0):63)\n\tat m.mu.aa(:com.google.android.gms.dynamite_measurementdynamite@240714038@24.07.14 (190400-0):165)\n\tat m.mu.G(:com.google.android.gms.dynamite_measurementdynamite@240714038@24.07.14 (190400-0):32)\n\tat m.op.a(:com.google.android.gms.dynamite_measurementdynamite@240714038@24.07.14 (190400-0):125)\n\tat m.kx.run(:com.google.android.gms.dynamite_measurementdynamite@240714038@24.07.14 (190400-0):2031)\n\tat java.util.concurrent.Executors$RunnableAdapter.call(Executors.java:487)\n\tat java.util.concurrent.FutureTask.run(FutureTask.java:290)\n\tat m.kt.run(:com.google.android.gms.dynamite_measurementdynamite@240714038@24.07.14 (190400-0):48)\n",
    "is_privacy": false
},
{
    "type": "log",
    "source": "class",
    "method": "getFirebaseInstanceId",
    "package_name": "com.hiface",
    "class_name": "com.google.firebase.analytics.FirebaseAnalytics",
    "timestamp": 1728462573313,
    "ref": "com.google.firebase.analytics.FirebaseAnalytics@5b68a0c",
    "arguments": "{}",
    "stack_trace": "java.lang.Exception\n\tat com.google.firebase.analytics.FirebaseAnalytics.getFirebaseInstanceId(Native Method)\n\tat java.lang.reflect.Method.invoke(Native Method)\n\tat m.oh.f(:com.google.android.gms.dynamite_measurementdynamite@240714038@24.07.14 (190400-0):65)\n\tat m.mu.aa(:com.google.android.gms.dynamite_measurementdynamite@240714038@24.07.14 (190400-0):165)\n\tat m.mu.G(:com.google.android.gms.dynamite_measurementdynamite@240714038@24.07.14 (190400-0):32)\n\tat m.op.a(:com.google.android.gms.dynamite_measurementdynamite@240714038@24.07.14 (190400-0):125)\n\tat m.kx.run(:com.google.android.gms.dynamite_measurementdynamite@240714038@24.07.14 (190400-0):2031)\n\tat java.util.concurrent.Executors$RunnableAdapter.call(Executors.java:487)\n\tat java.util.concurrent.FutureTask.run(FutureTask.java:290)\n\tat m.kt.run(:com.google.android.gms.dynamite_measurementdynamite@240714038@24.07.14 (190400-0):48)\n",
    "is_privacy": false
},
{
    "type": "log",
    "source": "class",
    "method": "getInstance",
    "package_name": "com.hiface",
    "class_name": "com.google.firebase.analytics.FirebaseAnalytics",
    "timestamp": 1728462573323,
    "ref": "<class: com.google.firebase.analytics.FirebaseAnalytics>",
    "arguments": "{\"0\":\"<instance: android.content.Context, $className: com.hiface.MainApplication>\"}",
    "stack_trace": "java.lang.Exception\n\tat com.google.firebase.analytics.FirebaseAnalytics.getInstance(Native Method)\n\tat java.lang.reflect.Method.invoke(Native Method)\n\tat m.oh.f(:com.google.android.gms.dynamite_measurementdynamite@240714038@24.07.14 (190400-0):63)\n\tat m.oh.s(:com.google.android.gms.dynamite_measurementdynamite@240714038@24.07.14 (190400-0):8)\n\tat m.kx.run(:com.google.android.gms.dynamite_measurementdynamite@240714038@24.07.14 (190400-0):2043)\n\tat java.util.concurrent.Executors$RunnableAdapter.call(Executors.java:487)\n\tat java.util.concurrent.FutureTask.run(FutureTask.java:290)\n\tat m.kt.run(:com.google.android.gms.dynamite_measurementdynamite@240714038@24.07.14 (190400-0):48)\n",
    "is_privacy": false
},
{
    "type": "log",
    "source": "class",
    "method": "getFirebaseInstanceId",
    "package_name": "com.hiface",
    "class_name": "com.google.firebase.analytics.FirebaseAnalytics",
    "timestamp": 1728462573325,
    "ref": "com.google.firebase.analytics.FirebaseAnalytics@5b68a0c",
    "arguments": "{}",
    "stack_trace": "java.lang.Exception\n\tat com.google.firebase.analytics.FirebaseAnalytics.getFirebaseInstanceId(Native Method)\n\tat java.lang.reflect.Method.invoke(Native Method)\n\tat m.oh.f(:com.google.android.gms.dynamite_measurementdynamite@240714038@24.07.14 (190400-0):65)\n\tat m.oh.s(:com.google.android.gms.dynamite_measurementdynamite@240714038@24.07.14 (190400-0):8)\n\tat m.kx.run(:com.google.android.gms.dynamite_measurementdynamite@240714038@24.07.14 (190400-0):2043)\n\tat java.util.concurrent.Executors$RunnableAdapter.call(Executors.java:487)\n\tat java.util.concurrent.FutureTask.run(FutureTask.java:290)\n\tat m.kt.run(:com.google.android.gms.dynamite_measurementdynamite@240714038@24.07.14 (190400-0):48)\n",
    "is_privacy": false
},
{
    "type": "log",
    "source": "class",
    "method": "getInstance",
    "package_name": "com.hiface",
    "class_name": "com.google.firebase.analytics.FirebaseAnalytics",
    "timestamp": 1728462573335,
    "ref": "<class: com.google.firebase.analytics.FirebaseAnalytics>",
    "arguments": "{\"0\":\"<instance: android.content.Context, $className: com.hiface.MainApplication>\"}",
    "stack_trace": "java.lang.Exception\n\tat com.google.firebase.analytics.FirebaseAnalytics.getInstance(Native Method)\n\tat java.lang.reflect.Method.invoke(Native Method)\n\tat m.oh.f(:com.google.android.gms.dynamite_measurementdynamite@240714038@24.07.14 (190400-0):63)\n\tat m.oh.G(:com.google.android.gms.dynamite_measurementdynamite@240714038@24.07.14 (190400-0):8)\n\tat m.kx.run(:com.google.android.gms.dynamite_measurementdynamite@240714038@24.07.14 (190400-0):2060)\n\tat java.util.concurrent.Executors$RunnableAdapter.call(Executors.java:487)\n\tat java.util.concurrent.FutureTask.run(FutureTask.java:290)\n\tat m.kt.run(:com.google.android.gms.dynamite_measurementdynamite@240714038@24.07.14 (190400-0):48)\n",
    "is_privacy": false
},
{
    "type": "log",
    "source": "class",
    "method": "getFirebaseInstanceId",
    "package_name": "com.hiface",
    "class_name": "com.google.firebase.analytics.FirebaseAnalytics",
    "timestamp": 1728462573337,
    "ref": "com.google.firebase.analytics.FirebaseAnalytics@5b68a0c",
    "arguments": "{}",
    "stack_trace": "java.lang.Exception\n\tat com.google.firebase.analytics.FirebaseAnalytics.getFirebaseInstanceId(Native Method)\n\tat java.lang.reflect.Method.invoke(Native Method)\n\tat m.oh.f(:com.google.android.gms.dynamite_measurementdynamite@240714038@24.07.14 (190400-0):65)\n\tat m.oh.G(:com.google.android.gms.dynamite_measurementdynamite@240714038@24.07.14 (190400-0):8)\n\tat m.kx.run(:com.google.android.gms.dynamite_measurementdynamite@240714038@24.07.14 (190400-0):2060)\n\tat java.util.concurrent.Executors$RunnableAdapter.call(Executors.java:487)\n\tat java.util.concurrent.FutureTask.run(FutureTask.java:290)\n\tat m.kt.run(:com.google.android.gms.dynamite_measurementdynamite@240714038@24.07.14 (190400-0):48)\n",
    "is_privacy": false
},
{
    "type": "log",
    "source": "class",
    "method": "getInstance",
    "package_name": "com.hiface",
    "class_name": "com.google.firebase.analytics.FirebaseAnalytics",
    "timestamp": 1728462573683,
    "ref": "<class: com.google.firebase.analytics.FirebaseAnalytics>",
    "arguments": "{\"0\":\"<instance: android.content.Context, $className: com.hiface.MainApplication>\"}",
    "stack_trace": "java.lang.Exception\n\tat com.google.firebase.analytics.FirebaseAnalytics.getInstance(Native Method)\n\tat java.lang.reflect.Method.invoke(Native Method)\n\tat m.oh.f(:com.google.android.gms.dynamite_measurementdynamite@240714038@24.07.14 (190400-0):63)\n\tat m.mu.aa(:com.google.android.gms.dynamite_measurementdynamite@240714038@24.07.14 (190400-0):165)\n\tat m.mu.G(:com.google.android.gms.dynamite_measurementdynamite@240714038@24.07.14 (190400-0):32)\n\tat m.nh.A(:com.google.android.gms.dynamite_measurementdynamite@240714038@24.07.14 (190400-0):188)\n\tat m.nc.run(:com.google.android.gms.dynamite_measurementdynamite@240714038@24.07.14 (190400-0):12)\n\tat java.util.concurrent.Executors$RunnableAdapter.call(Executors.java:487)\n\tat java.util.concurrent.FutureTask.run(FutureTask.java:290)\n\tat m.kt.run(:com.google.android.gms.dynamite_measurementdynamite@240714038@24.07.14 (190400-0):48)\n",
    "is_privacy": false
},
{
    "type": "log",
    "source": "class",
    "method": "getFirebaseInstanceId",
    "package_name": "com.hiface",
    "class_name": "com.google.firebase.analytics.FirebaseAnalytics",
    "timestamp": 1728462573686,
    "ref": "com.google.firebase.analytics.FirebaseAnalytics@5b68a0c",
    "arguments": "{}",
    "stack_trace": "java.lang.Exception\n\tat com.google.firebase.analytics.FirebaseAnalytics.getFirebaseInstanceId(Native Method)\n\tat java.lang.reflect.Method.invoke(Native Method)\n\tat m.oh.f(:com.google.android.gms.dynamite_measurementdynamite@240714038@24.07.14 (190400-0):65)\n\tat m.mu.aa(:com.google.android.gms.dynamite_measurementdynamite@240714038@24.07.14 (190400-0):165)\n\tat m.mu.G(:com.google.android.gms.dynamite_measurementdynamite@240714038@24.07.14 (190400-0):32)\n\tat m.nh.A(:com.google.android.gms.dynamite_measurementdynamite@240714038@24.07.14 (190400-0):188)\n\tat m.nc.run(:com.google.android.gms.dynamite_measurementdynamite@240714038@24.07.14 (190400-0):12)\n\tat java.util.concurrent.Executors$RunnableAdapter.call(Executors.java:487)\n\tat java.util.concurrent.FutureTask.run(FutureTask.java:290)\n\tat m.kt.run(:com.google.android.gms.dynamite_measurementdynamite@240714038@24.07.14 (190400-0):48)\n",
    "is_privacy": false
},
{
    "type": "log",
    "source": "class",
    "method": "getConsentInformation",
    "package_name": "com.hiface",
    "class_name": "com.google.android.ump.UserMessagingPlatform",
    "timestamp": 1728462573700,
    "ref": "<class: com.google.android.ump.UserMessagingPlatform>",
    "arguments": "{\"0\":\"<instance: android.content.Context, $className: com.facebook.react.bridge.ReactApplicationContext>\"}",
    "stack_trace": "java.lang.Exception\n\tat com.google.android.ump.UserMessagingPlatform.getConsentInformation(Native Method)\n\tat io.invertase.googlemobileads.ReactNativeGoogleMobileAdsConsentModule.<init>(ReactNativeGoogleMobileAdsConsentModule.java:43)\n\tat io.invertase.googlemobileads.ReactNativeGoogleMobileAdsPackage.createNativeModules(ReactNativeGoogleMobileAdsPackage.java:36)\n\tat com.facebook.react.ReactPackageHelper.getNativeModuleIterator(ReactPackageHelper.java:43)\n\tat com.facebook.react.NativeModuleRegistryBuilder.processPackage(NativeModuleRegistryBuilder.java:42)\n\tat com.facebook.react.ReactInstanceManager.processPackage(ReactInstanceManager.java:1458)\n\tat com.facebook.react.ReactInstanceManager.processPackages(ReactInstanceManager.java:1429)\n\tat com.facebook.react.ReactInstanceManager.createReactContext(ReactInstanceManager.java:1331)\n\tat com.facebook.react.ReactInstanceManager.lambda$runCreateReactContextOnNewThread$2(ReactInstanceManager.java:1101)\n\tat com.facebook.react.ReactInstanceManager.$r8$lambda$AwGS8CysOZmWJw3kRVARHQvw9Ew(Unknown Source:0)\n\tat com.facebook.react.ReactInstanceManager$$ExternalSyntheticLambda5.run(Unknown Source:4)\n\tat java.lang.Thread.run(Thread.java:1012)\n",
    "is_privacy": false
},
{
    "type": "log",
    "source": "class",
    "method": "build",
    "package_name": "com.hiface",
    "class_name": "com.google.android.ump.ConsentRequestParameters$Builder",
    "timestamp": 1728462573706,
    "ref": "com.google.android.ump.ConsentRequestParameters$Builder@f62fbd9",
    "arguments": "{}",
    "stack_trace": "java.lang.Exception\n\tat com.google.android.ump.ConsentRequestParameters$Builder.build(Native Method)\n\tat com.google.android.gms.internal.consent_sdk.zzl.<init>(Unknown Source:27)\n\tat com.google.android.gms.internal.consent_sdk.zzm.zzb(com.google.android.ump:user-messaging-platform@@2.1.0:1)\n\tat com.google.android.gms.internal.consent_sdk.zzdn.zzb(com.google.android.ump:user-messaging-platform@@2.1.0:1)\n\tat com.google.android.gms.internal.consent_sdk.zzaj.zzb(com.google.android.ump:user-messaging-platform@@2.1.0:1)\n\tat com.google.android.ump.UserMessagingPlatform.getConsentInformation(com.google.android.ump:user-messaging-platform@@2.1.0:1)\n\tat com.google.android.ump.UserMessagingPlatform.getConsentInformation(Native Method)\n\tat io.invertase.googlemobileads.ReactNativeGoogleMobileAdsConsentModule.<init>(ReactNativeGoogleMobileAdsConsentModule.java:43)\n\tat io.invertase.googlemobileads.ReactNativeGoogleMobileAdsPackage.createNativeModules(ReactNativeGoogleMobileAdsPackage.java:36)\n\tat com.facebook.react.ReactPackageHelper.getNativeModuleIterator(ReactPackageHelper.java:43)\n\tat com.facebook.react.NativeModuleRegistryBuilder.processPackage(NativeModuleRegistryBuilder.java:42)\n\tat com.facebook.react.ReactInstanceManager.processPackage(ReactInstanceManager.java:1458)\n\tat com.facebook.react.ReactInstanceManager.processPackages(ReactInstanceManager.java:1429)\n\tat com.facebook.react.ReactInstanceManager.createReactContext(ReactInstanceManager.java:1331)\n\tat com.facebook.react.ReactInstanceManager.lambda$runCreateReactContextOnNewThread$2(ReactInstanceManager.java:1101)\n\tat com.facebook.react.ReactInstanceManager.$r8$lambda$AwGS8CysOZmWJw3kRVARHQvw9Ew(Unknown Source:0)\n\tat com.facebook.react.ReactInstanceManager$$ExternalSyntheticLambda5.run(Unknown Source:4)\n\tat java.lang.Thread.run(Thread.java:1012)\n",
    "is_privacy": false
},
{
    "type": "log",
    "source": "class",
    "method": "zzc",
    "package_name": "com.hiface",
    "class_name": "com.google.android.ump.ConsentRequestParameters$Builder",
    "timestamp": 1728462573710,
    "ref": "<class: com.google.android.ump.ConsentRequestParameters$Builder>",
    "arguments": "{\"0\":\"<instance: com.google.android.ump.ConsentRequestParameters$Builder>\"}",
    "stack_trace": "java.lang.Exception\n\tat com.google.android.ump.ConsentRequestParameters$Builder.zzc(Native Method)\n\tat com.google.android.ump.ConsentRequestParameters.<init>(Unknown Source:3)\n\tat com.google.android.ump.ConsentRequestParameters$Builder.build(Unknown Source:3)\n\tat com.google.android.ump.ConsentRequestParameters$Builder.build(Native Method)\n\tat com.google.android.gms.internal.consent_sdk.zzl.<init>(Unknown Source:27)\n\tat com.google.android.gms.internal.consent_sdk.zzm.zzb(com.google.android.ump:user-messaging-platform@@2.1.0:1)\n\tat com.google.android.gms.internal.consent_sdk.zzdn.zzb(com.google.android.ump:user-messaging-platform@@2.1.0:1)\n\tat com.google.android.gms.internal.consent_sdk.zzaj.zzb(com.google.android.ump:user-messaging-platform@@2.1.0:1)\n\tat com.google.android.ump.UserMessagingPlatform.getConsentInformation(com.google.android.ump:user-messaging-platform@@2.1.0:1)\n\tat com.google.android.ump.UserMessagingPlatform.getConsentInformation(Native Method)\n\tat io.invertase.googlemobileads.ReactNativeGoogleMobileAdsConsentModule.<init>(ReactNativeGoogleMobileAdsConsentModule.java:43)\n\tat io.invertase.googlemobileads.ReactNativeGoogleMobileAdsPackage.createNativeModules(ReactNativeGoogleMobileAdsPackage.java:36)\n\tat com.facebook.react.ReactPackageHelper.getNativeModuleIterator(ReactPackageHelper.java:43)\n\tat com.facebook.react.NativeModuleRegistryBuilder.processPackage(NativeModuleRegistryBuilder.java:42)\n\tat com.facebook.react.ReactInstanceManager.processPackage(ReactInstanceManager.java:1458)\n\tat com.facebook.react.ReactInstanceManager.processPackages(ReactInstanceManager.java:1429)\n\tat com.facebook.react.ReactInstanceManager.createReactContext(ReactInstanceManager.java:1331)\n\tat com.facebook.react.ReactInstanceManager.lambda$runCreateReactContextOnNewThread$2(ReactInstanceManager.java:1101)\n\tat com.facebook.react.ReactInstanceManager.$r8$lambda$AwGS8CysOZmWJw3kRVARHQvw9Ew(Unknown Source:0)\n\tat com.facebook.react.ReactInstanceManager$$ExternalSyntheticLambda5.run(Unknown Source:4)\n\tat java.lang.Thread.run(Thread.java:1012)\n",
    "is_privacy": false
},
{
    "type": "log",
    "source": "class",
    "method": "zzb",
    "package_name": "com.hiface",
    "class_name": "com.google.android.ump.ConsentRequestParameters$Builder",
    "timestamp": 1728462573715,
    "ref": "<class: com.google.android.ump.ConsentRequestParameters$Builder>",
    "arguments": "{\"0\":\"<instance: com.google.android.ump.ConsentRequestParameters$Builder>\"}",
    "stack_trace": "java.lang.Exception\n\tat com.google.android.ump.ConsentRequestParameters$Builder.zzb(Native Method)\n\tat com.google.android.ump.ConsentRequestParameters.<init>(Unknown Source:9)\n\tat com.google.android.ump.ConsentRequestParameters$Builder.build(Unknown Source:3)\n\tat com.google.android.ump.ConsentRequestParameters$Builder.build(Native Method)\n\tat com.google.android.gms.internal.consent_sdk.zzl.<init>(Unknown Source:27)\n\tat com.google.android.gms.internal.consent_sdk.zzm.zzb(com.google.android.ump:user-messaging-platform@@2.1.0:1)\n\tat com.google.android.gms.internal.consent_sdk.zzdn.zzb(com.google.android.ump:user-messaging-platform@@2.1.0:1)\n\tat com.google.android.gms.internal.consent_sdk.zzaj.zzb(com.google.android.ump:user-messaging-platform@@2.1.0:1)\n\tat com.google.android.ump.UserMessagingPlatform.getConsentInformation(com.google.android.ump:user-messaging-platform@@2.1.0:1)\n\tat com.google.android.ump.UserMessagingPlatform.getConsentInformation(Native Method)\n\tat io.invertase.googlemobileads.ReactNativeGoogleMobileAdsConsentModule.<init>(ReactNativeGoogleMobileAdsConsentModule.java:43)\n\tat io.invertase.googlemobileads.ReactNativeGoogleMobileAdsPackage.createNativeModules(ReactNativeGoogleMobileAdsPackage.java:36)\n\tat com.facebook.react.ReactPackageHelper.getNativeModuleIterator(ReactPackageHelper.java:43)\n\tat com.facebook.react.NativeModuleRegistryBuilder.processPackage(NativeModuleRegistryBuilder.java:42)\n\tat com.facebook.react.ReactInstanceManager.processPackage(ReactInstanceManager.java:1458)\n\tat com.facebook.react.ReactInstanceManager.processPackages(ReactInstanceManager.java:1429)\n\tat com.facebook.react.ReactInstanceManager.createReactContext(ReactInstanceManager.java:1331)\n\tat com.facebook.react.ReactInstanceManager.lambda$runCreateReactContextOnNewThread$2(ReactInstanceManager.java:1101)\n\tat com.facebook.react.ReactInstanceManager.$r8$lambda$AwGS8CysOZmWJw3kRVARHQvw9Ew(Unknown Source:0)\n\tat com.facebook.react.ReactInstanceManager$$ExternalSyntheticLambda5.run(Unknown Source:4)\n\tat java.lang.Thread.run(Thread.java:1012)\n",
    "is_privacy": false
},
{
    "type": "log",
    "source": "class",
    "method": "zza",
    "package_name": "com.hiface",
    "class_name": "com.google.android.ump.ConsentRequestParameters$Builder",
    "timestamp": 1728462573719,
    "ref": "<class: com.google.android.ump.ConsentRequestParameters$Builder>",
    "arguments": "{\"0\":\"<instance: com.google.android.ump.ConsentRequestParameters$Builder>\"}",
    "stack_trace": "java.lang.Exception\n\tat com.google.android.ump.ConsentRequestParameters$Builder.zza(Native Method)\n\tat com.google.android.ump.ConsentRequestParameters.<init>(Unknown Source:15)\n\tat com.google.android.ump.ConsentRequestParameters$Builder.build(Unknown Source:3)\n\tat com.google.android.ump.ConsentRequestParameters$Builder.build(Native Method)\n\tat com.google.android.gms.internal.consent_sdk.zzl.<init>(Unknown Source:27)\n\tat com.google.android.gms.internal.consent_sdk.zzm.zzb(com.google.android.ump:user-messaging-platform@@2.1.0:1)\n\tat com.google.android.gms.internal.consent_sdk.zzdn.zzb(com.google.android.ump:user-messaging-platform@@2.1.0:1)\n\tat com.google.android.gms.internal.consent_sdk.zzaj.zzb(com.google.android.ump:user-messaging-platform@@2.1.0:1)\n\tat com.google.android.ump.UserMessagingPlatform.getConsentInformation(com.google.android.ump:user-messaging-platform@@2.1.0:1)\n\tat com.google.android.ump.UserMessagingPlatform.getConsentInformation(Native Method)\n\tat io.invertase.googlemobileads.ReactNativeGoogleMobileAdsConsentModule.<init>(ReactNativeGoogleMobileAdsConsentModule.java:43)\n\tat io.invertase.googlemobileads.ReactNativeGoogleMobileAdsPackage.createNativeModules(ReactNativeGoogleMobileAdsPackage.java:36)\n\tat com.facebook.react.ReactPackageHelper.getNativeModuleIterator(ReactPackageHelper.java:43)\n\tat com.facebook.react.NativeModuleRegistryBuilder.processPackage(NativeModuleRegistryBuilder.java:42)\n\tat com.facebook.react.ReactInstanceManager.processPackage(ReactInstanceManager.java:1458)\n\tat com.facebook.react.ReactInstanceManager.processPackages(ReactInstanceManager.java:1429)\n\tat com.facebook.react.ReactInstanceManager.createReactContext(ReactInstanceManager.java:1331)\n\tat com.facebook.react.ReactInstanceManager.lambda$runCreateReactContextOnNewThread$2(ReactInstanceManager.java:1101)\n\tat com.facebook.react.ReactInstanceManager.$r8$lambda$AwGS8CysOZmWJw3kRVARHQvw9Ew(Unknown Source:0)\n\tat com.facebook.react.ReactInstanceManager$$ExternalSyntheticLambda5.run(Unknown Source:4)\n\tat java.lang.Thread.run(Thread.java:1012)\n",
    "is_privacy": false
},
{
    "type": "log",
    "source": "class",
    "method": "setConsentDebugSettings",
    "package_name": "com.hiface",
    "class_name": "com.google.android.ump.ConsentRequestParameters$Builder",
    "timestamp": 1728462574719,
    "ref": "com.google.android.ump.ConsentRequestParameters$Builder@56dca95",
    "arguments": "{\"0\":\"<instance: com.google.android.ump.ConsentDebugSettings>\"}",
    "stack_trace": "java.lang.Exception\n\tat com.google.android.ump.ConsentRequestParameters$Builder.setConsentDebugSettings(Native Method)\n\tat io.invertase.googlemobileads.ReactNativeGoogleMobileAdsConsentModule.requestInfoUpdate(ReactNativeGoogleMobileAdsConsentModule.java:106)\n\tat java.lang.reflect.Method.invoke(Native Method)\n\tat com.facebook.react.bridge.JavaMethodWrapper.invoke(JavaMethodWrapper.java:372)\n\tat com.facebook.react.bridge.JavaModuleWrapper.invoke(JavaModuleWrapper.java:149)\n\tat com.facebook.jni.NativeRunnable.run(Native Method)\n\tat android.os.Handler.handleCallback(Handler.java:958)\n\tat android.os.Handler.dispatchMessage(Handler.java:99)\n\tat com.facebook.react.bridge.queue.MessageQueueThreadHandler.dispatchMessage(MessageQueueThreadHandler.java:27)\n\tat android.os.Looper.loopOnce(Looper.java:255)\n\tat android.os.Looper.loop(Looper.java:364)\n\tat com.facebook.react.bridge.queue.MessageQueueThreadImpl$4.run(MessageQueueThreadImpl.java:234)\n\tat java.lang.Thread.run(Thread.java:1012)\n",
    "is_privacy": false
},
{
    "type": "log",
    "source": "class",
    "method": "build",
    "package_name": "com.hiface",
    "class_name": "com.google.android.ump.ConsentRequestParameters$Builder",
    "timestamp": 1728462574723,
    "ref": "com.google.android.ump.ConsentRequestParameters$Builder@56dca95",
    "arguments": "{}",
    "stack_trace": "java.lang.Exception\n\tat com.google.android.ump.ConsentRequestParameters$Builder.build(Native Method)\n\tat io.invertase.googlemobileads.ReactNativeGoogleMobileAdsConsentModule.requestInfoUpdate(ReactNativeGoogleMobileAdsConsentModule.java:112)\n\tat java.lang.reflect.Method.invoke(Native Method)\n\tat com.facebook.react.bridge.JavaMethodWrapper.invoke(JavaMethodWrapper.java:372)\n\tat com.facebook.react.bridge.JavaModuleWrapper.invoke(JavaModuleWrapper.java:149)\n\tat com.facebook.jni.NativeRunnable.run(Native Method)\n\tat android.os.Handler.handleCallback(Handler.java:958)\n\tat android.os.Handler.dispatchMessage(Handler.java:99)\n\tat com.facebook.react.bridge.queue.MessageQueueThreadHandler.dispatchMessage(MessageQueueThreadHandler.java:27)\n\tat android.os.Looper.loopOnce(Looper.java:255)\n\tat android.os.Looper.loop(Looper.java:364)\n\tat com.facebook.react.bridge.queue.MessageQueueThreadImpl$4.run(MessageQueueThreadImpl.java:234)\n\tat java.lang.Thread.run(Thread.java:1012)\n",
    "is_privacy": false
},
{
    "type": "log",
    "source": "class",
    "method": "zzc",
    "package_name": "com.hiface",
    "class_name": "com.google.android.ump.ConsentRequestParameters$Builder",
    "timestamp": 1728462574727,
    "ref": "<class: com.google.android.ump.ConsentRequestParameters$Builder>",
    "arguments": "{\"0\":\"<instance: com.google.android.ump.ConsentRequestParameters$Builder>\"}",
    "stack_trace": "java.lang.Exception\n\tat com.google.android.ump.ConsentRequestParameters$Builder.zzc(Native Method)\n\tat com.google.android.ump.ConsentRequestParameters.<init>(Unknown Source:3)\n\tat com.google.android.ump.ConsentRequestParameters$Builder.build(Unknown Source:3)\n\tat com.google.android.ump.ConsentRequestParameters$Builder.build(Native Method)\n\tat io.invertase.googlemobileads.ReactNativeGoogleMobileAdsConsentModule.requestInfoUpdate(ReactNativeGoogleMobileAdsConsentModule.java:112)\n\tat java.lang.reflect.Method.invoke(Native Method)\n\tat com.facebook.react.bridge.JavaMethodWrapper.invoke(JavaMethodWrapper.java:372)\n\tat com.facebook.react.bridge.JavaModuleWrapper.invoke(JavaModuleWrapper.java:149)\n\tat com.facebook.jni.NativeRunnable.run(Native Method)\n\tat android.os.Handler.handleCallback(Handler.java:958)\n\tat android.os.Handler.dispatchMessage(Handler.java:99)\n\tat com.facebook.react.bridge.queue.MessageQueueThreadHandler.dispatchMessage(MessageQueueThreadHandler.java:27)\n\tat android.os.Looper.loopOnce(Looper.java:255)\n\tat android.os.Looper.loop(Looper.java:364)\n\tat com.facebook.react.bridge.queue.MessageQueueThreadImpl$4.run(MessageQueueThreadImpl.java:234)\n\tat java.lang.Thread.run(Thread.java:1012)\n",
    "is_privacy": false
},
{
    "type": "log",
    "source": "class",
    "method": "zzb",
    "package_name": "com.hiface",
    "class_name": "com.google.android.ump.ConsentRequestParameters$Builder",
    "timestamp": 1728462574732,
    "ref": "<class: com.google.android.ump.ConsentRequestParameters$Builder>",
    "arguments": "{\"0\":\"<instance: com.google.android.ump.ConsentRequestParameters$Builder>\"}",
    "stack_trace": "java.lang.Exception\n\tat com.google.android.ump.ConsentRequestParameters$Builder.zzb(Native Method)\n\tat com.google.android.ump.ConsentRequestParameters.<init>(Unknown Source:9)\n\tat com.google.android.ump.ConsentRequestParameters$Builder.build(Unknown Source:3)\n\tat com.google.android.ump.ConsentRequestParameters$Builder.build(Native Method)\n\tat io.invertase.googlemobileads.ReactNativeGoogleMobileAdsConsentModule.requestInfoUpdate(ReactNativeGoogleMobileAdsConsentModule.java:112)\n\tat java.lang.reflect.Method.invoke(Native Method)\n\tat com.facebook.react.bridge.JavaMethodWrapper.invoke(JavaMethodWrapper.java:372)\n\tat com.facebook.react.bridge.JavaModuleWrapper.invoke(JavaModuleWrapper.java:149)\n\tat com.facebook.jni.NativeRunnable.run(Native Method)\n\tat android.os.Handler.handleCallback(Handler.java:958)\n\tat android.os.Handler.dispatchMessage(Handler.java:99)\n\tat com.facebook.react.bridge.queue.MessageQueueThreadHandler.dispatchMessage(MessageQueueThreadHandler.java:27)\n\tat android.os.Looper.loopOnce(Looper.java:255)\n\tat android.os.Looper.loop(Looper.java:364)\n\tat com.facebook.react.bridge.queue.MessageQueueThreadImpl$4.run(MessageQueueThreadImpl.java:234)\n\tat java.lang.Thread.run(Thread.java:1012)\n",
    "is_privacy": false
},
{
    "type": "log",
    "source": "class",
    "method": "zza",
    "package_name": "com.hiface",
    "class_name": "com.google.android.ump.ConsentRequestParameters$Builder",
    "timestamp": 1728462574736,
    "ref": "<class: com.google.android.ump.ConsentRequestParameters$Builder>",
    "arguments": "{\"0\":\"<instance: com.google.android.ump.ConsentRequestParameters$Builder>\"}",
    "stack_trace": "java.lang.Exception\n\tat com.google.android.ump.ConsentRequestParameters$Builder.zza(Native Method)\n\tat com.google.android.ump.ConsentRequestParameters.<init>(Unknown Source:15)\n\tat com.google.android.ump.ConsentRequestParameters$Builder.build(Unknown Source:3)\n\tat com.google.android.ump.ConsentRequestParameters$Builder.build(Native Method)\n\tat io.invertase.googlemobileads.ReactNativeGoogleMobileAdsConsentModule.requestInfoUpdate(ReactNativeGoogleMobileAdsConsentModule.java:112)\n\tat java.lang.reflect.Method.invoke(Native Method)\n\tat com.facebook.react.bridge.JavaMethodWrapper.invoke(JavaMethodWrapper.java:372)\n\tat com.facebook.react.bridge.JavaModuleWrapper.invoke(JavaModuleWrapper.java:149)\n\tat com.facebook.jni.NativeRunnable.run(Native Method)\n\tat android.os.Handler.handleCallback(Handler.java:958)\n\tat android.os.Handler.dispatchMessage(Handler.java:99)\n\tat com.facebook.react.bridge.queue.MessageQueueThreadHandler.dispatchMessage(MessageQueueThreadHandler.java:27)\n\tat android.os.Looper.loopOnce(Looper.java:255)\n\tat android.os.Looper.loop(Looper.java:364)\n\tat com.facebook.react.bridge.queue.MessageQueueThreadImpl$4.run(MessageQueueThreadImpl.java:234)\n\tat java.lang.Thread.run(Thread.java:1012)\n",
    "is_privacy": false
},
{
    "type": "log",
    "source": "class",
    "method": "getConsentDebugSettings",
    "package_name": "com.hiface",
    "class_name": "com.google.android.ump.ConsentRequestParameters",
    "timestamp": 1728462574742,
    "ref": "com.google.android.ump.ConsentRequestParameters@a59a6e4",
    "arguments": "{}",
    "stack_trace": "java.lang.Exception\n\tat com.google.android.ump.ConsentRequestParameters.getConsentDebugSettings(Native Method)\n\tat com.google.android.gms.internal.consent_sdk.zzx.zzb(com.google.android.ump:user-messaging-platform@@2.1.0:1)\n\tat com.google.android.gms.internal.consent_sdk.zzw.run(Unknown Source:10)\n\tat java.util.concurrent.ThreadPoolExecutor.runWorker(ThreadPoolExecutor.java:1145)\n\tat java.util.concurrent.ThreadPoolExecutor$Worker.run(ThreadPoolExecutor.java:644)\n\tat java.lang.Thread.run(Thread.java:1012)\n",
    "is_privacy": false
},
{
    "type": "log",
    "source": "class",
    "method": "getConsentDebugSettings",
    "package_name": "com.hiface",
    "class_name": "com.google.android.ump.ConsentRequestParameters",
    "timestamp": 1728462574746,
    "ref": "com.google.android.ump.ConsentRequestParameters@a59a6e4",
    "arguments": "{}",
    "stack_trace": "java.lang.Exception\n\tat com.google.android.ump.ConsentRequestParameters.getConsentDebugSettings(Native Method)\n\tat com.google.android.gms.internal.consent_sdk.zzn.zzd(com.google.android.ump:user-messaging-platform@@2.1.0:1)\n\tat com.google.android.gms.internal.consent_sdk.zzx.zzb(com.google.android.ump:user-messaging-platform@@2.1.0:5)\n\tat com.google.android.gms.internal.consent_sdk.zzw.run(Unknown Source:10)\n\tat java.util.concurrent.ThreadPoolExecutor.runWorker(ThreadPoolExecutor.java:1145)\n\tat java.util.concurrent.ThreadPoolExecutor$Worker.run(ThreadPoolExecutor.java:644)\n\tat java.lang.Thread.run(Thread.java:1012)\n",
    "is_privacy": false
},
{
    "type": "log",
    "source": "class",
    "method": "zza",
    "package_name": "com.hiface",
    "class_name": "com.google.android.ump.ConsentRequestParameters",
    "timestamp": 1728462574751,
    "ref": "com.google.android.ump.ConsentRequestParameters@a59a6e4",
    "arguments": "{}",
    "stack_trace": "java.lang.Exception\n\tat com.google.android.ump.ConsentRequestParameters.zza(Native Method)\n\tat com.google.android.gms.internal.consent_sdk.zzp.zza(com.google.android.ump:user-messaging-platform@@2.1.0:2)\n\tat com.google.android.gms.internal.consent_sdk.zzn.zzd(com.google.android.ump:user-messaging-platform@@2.1.0:3)\n\tat com.google.android.gms.internal.consent_sdk.zzx.zzb(com.google.android.ump:user-messaging-platform@@2.1.0:5)\n\tat com.google.android.gms.internal.consent_sdk.zzw.run(Unknown Source:10)\n\tat java.util.concurrent.ThreadPoolExecutor.runWorker(ThreadPoolExecutor.java:1145)\n\tat java.util.concurrent.ThreadPoolExecutor$Worker.run(ThreadPoolExecutor.java:644)\n\tat java.lang.Thread.run(Thread.java:1012)\n",
    "is_privacy": false
},
{
    "type": "log",
    "source": "class",
    "method": "isTagForUnderAgeOfConsent",
    "package_name": "com.hiface",
    "class_name": "com.google.android.ump.ConsentRequestParameters",
    "timestamp": 1728462574761,
    "ref": "com.google.android.ump.ConsentRequestParameters@a59a6e4",
    "arguments": "{}",
    "stack_trace": "java.lang.Exception\n\tat com.google.android.ump.ConsentRequestParameters.isTagForUnderAgeOfConsent(Native Method)\n\tat com.google.android.gms.internal.consent_sdk.zzp.zza(com.google.android.ump:user-messaging-platform@@2.1.0:9)\n\tat com.google.android.gms.internal.consent_sdk.zzn.zzd(com.google.android.ump:user-messaging-platform@@2.1.0:3)\n\tat com.google.android.gms.internal.consent_sdk.zzx.zzb(com.google.android.ump:user-messaging-platform@@2.1.0:5)\n\tat com.google.android.gms.internal.consent_sdk.zzw.run(Unknown Source:10)\n\tat java.util.concurrent.ThreadPoolExecutor.runWorker(ThreadPoolExecutor.java:1145)\n\tat java.util.concurrent.ThreadPoolExecutor$Worker.run(ThreadPoolExecutor.java:644)\n\tat java.lang.Thread.run(Thread.java:1012)\n",
    "is_privacy": false
},
{
    "type": "log",
    "source": "class",
    "method": "addNetworkExtrasBundle",
    "package_name": "com.hiface",
    "class_name": "com.google.android.gms.ads.AdRequest$Builder",
    "timestamp": 1728462574826,
    "ref": "com.google.android.gms.ads.admanager.AdManagerAdRequest$Builder@6576b03",
    "arguments": "{\"0\":\"<instance: java.lang.Class>\",\"1\":\"<instance: android.os.Bundle>\"}",
    "stack_trace": "java.lang.Exception\n\tat com.google.android.gms.ads.AdRequest$Builder.addNetworkExtrasBundle(Native Method)\n\tat io.invertase.googlemobileads.ReactNativeGoogleMobileAdsCommon.buildAdRequest(ReactNativeGoogleMobileAdsCommon.java:157)\n\tat io.invertase.googlemobileads.ReactNativeGoogleMobileAdsFullScreenAdModule.load(ReactNativeGoogleMobileAdsFullScreenAdModule.kt:89)\n\tat io.invertase.googlemobileads.ReactNativeGoogleMobileAdsAppOpenModule.appOpenLoad(ReactNativeGoogleMobileAdsAppOpenModule.kt:39)\n\tat java.lang.reflect.Method.invoke(Native Method)\n\tat com.facebook.react.bridge.JavaMethodWrapper.invoke(JavaMethodWrapper.java:372)\n\tat com.facebook.react.bridge.JavaModuleWrapper.invoke(JavaModuleWrapper.java:149)\n\tat com.facebook.jni.NativeRunnable.run(Native Method)\n\tat android.os.Handler.handleCallback(Handler.java:958)\n\tat android.os.Handler.dispatchMessage(Handler.java:99)\n\tat com.facebook.react.bridge.queue.MessageQueueThreadHandler.dispatchMessage(MessageQueueThreadHandler.java:27)\n\tat android.os.Looper.loopOnce(Looper.java:255)\n\tat android.os.Looper.loop(Looper.java:364)\n\tat com.facebook.react.bridge.queue.MessageQueueThreadImpl$4.run(MessageQueueThreadImpl.java:234)\n\tat java.lang.Thread.run(Thread.java:1012)\n",
    "is_privacy": true
},
{
    "type": "log",
    "source": "class",
    "method": "isTagForUnderAgeOfConsent",
    "package_name": "com.hiface",
    "class_name": "com.google.android.ump.ConsentRequestParameters",
    "timestamp": 1728462574847,
    "ref": "com.google.android.ump.ConsentRequestParameters@a59a6e4",
    "arguments": "{}",
    "stack_trace": "java.lang.Exception\n\tat com.google.android.ump.ConsentRequestParameters.isTagForUnderAgeOfConsent(Native Method)\n\tat com.google.android.gms.internal.consent_sdk.zzp.zza(com.google.android.ump:user-messaging-platform@@2.1.0:19)\n\tat com.google.android.gms.internal.consent_sdk.zzn.zzd(com.google.android.ump:user-messaging-platform@@2.1.0:3)\n\tat com.google.android.gms.internal.consent_sdk.zzx.zzb(com.google.android.ump:user-messaging-platform@@2.1.0:5)\n\tat com.google.android.gms.internal.consent_sdk.zzw.run(Unknown Source:10)\n\tat java.util.concurrent.ThreadPoolExecutor.runWorker(ThreadPoolExecutor.java:1145)\n\tat java.util.concurrent.ThreadPoolExecutor$Worker.run(ThreadPoolExecutor.java:644)\n\tat java.lang.Thread.run(Thread.java:1012)\n",
    "is_privacy": false
},
{
    "type": "log",
    "source": "class",
    "method": "zza",
    "package_name": "com.hiface",
    "class_name": "com.google.android.gms.ads.AdRequest",
    "timestamp": 1728462575600,
    "ref": "com.google.android.gms.ads.admanager.AdManagerAdRequest@ff6202c",
    "arguments": "{}",
    "stack_trace": "java.lang.Exception\n\tat com.google.android.gms.ads.AdRequest.zza(Native Method)\n\tat com.google.android.gms.ads.appopen.zza.run(com.google.android.gms:play-services-ads-lite@@22.5.0:1)\n\tat java.util.concurrent.ThreadPoolExecutor.runWorker(ThreadPoolExecutor.java:1145)\n\tat java.util.concurrent.ThreadPoolExecutor$Worker.run(ThreadPoolExecutor.java:644)\n\tat java.lang.Thread.run(Thread.java:1012)\n",
    "is_privacy": false
},
{
    "type": "log",
    "source": "class",
    "method": "build",
    "package_name": "com.hiface",
    "class_name": "com.google.android.gms.ads.RequestConfiguration$Builder",
    "timestamp": 1728462576042,
    "ref": "com.google.android.gms.ads.RequestConfiguration$Builder@99d0835",
    "arguments": "{}",
    "stack_trace": "java.lang.Exception\n\tat com.google.android.gms.ads.RequestConfiguration$Builder.build(Native Method)\n\tat com.google.android.gms.ads.internal.client.zzej.<init>(com.google.android.gms:play-services-ads-lite@@22.5.0:2)\n\tat com.google.android.gms.ads.internal.client.zzej.zzf(com.google.android.gms:play-services-ads-lite@@22.5.0:1)\n\tat com.google.android.gms.ads.internal.client.zzdx.zzs(com.google.android.gms:play-services-ads-lite@@22.5.0:1)\n\tat com.google.android.gms.ads.internal.client.zzp.zza(com.google.android.gms:play-services-ads-lite@@22.5.0:8)\n\tat com.google.android.gms.internal.ads.zzawx.zza(com.google.android.gms:play-services-ads-lite@@22.5.0:7)\n\tat com.google.android.gms.ads.appopen.zza.run(com.google.android.gms:play-services-ads-lite@@22.5.0:2)\n\tat java.util.concurrent.ThreadPoolExecutor.runWorker(ThreadPoolExecutor.java:1145)\n\tat java.util.concurrent.ThreadPoolExecutor$Worker.run(ThreadPoolExecutor.java:644)\n\tat java.lang.Thread.run(Thread.java:1012)\n",
    "is_privacy": false
},
{
    "type": "log",
    "source": "class",
    "method": "getTestDeviceIds",
    "package_name": "com.hiface",
    "class_name": "com.google.android.gms.ads.RequestConfiguration",
    "timestamp": 1728462576051,
    "ref": "com.google.android.gms.ads.RequestConfiguration@6f2e158",
    "arguments": "{}",
    "stack_trace": "java.lang.Exception\n\tat com.google.android.gms.ads.RequestConfiguration.getTestDeviceIds(Native Method)\n\tat com.google.android.gms.ads.internal.client.zzdx.zzs(com.google.android.gms:play-services-ads-lite@@22.5.0:4)\n\tat com.google.android.gms.ads.internal.client.zzp.zza(com.google.android.gms:play-services-ads-lite@@22.5.0:8)\n\tat com.google.android.gms.internal.ads.zzawx.zza(com.google.android.gms:play-services-ads-lite@@22.5.0:7)\n\tat com.google.android.gms.ads.appopen.zza.run(com.google.android.gms:play-services-ads-lite@@22.5.0:2)\n\tat java.util.concurrent.ThreadPoolExecutor.runWorker(ThreadPoolExecutor.java:1145)\n\tat java.util.concurrent.ThreadPoolExecutor$Worker.run(ThreadPoolExecutor.java:644)\n\tat java.lang.Thread.run(Thread.java:1012)\n",
    "is_privacy": false
},
{
    "type": "log",
    "source": "class",
    "method": "getTagForChildDirectedTreatment",
    "package_name": "com.hiface",
    "class_name": "com.google.android.gms.ads.RequestConfiguration",
    "timestamp": 1728462576060,
    "ref": "com.google.android.gms.ads.RequestConfiguration@6f2e158",
    "arguments": "{}",
    "stack_trace": "java.lang.Exception\n\tat com.google.android.gms.ads.RequestConfiguration.getTagForChildDirectedTreatment(Native Method)\n\tat com.google.android.gms.ads.internal.client.zzp.zza(com.google.android.gms:play-services-ads-lite@@22.5.0:20)\n\tat com.google.android.gms.internal.ads.zzawx.zza(com.google.android.gms:play-services-ads-lite@@22.5.0:7)\n\tat com.google.android.gms.ads.appopen.zza.run(com.google.android.gms:play-services-ads-lite@@22.5.0:2)\n\tat java.util.concurrent.ThreadPoolExecutor.runWorker(ThreadPoolExecutor.java:1145)\n\tat java.util.concurrent.ThreadPoolExecutor$Worker.run(ThreadPoolExecutor.java:644)\n\tat java.lang.Thread.run(Thread.java:1012)\n",
    "is_privacy": false
},
{
    "type": "log",
    "source": "class",
    "method": "getMaxAdContentRating",
    "package_name": "com.hiface",
    "class_name": "com.google.android.gms.ads.RequestConfiguration",
    "timestamp": 1728462576070,
    "ref": "com.google.android.gms.ads.RequestConfiguration@6f2e158",
    "arguments": "{}",
    "stack_trace": "java.lang.Exception\n\tat com.google.android.gms.ads.RequestConfiguration.getMaxAdContentRating(Native Method)\n\tat com.google.android.gms.ads.internal.client.zzp.zza(com.google.android.gms:play-services-ads-lite@@22.5.0:22)\n\tat com.google.android.gms.internal.ads.zzawx.zza(com.google.android.gms:play-services-ads-lite@@22.5.0:7)\n\tat com.google.android.gms.ads.appopen.zza.run(com.google.android.gms:play-services-ads-lite@@22.5.0:2)\n\tat java.util.concurrent.ThreadPoolExecutor.runWorker(ThreadPoolExecutor.java:1145)\n\tat java.util.concurrent.ThreadPoolExecutor$Worker.run(ThreadPoolExecutor.java:644)\n\tat java.lang.Thread.run(Thread.java:1012)\n",
    "is_privacy": false
},
{
    "type": "log",
    "source": "class",
    "method": "getTagForUnderAgeOfConsent",
    "package_name": "com.hiface",
    "class_name": "com.google.android.gms.ads.RequestConfiguration",
    "timestamp": 1728462576095,
    "ref": "com.google.android.gms.ads.RequestConfiguration@6f2e158",
    "arguments": "{}",
    "stack_trace": "java.lang.Exception\n\tat com.google.android.gms.ads.RequestConfiguration.getTagForUnderAgeOfConsent(Native Method)\n\tat com.google.android.gms.ads.internal.client.zzp.zza(com.google.android.gms:play-services-ads-lite@@22.5.0:30)\n\tat com.google.android.gms.internal.ads.zzawx.zza(com.google.android.gms:play-services-ads-lite@@22.5.0:7)\n\tat com.google.android.gms.ads.appopen.zza.run(com.google.android.gms:play-services-ads-lite@@22.5.0:2)\n\tat java.util.concurrent.ThreadPoolExecutor.runWorker(ThreadPoolExecutor.java:1145)\n\tat java.util.concurrent.ThreadPoolExecutor$Worker.run(ThreadPoolExecutor.java:644)\n\tat java.lang.Thread.run(Thread.java:1012)\n",
    "is_privacy": false
},
{
    "type": "log",
    "source": "class",
    "method": "getPublisherPrivacyPersonalizationState",
    "package_name": "com.hiface",
    "class_name": "com.google.android.gms.ads.RequestConfiguration",
    "timestamp": 1728462576101,
    "ref": "com.google.android.gms.ads.RequestConfiguration@6f2e158",
    "arguments": "{}",
    "stack_trace": "java.lang.Exception\n\tat com.google.android.gms.ads.RequestConfiguration.getPublisherPrivacyPersonalizationState(Native Method)\n\tat com.google.android.gms.ads.internal.client.zzp.zza(com.google.android.gms:play-services-ads-lite@@22.5.0:33)\n\tat com.google.android.gms.internal.ads.zzawx.zza(com.google.android.gms:play-services-ads-lite@@22.5.0:7)\n\tat com.google.android.gms.ads.appopen.zza.run(com.google.android.gms:play-services-ads-lite@@22.5.0:2)\n\tat java.util.concurrent.ThreadPoolExecutor.runWorker(ThreadPoolExecutor.java:1145)\n\tat java.util.concurrent.ThreadPoolExecutor$Worker.run(ThreadPoolExecutor.java:644)\n\tat java.lang.Thread.run(Thread.java:1012)\n",
    "is_privacy": false
},
{
    "type": "log",
    "source": "class",
    "method": "getScionFrontendApiImplementation",
    "package_name": "com.hiface",
    "class_name": "com.google.firebase.analytics.FirebaseAnalytics",
    "timestamp": 1728462576729,
    "ref": "<class: com.google.firebase.analytics.FirebaseAnalytics>",
    "arguments": "{\"0\":\"<instance: android.content.Context, $className: com.hiface.MainApplication>\",\"1\":null}",
    "stack_trace": "java.lang.Exception\n\tat com.google.firebase.analytics.FirebaseAnalytics.getScionFrontendApiImplementation(Native Method)\n\tat java.lang.reflect.Method.invoke(Native Method)\n\tat com.google.android.gms.measurement.AppMeasurement.zza(com.google.android.gms:play-services-measurement-impl@@21.5.0:23)\n\tat com.google.android.gms.measurement.AppMeasurement.zza(com.google.android.gms:play-services-measurement-impl@@21.5.0:8)\n\tat com.google.android.gms.measurement.AppMeasurement.getInstance(com.google.android.gms:play-services-measurement-impl@@21.5.0:3)\n\tat java.lang.reflect.Method.invoke(Native Method)\n\tat com.google.android.gms.ads.internal.scionintegration.ab.r(:com.google.android.gms.policy_ads_fdr_dynamite@234310605@234310602057.578924991.578924991:34)\n\tat com.google.android.gms.ads.internal.scionintegration.ab.b(:com.google.android.gms.policy_ads_fdr_dynamite@234310605@234310602057.578924991.578924991:6)\n\tat com.google.android.gms.ads.internal.scionintegration.ab.e(:com.google.android.gms.policy_ads_fdr_dynamite@234310605@234310602057.578924991.578924991:41)\n\tat com.google.android.gms.ads.nonagon.signals.ew.call(:com.google.android.gms.policy_ads_fdr_dynamite@234310605@234310602057.578924991.578924991:30)\n\tat m.cdl.a(:com.google.android.gms.policy_ads_fdr_dynamite@234310605@234310602057.578924991.578924991:3)\n\tat m.cct.run(:com.google.android.gms.policy_ads_fdr_dynamite@234310605@234310602057.578924991.578924991:21)\n\tat m.cdm.run(:com.google.android.gms.policy_ads_fdr_dynamite@234310605@234310602057.578924991.578924991:5)\n\tat java.util.concurrent.ThreadPoolExecutor.runWorker(ThreadPoolExecutor.java:1145)\n\tat java.util.concurrent.ThreadPoolExecutor$Worker.run(ThreadPoolExecutor.java:644)\n\tat java.lang.Thread.run(Thread.java:1012)\n",
    "is_privacy": false
},
{
    "type": "log",
    "source": "class",
    "method": "getInstance",
    "package_name": "com.hiface",
    "class_name": "com.google.firebase.analytics.FirebaseAnalytics",
    "timestamp": 1728462579251,
    "ref": "<class: com.google.firebase.analytics.FirebaseAnalytics>",
    "arguments": "{\"0\":\"<instance: android.content.Context, $className: com.hiface.MainApplication>\"}",
    "stack_trace": "java.lang.Exception\n\tat com.google.firebase.analytics.FirebaseAnalytics.getInstance(Native Method)\n\tat java.lang.reflect.Method.invoke(Native Method)\n\tat m.oh.f(:com.google.android.gms.dynamite_measurementdynamite@240714038@24.07.14 (190400-0):63)\n\tat m.ex.run(:com.google.android.gms.dynamite_measurementdynamite@240714038@24.07.14 (190400-0):16)\n\tat java.util.concurrent.Executors$RunnableAdapter.call(Executors.java:487)\n\tat java.util.concurrent.FutureTask.run(FutureTask.java:290)\n\tat m.kt.run(:com.google.android.gms.dynamite_measurementdynamite@240714038@24.07.14 (190400-0):48)\n",
    "is_privacy": false
},
{
    "type": "log",
    "source": "class",
    "method": "getFirebaseInstanceId",
    "package_name": "com.hiface",
    "class_name": "com.google.firebase.analytics.FirebaseAnalytics",
    "timestamp": 1728462579258,
    "ref": "com.google.firebase.analytics.FirebaseAnalytics@5b68a0c",
    "arguments": "{}",
    "stack_trace": "java.lang.Exception\n\tat com.google.firebase.analytics.FirebaseAnalytics.getFirebaseInstanceId(Native Method)\n\tat java.lang.reflect.Method.invoke(Native Method)\n\tat m.oh.f(:com.google.android.gms.dynamite_measurementdynamite@240714038@24.07.14 (190400-0):65)\n\tat m.ex.run(:com.google.android.gms.dynamite_measurementdynamite@240714038@24.07.14 (190400-0):16)\n\tat java.util.concurrent.Executors$RunnableAdapter.call(Executors.java:487)\n\tat java.util.concurrent.FutureTask.run(FutureTask.java:290)\n\tat m.kt.run(:com.google.android.gms.dynamite_measurementdynamite@240714038@24.07.14 (190400-0):48)\n",
    "is_privacy": false
},
{
    "type": "log",
    "source": "class",
    "method": "getInstance",
    "package_name": "com.hiface",
    "class_name": "com.google.firebase.analytics.FirebaseAnalytics",
    "timestamp": 1728462579325,
    "ref": "<class: com.google.firebase.analytics.FirebaseAnalytics>",
    "arguments": "{\"0\":\"<instance: android.content.Context, $className: com.hiface.MainApplication>\"}",
    "stack_trace": "java.lang.Exception\n\tat com.google.firebase.analytics.FirebaseAnalytics.getInstance(Native Method)\n\tat java.lang.reflect.Method.invoke(Native Method)\n\tat m.oh.f(:com.google.android.gms.dynamite_measurementdynamite@240714038@24.07.14 (190400-0):63)\n\tat m.ex.run(:com.google.android.gms.dynamite_measurementdynamite@240714038@24.07.14 (190400-0):16)\n\tat java.util.concurrent.Executors$RunnableAdapter.call(Executors.java:487)\n\tat java.util.concurrent.FutureTask.run(FutureTask.java:290)\n\tat m.kt.run(:com.google.android.gms.dynamite_measurementdynamite@240714038@24.07.14 (190400-0):48)\n",
    "is_privacy": false
},
{
    "type": "log",
    "source": "class",
    "method": "getFirebaseInstanceId",
    "package_name": "com.hiface",
    "class_name": "com.google.firebase.analytics.FirebaseAnalytics",
    "timestamp": 1728462579337,
    "ref": "com.google.firebase.analytics.FirebaseAnalytics@5b68a0c",
    "arguments": "{}",
    "stack_trace": "java.lang.Exception\n\tat com.google.firebase.analytics.FirebaseAnalytics.getFirebaseInstanceId(Native Method)\n\tat java.lang.reflect.Method.invoke(Native Method)\n\tat m.oh.f(:com.google.android.gms.dynamite_measurementdynamite@240714038@24.07.14 (190400-0):65)\n\tat m.ex.run(:com.google.android.gms.dynamite_measurementdynamite@240714038@24.07.14 (190400-0):16)\n\tat java.util.concurrent.Executors$RunnableAdapter.call(Executors.java:487)\n\tat java.util.concurrent.FutureTask.run(FutureTask.java:290)\n\tat m.kt.run(:com.google.android.gms.dynamite_measurementdynamite@240714038@24.07.14 (190400-0):48)\n",
    "is_privacy": false
},
{
    "type": "log",
    "source": "class",
    "method": "getInstance",
    "package_name": "com.hiface",
    "class_name": "com.google.firebase.analytics.FirebaseAnalytics",
    "timestamp": 1728462580302,
    "ref": "<class: com.google.firebase.analytics.FirebaseAnalytics>",
    "arguments": "{\"0\":\"<instance: android.content.Context, $className: com.hiface.MainApplication>\"}",
    "stack_trace": "java.lang.Exception\n\tat com.google.firebase.analytics.FirebaseAnalytics.getInstance(Native Method)\n\tat java.lang.reflect.Method.invoke(Native Method)\n\tat m.oh.f(:com.google.android.gms.dynamite_measurementdynamite@240714038@24.07.14 (190400-0):63)\n\tat m.ez.run(:com.google.android.gms.dynamite_measurementdynamite@240714038@24.07.14 (190400-0):16)\n\tat java.util.concurrent.Executors$RunnableAdapter.call(Executors.java:487)\n\tat java.util.concurrent.FutureTask.run(FutureTask.java:290)\n\tat m.kt.run(:com.google.android.gms.dynamite_measurementdynamite@240714038@24.07.14 (190400-0):48)\n",
    "is_privacy": false
},
{
    "type": "log",
    "source": "class",
    "method": "getFirebaseInstanceId",
    "package_name": "com.hiface",
    "class_name": "com.google.firebase.analytics.FirebaseAnalytics",
    "timestamp": 1728462580305,
    "ref": "com.google.firebase.analytics.FirebaseAnalytics@5b68a0c",
    "arguments": "{}",
    "stack_trace": "java.lang.Exception\n\tat com.google.firebase.analytics.FirebaseAnalytics.getFirebaseInstanceId(Native Method)\n\tat java.lang.reflect.Method.invoke(Native Method)\n\tat m.oh.f(:com.google.android.gms.dynamite_measurementdynamite@240714038@24.07.14 (190400-0):65)\n\tat m.ez.run(:com.google.android.gms.dynamite_measurementdynamite@240714038@24.07.14 (190400-0):16)\n\tat java.util.concurrent.Executors$RunnableAdapter.call(Executors.java:487)\n\tat java.util.concurrent.FutureTask.run(FutureTask.java:290)\n\tat m.kt.run(:com.google.android.gms.dynamite_measurementdynamite@240714038@24.07.14 (190400-0):48)\n",
    "is_privacy": false
},
{
    "type": "log",
    "source": "class",
    "method": "getInstance",
    "package_name": "com.hiface",
    "class_name": "com.google.firebase.analytics.FirebaseAnalytics",
    "timestamp": 1728462580329,
    "ref": "<class: com.google.firebase.analytics.FirebaseAnalytics>",
    "arguments": "{\"0\":\"<instance: android.content.Context, $className: com.hiface.MainApplication>\"}",
    "stack_trace": "java.lang.Exception\n\tat com.google.firebase.analytics.FirebaseAnalytics.getInstance(Native Method)\n\tat java.lang.reflect.Method.invoke(Native Method)\n\tat m.oh.f(:com.google.android.gms.dynamite_measurementdynamite@240714038@24.07.14 (190400-0):63)\n\tat m.ez.run(:com.google.android.gms.dynamite_measurementdynamite@240714038@24.07.14 (190400-0):16)\n\tat java.util.concurrent.Executors$RunnableAdapter.call(Executors.java:487)\n\tat java.util.concurrent.FutureTask.run(FutureTask.java:290)\n\tat m.kt.run(:com.google.android.gms.dynamite_measurementdynamite@240714038@24.07.14 (190400-0):48)\n",
    "is_privacy": false
},
{
    "type": "log",
    "source": "class",
    "method": "getFirebaseInstanceId",
    "package_name": "com.hiface",
    "class_name": "com.google.firebase.analytics.FirebaseAnalytics",
    "timestamp": 1728462580331,
    "ref": "com.google.firebase.analytics.FirebaseAnalytics@5b68a0c",
    "arguments": "{}",
    "stack_trace": "java.lang.Exception\n\tat com.google.firebase.analytics.FirebaseAnalytics.getFirebaseInstanceId(Native Method)\n\tat java.lang.reflect.Method.invoke(Native Method)\n\tat m.oh.f(:com.google.android.gms.dynamite_measurementdynamite@240714038@24.07.14 (190400-0):65)\n\tat m.ez.run(:com.google.android.gms.dynamite_measurementdynamite@240714038@24.07.14 (190400-0):16)\n\tat java.util.concurrent.Executors$RunnableAdapter.call(Executors.java:487)\n\tat java.util.concurrent.FutureTask.run(FutureTask.java:290)\n\tat m.kt.run(:com.google.android.gms.dynamite_measurementdynamite@240714038@24.07.14 (190400-0):48)\n",
    "is_privacy": false
},
{
    "type": "log",
    "source": "class",
    "method": "getInstance",
    "package_name": "com.hiface",
    "class_name": "com.google.firebase.analytics.FirebaseAnalytics",
    "timestamp": 1728462580410,
    "ref": "<class: com.google.firebase.analytics.FirebaseAnalytics>",
    "arguments": "{\"0\":\"<instance: android.content.Context, $className: com.hiface.MainApplication>\"}",
    "stack_trace": "java.lang.Exception\n\tat com.google.firebase.analytics.FirebaseAnalytics.getInstance(Native Method)\n\tat java.lang.reflect.Method.invoke(Native Method)\n\tat m.oh.f(:com.google.android.gms.dynamite_measurementdynamite@240714038@24.07.14 (190400-0):63)\n\tat m.oh.D(:com.google.android.gms.dynamite_measurementdynamite@240714038@24.07.14 (190400-0):81)\n\tat m.me.run(:com.google.android.gms.dynamite_measurementdynamite@240714038@24.07.14 (190400-0):202)\n\tat java.util.concurrent.Executors$RunnableAdapter.call(Executors.java:487)\n\tat java.util.concurrent.FutureTask.run(FutureTask.java:290)\n\tat m.kt.run(:com.google.android.gms.dynamite_measurementdynamite@240714038@24.07.14 (190400-0):48)\n",
    "is_privacy": false
},
{
    "type": "log",
    "source": "class",
    "method": "getFirebaseInstanceId",
    "package_name": "com.hiface",
    "class_name": "com.google.firebase.analytics.FirebaseAnalytics",
    "timestamp": 1728462580414,
    "ref": "com.google.firebase.analytics.FirebaseAnalytics@5b68a0c",
    "arguments": "{}",
    "stack_trace": "java.lang.Exception\n\tat com.google.firebase.analytics.FirebaseAnalytics.getFirebaseInstanceId(Native Method)\n\tat java.lang.reflect.Method.invoke(Native Method)\n\tat m.oh.f(:com.google.android.gms.dynamite_measurementdynamite@240714038@24.07.14 (190400-0):65)\n\tat m.oh.D(:com.google.android.gms.dynamite_measurementdynamite@240714038@24.07.14 (190400-0):81)\n\tat m.me.run(:com.google.android.gms.dynamite_measurementdynamite@240714038@24.07.14 (190400-0):202)\n\tat java.util.concurrent.Executors$RunnableAdapter.call(Executors.java:487)\n\tat java.util.concurrent.FutureTask.run(FutureTask.java:290)\n\tat m.kt.run(:com.google.android.gms.dynamite_measurementdynamite@240714038@24.07.14 (190400-0):48)\n",
    "is_privacy": false
},
{
    "type": "log",
    "source": "class",
    "method": "getInstance",
    "package_name": "com.hiface",
    "class_name": "com.google.firebase.analytics.FirebaseAnalytics",
    "timestamp": 1728462580858,
    "ref": "<class: com.google.firebase.analytics.FirebaseAnalytics>",
    "arguments": "{\"0\":\"<instance: android.content.Context, $className: com.hiface.MainApplication>\"}",
    "stack_trace": "java.lang.Exception\n\tat com.google.firebase.analytics.FirebaseAnalytics.getInstance(Native Method)\n\tat java.lang.reflect.Method.invoke(Native Method)\n\tat m.oh.f(:com.google.android.gms.dynamite_measurementdynamite@240714038@24.07.14 (190400-0):63)\n\tat m.ex.run(:com.google.android.gms.dynamite_measurementdynamite@240714038@24.07.14 (190400-0):16)\n\tat java.util.concurrent.Executors$RunnableAdapter.call(Executors.java:487)\n\tat java.util.concurrent.FutureTask.run(FutureTask.java:290)\n\tat m.kt.run(:com.google.android.gms.dynamite_measurementdynamite@240714038@24.07.14 (190400-0):48)\n",
    "is_privacy": false
},
{
    "type": "log",
    "source": "class",
    "method": "getFirebaseInstanceId",
    "package_name": "com.hiface",
    "class_name": "com.google.firebase.analytics.FirebaseAnalytics",
    "timestamp": 1728462580862,
    "ref": "com.google.firebase.analytics.FirebaseAnalytics@5b68a0c",
    "arguments": "{}",
    "stack_trace": "java.lang.Exception\n\tat com.google.firebase.analytics.FirebaseAnalytics.getFirebaseInstanceId(Native Method)\n\tat java.lang.reflect.Method.invoke(Native Method)\n\tat m.oh.f(:com.google.android.gms.dynamite_measurementdynamite@240714038@24.07.14 (190400-0):65)\n\tat m.ex.run(:com.google.android.gms.dynamite_measurementdynamite@240714038@24.07.14 (190400-0):16)\n\tat java.util.concurrent.Executors$RunnableAdapter.call(Executors.java:487)\n\tat java.util.concurrent.FutureTask.run(FutureTask.java:290)\n\tat m.kt.run(:com.google.android.gms.dynamite_measurementdynamite@240714038@24.07.14 (190400-0):48)\n",
    "is_privacy": false
},
{
    "type": "log",
    "source": "class",
    "method": "getInstance",
    "package_name": "com.hiface",
    "class_name": "com.google.firebase.analytics.FirebaseAnalytics",
    "timestamp": 1728462580889,
    "ref": "<class: com.google.firebase.analytics.FirebaseAnalytics>",
    "arguments": "{\"0\":\"<instance: android.content.Context, $className: com.hiface.MainApplication>\"}",
    "stack_trace": "java.lang.Exception\n\tat com.google.firebase.analytics.FirebaseAnalytics.getInstance(Native Method)\n\tat java.lang.reflect.Method.invoke(Native Method)\n\tat m.oh.f(:com.google.android.gms.dynamite_measurementdynamite@240714038@24.07.14 (190400-0):63)\n\tat m.ex.run(:com.google.android.gms.dynamite_measurementdynamite@240714038@24.07.14 (190400-0):16)\n\tat java.util.concurrent.Executors$RunnableAdapter.call(Executors.java:487)\n\tat java.util.concurrent.FutureTask.run(FutureTask.java:290)\n\tat m.kt.run(:com.google.android.gms.dynamite_measurementdynamite@240714038@24.07.14 (190400-0):48)\n",
    "is_privacy": false
},
{
    "type": "log",
    "source": "class",
    "method": "getFirebaseInstanceId",
    "package_name": "com.hiface",
    "class_name": "com.google.firebase.analytics.FirebaseAnalytics",
    "timestamp": 1728462580892,
    "ref": "com.google.firebase.analytics.FirebaseAnalytics@5b68a0c",
    "arguments": "{}",
    "stack_trace": "java.lang.Exception\n\tat com.google.firebase.analytics.FirebaseAnalytics.getFirebaseInstanceId(Native Method)\n\tat java.lang.reflect.Method.invoke(Native Method)\n\tat m.oh.f(:com.google.android.gms.dynamite_measurementdynamite@240714038@24.07.14 (190400-0):65)\n\tat m.ex.run(:com.google.android.gms.dynamite_measurementdynamite@240714038@24.07.14 (190400-0):16)\n\tat java.util.concurrent.Executors$RunnableAdapter.call(Executors.java:487)\n\tat java.util.concurrent.FutureTask.run(FutureTask.java:290)\n\tat m.kt.run(:com.google.android.gms.dynamite_measurementdynamite@240714038@24.07.14 (190400-0):48)\n",
    "is_privacy": false
},
{
    "type": "log",
    "source": "class",
    "method": "loadConsentForm",
    "package_name": "com.hiface",
    "class_name": "com.google.android.ump.UserMessagingPlatform",
    "timestamp": 1728462581298,
    "ref": "<class: com.google.android.ump.UserMessagingPlatform>",
    "arguments": "{\"0\":\"<instance: android.content.Context, $className: com.facebook.react.bridge.ReactApplicationContext>\",\"1\":\"<instance: com.google.android.ump.UserMessagingPlatform$OnConsentFormLoadSuccessListener, $className: io.invertase.googlemobileads.ReactNativeGoogleMobileAdsConsentModule$$ExternalSyntheticLambda2>\",\"2\":\"<instance: com.google.android.ump.UserMessagingPlatform$OnConsentFormLoadFailureListener, $className: io.invertase.googlemobileads.ReactNativeGoogleMobileAdsConsentModule$$ExternalSyntheticLambda3>\"}",
    "stack_trace": "java.lang.Exception\n\tat com.google.android.ump.UserMessagingPlatform.loadConsentForm(Native Method)\n\tat io.invertase.googlemobileads.ReactNativeGoogleMobileAdsConsentModule.lambda$showForm$5(ReactNativeGoogleMobileAdsConsentModule.java:153)\n\tat io.invertase.googlemobileads.ReactNativeGoogleMobileAdsConsentModule.$r8$lambda$KKGGZigpE0rti31El0pHmrYcUH0(Unknown Source:0)\n\tat io.invertase.googlemobileads.ReactNativeGoogleMobileAdsConsentModule$$ExternalSyntheticLambda4.run(Unknown Source:6)\n\tat android.os.Handler.handleCallback(Handler.java:958)\n\tat android.os.Handler.dispatchMessage(Handler.java:99)\n\tat android.os.Looper.loopOnce(Looper.java:255)\n\tat android.os.Looper.loop(Looper.java:364)\n\tat android.app.ActivityThread.main(ActivityThread.java:8938)\n\tat java.lang.reflect.Method.invoke(Native Method)\n\tat com.android.internal.os.RuntimeInit$MethodAndArgsCaller.run(RuntimeInit.java:572)\n\tat com.android.internal.os.ZygoteInit.main(ZygoteInit.java:1053)\n",
    "is_privacy": false
},
{
    "type": "log",
    "source": "class",
    "method": "getInstance",
    "package_name": "com.hiface",
    "class_name": "com.google.firebase.analytics.FirebaseAnalytics",
    "timestamp": 1728462581332,
    "ref": "<class: com.google.firebase.analytics.FirebaseAnalytics>",
    "arguments": "{\"0\":\"<instance: android.content.Context, $className: com.hiface.MainApplication>\"}",
    "stack_trace": "java.lang.Exception\n\tat com.google.firebase.analytics.FirebaseAnalytics.getInstance(Native Method)\n\tat java.lang.reflect.Method.invoke(Native Method)\n\tat m.oh.f(:com.google.android.gms.dynamite_measurementdynamite@240714038@24.07.14 (190400-0):63)\n\tat m.mu.aa(:com.google.android.gms.dynamite_measurementdynamite@240714038@24.07.14 (190400-0):165)\n\tat m.lz.run(:com.google.android.gms.dynamite_measurementdynamite@240714038@24.07.14 (190400-0):17)\n\tat java.util.concurrent.Executors$RunnableAdapter.call(Executors.java:487)\n\tat java.util.concurrent.FutureTask.run(FutureTask.java:290)\n\tat m.kt.run(:com.google.android.gms.dynamite_measurementdynamite@240714038@24.07.14 (190400-0):48)\n",
    "is_privacy": false
},
{
    "type": "log",
    "source": "class",
    "method": "getFirebaseInstanceId",
    "package_name": "com.hiface",
    "class_name": "com.google.firebase.analytics.FirebaseAnalytics",
    "timestamp": 1728462581335,
    "ref": "com.google.firebase.analytics.FirebaseAnalytics@5b68a0c",
    "arguments": "{}",
    "stack_trace": "java.lang.Exception\n\tat com.google.firebase.analytics.FirebaseAnalytics.getFirebaseInstanceId(Native Method)\n\tat java.lang.reflect.Method.invoke(Native Method)\n\tat m.oh.f(:com.google.android.gms.dynamite_measurementdynamite@240714038@24.07.14 (190400-0):65)\n\tat m.mu.aa(:com.google.android.gms.dynamite_measurementdynamite@240714038@24.07.14 (190400-0):165)\n\tat m.lz.run(:com.google.android.gms.dynamite_measurementdynamite@240714038@24.07.14 (190400-0):17)\n\tat java.util.concurrent.Executors$RunnableAdapter.call(Executors.java:487)\n\tat java.util.concurrent.FutureTask.run(FutureTask.java:290)\n\tat m.kt.run(:com.google.android.gms.dynamite_measurementdynamite@240714038@24.07.14 (190400-0):48)\n",
    "is_privacy": false
},
