{
    "type": "log",
    "source": "class",
    "method": "getInstance",
    "package_name": "com.ss.android.ugc.trill",
    "class_name": "com.appsflyer.AppsFlyerLib",
    "timestamp": 1728463112069,
    "ref": "<class: com.appsflyer.AppsFlyerLib>",
    "arguments": "{}",
    "stack_trace": "java.lang.Exception\n\tat com.appsflyer.AppsFlyerLib.getInstance(Native Method)\n\tat com.ss.android.ugc.aweme.legoImp.task.InitAppsFlyer.LIZJ(SourceFile:33554440)\n\tat X.H7i.invokeSuspend(SourceFile:16777435)\n\tat buf.a.resumeWith(SourceFile:16777227)\n\tat X.gR6.LJFF(SourceFile:97)\n\tat X.gR6.run(SourceFile:0)\n\tat android.os.Handler.handleCallback(Handler.java:958)\n\tat android.os.Handler.dispatchMessage(Handler.java:99)\n\tat android.os.Looper.loopOnce(Looper.java:255)\n\tat android.os.Looper.loop(Looper.java:364)\n\tat android.app.ActivityThread.main(ActivityThread.java:8938)\n\tat java.lang.reflect.Method.invoke(Native Method)\n\tat com.android.internal.os.RuntimeInit$MethodAndArgsCaller.run(RuntimeInit.java:572)\n\tat com.android.internal.os.ZygoteInit.main(ZygoteInit.java:1053)\n",
    "is_privacy": false
},
{
    "type": "log",
    "source": "class",
    "method": "getInstance",
    "package_name": "com.ss.android.ugc.trill",
    "class_name": "com.appsflyer.AppsFlyerLib",
    "timestamp": 1728463112114,
    "ref": "<class: com.appsflyer.AppsFlyerLib>",
    "arguments": "{}",
    "stack_trace": "java.lang.Exception\n\tat com.appsflyer.AppsFlyerLib.getInstance(Native Method)\n\tat kotlin.jvm.internal.ApS28S0010000_7.invoke$3(SourceFile:16777216)\n\tat kotlin.jvm.internal.ApS28S0010000_7.invoke(Unknown Source:12)\n\tat X.ef0.LIZIZ(SourceFile:33554468)\n\tat kotlin.jvm.internal.ApS101S0110000_19.invoke$0(SourceFile:16777272)\n\tat kotlin.jvm.internal.ApS101S0110000_19.invoke(Unknown Source:22)\n\tat X.OlX.LIZ(SourceFile:67108949)\n\tat com.ss.android.ugc.aweme.legoImp.task.InitAppsFlyer.LIZJ(SourceFile:33554515)\n\tat X.H7i.invokeSuspend(SourceFile:16777435)\n\tat buf.a.resumeWith(SourceFile:16777227)\n\tat X.gR6.LJFF(SourceFile:97)\n\tat X.gR6.run(SourceFile:0)\n\tat android.os.Handler.handleCallback(Handler.java:958)\n\tat android.os.Handler.dispatchMessage(Handler.java:99)\n\tat android.os.Looper.loopOnce(Looper.java:255)\n\tat android.os.Looper.loop(Looper.java:364)\n\tat android.app.ActivityThread.main(ActivityThread.java:8938)\n\tat java.lang.reflect.Method.invoke(Native Method)\n\tat com.android.internal.os.RuntimeInit$MethodAndArgsCaller.run(RuntimeInit.java:572)\n\tat com.android.internal.os.ZygoteInit.main(ZygoteInit.java:1053)\n",
    "is_privacy": false
},
{
    "type": "log",
    "source": "class",
    "method": "getInstance",
    "package_name": "com.ss.android.ugc.trill",
    "class_name": "com.appsflyer.AppsFlyerLib",
    "timestamp": 1728463112123,
    "ref": "<class: com.appsflyer.AppsFlyerLib>",
    "arguments": "{}",
    "stack_trace": "java.lang.Exception\n\tat com.appsflyer.AppsFlyerLib.getInstance(Native Method)\n\tat kotlin.jvm.internal.ApS28S0010000_7.invoke$4(SourceFile:16777216)\n\tat kotlin.jvm.internal.ApS28S0010000_7.invoke(Unknown Source:7)\n\tat X.ef0.LIZIZ(SourceFile:33554468)\n\tat kotlin.jvm.internal.ApS101S0110000_19.invoke$1(SourceFile:16777272)\n\tat kotlin.jvm.internal.ApS101S0110000_19.invoke(Unknown Source:17)\n\tat X.OlX.LIZ(SourceFile:67108949)\n\tat com.ss.android.ugc.aweme.legoImp.task.InitAppsFlyer.LIZJ(SourceFile:33554534)\n\tat X.H7i.invokeSuspend(SourceFile:16777435)\n\tat buf.a.resumeWith(SourceFile:16777227)\n\tat X.gR6.LJFF(SourceFile:97)\n\tat X.gR6.run(SourceFile:0)\n\tat android.os.Handler.handleCallback(Handler.java:958)\n\tat android.os.Handler.dispatchMessage(Handler.java:99)\n\tat android.os.Looper.loopOnce(Looper.java:255)\n\tat android.os.Looper.loop(Looper.java:364)\n\tat android.app.ActivityThread.main(ActivityThread.java:8938)\n\tat java.lang.reflect.Method.invoke(Native Method)\n\tat com.android.internal.os.RuntimeInit$MethodAndArgsCaller.run(RuntimeInit.java:572)\n\tat com.android.internal.os.ZygoteInit.main(ZygoteInit.java:1053)\n",
    "is_privacy": false
},
{
    "type": "log",
    "source": "class",
    "method": "getInstance",
    "package_name": "com.ss.android.ugc.trill",
    "class_name": "com.appsflyer.AppsFlyerLib",
    "timestamp": 1728463112128,
    "ref": "<class: com.appsflyer.AppsFlyerLib>",
    "arguments": "{}",
    "stack_trace": "java.lang.Exception\n\tat com.appsflyer.AppsFlyerLib.getInstance(Native Method)\n\tat kotlin.jvm.internal.ApS269S0100000_7.invoke$709(SourceFile:16777216)\n\tat kotlin.jvm.internal.ApS269S0100000_7.invoke(Unknown Source:702)\n\tat X.ef0.LIZIZ(SourceFile:33554468)\n\tat kotlin.jvm.internal.ApS227S0200000_19.invoke$83(SourceFile:16777282)\n\tat kotlin.jvm.internal.ApS227S0200000_19.invoke(Unknown Source:102)\n\tat X.OlX.LIZ(SourceFile:67108949)\n\tat com.ss.android.ugc.aweme.legoImp.task.InitAppsFlyer.LIZJ(SourceFile:33554576)\n\tat X.H7i.invokeSuspend(SourceFile:16777435)\n\tat buf.a.resumeWith(SourceFile:16777227)\n\tat X.gR6.LJFF(SourceFile:97)\n\tat X.gR6.run(SourceFile:0)\n\tat android.os.Handler.handleCallback(Handler.java:958)\n\tat android.os.Handler.dispatchMessage(Handler.java:99)\n\tat android.os.Looper.loopOnce(Looper.java:255)\n\tat android.os.Looper.loop(Looper.java:364)\n\tat android.app.ActivityThread.main(ActivityThread.java:8938)\n\tat java.lang.reflect.Method.invoke(Native Method)\n\tat com.android.internal.os.RuntimeInit$MethodAndArgsCaller.run(RuntimeInit.java:572)\n\tat com.android.internal.os.ZygoteInit.main(ZygoteInit.java:1053)\n",
    "is_privacy": false
},
{
    "type": "log",
    "source": "class",
    "method": "getInstance",
    "package_name": "com.ss.android.ugc.trill",
    "class_name": "com.appsflyer.AppsFlyerLib",
    "timestamp": 1728463112133,
    "ref": "<class: com.appsflyer.AppsFlyerLib>",
    "arguments": "{}",
    "stack_trace": "java.lang.Exception\n\tat com.appsflyer.AppsFlyerLib.getInstance(Native Method)\n\tat X.GcQ.LJI(SourceFile:0)\n\tat X.GcQ.LJIIIIZZ(SourceFile:45)\n\tat com.ss.android.ugc.aweme.legoImp.task.InitAppsFlyer.LIZJ(SourceFile:33554629)\n\tat X.H7i.invokeSuspend(SourceFile:16777435)\n\tat buf.a.resumeWith(SourceFile:16777227)\n\tat X.gR6.LJFF(SourceFile:97)\n\tat X.gR6.run(SourceFile:0)\n\tat android.os.Handler.handleCallback(Handler.java:958)\n\tat android.os.Handler.dispatchMessage(Handler.java:99)\n\tat android.os.Looper.loopOnce(Looper.java:255)\n\tat android.os.Looper.loop(Looper.java:364)\n\tat android.app.ActivityThread.main(ActivityThread.java:8938)\n\tat java.lang.reflect.Method.invoke(Native Method)\n\tat com.android.internal.os.RuntimeInit$MethodAndArgsCaller.run(RuntimeInit.java:572)\n\tat com.android.internal.os.ZygoteInit.main(ZygoteInit.java:1053)\n",
    "is_privacy": false
},
{
    "type": "log",
    "source": "class",
    "method": "getInstance",
    "package_name": "com.ss.android.ugc.trill",
    "class_name": "com.google.firebase.analytics.FirebaseAnalytics",
    "timestamp": 1728463124449,
    "ref": "<class: com.google.firebase.analytics.FirebaseAnalytics>",
    "arguments": "{\"0\":\"<instance: android.content.Context, $className: com.ss.android.ugc.aweme.app.host.AwemeHostApplication>\"}",
    "stack_trace": "java.lang.Exception\n\tat com.google.firebase.analytics.FirebaseAnalytics.getInstance(Native Method)\n\tat X.eeB.<init>(SourceFile:16777219)\n\tat X.eeG.LIZ(SourceFile:16777233)\n\tat Y.AfS96S0100000_7.accept$104(SourceFile:33554476)\n\tat Y.AfS96S0100000_7.accept(Unknown Source:835)\n\tat X.aJT.onNext(SourceFile:16777224)\n\tat X.aPs.onNext(SourceFile:16777230)\n\tat X.aPs.onNext(SourceFile:16777230)\n\tat X.aPr.onNext(SourceFile:16777261)\n\tat X.aRr.onNext(SourceFile:16777218)\n\tat X.aQR.onNext(SourceFile:16777232)\n\tat X.aPO.accept(SourceFile:33554453)\n\tat X.aPX.test(SourceFile:16777222)\n\tat X.aPX.LIZIZ(SourceFile:33554486)\n\tat X.aPY.onNext(SourceFile:16777271)\n\tat X.aPN.onNext(SourceFile:16777257)\n\tat X.HF4.LIZ(SourceFile:6)\n\tat X.HF5.LIZIZ(SourceFile:33554432)\n\tat X.f7S.LJI(SourceFile:16777705)\n\tat X.f7S.LJ(SourceFile:33554663)\n\tat X.f7S.LJFF(SourceFile:426)\n\tat X.f7S.LIZLLL(SourceFile:395)\n\tat X.f7S.run(SourceFile:17)\n",
    "is_privacy": false
},
