{
    "type": "log",
    "source": "class",
    "method": "getInstance",
    "package_name": "com.google.android.youtube",
    "class_name": "com.google.firebase.analytics.FirebaseAnalytics",
    "timestamp": 1728461540335,
    "ref": "<class: com.google.firebase.analytics.FirebaseAnalytics>",
    "arguments": "{\"0\":\"<instance: android.content.Context, $className: com.google.android.apps.youtube.app.YouTubeTikTokRoot_Application>\"}",
    "stack_trace": "java.lang.Exception\n\tat com.google.firebase.analytics.FirebaseAnalytics.getInstance(Native Method)\n\tat ggr.f(PG:1)\n\tat fyo.e(PG:69)\n\tat fyo.a(PG:47)\n\tat bblp.e(PG:12)\n\tat bblp.a(PG:7)\n\tat abdy.a(PG:180)\n\tat fzu.run(PG:993)\n\tat yoe.run(PG:20)\n\tat amdf.run(PG:21)\n\tat qra.run(PG:3)\n\tat anfz.run(PG:50)\n\tat pyw.run(PG:282)\n\tat java.lang.Thread.run(Thread.java:1012)\n\tat qsl.run(PG:64)\n",
    "is_privacy": false
},
{
    "type": "log",
    "source": "class",
    "method": "a",
    "package_name": "com.google.android.youtube",
    "class_name": "com.google.firebase.analytics.FirebaseAnalytics",
    "timestamp": 1728461540348,
    "ref": "com.google.firebase.analytics.FirebaseAnalytics@2071bc3",
    "arguments": "{\"0\":false}",
    "stack_trace": "java.lang.Exception\n\tat com.google.firebase.analytics.FirebaseAnalytics.a(Native Method)\n\tat abdy.a(PG:187)\n\tat fzu.run(PG:993)\n\tat yoe.run(PG:20)\n\tat amdf.run(PG:21)\n\tat qra.run(PG:3)\n\tat anfz.run(PG:50)\n\tat pyw.run(PG:282)\n\tat java.lang.Thread.run(Thread.java:1012)\n\tat qsl.run(PG:64)\n",
    "is_privacy": false
},
