{
    "type": "log",
    "source": "class",
    "method": "getInstance",
    "package_name": "com.claroColombia.contenedor",
    "class_name": "com.google.firebase.analytics.FirebaseAnalytics",
    "timestamp": 1728462620615,
    "ref": "<class: com.google.firebase.analytics.FirebaseAnalytics>",
    "arguments": "{\"0\":\"<instance: android.content.Context, $className: com.speedymovil.contenedor.appdelegate.AppDelegate>\"}",
    "stack_trace": "java.lang.Exception\n\tat com.google.firebase.analytics.FirebaseAnalytics.getInstance(Native Method)\n\tat java.lang.reflect.Method.invoke(Native Method)\n\tat m.oh.f(:com.google.android.gms.dynamite_measurementdynamite@240714038@24.07.14 (190400-0):63)\n\tat m.mu.s(:com.google.android.gms.dynamite_measurementdynamite@240714038@24.07.14 (190400-0):82)\n\tat m.kx.run(:com.google.android.gms.dynamite_measurementdynamite@240714038@24.07.14 (190400-0):1955)\n\tat java.util.concurrent.Executors$RunnableAdapter.call(Executors.java:487)\n\tat java.util.concurrent.FutureTask.run(FutureTask.java:290)\n\tat m.kt.run(:com.google.android.gms.dynamite_measurementdynamite@240714038@24.07.14 (190400-0):48)\n",
    "is_privacy": false
},
{
    "type": "log",
    "source": "class",
    "method": "getFirebaseInstanceId",
    "package_name": "com.claroColombia.contenedor",
    "class_name": "com.google.firebase.analytics.FirebaseAnalytics",
    "timestamp": 1728462620623,
    "ref": "com.google.firebase.analytics.FirebaseAnalytics@7f062a1",
    "arguments": "{}",
    "stack_trace": "java.lang.Exception\n\tat com.google.firebase.analytics.FirebaseAnalytics.getFirebaseInstanceId(Native Method)\n\tat java.lang.reflect.Method.invoke(Native Method)\n\tat m.oh.f(:com.google.android.gms.dynamite_measurementdynamite@240714038@24.07.14 (190400-0):65)\n\tat m.mu.s(:com.google.android.gms.dynamite_measurementdynamite@240714038@24.07.14 (190400-0):82)\n\tat m.kx.run(:com.google.android.gms.dynamite_measurementdynamite@240714038@24.07.14 (190400-0):1955)\n\tat java.util.concurrent.Executors$RunnableAdapter.call(Executors.java:487)\n\tat java.util.concurrent.FutureTask.run(FutureTask.java:290)\n\tat m.kt.run(:com.google.android.gms.dynamite_measurementdynamite@240714038@24.07.14 (190400-0):48)\n",
    "is_privacy": false
},
{
    "type": "log",
    "source": "class",
    "method": "getInstance",
    "package_name": "com.claroColombia.contenedor",
    "class_name": "com.google.firebase.analytics.FirebaseAnalytics",
    "timestamp": 1728462620705,
    "ref": "<class: com.google.firebase.analytics.FirebaseAnalytics>",
    "arguments": "{\"0\":\"<instance: android.content.Context, $className: com.speedymovil.contenedor.appdelegate.AppDelegate>\"}",
    "stack_trace": "java.lang.Exception\n\tat com.google.firebase.analytics.FirebaseAnalytics.getInstance(Native Method)\n\tat java.lang.reflect.Method.invoke(Native Method)\n\tat m.oh.f(:com.google.android.gms.dynamite_measurementdynamite@240714038@24.07.14 (190400-0):63)\n\tat m.mu.W(:com.google.android.gms.dynamite_measurementdynamite@240714038@24.07.14 (190400-0):206)\n\tat m.op.a(:com.google.android.gms.dynamite_measurementdynamite@240714038@24.07.14 (190400-0):70)\n\tat m.kx.run(:com.google.android.gms.dynamite_measurementdynamite@240714038@24.07.14 (190400-0):2031)\n\tat java.util.concurrent.Executors$RunnableAdapter.call(Executors.java:487)\n\tat java.util.concurrent.FutureTask.run(FutureTask.java:290)\n\tat m.kt.run(:com.google.android.gms.dynamite_measurementdynamite@240714038@24.07.14 (190400-0):48)\n",
    "is_privacy": false
},
{
    "type": "log",
    "source": "class",
    "method": "getFirebaseInstanceId",
    "package_name": "com.claroColombia.contenedor",
    "class_name": "com.google.firebase.analytics.FirebaseAnalytics",
    "timestamp": 1728462620708,
    "ref": "com.google.firebase.analytics.FirebaseAnalytics@7f062a1",
    "arguments": "{}",
    "stack_trace": "java.lang.Exception\n\tat com.google.firebase.analytics.FirebaseAnalytics.getFirebaseInstanceId(Native Method)\n\tat java.lang.reflect.Method.invoke(Native Method)\n\tat m.oh.f(:com.google.android.gms.dynamite_measurementdynamite@240714038@24.07.14 (190400-0):65)\n\tat m.mu.W(:com.google.android.gms.dynamite_measurementdynamite@240714038@24.07.14 (190400-0):206)\n\tat m.op.a(:com.google.android.gms.dynamite_measurementdynamite@240714038@24.07.14 (190400-0):70)\n\tat m.kx.run(:com.google.android.gms.dynamite_measurementdynamite@240714038@24.07.14 (190400-0):2031)\n\tat java.util.concurrent.Executors$RunnableAdapter.call(Executors.java:487)\n\tat java.util.concurrent.FutureTask.run(FutureTask.java:290)\n\tat m.kt.run(:com.google.android.gms.dynamite_measurementdynamite@240714038@24.07.14 (190400-0):48)\n",
    "is_privacy": false
},
{
    "type": "log",
    "source": "class",
    "method": "getInstance",
    "package_name": "com.claroColombia.contenedor",
    "class_name": "com.google.firebase.analytics.FirebaseAnalytics",
    "timestamp": 1728462620753,
    "ref": "<class: com.google.firebase.analytics.FirebaseAnalytics>",
    "arguments": "{\"0\":\"<instance: android.content.Context, $className: com.speedymovil.contenedor.appdelegate.AppDelegate>\"}",
    "stack_trace": "java.lang.Exception\n\tat com.google.firebase.analytics.FirebaseAnalytics.getInstance(Native Method)\n\tat java.lang.reflect.Method.invoke(Native Method)\n\tat m.oh.f(:com.google.android.gms.dynamite_measurementdynamite@240714038@24.07.14 (190400-0):63)\n\tat m.mu.aa(:com.google.android.gms.dynamite_measurementdynamite@240714038@24.07.14 (190400-0):165)\n\tat m.mu.G(:com.google.android.gms.dynamite_measurementdynamite@240714038@24.07.14 (190400-0):32)\n\tat m.op.a(:com.google.android.gms.dynamite_measurementdynamite@240714038@24.07.14 (190400-0):125)\n\tat m.kx.run(:com.google.android.gms.dynamite_measurementdynamite@240714038@24.07.14 (190400-0):2031)\n\tat java.util.concurrent.Executors$RunnableAdapter.call(Executors.java:487)\n\tat java.util.concurrent.FutureTask.run(FutureTask.java:290)\n\tat m.kt.run(:com.google.android.gms.dynamite_measurementdynamite@240714038@24.07.14 (190400-0):48)\n",
    "is_privacy": false
},
{
    "type": "log",
    "source": "class",
    "method": "getFirebaseInstanceId",
    "package_name": "com.claroColombia.contenedor",
    "class_name": "com.google.firebase.analytics.FirebaseAnalytics",
    "timestamp": 1728462620756,
    "ref": "com.google.firebase.analytics.FirebaseAnalytics@7f062a1",
    "arguments": "{}",
    "stack_trace": "java.lang.Exception\n\tat com.google.firebase.analytics.FirebaseAnalytics.getFirebaseInstanceId(Native Method)\n\tat java.lang.reflect.Method.invoke(Native Method)\n\tat m.oh.f(:com.google.android.gms.dynamite_measurementdynamite@240714038@24.07.14 (190400-0):65)\n\tat m.mu.aa(:com.google.android.gms.dynamite_measurementdynamite@240714038@24.07.14 (190400-0):165)\n\tat m.mu.G(:com.google.android.gms.dynamite_measurementdynamite@240714038@24.07.14 (190400-0):32)\n\tat m.op.a(:com.google.android.gms.dynamite_measurementdynamite@240714038@24.07.14 (190400-0):125)\n\tat m.kx.run(:com.google.android.gms.dynamite_measurementdynamite@240714038@24.07.14 (190400-0):2031)\n\tat java.util.concurrent.Executors$RunnableAdapter.call(Executors.java:487)\n\tat java.util.concurrent.FutureTask.run(FutureTask.java:290)\n\tat m.kt.run(:com.google.android.gms.dynamite_measurementdynamite@240714038@24.07.14 (190400-0):48)\n",
    "is_privacy": false
},
{
    "type": "log",
    "source": "class",
    "method": "getInstance",
    "package_name": "com.claroColombia.contenedor",
    "class_name": "com.google.firebase.analytics.FirebaseAnalytics",
    "timestamp": 1728462620776,
    "ref": "<class: com.google.firebase.analytics.FirebaseAnalytics>",
    "arguments": "{\"0\":\"<instance: android.content.Context, $className: com.speedymovil.contenedor.appdelegate.AppDelegate>\"}",
    "stack_trace": "java.lang.Exception\n\tat com.google.firebase.analytics.FirebaseAnalytics.getInstance(Native Method)\n\tat java.lang.reflect.Method.invoke(Native Method)\n\tat m.oh.f(:com.google.android.gms.dynamite_measurementdynamite@240714038@24.07.14 (190400-0):63)\n\tat m.oh.s(:com.google.android.gms.dynamite_measurementdynamite@240714038@24.07.14 (190400-0):8)\n\tat m.kx.run(:com.google.android.gms.dynamite_measurementdynamite@240714038@24.07.14 (190400-0):2043)\n\tat java.util.concurrent.Executors$RunnableAdapter.call(Executors.java:487)\n\tat java.util.concurrent.FutureTask.run(FutureTask.java:290)\n\tat m.kt.run(:com.google.android.gms.dynamite_measurementdynamite@240714038@24.07.14 (190400-0):48)\n",
    "is_privacy": false
},
{
    "type": "log",
    "source": "class",
    "method": "getFirebaseInstanceId",
    "package_name": "com.claroColombia.contenedor",
    "class_name": "com.google.firebase.analytics.FirebaseAnalytics",
    "timestamp": 1728462620778,
    "ref": "com.google.firebase.analytics.FirebaseAnalytics@7f062a1",
    "arguments": "{}",
    "stack_trace": "java.lang.Exception\n\tat com.google.firebase.analytics.FirebaseAnalytics.getFirebaseInstanceId(Native Method)\n\tat java.lang.reflect.Method.invoke(Native Method)\n\tat m.oh.f(:com.google.android.gms.dynamite_measurementdynamite@240714038@24.07.14 (190400-0):65)\n\tat m.oh.s(:com.google.android.gms.dynamite_measurementdynamite@240714038@24.07.14 (190400-0):8)\n\tat m.kx.run(:com.google.android.gms.dynamite_measurementdynamite@240714038@24.07.14 (190400-0):2043)\n\tat java.util.concurrent.Executors$RunnableAdapter.call(Executors.java:487)\n\tat java.util.concurrent.FutureTask.run(FutureTask.java:290)\n\tat m.kt.run(:com.google.android.gms.dynamite_measurementdynamite@240714038@24.07.14 (190400-0):48)\n",
    "is_privacy": false
},
{
    "type": "log",
    "source": "class",
    "method": "getInstance",
    "package_name": "com.claroColombia.contenedor",
    "class_name": "com.google.firebase.analytics.FirebaseAnalytics",
    "timestamp": 1728462620792,
    "ref": "<class: com.google.firebase.analytics.FirebaseAnalytics>",
    "arguments": "{\"0\":\"<instance: android.content.Context, $className: com.speedymovil.contenedor.appdelegate.AppDelegate>\"}",
    "stack_trace": "java.lang.Exception\n\tat com.google.firebase.analytics.FirebaseAnalytics.getInstance(Native Method)\n\tat java.lang.reflect.Method.invoke(Native Method)\n\tat m.oh.f(:com.google.android.gms.dynamite_measurementdynamite@240714038@24.07.14 (190400-0):63)\n\tat m.oh.G(:com.google.android.gms.dynamite_measurementdynamite@240714038@24.07.14 (190400-0):8)\n\tat m.kx.run(:com.google.android.gms.dynamite_measurementdynamite@240714038@24.07.14 (190400-0):2060)\n\tat java.util.concurrent.Executors$RunnableAdapter.call(Executors.java:487)\n\tat java.util.concurrent.FutureTask.run(FutureTask.java:290)\n\tat m.kt.run(:com.google.android.gms.dynamite_measurementdynamite@240714038@24.07.14 (190400-0):48)\n",
    "is_privacy": false
},
{
    "type": "log",
    "source": "class",
    "method": "getFirebaseInstanceId",
    "package_name": "com.claroColombia.contenedor",
    "class_name": "com.google.firebase.analytics.FirebaseAnalytics",
    "timestamp": 1728462620795,
    "ref": "com.google.firebase.analytics.FirebaseAnalytics@7f062a1",
    "arguments": "{}",
    "stack_trace": "java.lang.Exception\n\tat com.google.firebase.analytics.FirebaseAnalytics.getFirebaseInstanceId(Native Method)\n\tat java.lang.reflect.Method.invoke(Native Method)\n\tat m.oh.f(:com.google.android.gms.dynamite_measurementdynamite@240714038@24.07.14 (190400-0):65)\n\tat m.oh.G(:com.google.android.gms.dynamite_measurementdynamite@240714038@24.07.14 (190400-0):8)\n\tat m.kx.run(:com.google.android.gms.dynamite_measurementdynamite@240714038@24.07.14 (190400-0):2060)\n\tat java.util.concurrent.Executors$RunnableAdapter.call(Executors.java:487)\n\tat java.util.concurrent.FutureTask.run(FutureTask.java:290)\n\tat m.kt.run(:com.google.android.gms.dynamite_measurementdynamite@240714038@24.07.14 (190400-0):48)\n",
    "is_privacy": false
},
{
    "type": "log",
    "source": "class",
    "method": "i",
    "package_name": "com.claroColombia.contenedor",
    "class_name": "com.adobe.marketing.mobile.MobileCore",
    "timestamp": 1728462620827,
    "ref": "<class: com.adobe.marketing.mobile.MobileCore>",
    "arguments": "{\"0\":null}",
    "stack_trace": "java.lang.Exception\n\tat com.adobe.marketing.mobile.MobileCore.i(Native Method)\n\tat com.speedymovil.contenedor.gui.activities.AppsContainerActivity.onResume(SourceFile:5)\n\tat android.app.Instrumentation.callActivityOnResume(Instrumentation.java:1622)\n\tat android.app.Activity.performResume(Activity.java:8939)\n\tat android.app.ActivityThread.performResumeActivity(ActivityThread.java:5339)\n\tat android.app.ActivityThread.handleResumeActivity(ActivityThread.java:5400)\n\tat android.app.servertransaction.ResumeActivityItem.execute(ResumeActivityItem.java:64)\n\tat android.app.servertransaction.ActivityTransactionItem.execute(ActivityTransactionItem.java:45)\n\tat android.app.servertransaction.TransactionExecutor.executeLifecycleState(TransactionExecutor.java:185)\n\tat android.app.servertransaction.TransactionExecutor.execute(TransactionExecutor.java:103)\n\tat android.app.ActivityThread$H.handleMessage(ActivityThread.java:2705)\n\tat android.os.Handler.dispatchMessage(Handler.java:106)\n\tat android.os.Looper.loopOnce(Looper.java:255)\n\tat android.os.Looper.loop(Looper.java:364)\n\tat android.app.ActivityThread.main(ActivityThread.java:8938)\n\tat java.lang.reflect.Method.invoke(Native Method)\n\tat com.android.internal.os.RuntimeInit$MethodAndArgsCaller.run(RuntimeInit.java:572)\n\tat com.android.internal.os.ZygoteInit.main(ZygoteInit.java:1053)\n",
    "is_privacy": false
},
{
    "type": "log",
    "source": "class",
    "method": "e",
    "package_name": "com.claroColombia.contenedor",
    "class_name": "com.adobe.marketing.mobile.MobileCore",
    "timestamp": 1728462620831,
    "ref": "<class: com.adobe.marketing.mobile.MobileCore>",
    "arguments": "{\"0\":\"<instance: com.adobe.marketing.mobile.Event>\"}",
    "stack_trace": "java.lang.Exception\n\tat com.adobe.marketing.mobile.MobileCore.e(Native Method)\n\tat com.adobe.marketing.mobile.MobileCore.i(SourceFile:37)\n\tat com.adobe.marketing.mobile.MobileCore.i(Native Method)\n\tat com.speedymovil.contenedor.gui.activities.AppsContainerActivity.onResume(SourceFile:5)\n\tat android.app.Instrumentation.callActivityOnResume(Instrumentation.java:1622)\n\tat android.app.Activity.performResume(Activity.java:8939)\n\tat android.app.ActivityThread.performResumeActivity(ActivityThread.java:5339)\n\tat android.app.ActivityThread.handleResumeActivity(ActivityThread.java:5400)\n\tat android.app.servertransaction.ResumeActivityItem.execute(ResumeActivityItem.java:64)\n\tat android.app.servertransaction.ActivityTransactionItem.execute(ActivityTransactionItem.java:45)\n\tat android.app.servertransaction.TransactionExecutor.executeLifecycleState(TransactionExecutor.java:185)\n\tat android.app.servertransaction.TransactionExecutor.execute(TransactionExecutor.java:103)\n\tat android.app.ActivityThread$H.handleMessage(ActivityThread.java:2705)\n\tat android.os.Handler.dispatchMessage(Handler.java:106)\n\tat android.os.Looper.loopOnce(Looper.java:255)\n\tat android.os.Looper.loop(Looper.java:364)\n\tat android.app.ActivityThread.main(ActivityThread.java:8938)\n\tat java.lang.reflect.Method.invoke(Native Method)\n\tat com.android.internal.os.RuntimeInit$MethodAndArgsCaller.run(RuntimeInit.java:572)\n\tat com.android.internal.os.ZygoteInit.main(ZygoteInit.java:1053)\n",
    "is_privacy": false
},
{
    "type": "log",
    "source": "class",
    "method": "getInstance",
    "package_name": "com.claroColombia.contenedor",
    "class_name": "com.google.firebase.analytics.FirebaseAnalytics",
    "timestamp": 1728462620882,
    "ref": "<class: com.google.firebase.analytics.FirebaseAnalytics>",
    "arguments": "{\"0\":\"<instance: android.content.Context, $className: com.speedymovil.contenedor.appdelegate.AppDelegate>\"}",
    "stack_trace": "java.lang.Exception\n\tat com.google.firebase.analytics.FirebaseAnalytics.getInstance(Native Method)\n\tat java.lang.reflect.Method.invoke(Native Method)\n\tat m.oh.f(:com.google.android.gms.dynamite_measurementdynamite@240714038@24.07.14 (190400-0):63)\n\tat m.mu.aa(:com.google.android.gms.dynamite_measurementdynamite@240714038@24.07.14 (190400-0):165)\n\tat m.mu.G(:com.google.android.gms.dynamite_measurementdynamite@240714038@24.07.14 (190400-0):32)\n\tat m.nh.A(:com.google.android.gms.dynamite_measurementdynamite@240714038@24.07.14 (190400-0):188)\n\tat m.nc.run(:com.google.android.gms.dynamite_measurementdynamite@240714038@24.07.14 (190400-0):12)\n\tat java.util.concurrent.Executors$RunnableAdapter.call(Executors.java:487)\n\tat java.util.concurrent.FutureTask.run(FutureTask.java:290)\n\tat m.kt.run(:com.google.android.gms.dynamite_measurementdynamite@240714038@24.07.14 (190400-0):48)\n",
    "is_privacy": false
},
{
    "type": "log",
    "source": "class",
    "method": "getFirebaseInstanceId",
    "package_name": "com.claroColombia.contenedor",
    "class_name": "com.google.firebase.analytics.FirebaseAnalytics",
    "timestamp": 1728462620886,
    "ref": "com.google.firebase.analytics.FirebaseAnalytics@7f062a1",
    "arguments": "{}",
    "stack_trace": "java.lang.Exception\n\tat com.google.firebase.analytics.FirebaseAnalytics.getFirebaseInstanceId(Native Method)\n\tat java.lang.reflect.Method.invoke(Native Method)\n\tat m.oh.f(:com.google.android.gms.dynamite_measurementdynamite@240714038@24.07.14 (190400-0):65)\n\tat m.mu.aa(:com.google.android.gms.dynamite_measurementdynamite@240714038@24.07.14 (190400-0):165)\n\tat m.mu.G(:com.google.android.gms.dynamite_measurementdynamite@240714038@24.07.14 (190400-0):32)\n\tat m.nh.A(:com.google.android.gms.dynamite_measurementdynamite@240714038@24.07.14 (190400-0):188)\n\tat m.nc.run(:com.google.android.gms.dynamite_measurementdynamite@240714038@24.07.14 (190400-0):12)\n\tat java.util.concurrent.Executors$RunnableAdapter.call(Executors.java:487)\n\tat java.util.concurrent.FutureTask.run(FutureTask.java:290)\n\tat m.kt.run(:com.google.android.gms.dynamite_measurementdynamite@240714038@24.07.14 (190400-0):48)\n",
    "is_privacy": false
},
{
    "type": "log",
    "source": "class",
    "method": "h",
    "package_name": "com.claroColombia.contenedor",
    "class_name": "com.adobe.marketing.mobile.MobileCore",
    "timestamp": 1728462646219,
    "ref": "<class: com.adobe.marketing.mobile.MobileCore>",
    "arguments": "{}",
    "stack_trace": "java.lang.Exception\n\tat com.adobe.marketing.mobile.MobileCore.h(Native Method)\n\tat com.speedymovil.contenedor.gui.activities.AppsContainerActivity.onPause(SourceFile:4)\n\tat android.app.Activity.performPause(Activity.java:8986)\n\tat android.app.Instrumentation.callActivityOnPause(Instrumentation.java:1676)\n\tat android.app.ActivityThread.performPauseActivityIfNeeded(ActivityThread.java:5681)\n\tat android.app.ActivityThread.performPauseActivity(ActivityThread.java:5642)\n\tat android.app.ActivityThread.handlePauseActivity(ActivityThread.java:5594)\n\tat android.app.servertransaction.PauseActivityItem.execute(PauseActivityItem.java:55)\n\tat android.app.servertransaction.ActivityTransactionItem.execute(ActivityTransactionItem.java:45)\n\tat android.app.servertransaction.TransactionExecutor.executeLifecycleState(TransactionExecutor.java:185)\n\tat android.app.servertransaction.TransactionExecutor.execute(TransactionExecutor.java:103)\n\tat android.app.ActivityThread$H.handleMessage(ActivityThread.java:2705)\n\tat android.os.Handler.dispatchMessage(Handler.java:106)\n\tat android.os.Looper.loopOnce(Looper.java:255)\n\tat android.os.Looper.loop(Looper.java:364)\n\tat android.app.ActivityThread.main(ActivityThread.java:8938)\n\tat java.lang.reflect.Method.invoke(Native Method)\n\tat com.android.internal.os.RuntimeInit$MethodAndArgsCaller.run(RuntimeInit.java:572)\n\tat com.android.internal.os.ZygoteInit.main(ZygoteInit.java:1053)\n",
    "is_privacy": false
},
{
    "type": "log",
    "source": "class",
    "method": "e",
    "package_name": "com.claroColombia.contenedor",
    "class_name": "com.adobe.marketing.mobile.MobileCore",
    "timestamp": 1728462646222,
    "ref": "<class: com.adobe.marketing.mobile.MobileCore>",
    "arguments": "{\"0\":\"<instance: com.adobe.marketing.mobile.Event>\"}",
    "stack_trace": "java.lang.Exception\n\tat com.adobe.marketing.mobile.MobileCore.e(Native Method)\n\tat com.adobe.marketing.mobile.MobileCore.h(SourceFile:32)\n\tat com.adobe.marketing.mobile.MobileCore.h(Native Method)\n\tat com.speedymovil.contenedor.gui.activities.AppsContainerActivity.onPause(SourceFile:4)\n\tat android.app.Activity.performPause(Activity.java:8986)\n\tat android.app.Instrumentation.callActivityOnPause(Instrumentation.java:1676)\n\tat android.app.ActivityThread.performPauseActivityIfNeeded(ActivityThread.java:5681)\n\tat android.app.ActivityThread.performPauseActivity(ActivityThread.java:5642)\n\tat android.app.ActivityThread.handlePauseActivity(ActivityThread.java:5594)\n\tat android.app.servertransaction.PauseActivityItem.execute(PauseActivityItem.java:55)\n\tat android.app.servertransaction.ActivityTransactionItem.execute(ActivityTransactionItem.java:45)\n\tat android.app.servertransaction.TransactionExecutor.executeLifecycleState(TransactionExecutor.java:185)\n\tat android.app.servertransaction.TransactionExecutor.execute(TransactionExecutor.java:103)\n\tat android.app.ActivityThread$H.handleMessage(ActivityThread.java:2705)\n\tat android.os.Handler.dispatchMessage(Handler.java:106)\n\tat android.os.Looper.loopOnce(Looper.java:255)\n\tat android.os.Looper.loop(Looper.java:364)\n\tat android.app.ActivityThread.main(ActivityThread.java:8938)\n\tat java.lang.reflect.Method.invoke(Native Method)\n\tat com.android.internal.os.RuntimeInit$MethodAndArgsCaller.run(RuntimeInit.java:572)\n\tat com.android.internal.os.ZygoteInit.main(ZygoteInit.java:1053)\n",
    "is_privacy": false
},
{
    "type": "log",
    "source": "class",
    "method": "getInstance",
    "package_name": "com.claroColombia.contenedor",
    "class_name": "com.google.firebase.analytics.FirebaseAnalytics",
    "timestamp": 1728462646257,
    "ref": "<class: com.google.firebase.analytics.FirebaseAnalytics>",
    "arguments": "{\"0\":\"<instance: android.content.Context, $className: com.speedymovil.contenedor.appdelegate.AppDelegate>\"}",
    "stack_trace": "java.lang.Exception\n\tat com.google.firebase.analytics.FirebaseAnalytics.getInstance(Native Method)\n\tat java.lang.reflect.Method.invoke(Native Method)\n\tat m.oh.f(:com.google.android.gms.dynamite_measurementdynamite@240714038@24.07.14 (190400-0):63)\n\tat m.mu.aa(:com.google.android.gms.dynamite_measurementdynamite@240714038@24.07.14 (190400-0):165)\n\tat m.mu.G(:com.google.android.gms.dynamite_measurementdynamite@240714038@24.07.14 (190400-0):32)\n\tat m.mu.F(:com.google.android.gms.dynamite_measurementdynamite@240714038@24.07.14 (190400-0):15)\n\tat m.oo.c(:com.google.android.gms.dynamite_measurementdynamite@240714038@24.07.14 (190400-0):133)\n\tat m.oq.q(:com.google.android.gms.dynamite_measurementdynamite@240714038@24.07.14 (190400-0):3)\n\tat m.nh.C(:com.google.android.gms.dynamite_measurementdynamite@240714038@24.07.14 (190400-0):26)\n\tat m.nf.run(:com.google.android.gms.dynamite_measurementdynamite@240714038@24.07.14 (190400-0):8)\n\tat java.util.concurrent.Executors$RunnableAdapter.call(Executors.java:487)\n\tat java.util.concurrent.FutureTask.run(FutureTask.java:290)\n\tat m.kt.run(:com.google.android.gms.dynamite_measurementdynamite@240714038@24.07.14 (190400-0):48)\n",
    "is_privacy": false
},
{
    "type": "log",
    "source": "class",
    "method": "getFirebaseInstanceId",
    "package_name": "com.claroColombia.contenedor",
    "class_name": "com.google.firebase.analytics.FirebaseAnalytics",
    "timestamp": 1728462646260,
    "ref": "com.google.firebase.analytics.FirebaseAnalytics@7f062a1",
    "arguments": "{}",
    "stack_trace": "java.lang.Exception\n\tat com.google.firebase.analytics.FirebaseAnalytics.getFirebaseInstanceId(Native Method)\n\tat java.lang.reflect.Method.invoke(Native Method)\n\tat m.oh.f(:com.google.android.gms.dynamite_measurementdynamite@240714038@24.07.14 (190400-0):65)\n\tat m.mu.aa(:com.google.android.gms.dynamite_measurementdynamite@240714038@24.07.14 (190400-0):165)\n\tat m.mu.G(:com.google.android.gms.dynamite_measurementdynamite@240714038@24.07.14 (190400-0):32)\n\tat m.mu.F(:com.google.android.gms.dynamite_measurementdynamite@240714038@24.07.14 (190400-0):15)\n\tat m.oo.c(:com.google.android.gms.dynamite_measurementdynamite@240714038@24.07.14 (190400-0):133)\n\tat m.oq.q(:com.google.android.gms.dynamite_measurementdynamite@240714038@24.07.14 (190400-0):3)\n\tat m.nh.C(:com.google.android.gms.dynamite_measurementdynamite@240714038@24.07.14 (190400-0):26)\n\tat m.nf.run(:com.google.android.gms.dynamite_measurementdynamite@240714038@24.07.14 (190400-0):8)\n\tat java.util.concurrent.Executors$RunnableAdapter.call(Executors.java:487)\n\tat java.util.concurrent.FutureTask.run(FutureTask.java:290)\n\tat m.kt.run(:com.google.android.gms.dynamite_measurementdynamite@240714038@24.07.14 (190400-0):48)\n",
    "is_privacy": false
},
{
    "type": "log",
    "source": "class",
    "method": "i",
    "package_name": "com.claroColombia.contenedor",
    "class_name": "com.adobe.marketing.mobile.MobileCore",
    "timestamp": 1728462646388,
    "ref": "<class: com.adobe.marketing.mobile.MobileCore>",
    "arguments": "{\"0\":null}",
    "stack_trace": "java.lang.Exception\n\tat com.adobe.marketing.mobile.MobileCore.i(Native Method)\n\tat com.speedymovil.contenedor.gui.activities.SlidePagerVC.onResume(SourceFile:5)\n\tat android.app.Instrumentation.callActivityOnResume(Instrumentation.java:1622)\n\tat android.app.Activity.performResume(Activity.java:8939)\n\tat android.app.ActivityThread.performResumeActivity(ActivityThread.java:5339)\n\tat android.app.ActivityThread.handleResumeActivity(ActivityThread.java:5400)\n\tat android.app.servertransaction.ResumeActivityItem.execute(ResumeActivityItem.java:64)\n\tat android.app.servertransaction.ActivityTransactionItem.execute(ActivityTransactionItem.java:45)\n\tat android.app.servertransaction.TransactionExecutor.executeLifecycleState(TransactionExecutor.java:185)\n\tat android.app.servertransaction.TransactionExecutor.execute(TransactionExecutor.java:103)\n\tat android.app.ActivityThread$H.handleMessage(ActivityThread.java:2705)\n\tat android.os.Handler.dispatchMessage(Handler.java:106)\n\tat android.os.Looper.loopOnce(Looper.java:255)\n\tat android.os.Looper.loop(Looper.java:364)\n\tat android.app.ActivityThread.main(ActivityThread.java:8938)\n\tat java.lang.reflect.Method.invoke(Native Method)\n\tat com.android.internal.os.RuntimeInit$MethodAndArgsCaller.run(RuntimeInit.java:572)\n\tat com.android.internal.os.ZygoteInit.main(ZygoteInit.java:1053)\n",
    "is_privacy": false
},
{
    "type": "log",
    "source": "class",
    "method": "e",
    "package_name": "com.claroColombia.contenedor",
    "class_name": "com.adobe.marketing.mobile.MobileCore",
    "timestamp": 1728462646391,
    "ref": "<class: com.adobe.marketing.mobile.MobileCore>",
    "arguments": "{\"0\":\"<instance: com.adobe.marketing.mobile.Event>\"}",
    "stack_trace": "java.lang.Exception\n\tat com.adobe.marketing.mobile.MobileCore.e(Native Method)\n\tat com.adobe.marketing.mobile.MobileCore.i(SourceFile:37)\n\tat com.adobe.marketing.mobile.MobileCore.i(Native Method)\n\tat com.speedymovil.contenedor.gui.activities.SlidePagerVC.onResume(SourceFile:5)\n\tat android.app.Instrumentation.callActivityOnResume(Instrumentation.java:1622)\n\tat android.app.Activity.performResume(Activity.java:8939)\n\tat android.app.ActivityThread.performResumeActivity(ActivityThread.java:5339)\n\tat android.app.ActivityThread.handleResumeActivity(ActivityThread.java:5400)\n\tat android.app.servertransaction.ResumeActivityItem.execute(ResumeActivityItem.java:64)\n\tat android.app.servertransaction.ActivityTransactionItem.execute(ActivityTransactionItem.java:45)\n\tat android.app.servertransaction.TransactionExecutor.executeLifecycleState(TransactionExecutor.java:185)\n\tat android.app.servertransaction.TransactionExecutor.execute(TransactionExecutor.java:103)\n\tat android.app.ActivityThread$H.handleMessage(ActivityThread.java:2705)\n\tat android.os.Handler.dispatchMessage(Handler.java:106)\n\tat android.os.Looper.loopOnce(Looper.java:255)\n\tat android.os.Looper.loop(Looper.java:364)\n\tat android.app.ActivityThread.main(ActivityThread.java:8938)\n\tat java.lang.reflect.Method.invoke(Native Method)\n\tat com.android.internal.os.RuntimeInit$MethodAndArgsCaller.run(RuntimeInit.java:572)\n\tat com.android.internal.os.ZygoteInit.main(ZygoteInit.java:1053)\n",
    "is_privacy": false
},
{
    "type": "log",
    "source": "class",
    "method": "getInstance",
    "package_name": "com.claroColombia.contenedor",
    "class_name": "com.google.firebase.analytics.FirebaseAnalytics",
    "timestamp": 1728462646422,
    "ref": "<class: com.google.firebase.analytics.FirebaseAnalytics>",
    "arguments": "{\"0\":\"<instance: android.content.Context, $className: com.speedymovil.contenedor.appdelegate.AppDelegate>\"}",
    "stack_trace": "java.lang.Exception\n\tat com.google.firebase.analytics.FirebaseAnalytics.getInstance(Native Method)\n\tat java.lang.reflect.Method.invoke(Native Method)\n\tat m.oh.f(:com.google.android.gms.dynamite_measurementdynamite@240714038@24.07.14 (190400-0):63)\n\tat m.mu.aa(:com.google.android.gms.dynamite_measurementdynamite@240714038@24.07.14 (190400-0):165)\n\tat m.mu.G(:com.google.android.gms.dynamite_measurementdynamite@240714038@24.07.14 (190400-0):32)\n\tat m.nh.A(:com.google.android.gms.dynamite_measurementdynamite@240714038@24.07.14 (190400-0):188)\n\tat m.nc.run(:com.google.android.gms.dynamite_measurementdynamite@240714038@24.07.14 (190400-0):12)\n\tat java.util.concurrent.Executors$RunnableAdapter.call(Executors.java:487)\n\tat java.util.concurrent.FutureTask.run(FutureTask.java:290)\n\tat m.kt.run(:com.google.android.gms.dynamite_measurementdynamite@240714038@24.07.14 (190400-0):48)\n",
    "is_privacy": false
},
{
    "type": "log",
    "source": "class",
    "method": "getFirebaseInstanceId",
    "package_name": "com.claroColombia.contenedor",
    "class_name": "com.google.firebase.analytics.FirebaseAnalytics",
    "timestamp": 1728462646425,
    "ref": "com.google.firebase.analytics.FirebaseAnalytics@7f062a1",
    "arguments": "{}",
    "stack_trace": "java.lang.Exception\n\tat com.google.firebase.analytics.FirebaseAnalytics.getFirebaseInstanceId(Native Method)\n\tat java.lang.reflect.Method.invoke(Native Method)\n\tat m.oh.f(:com.google.android.gms.dynamite_measurementdynamite@240714038@24.07.14 (190400-0):65)\n\tat m.mu.aa(:com.google.android.gms.dynamite_measurementdynamite@240714038@24.07.14 (190400-0):165)\n\tat m.mu.G(:com.google.android.gms.dynamite_measurementdynamite@240714038@24.07.14 (190400-0):32)\n\tat m.nh.A(:com.google.android.gms.dynamite_measurementdynamite@240714038@24.07.14 (190400-0):188)\n\tat m.nc.run(:com.google.android.gms.dynamite_measurementdynamite@240714038@24.07.14 (190400-0):12)\n\tat java.util.concurrent.Executors$RunnableAdapter.call(Executors.java:487)\n\tat java.util.concurrent.FutureTask.run(FutureTask.java:290)\n\tat m.kt.run(:com.google.android.gms.dynamite_measurementdynamite@240714038@24.07.14 (190400-0):48)\n",
    "is_privacy": false
},
{
    "type": "log",
    "source": "class",
    "method": "h",
    "package_name": "com.claroColombia.contenedor",
    "class_name": "com.adobe.marketing.mobile.MobileCore",
    "timestamp": 1728462648421,
    "ref": "<class: com.adobe.marketing.mobile.MobileCore>",
    "arguments": "{}",
    "stack_trace": "java.lang.Exception\n\tat com.adobe.marketing.mobile.MobileCore.h(Native Method)\n\tat com.speedymovil.contenedor.gui.activities.SlidePagerVC.onPause(SourceFile:4)\n\tat android.app.Activity.performPause(Activity.java:8986)\n\tat android.app.Instrumentation.callActivityOnPause(Instrumentation.java:1676)\n\tat android.app.ActivityThread.performPauseActivityIfNeeded(ActivityThread.java:5681)\n\tat android.app.ActivityThread.performPauseActivity(ActivityThread.java:5642)\n\tat android.app.ActivityThread.handlePauseActivity(ActivityThread.java:5594)\n\tat android.app.servertransaction.PauseActivityItem.execute(PauseActivityItem.java:55)\n\tat android.app.servertransaction.ActivityTransactionItem.execute(ActivityTransactionItem.java:45)\n\tat android.app.servertransaction.TransactionExecutor.executeLifecycleState(TransactionExecutor.java:185)\n\tat android.app.servertransaction.TransactionExecutor.execute(TransactionExecutor.java:103)\n\tat android.app.ActivityThread$H.handleMessage(ActivityThread.java:2705)\n\tat android.os.Handler.dispatchMessage(Handler.java:106)\n\tat android.os.Looper.loopOnce(Looper.java:255)\n\tat android.os.Looper.loop(Looper.java:364)\n\tat android.app.ActivityThread.main(ActivityThread.java:8938)\n\tat java.lang.reflect.Method.invoke(Native Method)\n\tat com.android.internal.os.RuntimeInit$MethodAndArgsCaller.run(RuntimeInit.java:572)\n\tat com.android.internal.os.ZygoteInit.main(ZygoteInit.java:1053)\n",
    "is_privacy": false
},
{
    "type": "log",
    "source": "class",
    "method": "e",
    "package_name": "com.claroColombia.contenedor",
    "class_name": "com.adobe.marketing.mobile.MobileCore",
    "timestamp": 1728462648425,
    "ref": "<class: com.adobe.marketing.mobile.MobileCore>",
    "arguments": "{\"0\":\"<instance: com.adobe.marketing.mobile.Event>\"}",
    "stack_trace": "java.lang.Exception\n\tat com.adobe.marketing.mobile.MobileCore.e(Native Method)\n\tat com.adobe.marketing.mobile.MobileCore.h(SourceFile:32)\n\tat com.adobe.marketing.mobile.MobileCore.h(Native Method)\n\tat com.speedymovil.contenedor.gui.activities.SlidePagerVC.onPause(SourceFile:4)\n\tat android.app.Activity.performPause(Activity.java:8986)\n\tat android.app.Instrumentation.callActivityOnPause(Instrumentation.java:1676)\n\tat android.app.ActivityThread.performPauseActivityIfNeeded(ActivityThread.java:5681)\n\tat android.app.ActivityThread.performPauseActivity(ActivityThread.java:5642)\n\tat android.app.ActivityThread.handlePauseActivity(ActivityThread.java:5594)\n\tat android.app.servertransaction.PauseActivityItem.execute(PauseActivityItem.java:55)\n\tat android.app.servertransaction.ActivityTransactionItem.execute(ActivityTransactionItem.java:45)\n\tat android.app.servertransaction.TransactionExecutor.executeLifecycleState(TransactionExecutor.java:185)\n\tat android.app.servertransaction.TransactionExecutor.execute(TransactionExecutor.java:103)\n\tat android.app.ActivityThread$H.handleMessage(ActivityThread.java:2705)\n\tat android.os.Handler.dispatchMessage(Handler.java:106)\n\tat android.os.Looper.loopOnce(Looper.java:255)\n\tat android.os.Looper.loop(Looper.java:364)\n\tat android.app.ActivityThread.main(ActivityThread.java:8938)\n\tat java.lang.reflect.Method.invoke(Native Method)\n\tat com.android.internal.os.RuntimeInit$MethodAndArgsCaller.run(RuntimeInit.java:572)\n\tat com.android.internal.os.ZygoteInit.main(ZygoteInit.java:1053)\n",
    "is_privacy": false
},
{
    "type": "log",
    "source": "class",
    "method": "getInstance",
    "package_name": "com.claroColombia.contenedor",
    "class_name": "com.google.firebase.analytics.FirebaseAnalytics",
    "timestamp": 1728462648442,
    "ref": "<class: com.google.firebase.analytics.FirebaseAnalytics>",
    "arguments": "{\"0\":\"<instance: android.content.Context, $className: com.speedymovil.contenedor.appdelegate.AppDelegate>\"}",
    "stack_trace": "java.lang.Exception\n\tat com.google.firebase.analytics.FirebaseAnalytics.getInstance(Native Method)\n\tat java.lang.reflect.Method.invoke(Native Method)\n\tat m.oh.f(:com.google.android.gms.dynamite_measurementdynamite@240714038@24.07.14 (190400-0):63)\n\tat m.mu.aa(:com.google.android.gms.dynamite_measurementdynamite@240714038@24.07.14 (190400-0):165)\n\tat m.mu.G(:com.google.android.gms.dynamite_measurementdynamite@240714038@24.07.14 (190400-0):32)\n\tat m.mu.F(:com.google.android.gms.dynamite_measurementdynamite@240714038@24.07.14 (190400-0):15)\n\tat m.oo.c(:com.google.android.gms.dynamite_measurementdynamite@240714038@24.07.14 (190400-0):133)\n\tat m.oq.q(:com.google.android.gms.dynamite_measurementdynamite@240714038@24.07.14 (190400-0):3)\n\tat m.nh.C(:com.google.android.gms.dynamite_measurementdynamite@240714038@24.07.14 (190400-0):26)\n\tat m.nf.run(:com.google.android.gms.dynamite_measurementdynamite@240714038@24.07.14 (190400-0):8)\n\tat java.util.concurrent.Executors$RunnableAdapter.call(Executors.java:487)\n\tat java.util.concurrent.FutureTask.run(FutureTask.java:290)\n\tat m.kt.run(:com.google.android.gms.dynamite_measurementdynamite@240714038@24.07.14 (190400-0):48)\n",
    "is_privacy": false
},
{
    "type": "log",
    "source": "class",
    "method": "getFirebaseInstanceId",
    "package_name": "com.claroColombia.contenedor",
    "class_name": "com.google.firebase.analytics.FirebaseAnalytics",
    "timestamp": 1728462648444,
    "ref": "com.google.firebase.analytics.FirebaseAnalytics@7f062a1",
    "arguments": "{}",
    "stack_trace": "java.lang.Exception\n\tat com.google.firebase.analytics.FirebaseAnalytics.getFirebaseInstanceId(Native Method)\n\tat java.lang.reflect.Method.invoke(Native Method)\n\tat m.oh.f(:com.google.android.gms.dynamite_measurementdynamite@240714038@24.07.14 (190400-0):65)\n\tat m.mu.aa(:com.google.android.gms.dynamite_measurementdynamite@240714038@24.07.14 (190400-0):165)\n\tat m.mu.G(:com.google.android.gms.dynamite_measurementdynamite@240714038@24.07.14 (190400-0):32)\n\tat m.mu.F(:com.google.android.gms.dynamite_measurementdynamite@240714038@24.07.14 (190400-0):15)\n\tat m.oo.c(:com.google.android.gms.dynamite_measurementdynamite@240714038@24.07.14 (190400-0):133)\n\tat m.oq.q(:com.google.android.gms.dynamite_measurementdynamite@240714038@24.07.14 (190400-0):3)\n\tat m.nh.C(:com.google.android.gms.dynamite_measurementdynamite@240714038@24.07.14 (190400-0):26)\n\tat m.nf.run(:com.google.android.gms.dynamite_measurementdynamite@240714038@24.07.14 (190400-0):8)\n\tat java.util.concurrent.Executors$RunnableAdapter.call(Executors.java:487)\n\tat java.util.concurrent.FutureTask.run(FutureTask.java:290)\n\tat m.kt.run(:com.google.android.gms.dynamite_measurementdynamite@240714038@24.07.14 (190400-0):48)\n",
    "is_privacy": false
},
{
    "type": "log",
    "source": "class",
    "method": "i",
    "package_name": "com.claroColombia.contenedor",
    "class_name": "com.adobe.marketing.mobile.MobileCore",
    "timestamp": 1728462648528,
    "ref": "<class: com.adobe.marketing.mobile.MobileCore>",
    "arguments": "{\"0\":null}",
    "stack_trace": "java.lang.Exception\n\tat com.adobe.marketing.mobile.MobileCore.i(Native Method)\n\tat com.speedymovil.contenedor.gui.activities.MainVC.onResume(SourceFile:84)\n\tat android.app.Instrumentation.callActivityOnResume(Instrumentation.java:1622)\n\tat android.app.Activity.performResume(Activity.java:8939)\n\tat android.app.ActivityThread.performResumeActivity(ActivityThread.java:5339)\n\tat android.app.ActivityThread.handleResumeActivity(ActivityThread.java:5400)\n\tat android.app.servertransaction.ResumeActivityItem.execute(ResumeActivityItem.java:64)\n\tat android.app.servertransaction.ActivityTransactionItem.execute(ActivityTransactionItem.java:45)\n\tat android.app.servertransaction.TransactionExecutor.executeLifecycleState(TransactionExecutor.java:185)\n\tat android.app.servertransaction.TransactionExecutor.execute(TransactionExecutor.java:103)\n\tat android.app.ActivityThread$H.handleMessage(ActivityThread.java:2705)\n\tat android.os.Handler.dispatchMessage(Handler.java:106)\n\tat android.os.Looper.loopOnce(Looper.java:255)\n\tat android.os.Looper.loop(Looper.java:364)\n\tat android.app.ActivityThread.main(ActivityThread.java:8938)\n\tat java.lang.reflect.Method.invoke(Native Method)\n\tat com.android.internal.os.RuntimeInit$MethodAndArgsCaller.run(RuntimeInit.java:572)\n\tat com.android.internal.os.ZygoteInit.main(ZygoteInit.java:1053)\n",
    "is_privacy": false
},
{
    "type": "log",
    "source": "class",
    "method": "e",
    "package_name": "com.claroColombia.contenedor",
    "class_name": "com.adobe.marketing.mobile.MobileCore",
    "timestamp": 1728462648531,
    "ref": "<class: com.adobe.marketing.mobile.MobileCore>",
    "arguments": "{\"0\":\"<instance: com.adobe.marketing.mobile.Event>\"}",
    "stack_trace": "java.lang.Exception\n\tat com.adobe.marketing.mobile.MobileCore.e(Native Method)\n\tat com.adobe.marketing.mobile.MobileCore.i(SourceFile:37)\n\tat com.adobe.marketing.mobile.MobileCore.i(Native Method)\n\tat com.speedymovil.contenedor.gui.activities.MainVC.onResume(SourceFile:84)\n\tat android.app.Instrumentation.callActivityOnResume(Instrumentation.java:1622)\n\tat android.app.Activity.performResume(Activity.java:8939)\n\tat android.app.ActivityThread.performResumeActivity(ActivityThread.java:5339)\n\tat android.app.ActivityThread.handleResumeActivity(ActivityThread.java:5400)\n\tat android.app.servertransaction.ResumeActivityItem.execute(ResumeActivityItem.java:64)\n\tat android.app.servertransaction.ActivityTransactionItem.execute(ActivityTransactionItem.java:45)\n\tat android.app.servertransaction.TransactionExecutor.executeLifecycleState(TransactionExecutor.java:185)\n\tat android.app.servertransaction.TransactionExecutor.execute(TransactionExecutor.java:103)\n\tat android.app.ActivityThread$H.handleMessage(ActivityThread.java:2705)\n\tat android.os.Handler.dispatchMessage(Handler.java:106)\n\tat android.os.Looper.loopOnce(Looper.java:255)\n\tat android.os.Looper.loop(Looper.java:364)\n\tat android.app.ActivityThread.main(ActivityThread.java:8938)\n\tat java.lang.reflect.Method.invoke(Native Method)\n\tat com.android.internal.os.RuntimeInit$MethodAndArgsCaller.run(RuntimeInit.java:572)\n\tat com.android.internal.os.ZygoteInit.main(ZygoteInit.java:1053)\n",
    "is_privacy": false
},
{
    "type": "log",
    "source": "class",
    "method": "getInstance",
    "package_name": "com.claroColombia.contenedor",
    "class_name": "com.google.firebase.analytics.FirebaseAnalytics",
    "timestamp": 1728462648553,
    "ref": "<class: com.google.firebase.analytics.FirebaseAnalytics>",
    "arguments": "{\"0\":\"<instance: android.content.Context, $className: com.speedymovil.contenedor.appdelegate.AppDelegate>\"}",
    "stack_trace": "java.lang.Exception\n\tat com.google.firebase.analytics.FirebaseAnalytics.getInstance(Native Method)\n\tat java.lang.reflect.Method.invoke(Native Method)\n\tat m.oh.f(:com.google.android.gms.dynamite_measurementdynamite@240714038@24.07.14 (190400-0):63)\n\tat m.mu.aa(:com.google.android.gms.dynamite_measurementdynamite@240714038@24.07.14 (190400-0):165)\n\tat m.mu.G(:com.google.android.gms.dynamite_measurementdynamite@240714038@24.07.14 (190400-0):32)\n\tat m.nh.A(:com.google.android.gms.dynamite_measurementdynamite@240714038@24.07.14 (190400-0):188)\n\tat m.nc.run(:com.google.android.gms.dynamite_measurementdynamite@240714038@24.07.14 (190400-0):12)\n\tat java.util.concurrent.Executors$RunnableAdapter.call(Executors.java:487)\n\tat java.util.concurrent.FutureTask.run(FutureTask.java:290)\n\tat m.kt.run(:com.google.android.gms.dynamite_measurementdynamite@240714038@24.07.14 (190400-0):48)\n",
    "is_privacy": false
},
{
    "type": "log",
    "source": "class",
    "method": "getFirebaseInstanceId",
    "package_name": "com.claroColombia.contenedor",
    "class_name": "com.google.firebase.analytics.FirebaseAnalytics",
    "timestamp": 1728462648556,
    "ref": "com.google.firebase.analytics.FirebaseAnalytics@7f062a1",
    "arguments": "{}",
    "stack_trace": "java.lang.Exception\n\tat com.google.firebase.analytics.FirebaseAnalytics.getFirebaseInstanceId(Native Method)\n\tat java.lang.reflect.Method.invoke(Native Method)\n\tat m.oh.f(:com.google.android.gms.dynamite_measurementdynamite@240714038@24.07.14 (190400-0):65)\n\tat m.mu.aa(:com.google.android.gms.dynamite_measurementdynamite@240714038@24.07.14 (190400-0):165)\n\tat m.mu.G(:com.google.android.gms.dynamite_measurementdynamite@240714038@24.07.14 (190400-0):32)\n\tat m.nh.A(:com.google.android.gms.dynamite_measurementdynamite@240714038@24.07.14 (190400-0):188)\n\tat m.nc.run(:com.google.android.gms.dynamite_measurementdynamite@240714038@24.07.14 (190400-0):12)\n\tat java.util.concurrent.Executors$RunnableAdapter.call(Executors.java:487)\n\tat java.util.concurrent.FutureTask.run(FutureTask.java:290)\n\tat m.kt.run(:com.google.android.gms.dynamite_measurementdynamite@240714038@24.07.14 (190400-0):48)\n",
    "is_privacy": false
},
