{
    "type": "log",
    "source": "class",
    "method": "getInstance",
    "package_name": "com.opera.mini.native",
    "class_name": "com.google.firebase.analytics.FirebaseAnalytics",
    "timestamp": 1728461939411,
    "ref": "<class: com.google.firebase.analytics.FirebaseAnalytics>",
    "arguments": "{\"0\":\"<instance: android.content.Context, $className: com.opera.android.OperaMiniApplication>\"}",
    "stack_trace": "java.lang.Exception\n\tat com.google.firebase.analytics.FirebaseAnalytics.getInstance(Native Method)\n\tat com.opera.android.OperaMiniApplication.onCreate(OperaSrc:459)\n\tat android.app.Instrumentation.callApplicationOnCreate(Instrumentation.java:1335)\n\tat android.app.ActivityThread.handleBindApplication(ActivityThread.java:7681)\n\tat android.app.ActivityThread.handleBindApplication(Native Method)\n\tat android.app.ActivityThread.-$$Nest$mhandleBindApplication(Unknown Source:0)\n\tat android.app.ActivityThread$H.handleMessage(ActivityThread.java:2452)\n\tat android.os.Handler.dispatchMessage(Handler.java:106)\n\tat android.os.Looper.loopOnce(Looper.java:255)\n\tat android.os.Looper.loop(Looper.java:364)\n\tat android.app.ActivityThread.main(ActivityThread.java:8938)\n\tat java.lang.reflect.Method.invoke(Native Method)\n\tat com.android.internal.os.RuntimeInit$MethodAndArgsCaller.run(RuntimeInit.java:572)\n\tat com.android.internal.os.ZygoteInit.main(ZygoteInit.java:1053)\n",
    "is_privacy": false
},
{
    "type": "log",
    "source": "class",
    "method": "getInstance",
    "package_name": "com.opera.mini.native",
    "class_name": "com.google.firebase.analytics.FirebaseAnalytics",
    "timestamp": 1728461939626,
    "ref": "<class: com.google.firebase.analytics.FirebaseAnalytics>",
    "arguments": "{\"0\":\"<instance: android.content.Context, $className: com.opera.android.OperaMiniApplication>\"}",
    "stack_trace": "java.lang.Exception\n\tat com.google.firebase.analytics.FirebaseAnalytics.getInstance(Native Method)\n\tat yg5$a.a(OperaSrc:2900)\n\tat yg5$a.get(OperaSrc:3613)\n\tat yf6.get(OperaSrc:14)\n\tat yg5$a.c(OperaSrc:875)\n\tat yg5$a.get(OperaSrc:3603)\n\tat yf6.get(OperaSrc:14)\n\tat yg5$a.c(OperaSrc:1287)\n\tat yg5$a.get(OperaSrc:3603)\n\tat yf6.get(OperaSrc:14)\n\tat yg5.v(OperaSrc:3)\n\tat com.opera.android.OperaMiniApplication.onCreate(OperaSrc:733)\n\tat android.app.Instrumentation.callApplicationOnCreate(Instrumentation.java:1335)\n\tat android.app.ActivityThread.handleBindApplication(ActivityThread.java:7681)\n\tat android.app.ActivityThread.handleBindApplication(Native Method)\n\tat android.app.ActivityThread.-$$Nest$mhandleBindApplication(Unknown Source:0)\n\tat android.app.ActivityThread$H.handleMessage(ActivityThread.java:2452)\n\tat android.os.Handler.dispatchMessage(Handler.java:106)\n\tat android.os.Looper.loopOnce(Looper.java:255)\n\tat android.os.Looper.loop(Looper.java:364)\n\tat android.app.ActivityThread.main(ActivityThread.java:8938)\n\tat java.lang.reflect.Method.invoke(Native Method)\n\tat com.android.internal.os.RuntimeInit$MethodAndArgsCaller.run(RuntimeInit.java:572)\n\tat com.android.internal.os.ZygoteInit.main(ZygoteInit.java:1053)\n",
    "is_privacy": false
},
{
    "type": "log",
    "source": "class",
    "method": "addStartResponseHandler",
    "package_name": "com.opera.mini.native",
    "class_name": "com.leanplum.Leanplum",
    "timestamp": 1728461939915,
    "ref": "<class: com.leanplum.Leanplum>",
    "arguments": "{\"0\":\"<instance: com.leanplum.callbacks.StartCallback, $className: sqb$a>\"}",
    "stack_trace": "java.lang.Exception\n\tat com.leanplum.Leanplum.addStartResponseHandler(Native Method)\n\tat sqb.<init>(OperaSrc:34)\n\tat yqb.<init>(OperaSrc:60)\n\tat yg5$a.b(OperaSrc:2657)\n\tat yg5$a.get(OperaSrc:3608)\n\tat yf6.get(OperaSrc:14)\n\tat yg5.E(OperaSrc:3)\n\tat com.opera.android.w0.Y(OperaSrc:5)\n\tat com.opera.android.bream.i.<init>(OperaSrc:18)\n\tat ut5.b(OperaSrc:3)\n\tat com.opera.android.bream.e.i(OperaSrc:12)\n\tat com.opera.android.d.a(OperaSrc:96)\n\tat com.opera.android.d.b(OperaSrc:12)\n\tat com.opera.android.d.f(OperaSrc:100)\n\tat w9k.onCreate(OperaSrc:72)\n\tat android.app.Activity.performCreate(Activity.java:8780)\n\tat android.app.Activity.performCreate(Activity.java:8752)\n\tat android.app.Instrumentation.callActivityOnCreate(Instrumentation.java:1475)\n\tat android.app.ActivityThread.performLaunchActivity(ActivityThread.java:4067)\n\tat android.app.ActivityThread.handleLaunchActivity(ActivityThread.java:4243)\n\tat android.app.servertransaction.LaunchActivityItem.execute(LaunchActivityItem.java:114)\n\tat android.app.servertransaction.TransactionExecutor.executeCallbacks(TransactionExecutor.java:144)\n\tat android.app.servertransaction.TransactionExecutor.execute(TransactionExecutor.java:101)\n\tat android.app.ActivityThread$H.handleMessage(ActivityThread.java:2705)\n\tat android.os.Handler.dispatchMessage(Handler.java:106)\n\tat android.os.Looper.loopOnce(Looper.java:255)\n\tat android.os.Looper.loop(Looper.java:364)\n\tat android.app.ActivityThread.main(ActivityThread.java:8938)\n\tat java.lang.reflect.Method.invoke(Native Method)\n\tat com.android.internal.os.RuntimeInit$MethodAndArgsCaller.run(RuntimeInit.java:572)\n\tat com.android.internal.os.ZygoteInit.main(ZygoteInit.java:1053)\n",
    "is_privacy": false
},
{
    "type": "log",
    "source": "class",
    "method": "setApplicationContext",
    "package_name": "com.opera.mini.native",
    "class_name": "com.leanplum.Leanplum",
    "timestamp": 1728461939922,
    "ref": "<class: com.leanplum.Leanplum>",
    "arguments": "{\"0\":\"<instance: android.content.Context, $className: com.opera.android.OperaMiniApplication>\"}",
    "stack_trace": "java.lang.Exception\n\tat com.leanplum.Leanplum.setApplicationContext(Native Method)\n\tat yqb.<init>(OperaSrc:72)\n\tat yg5$a.b(OperaSrc:2657)\n\tat yg5$a.get(OperaSrc:3608)\n\tat yf6.get(OperaSrc:14)\n\tat yg5.E(OperaSrc:3)\n\tat com.opera.android.w0.Y(OperaSrc:5)\n\tat com.opera.android.bream.i.<init>(OperaSrc:18)\n\tat ut5.b(OperaSrc:3)\n\tat com.opera.android.bream.e.i(OperaSrc:12)\n\tat com.opera.android.d.a(OperaSrc:96)\n\tat com.opera.android.d.b(OperaSrc:12)\n\tat com.opera.android.d.f(OperaSrc:100)\n\tat w9k.onCreate(OperaSrc:72)\n\tat android.app.Activity.performCreate(Activity.java:8780)\n\tat android.app.Activity.performCreate(Activity.java:8752)\n\tat android.app.Instrumentation.callActivityOnCreate(Instrumentation.java:1475)\n\tat android.app.ActivityThread.performLaunchActivity(ActivityThread.java:4067)\n\tat android.app.ActivityThread.handleLaunchActivity(ActivityThread.java:4243)\n\tat android.app.servertransaction.LaunchActivityItem.execute(LaunchActivityItem.java:114)\n\tat android.app.servertransaction.TransactionExecutor.executeCallbacks(TransactionExecutor.java:144)\n\tat android.app.servertransaction.TransactionExecutor.execute(TransactionExecutor.java:101)\n\tat android.app.ActivityThread$H.handleMessage(ActivityThread.java:2705)\n\tat android.os.Handler.dispatchMessage(Handler.java:106)\n\tat android.os.Looper.loopOnce(Looper.java:255)\n\tat android.os.Looper.loop(Looper.java:364)\n\tat android.app.ActivityThread.main(ActivityThread.java:8938)\n\tat java.lang.reflect.Method.invoke(Native Method)\n\tat com.android.internal.os.RuntimeInit$MethodAndArgsCaller.run(RuntimeInit.java:572)\n\tat com.android.internal.os.ZygoteInit.main(ZygoteInit.java:1053)\n",
    "is_privacy": false
},
{
    "type": "log",
    "source": "class",
    "method": "getContext",
    "package_name": "com.opera.mini.native",
    "class_name": "com.leanplum.Leanplum",
    "timestamp": 1728461939927,
    "ref": "<class: com.leanplum.Leanplum>",
    "arguments": "{}",
    "stack_trace": "java.lang.Exception\n\tat com.leanplum.Leanplum.getContext(Native Method)\n\tat com.leanplum.PushProviders.init(OperaSrc:8)\n\tat com.leanplum.PushProviders.<init>(OperaSrc:14)\n\tat com.leanplum.LeanplumPushService.<clinit>(OperaSrc:3)\n\tat yqb.<init>(OperaSrc:83)\n\tat yg5$a.b(OperaSrc:2657)\n\tat yg5$a.get(OperaSrc:3608)\n\tat yf6.get(OperaSrc:14)\n\tat yg5.E(OperaSrc:3)\n\tat com.opera.android.w0.Y(OperaSrc:5)\n\tat com.opera.android.bream.i.<init>(OperaSrc:18)\n\tat ut5.b(OperaSrc:3)\n\tat com.opera.android.bream.e.i(OperaSrc:12)\n\tat com.opera.android.d.a(OperaSrc:96)\n\tat com.opera.android.d.b(OperaSrc:12)\n\tat com.opera.android.d.f(OperaSrc:100)\n\tat w9k.onCreate(OperaSrc:72)\n\tat android.app.Activity.performCreate(Activity.java:8780)\n\tat android.app.Activity.performCreate(Activity.java:8752)\n\tat android.app.Instrumentation.callActivityOnCreate(Instrumentation.java:1475)\n\tat android.app.ActivityThread.performLaunchActivity(ActivityThread.java:4067)\n\tat android.app.ActivityThread.handleLaunchActivity(ActivityThread.java:4243)\n\tat android.app.servertransaction.LaunchActivityItem.execute(LaunchActivityItem.java:114)\n\tat android.app.servertransaction.TransactionExecutor.executeCallbacks(TransactionExecutor.java:144)\n\tat android.app.servertransaction.TransactionExecutor.execute(TransactionExecutor.java:101)\n\tat android.app.ActivityThread$H.handleMessage(ActivityThread.java:2705)\n\tat android.os.Handler.dispatchMessage(Handler.java:106)\n\tat android.os.Looper.loopOnce(Looper.java:255)\n\tat android.os.Looper.loop(Looper.java:364)\n\tat android.app.ActivityThread.main(ActivityThread.java:8938)\n\tat java.lang.reflect.Method.invoke(Native Method)\n\tat com.android.internal.os.RuntimeInit$MethodAndArgsCaller.run(RuntimeInit.java:572)\n\tat com.android.internal.os.ZygoteInit.main(ZygoteInit.java:1053)\n",
    "is_privacy": false
},
{
    "type": "log",
    "source": "class",
    "method": "getContext",
    "package_name": "com.opera.mini.native",
    "class_name": "com.leanplum.Leanplum",
    "timestamp": 1728461939930,
    "ref": "<class: com.leanplum.Leanplum>",
    "arguments": "{}",
    "stack_trace": "java.lang.Exception\n\tat com.leanplum.Leanplum.getContext(Native Method)\n\tat com.leanplum.internal.Util.hasPlayServices(OperaSrc:10)\n\tat com.leanplum.PushProviders.createFcm(OperaSrc:1)\n\tat com.leanplum.PushProviders.init(OperaSrc:16)\n\tat com.leanplum.PushProviders.<init>(OperaSrc:14)\n\tat com.leanplum.LeanplumPushService.<clinit>(OperaSrc:3)\n\tat yqb.<init>(OperaSrc:83)\n\tat yg5$a.b(OperaSrc:2657)\n\tat yg5$a.get(OperaSrc:3608)\n\tat yf6.get(OperaSrc:14)\n\tat yg5.E(OperaSrc:3)\n\tat com.opera.android.w0.Y(OperaSrc:5)\n\tat com.opera.android.bream.i.<init>(OperaSrc:18)\n\tat ut5.b(OperaSrc:3)\n\tat com.opera.android.bream.e.i(OperaSrc:12)\n\tat com.opera.android.d.a(OperaSrc:96)\n\tat com.opera.android.d.b(OperaSrc:12)\n\tat com.opera.android.d.f(OperaSrc:100)\n\tat w9k.onCreate(OperaSrc:72)\n\tat android.app.Activity.performCreate(Activity.java:8780)\n\tat android.app.Activity.performCreate(Activity.java:8752)\n\tat android.app.Instrumentation.callActivityOnCreate(Instrumentation.java:1475)\n\tat android.app.ActivityThread.performLaunchActivity(ActivityThread.java:4067)\n\tat android.app.ActivityThread.handleLaunchActivity(ActivityThread.java:4243)\n\tat android.app.servertransaction.LaunchActivityItem.execute(LaunchActivityItem.java:114)\n\tat android.app.servertransaction.TransactionExecutor.executeCallbacks(TransactionExecutor.java:144)\n\tat android.app.servertransaction.TransactionExecutor.execute(TransactionExecutor.java:101)\n\tat android.app.ActivityThread$H.handleMessage(ActivityThread.java:2705)\n\tat android.os.Handler.dispatchMessage(Handler.java:106)\n\tat android.os.Looper.loopOnce(Looper.java:255)\n\tat android.os.Looper.loop(Looper.java:364)\n\tat android.app.ActivityThread.main(ActivityThread.java:8938)\n\tat java.lang.reflect.Method.invoke(Native Method)\n\tat com.android.internal.os.RuntimeInit$MethodAndArgsCaller.run(RuntimeInit.java:572)\n\tat com.android.internal.os.ZygoteInit.main(ZygoteInit.java:1053)\n",
    "is_privacy": false
},
{
    "type": "log",
    "source": "class",
    "method": "setApplicationContext",
    "package_name": "com.opera.mini.native",
    "class_name": "com.leanplum.Leanplum",
    "timestamp": 1728461941630,
    "ref": "<class: com.leanplum.Leanplum>",
    "arguments": "{\"0\":\"<instance: android.content.Context, $className: com.opera.android.OperaMiniApplication>\"}",
    "stack_trace": "java.lang.Exception\n\tat com.leanplum.Leanplum.setApplicationContext(Native Method)\n\tat com.leanplum.LeanplumFirebaseServiceHandler.onCreate(OperaSrc:1)\n\tat t6f.b(OperaSrc:5)\n\tat com.opera.android.messaging.OperaFirebaseMessagingService.onCreate(OperaSrc:8)\n\tat android.app.ActivityThread.handleCreateService(ActivityThread.java:4990)\n\tat android.app.ActivityThread.-$$Nest$mhandleCreateService(Unknown Source:0)\n\tat android.app.ActivityThread$H.handleMessage(ActivityThread.java:2492)\n\tat android.os.Handler.dispatchMessage(Handler.java:106)\n\tat android.os.Looper.loopOnce(Looper.java:255)\n\tat android.os.Looper.loop(Looper.java:364)\n\tat android.app.ActivityThread.main(ActivityThread.java:8938)\n\tat java.lang.reflect.Method.invoke(Native Method)\n\tat com.android.internal.os.RuntimeInit$MethodAndArgsCaller.run(RuntimeInit.java:572)\n\tat com.android.internal.os.ZygoteInit.main(ZygoteInit.java:1053)\n",
    "is_privacy": false
},
