{
    "type": "log",
    "source": "class",
    "method": "getInstance",
    "package_name": "com.tf.thinkdroid.viewer",
    "class_name": "com.adxcorp.ads.ADXSdk",
    "timestamp": 1728461798344,
    "ref": "<class: com.adxcorp.ads.ADXSdk>",
    "arguments": "{}",
    "stack_trace": "java.lang.Exception\n\tat com.adxcorp.ads.ADXSdk.getInstance(Native Method)\n\tat com.adx.manager.AdxManager.e(ProGuard:9)\n\tat com.hancom.androidpc.gnine.launcher.ui.activity.GNineLauncherActivity.onCreateBeWraped(ProGuard:11)\n\tat com.hancom.androidpc.common.HancomActivity.onStart(ProGuard:17)\n\tat android.app.Instrumentation.callActivityOnStart(Instrumentation.java:1601)\n\tat android.app.Activity.performStart(Activity.java:8813)\n\tat android.app.ActivityThread.handleStartActivity(ActivityThread.java:4118)\n\tat android.app.servertransaction.TransactionExecutor.performLifecycleSequence(TransactionExecutor.java:230)\n\tat android.app.servertransaction.TransactionExecutor.cycleToPath(TransactionExecutor.java:210)\n\tat android.app.servertransaction.TransactionExecutor.executeLifecycleState(TransactionExecutor.java:182)\n\tat android.app.servertransaction.TransactionExecutor.execute(TransactionExecutor.java:103)\n\tat android.app.ActivityThread$H.handleMessage(ActivityThread.java:2705)\n\tat android.os.Handler.dispatchMessage(Handler.java:106)\n\tat android.os.Looper.loopOnce(Looper.java:255)\n\tat android.os.Looper.loop(Looper.java:364)\n\tat android.app.ActivityThread.main(ActivityThread.java:8938)\n\tat java.lang.reflect.Method.invoke(Native Method)\n\tat com.android.internal.os.RuntimeInit$MethodAndArgsCaller.run(RuntimeInit.java:572)\n\tat com.android.internal.os.ZygoteInit.main(ZygoteInit.java:1053)\n",
    "is_privacy": false
},
{
    "type": "log",
    "source": "class",
    "method": "isInitialized",
    "package_name": "com.tf.thinkdroid.viewer",
    "class_name": "com.adxcorp.ads.ADXSdk",
    "timestamp": 1728461798347,
    "ref": "com.adxcorp.ads.ADXSdk@7b6d7aa",
    "arguments": "{}",
    "stack_trace": "java.lang.Exception\n\tat com.adxcorp.ads.ADXSdk.isInitialized(Native Method)\n\tat com.adx.manager.AdxManager.e(ProGuard:9)\n\tat com.hancom.androidpc.gnine.launcher.ui.activity.GNineLauncherActivity.onCreateBeWraped(ProGuard:11)\n\tat com.hancom.androidpc.common.HancomActivity.onStart(ProGuard:17)\n\tat android.app.Instrumentation.callActivityOnStart(Instrumentation.java:1601)\n\tat android.app.Activity.performStart(Activity.java:8813)\n\tat android.app.ActivityThread.handleStartActivity(ActivityThread.java:4118)\n\tat android.app.servertransaction.TransactionExecutor.performLifecycleSequence(TransactionExecutor.java:230)\n\tat android.app.servertransaction.TransactionExecutor.cycleToPath(TransactionExecutor.java:210)\n\tat android.app.servertransaction.TransactionExecutor.executeLifecycleState(TransactionExecutor.java:182)\n\tat android.app.servertransaction.TransactionExecutor.execute(TransactionExecutor.java:103)\n\tat android.app.ActivityThread$H.handleMessage(ActivityThread.java:2705)\n\tat android.os.Handler.dispatchMessage(Handler.java:106)\n\tat android.os.Looper.loopOnce(Looper.java:255)\n\tat android.os.Looper.loop(Looper.java:364)\n\tat android.app.ActivityThread.main(ActivityThread.java:8938)\n\tat java.lang.reflect.Method.invoke(Native Method)\n\tat com.android.internal.os.RuntimeInit$MethodAndArgsCaller.run(RuntimeInit.java:572)\n\tat com.android.internal.os.ZygoteInit.main(ZygoteInit.java:1053)\n",
    "is_privacy": false
},
{
    "type": "log",
    "source": "class",
    "method": "access$002",
    "package_name": "com.tf.thinkdroid.viewer",
    "class_name": "com.adxcorp.ads.ADXConfiguration",
    "timestamp": 1728461798349,
    "ref": "<class: com.adxcorp.ads.ADXConfiguration>",
    "arguments": "{\"0\":\"<instance: com.adxcorp.ads.ADXConfiguration>\",\"1\":\"6214765944061f00010002d7\"}",
    "stack_trace": "java.lang.Exception\n\tat com.adxcorp.ads.ADXConfiguration.access$002(Native Method)\n\tat com.adxcorp.ads.ADXConfiguration$Builder.build(ProGuard:2)\n\tat com.adx.manager.AdxManager.e(ProGuard:14)\n\tat com.hancom.androidpc.gnine.launcher.ui.activity.GNineLauncherActivity.onCreateBeWraped(ProGuard:11)\n\tat com.hancom.androidpc.common.HancomActivity.onStart(ProGuard:17)\n\tat android.app.Instrumentation.callActivityOnStart(Instrumentation.java:1601)\n\tat android.app.Activity.performStart(Activity.java:8813)\n\tat android.app.ActivityThread.handleStartActivity(ActivityThread.java:4118)\n\tat android.app.servertransaction.TransactionExecutor.performLifecycleSequence(TransactionExecutor.java:230)\n\tat android.app.servertransaction.TransactionExecutor.cycleToPath(TransactionExecutor.java:210)\n\tat android.app.servertransaction.TransactionExecutor.executeLifecycleState(TransactionExecutor.java:182)\n\tat android.app.servertransaction.TransactionExecutor.execute(TransactionExecutor.java:103)\n\tat android.app.ActivityThread$H.handleMessage(ActivityThread.java:2705)\n\tat android.os.Handler.dispatchMessage(Handler.java:106)\n\tat android.os.Looper.loopOnce(Looper.java:255)\n\tat android.os.Looper.loop(Looper.java:364)\n\tat android.app.ActivityThread.main(ActivityThread.java:8938)\n\tat java.lang.reflect.Method.invoke(Native Method)\n\tat com.android.internal.os.RuntimeInit$MethodAndArgsCaller.run(RuntimeInit.java:572)\n\tat com.android.internal.os.ZygoteInit.main(ZygoteInit.java:1053)\n",
    "is_privacy": false
},
{
    "type": "log",
    "source": "class",
    "method": "access$102",
    "package_name": "com.tf.thinkdroid.viewer",
    "class_name": "com.adxcorp.ads.ADXConfiguration",
    "timestamp": 1728461798351,
    "ref": "<class: com.adxcorp.ads.ADXConfiguration>",
    "arguments": "{\"0\":\"<instance: com.adxcorp.ads.ADXConfiguration>\",\"1\":\"<instance: com.adxcorp.ads.ADXConfiguration$GdprType>\"}",
    "stack_trace": "java.lang.Exception\n\tat com.adxcorp.ads.ADXConfiguration.access$102(Native Method)\n\tat com.adxcorp.ads.ADXConfiguration$Builder.build(ProGuard:3)\n\tat com.adx.manager.AdxManager.e(ProGuard:14)\n\tat com.hancom.androidpc.gnine.launcher.ui.activity.GNineLauncherActivity.onCreateBeWraped(ProGuard:11)\n\tat com.hancom.androidpc.common.HancomActivity.onStart(ProGuard:17)\n\tat android.app.Instrumentation.callActivityOnStart(Instrumentation.java:1601)\n\tat android.app.Activity.performStart(Activity.java:8813)\n\tat android.app.ActivityThread.handleStartActivity(ActivityThread.java:4118)\n\tat android.app.servertransaction.TransactionExecutor.performLifecycleSequence(TransactionExecutor.java:230)\n\tat android.app.servertransaction.TransactionExecutor.cycleToPath(TransactionExecutor.java:210)\n\tat android.app.servertransaction.TransactionExecutor.executeLifecycleState(TransactionExecutor.java:182)\n\tat android.app.servertransaction.TransactionExecutor.execute(TransactionExecutor.java:103)\n\tat android.app.ActivityThread$H.handleMessage(ActivityThread.java:2705)\n\tat android.os.Handler.dispatchMessage(Handler.java:106)\n\tat android.os.Looper.loopOnce(Looper.java:255)\n\tat android.os.Looper.loop(Looper.java:364)\n\tat android.app.ActivityThread.main(ActivityThread.java:8938)\n\tat java.lang.reflect.Method.invoke(Native Method)\n\tat com.android.internal.os.RuntimeInit$MethodAndArgsCaller.run(RuntimeInit.java:572)\n\tat com.android.internal.os.ZygoteInit.main(ZygoteInit.java:1053)\n",
    "is_privacy": false
},
{
    "type": "log",
    "source": "class",
    "method": "getInstance",
    "package_name": "com.tf.thinkdroid.viewer",
    "class_name": "com.adxcorp.ads.ADXSdk",
    "timestamp": 1728461798353,
    "ref": "<class: com.adxcorp.ads.ADXSdk>",
    "arguments": "{}",
    "stack_trace": "java.lang.Exception\n\tat com.adxcorp.ads.ADXSdk.getInstance(Native Method)\n\tat com.adx.manager.AdxManager.e(ProGuard:16)\n\tat com.hancom.androidpc.gnine.launcher.ui.activity.GNineLauncherActivity.onCreateBeWraped(ProGuard:11)\n\tat com.hancom.androidpc.common.HancomActivity.onStart(ProGuard:17)\n\tat android.app.Instrumentation.callActivityOnStart(Instrumentation.java:1601)\n\tat android.app.Activity.performStart(Activity.java:8813)\n\tat android.app.ActivityThread.handleStartActivity(ActivityThread.java:4118)\n\tat android.app.servertransaction.TransactionExecutor.performLifecycleSequence(TransactionExecutor.java:230)\n\tat android.app.servertransaction.TransactionExecutor.cycleToPath(TransactionExecutor.java:210)\n\tat android.app.servertransaction.TransactionExecutor.executeLifecycleState(TransactionExecutor.java:182)\n\tat android.app.servertransaction.TransactionExecutor.execute(TransactionExecutor.java:103)\n\tat android.app.ActivityThread$H.handleMessage(ActivityThread.java:2705)\n\tat android.os.Handler.dispatchMessage(Handler.java:106)\n\tat android.os.Looper.loopOnce(Looper.java:255)\n\tat android.os.Looper.loop(Looper.java:364)\n\tat android.app.ActivityThread.main(ActivityThread.java:8938)\n\tat java.lang.reflect.Method.invoke(Native Method)\n\tat com.android.internal.os.RuntimeInit$MethodAndArgsCaller.run(RuntimeInit.java:572)\n\tat com.android.internal.os.ZygoteInit.main(ZygoteInit.java:1053)\n",
    "is_privacy": false
},
{
    "type": "log",
    "source": "class",
    "method": "initialize",
    "package_name": "com.tf.thinkdroid.viewer",
    "class_name": "com.adxcorp.ads.ADXSdk",
    "timestamp": 1728461798356,
    "ref": "com.adxcorp.ads.ADXSdk@7b6d7aa",
    "arguments": "{\"0\":\"<instance: android.content.Context, $className: com.hancom.androidpc.gnine.launcher.ui.activity.GNineLauncherActivity>\",\"1\":\"<instance: com.adxcorp.ads.ADXConfiguration>\",\"2\":\"<instance: com.adxcorp.ads.ADXSdk$OnInitializedListener, $className: com.adx.manager.b>\"}",
    "stack_trace": "java.lang.Exception\n\tat com.adxcorp.ads.ADXSdk.initialize(Native Method)\n\tat com.adx.manager.AdxManager.e(ProGuard:18)\n\tat com.hancom.androidpc.gnine.launcher.ui.activity.GNineLauncherActivity.onCreateBeWraped(ProGuard:11)\n\tat com.hancom.androidpc.common.HancomActivity.onStart(ProGuard:17)\n\tat android.app.Instrumentation.callActivityOnStart(Instrumentation.java:1601)\n\tat android.app.Activity.performStart(Activity.java:8813)\n\tat android.app.ActivityThread.handleStartActivity(ActivityThread.java:4118)\n\tat android.app.servertransaction.TransactionExecutor.performLifecycleSequence(TransactionExecutor.java:230)\n\tat android.app.servertransaction.TransactionExecutor.cycleToPath(TransactionExecutor.java:210)\n\tat android.app.servertransaction.TransactionExecutor.executeLifecycleState(TransactionExecutor.java:182)\n\tat android.app.servertransaction.TransactionExecutor.execute(TransactionExecutor.java:103)\n\tat android.app.ActivityThread$H.handleMessage(ActivityThread.java:2705)\n\tat android.os.Handler.dispatchMessage(Handler.java:106)\n\tat android.os.Looper.loopOnce(Looper.java:255)\n\tat android.os.Looper.loop(Looper.java:364)\n\tat android.app.ActivityThread.main(ActivityThread.java:8938)\n\tat java.lang.reflect.Method.invoke(Native Method)\n\tat com.android.internal.os.RuntimeInit$MethodAndArgsCaller.run(RuntimeInit.java:572)\n\tat com.android.internal.os.ZygoteInit.main(ZygoteInit.java:1053)\n",
    "is_privacy": true
},
{
    "type": "log",
    "source": "class",
    "method": "getAppId",
    "package_name": "com.tf.thinkdroid.viewer",
    "class_name": "com.adxcorp.ads.ADXConfiguration",
    "timestamp": 1728461798358,
    "ref": "com.adxcorp.ads.ADXConfiguration@a59a6e4",
    "arguments": "{}",
    "stack_trace": "java.lang.Exception\n\tat com.adxcorp.ads.ADXConfiguration.getAppId(Native Method)\n\tat com.adxcorp.ads.ADXSdk.initialize(ProGuard:5)\n\tat com.adxcorp.ads.ADXSdk.initialize(Native Method)\n\tat com.adx.manager.AdxManager.e(ProGuard:18)\n\tat com.hancom.androidpc.gnine.launcher.ui.activity.GNineLauncherActivity.onCreateBeWraped(ProGuard:11)\n\tat com.hancom.androidpc.common.HancomActivity.onStart(ProGuard:17)\n\tat android.app.Instrumentation.callActivityOnStart(Instrumentation.java:1601)\n\tat android.app.Activity.performStart(Activity.java:8813)\n\tat android.app.ActivityThread.handleStartActivity(ActivityThread.java:4118)\n\tat android.app.servertransaction.TransactionExecutor.performLifecycleSequence(TransactionExecutor.java:230)\n\tat android.app.servertransaction.TransactionExecutor.cycleToPath(TransactionExecutor.java:210)\n\tat android.app.servertransaction.TransactionExecutor.executeLifecycleState(TransactionExecutor.java:182)\n\tat android.app.servertransaction.TransactionExecutor.execute(TransactionExecutor.java:103)\n\tat android.app.ActivityThread$H.handleMessage(ActivityThread.java:2705)\n\tat android.os.Handler.dispatchMessage(Handler.java:106)\n\tat android.os.Looper.loopOnce(Looper.java:255)\n\tat android.os.Looper.loop(Looper.java:364)\n\tat android.app.ActivityThread.main(ActivityThread.java:8938)\n\tat java.lang.reflect.Method.invoke(Native Method)\n\tat com.android.internal.os.RuntimeInit$MethodAndArgsCaller.run(RuntimeInit.java:572)\n\tat com.android.internal.os.ZygoteInit.main(ZygoteInit.java:1053)\n",
    "is_privacy": false
},
{
    "type": "log",
    "source": "class",
    "method": "getGdprType",
    "package_name": "com.tf.thinkdroid.viewer",
    "class_name": "com.adxcorp.ads.ADXConfiguration",
    "timestamp": 1728461798359,
    "ref": "com.adxcorp.ads.ADXConfiguration@a59a6e4",
    "arguments": "{}",
    "stack_trace": "java.lang.Exception\n\tat com.adxcorp.ads.ADXConfiguration.getGdprType(Native Method)\n\tat com.adxcorp.ads.ADXSdk.initialize(ProGuard:6)\n\tat com.adxcorp.ads.ADXSdk.initialize(Native Method)\n\tat com.adx.manager.AdxManager.e(ProGuard:18)\n\tat com.hancom.androidpc.gnine.launcher.ui.activity.GNineLauncherActivity.onCreateBeWraped(ProGuard:11)\n\tat com.hancom.androidpc.common.HancomActivity.onStart(ProGuard:17)\n\tat android.app.Instrumentation.callActivityOnStart(Instrumentation.java:1601)\n\tat android.app.Activity.performStart(Activity.java:8813)\n\tat android.app.ActivityThread.handleStartActivity(ActivityThread.java:4118)\n\tat android.app.servertransaction.TransactionExecutor.performLifecycleSequence(TransactionExecutor.java:230)\n\tat android.app.servertransaction.TransactionExecutor.cycleToPath(TransactionExecutor.java:210)\n\tat android.app.servertransaction.TransactionExecutor.executeLifecycleState(TransactionExecutor.java:182)\n\tat android.app.servertransaction.TransactionExecutor.execute(TransactionExecutor.java:103)\n\tat android.app.ActivityThread$H.handleMessage(ActivityThread.java:2705)\n\tat android.os.Handler.dispatchMessage(Handler.java:106)\n\tat android.os.Looper.loopOnce(Looper.java:255)\n\tat android.os.Looper.loop(Looper.java:364)\n\tat android.app.ActivityThread.main(ActivityThread.java:8938)\n\tat java.lang.reflect.Method.invoke(Native Method)\n\tat com.android.internal.os.RuntimeInit$MethodAndArgsCaller.run(RuntimeInit.java:572)\n\tat com.android.internal.os.ZygoteInit.main(ZygoteInit.java:1053)\n",
    "is_privacy": false
},
{
    "type": "log",
    "source": "class",
    "method": "initialize",
    "package_name": "com.tf.thinkdroid.viewer",
    "class_name": "com.adxcorp.ads.ADXSdk",
    "timestamp": 1728461798360,
    "ref": "com.adxcorp.ads.ADXSdk@7b6d7aa",
    "arguments": "{}",
    "stack_trace": "java.lang.Exception\n\tat com.adxcorp.ads.ADXSdk.initialize(Native Method)\n\tat com.adxcorp.ads.ADXSdk.initialize(ProGuard:17)\n\tat com.adxcorp.ads.ADXSdk.initialize(Native Method)\n\tat com.adx.manager.AdxManager.e(ProGuard:18)\n\tat com.hancom.androidpc.gnine.launcher.ui.activity.GNineLauncherActivity.onCreateBeWraped(ProGuard:11)\n\tat com.hancom.androidpc.common.HancomActivity.onStart(ProGuard:17)\n\tat android.app.Instrumentation.callActivityOnStart(Instrumentation.java:1601)\n\tat android.app.Activity.performStart(Activity.java:8813)\n\tat android.app.ActivityThread.handleStartActivity(ActivityThread.java:4118)\n\tat android.app.servertransaction.TransactionExecutor.performLifecycleSequence(TransactionExecutor.java:230)\n\tat android.app.servertransaction.TransactionExecutor.cycleToPath(TransactionExecutor.java:210)\n\tat android.app.servertransaction.TransactionExecutor.executeLifecycleState(TransactionExecutor.java:182)\n\tat android.app.servertransaction.TransactionExecutor.execute(TransactionExecutor.java:103)\n\tat android.app.ActivityThread$H.handleMessage(ActivityThread.java:2705)\n\tat android.os.Handler.dispatchMessage(Handler.java:106)\n\tat android.os.Looper.loopOnce(Looper.java:255)\n\tat android.os.Looper.loop(Looper.java:364)\n\tat android.app.ActivityThread.main(ActivityThread.java:8938)\n\tat java.lang.reflect.Method.invoke(Native Method)\n\tat com.android.internal.os.RuntimeInit$MethodAndArgsCaller.run(RuntimeInit.java:572)\n\tat com.android.internal.os.ZygoteInit.main(ZygoteInit.java:1053)\n",
    "is_privacy": true
},
{
    "type": "log",
    "source": "class",
    "method": "initialize",
    "package_name": "com.tf.thinkdroid.viewer",
    "class_name": "com.google.android.gms.ads.MobileAds",
    "timestamp": 1728461798362,
    "ref": "<class: com.google.android.gms.ads.MobileAds>",
    "arguments": "{\"0\":\"<instance: android.content.Context, $className: com.hancom.androidpc.gnine.launcher.ui.activity.GNineLauncherActivity>\",\"1\":\"<instance: com.google.android.gms.ads.initialization.OnInitializationCompleteListener, $className: com.adxcorp.ads.ADXSdk$1>\"}",
    "stack_trace": "java.lang.Exception\n\tat com.google.android.gms.ads.MobileAds.initialize(Native Method)\n\tat com.adxcorp.ads.ADXSdk.initialize(ProGuard:24)\n\tat com.adxcorp.ads.ADXSdk.initialize(Native Method)\n\tat com.adxcorp.ads.ADXSdk.initialize(ProGuard:17)\n\tat com.adxcorp.ads.ADXSdk.initialize(Native Method)\n\tat com.adx.manager.AdxManager.e(ProGuard:18)\n\tat com.hancom.androidpc.gnine.launcher.ui.activity.GNineLauncherActivity.onCreateBeWraped(ProGuard:11)\n\tat com.hancom.androidpc.common.HancomActivity.onStart(ProGuard:17)\n\tat android.app.Instrumentation.callActivityOnStart(Instrumentation.java:1601)\n\tat android.app.Activity.performStart(Activity.java:8813)\n\tat android.app.ActivityThread.handleStartActivity(ActivityThread.java:4118)\n\tat android.app.servertransaction.TransactionExecutor.performLifecycleSequence(TransactionExecutor.java:230)\n\tat android.app.servertransaction.TransactionExecutor.cycleToPath(TransactionExecutor.java:210)\n\tat android.app.servertransaction.TransactionExecutor.executeLifecycleState(TransactionExecutor.java:182)\n\tat android.app.servertransaction.TransactionExecutor.execute(TransactionExecutor.java:103)\n\tat android.app.ActivityThread$H.handleMessage(ActivityThread.java:2705)\n\tat android.os.Handler.dispatchMessage(Handler.java:106)\n\tat android.os.Looper.loopOnce(Looper.java:255)\n\tat android.os.Looper.loop(Looper.java:364)\n\tat android.app.ActivityThread.main(ActivityThread.java:8938)\n\tat java.lang.reflect.Method.invoke(Native Method)\n\tat com.android.internal.os.RuntimeInit$MethodAndArgsCaller.run(RuntimeInit.java:572)\n\tat com.android.internal.os.ZygoteInit.main(ZygoteInit.java:1053)\n",
    "is_privacy": false
},
{
    "type": "log",
    "source": "class",
    "method": "build",
    "package_name": "com.tf.thinkdroid.viewer",
    "class_name": "com.google.android.gms.ads.RequestConfiguration$Builder",
    "timestamp": 1728461798364,
    "ref": "com.google.android.gms.ads.RequestConfiguration$Builder@d5b7b49",
    "arguments": "{}",
    "stack_trace": "java.lang.Exception\n\tat com.google.android.gms.ads.RequestConfiguration$Builder.build(Native Method)\n\tat com.google.android.gms.ads.internal.client.zzed.<init>(ProGuard:2)\n\tat com.google.android.gms.ads.internal.client.zzed.zzf(ProGuard:1)\n\tat com.google.android.gms.ads.MobileAds.initialize(ProGuard:3)\n\tat com.google.android.gms.ads.MobileAds.initialize(Native Method)\n\tat com.adxcorp.ads.ADXSdk.initialize(ProGuard:24)\n\tat com.adxcorp.ads.ADXSdk.initialize(Native Method)\n\tat com.adxcorp.ads.ADXSdk.initialize(ProGuard:17)\n\tat com.adxcorp.ads.ADXSdk.initialize(Native Method)\n\tat com.adx.manager.AdxManager.e(ProGuard:18)\n\tat com.hancom.androidpc.gnine.launcher.ui.activity.GNineLauncherActivity.onCreateBeWraped(ProGuard:11)\n\tat com.hancom.androidpc.common.HancomActivity.onStart(ProGuard:17)\n\tat android.app.Instrumentation.callActivityOnStart(Instrumentation.java:1601)\n\tat android.app.Activity.performStart(Activity.java:8813)\n\tat android.app.ActivityThread.handleStartActivity(ActivityThread.java:4118)\n\tat android.app.servertransaction.TransactionExecutor.performLifecycleSequence(TransactionExecutor.java:230)\n\tat android.app.servertransaction.TransactionExecutor.cycleToPath(TransactionExecutor.java:210)\n\tat android.app.servertransaction.TransactionExecutor.executeLifecycleState(TransactionExecutor.java:182)\n\tat android.app.servertransaction.TransactionExecutor.execute(TransactionExecutor.java:103)\n\tat android.app.ActivityThread$H.handleMessage(ActivityThread.java:2705)\n\tat android.os.Handler.dispatchMessage(Handler.java:106)\n\tat android.os.Looper.loopOnce(Looper.java:255)\n\tat android.os.Looper.loop(Looper.java:364)\n\tat android.app.ActivityThread.main(ActivityThread.java:8938)\n\tat java.lang.reflect.Method.invoke(Native Method)\n\tat com.android.internal.os.RuntimeInit$MethodAndArgsCaller.run(RuntimeInit.java:572)\n\tat com.android.internal.os.ZygoteInit.main(ZygoteInit.java:1053)\n",
    "is_privacy": false
},
{
    "type": "log",
    "source": "class",
    "method": "getTagForChildDirectedTreatment",
    "package_name": "com.tf.thinkdroid.viewer",
    "class_name": "com.google.android.gms.ads.RequestConfiguration",
    "timestamp": 1728461798486,
    "ref": "com.google.android.gms.ads.RequestConfiguration@331377b",
    "arguments": "{}",
    "stack_trace": "java.lang.Exception\n\tat com.google.android.gms.ads.RequestConfiguration.getTagForChildDirectedTreatment(Native Method)\n\tat com.google.android.gms.ads.internal.client.zzed.zzm(ProGuard:11)\n\tat com.google.android.gms.ads.MobileAds.initialize(ProGuard:3)\n\tat com.google.android.gms.ads.MobileAds.initialize(Native Method)\n\tat com.adxcorp.ads.ADXSdk.initialize(ProGuard:24)\n\tat com.adxcorp.ads.ADXSdk.initialize(Native Method)\n\tat com.adxcorp.ads.ADXSdk.initialize(ProGuard:17)\n\tat com.adxcorp.ads.ADXSdk.initialize(Native Method)\n\tat com.adx.manager.AdxManager.e(ProGuard:18)\n\tat com.hancom.androidpc.gnine.launcher.ui.activity.GNineLauncherActivity.onCreateBeWraped(ProGuard:11)\n\tat com.hancom.androidpc.common.HancomActivity.onStart(ProGuard:17)\n\tat android.app.Instrumentation.callActivityOnStart(Instrumentation.java:1601)\n\tat android.app.Activity.performStart(Activity.java:8813)\n\tat android.app.ActivityThread.handleStartActivity(ActivityThread.java:4118)\n\tat android.app.servertransaction.TransactionExecutor.performLifecycleSequence(TransactionExecutor.java:230)\n\tat android.app.servertransaction.TransactionExecutor.cycleToPath(TransactionExecutor.java:210)\n\tat android.app.servertransaction.TransactionExecutor.executeLifecycleState(TransactionExecutor.java:182)\n\tat android.app.servertransaction.TransactionExecutor.execute(TransactionExecutor.java:103)\n\tat android.app.ActivityThread$H.handleMessage(ActivityThread.java:2705)\n\tat android.os.Handler.dispatchMessage(Handler.java:106)\n\tat android.os.Looper.loopOnce(Looper.java:255)\n\tat android.os.Looper.loop(Looper.java:364)\n\tat android.app.ActivityThread.main(ActivityThread.java:8938)\n\tat java.lang.reflect.Method.invoke(Native Method)\n\tat com.android.internal.os.RuntimeInit$MethodAndArgsCaller.run(RuntimeInit.java:572)\n\tat com.android.internal.os.ZygoteInit.main(ZygoteInit.java:1053)\n",
    "is_privacy": false
},
{
    "type": "log",
    "source": "class",
    "method": "getTagForUnderAgeOfConsent",
    "package_name": "com.tf.thinkdroid.viewer",
    "class_name": "com.google.android.gms.ads.RequestConfiguration",
    "timestamp": 1728461798489,
    "ref": "com.google.android.gms.ads.RequestConfiguration@331377b",
    "arguments": "{}",
    "stack_trace": "java.lang.Exception\n\tat com.google.android.gms.ads.RequestConfiguration.getTagForUnderAgeOfConsent(Native Method)\n\tat com.google.android.gms.ads.internal.client.zzed.zzm(ProGuard:12)\n\tat com.google.android.gms.ads.MobileAds.initialize(ProGuard:3)\n\tat com.google.android.gms.ads.MobileAds.initialize(Native Method)\n\tat com.adxcorp.ads.ADXSdk.initialize(ProGuard:24)\n\tat com.adxcorp.ads.ADXSdk.initialize(Native Method)\n\tat com.adxcorp.ads.ADXSdk.initialize(ProGuard:17)\n\tat com.adxcorp.ads.ADXSdk.initialize(Native Method)\n\tat com.adx.manager.AdxManager.e(ProGuard:18)\n\tat com.hancom.androidpc.gnine.launcher.ui.activity.GNineLauncherActivity.onCreateBeWraped(ProGuard:11)\n\tat com.hancom.androidpc.common.HancomActivity.onStart(ProGuard:17)\n\tat android.app.Instrumentation.callActivityOnStart(Instrumentation.java:1601)\n\tat android.app.Activity.performStart(Activity.java:8813)\n\tat android.app.ActivityThread.handleStartActivity(ActivityThread.java:4118)\n\tat android.app.servertransaction.TransactionExecutor.performLifecycleSequence(TransactionExecutor.java:230)\n\tat android.app.servertransaction.TransactionExecutor.cycleToPath(TransactionExecutor.java:210)\n\tat android.app.servertransaction.TransactionExecutor.executeLifecycleState(TransactionExecutor.java:182)\n\tat android.app.servertransaction.TransactionExecutor.execute(TransactionExecutor.java:103)\n\tat android.app.ActivityThread$H.handleMessage(ActivityThread.java:2705)\n\tat android.os.Handler.dispatchMessage(Handler.java:106)\n\tat android.os.Looper.loopOnce(Looper.java:255)\n\tat android.os.Looper.loop(Looper.java:364)\n\tat android.app.ActivityThread.main(ActivityThread.java:8938)\n\tat java.lang.reflect.Method.invoke(Native Method)\n\tat com.android.internal.os.RuntimeInit$MethodAndArgsCaller.run(RuntimeInit.java:572)\n\tat com.android.internal.os.ZygoteInit.main(ZygoteInit.java:1053)\n",
    "is_privacy": false
},
{
    "type": "log",
    "source": "class",
    "method": "getInstance",
    "package_name": "com.tf.thinkdroid.viewer",
    "class_name": "com.applovin.sdk.AppLovinSdk",
    "timestamp": 1728461798722,
    "ref": "<class: com.applovin.sdk.AppLovinSdk>",
    "arguments": "{\"0\":\"<instance: android.content.Context, $className: com.hancom.androidpc.gnine.launcher.ui.activity.GNineLauncherActivity>\"}",
    "stack_trace": "java.lang.Exception\n\tat com.applovin.sdk.AppLovinSdk.getInstance(Native Method)\n\tat com.adxcorp.ads.ADXSdk.initialize(ProGuard:28)\n\tat com.adxcorp.ads.ADXSdk.initialize(Native Method)\n\tat com.adxcorp.ads.ADXSdk.initialize(ProGuard:17)\n\tat com.adxcorp.ads.ADXSdk.initialize(Native Method)\n\tat com.adx.manager.AdxManager.e(ProGuard:18)\n\tat com.hancom.androidpc.gnine.launcher.ui.activity.GNineLauncherActivity.onCreateBeWraped(ProGuard:11)\n\tat com.hancom.androidpc.common.HancomActivity.onStart(ProGuard:17)\n\tat android.app.Instrumentation.callActivityOnStart(Instrumentation.java:1601)\n\tat android.app.Activity.performStart(Activity.java:8813)\n\tat android.app.ActivityThread.handleStartActivity(ActivityThread.java:4118)\n\tat android.app.servertransaction.TransactionExecutor.performLifecycleSequence(TransactionExecutor.java:230)\n\tat android.app.servertransaction.TransactionExecutor.cycleToPath(TransactionExecutor.java:210)\n\tat android.app.servertransaction.TransactionExecutor.executeLifecycleState(TransactionExecutor.java:182)\n\tat android.app.servertransaction.TransactionExecutor.execute(TransactionExecutor.java:103)\n\tat android.app.ActivityThread$H.handleMessage(ActivityThread.java:2705)\n\tat android.os.Handler.dispatchMessage(Handler.java:106)\n\tat android.os.Looper.loopOnce(Looper.java:255)\n\tat android.os.Looper.loop(Looper.java:364)\n\tat android.app.ActivityThread.main(ActivityThread.java:8938)\n\tat java.lang.reflect.Method.invoke(Native Method)\n\tat com.android.internal.os.RuntimeInit$MethodAndArgsCaller.run(RuntimeInit.java:572)\n\tat com.android.internal.os.ZygoteInit.main(ZygoteInit.java:1053)\n",
    "is_privacy": false
},
{
    "type": "log",
    "source": "class",
    "method": "getInstance",
    "package_name": "com.tf.thinkdroid.viewer",
    "class_name": "com.applovin.sdk.AppLovinSdk",
    "timestamp": 1728461798725,
    "ref": "<class: com.applovin.sdk.AppLovinSdk>",
    "arguments": "{\"0\":\"<instance: com.applovin.sdk.AppLovinSdkSettings, $className: com.applovin.sdk.AppLovinSdk$a>\",\"1\":\"<instance: android.content.Context, $className: com.hancom.androidpc.gnine.launcher.ui.activity.GNineLauncherActivity>\"}",
    "stack_trace": "java.lang.Exception\n\tat com.applovin.sdk.AppLovinSdk.getInstance(Native Method)\n\tat com.applovin.sdk.AppLovinSdk.getInstance(Unknown Source:5)\n\tat com.applovin.sdk.AppLovinSdk.getInstance(Native Method)\n\tat com.adxcorp.ads.ADXSdk.initialize(ProGuard:28)\n\tat com.adxcorp.ads.ADXSdk.initialize(Native Method)\n\tat com.adxcorp.ads.ADXSdk.initialize(ProGuard:17)\n\tat com.adxcorp.ads.ADXSdk.initialize(Native Method)\n\tat com.adx.manager.AdxManager.e(ProGuard:18)\n\tat com.hancom.androidpc.gnine.launcher.ui.activity.GNineLauncherActivity.onCreateBeWraped(ProGuard:11)\n\tat com.hancom.androidpc.common.HancomActivity.onStart(ProGuard:17)\n\tat android.app.Instrumentation.callActivityOnStart(Instrumentation.java:1601)\n\tat android.app.Activity.performStart(Activity.java:8813)\n\tat android.app.ActivityThread.handleStartActivity(ActivityThread.java:4118)\n\tat android.app.servertransaction.TransactionExecutor.performLifecycleSequence(TransactionExecutor.java:230)\n\tat android.app.servertransaction.TransactionExecutor.cycleToPath(TransactionExecutor.java:210)\n\tat android.app.servertransaction.TransactionExecutor.executeLifecycleState(TransactionExecutor.java:182)\n\tat android.app.servertransaction.TransactionExecutor.execute(TransactionExecutor.java:103)\n\tat android.app.ActivityThread$H.handleMessage(ActivityThread.java:2705)\n\tat android.os.Handler.dispatchMessage(Handler.java:106)\n\tat android.os.Looper.loopOnce(Looper.java:255)\n\tat android.os.Looper.loop(Looper.java:364)\n\tat android.app.ActivityThread.main(ActivityThread.java:8938)\n\tat java.lang.reflect.Method.invoke(Native Method)\n\tat com.android.internal.os.RuntimeInit$MethodAndArgsCaller.run(RuntimeInit.java:572)\n\tat com.android.internal.os.ZygoteInit.main(ZygoteInit.java:1053)\n",
    "is_privacy": false
},
{
    "type": "log",
    "source": "class",
    "method": "getInstance",
    "package_name": "com.tf.thinkdroid.viewer",
    "class_name": "com.applovin.sdk.AppLovinSdk",
    "timestamp": 1728461798727,
    "ref": "<class: com.applovin.sdk.AppLovinSdk>",
    "arguments": "{\"0\":\"all5Np4vhK18b2M9MU60lgkHJJU3oB0NxmSIZXCGsDPSFnbcGic_OKGhemmQxnotXE95mLMcZm4pXfPoN1nmM1\",\"1\":\"<instance: com.applovin.sdk.AppLovinSdkSettings, $className: com.applovin.sdk.AppLovinSdk$a>\",\"2\":\"<instance: android.content.Context, $className: com.hancom.androidpc.gnine.launcher.ui.activity.GNineLauncherActivity>\"}",
    "stack_trace": "java.lang.Exception\n\tat com.applovin.sdk.AppLovinSdk.getInstance(Native Method)\n\tat com.applovin.sdk.AppLovinSdk.getInstance(Unknown Source:14)\n\tat com.applovin.sdk.AppLovinSdk.getInstance(Native Method)\n\tat com.applovin.sdk.AppLovinSdk.getInstance(Unknown Source:5)\n\tat com.applovin.sdk.AppLovinSdk.getInstance(Native Method)\n\tat com.adxcorp.ads.ADXSdk.initialize(ProGuard:28)\n\tat com.adxcorp.ads.ADXSdk.initialize(Native Method)\n\tat com.adxcorp.ads.ADXSdk.initialize(ProGuard:17)\n\tat com.adxcorp.ads.ADXSdk.initialize(Native Method)\n\tat com.adx.manager.AdxManager.e(ProGuard:18)\n\tat com.hancom.androidpc.gnine.launcher.ui.activity.GNineLauncherActivity.onCreateBeWraped(ProGuard:11)\n\tat com.hancom.androidpc.common.HancomActivity.onStart(ProGuard:17)\n\tat android.app.Instrumentation.callActivityOnStart(Instrumentation.java:1601)\n\tat android.app.Activity.performStart(Activity.java:8813)\n\tat android.app.ActivityThread.handleStartActivity(ActivityThread.java:4118)\n\tat android.app.servertransaction.TransactionExecutor.performLifecycleSequence(TransactionExecutor.java:230)\n\tat android.app.servertransaction.TransactionExecutor.cycleToPath(TransactionExecutor.java:210)\n\tat android.app.servertransaction.TransactionExecutor.executeLifecycleState(TransactionExecutor.java:182)\n\tat android.app.servertransaction.TransactionExecutor.execute(TransactionExecutor.java:103)\n\tat android.app.ActivityThread$H.handleMessage(ActivityThread.java:2705)\n\tat android.os.Handler.dispatchMessage(Handler.java:106)\n\tat android.os.Looper.loopOnce(Looper.java:255)\n\tat android.os.Looper.loop(Looper.java:364)\n\tat android.app.ActivityThread.main(ActivityThread.java:8938)\n\tat java.lang.reflect.Method.invoke(Native Method)\n\tat com.android.internal.os.RuntimeInit$MethodAndArgsCaller.run(RuntimeInit.java:572)\n\tat com.android.internal.os.ZygoteInit.main(ZygoteInit.java:1053)\n",
    "is_privacy": false
},
