{
    "type": "log",
    "source": "class",
    "method": "getInstance",
    "package_name": "com.fastsigninemail.securemail.bestemail",
    "class_name": "com.appsflyer.AppsFlyerLib",
    "timestamp": 1728460386654,
    "ref": "<class: com.appsflyer.AppsFlyerLib>",
    "arguments": "{}",
    "stack_trace": "java.lang.Exception\n\tat com.appsflyer.AppsFlyerLib.getInstance(Native Method)\n\tat com.core.adslib.sdk.AppsFlyerTracking.initAppsFlyer(SourceFile:6)\n\tat com.core.adslib.sdk.openbeta.BaseOpenApplication.initOnlyAppOpenAfterAppsflyer(SourceFile:1)\n\tat com.fastsigninemail.securemail.bestemail.common.BaseApplication.onCreate(SourceFile:32)\n\tat android.app.Instrumentation.callApplicationOnCreate(Instrumentation.java:1335)\n\tat android.app.ActivityThread.handleBindApplication(ActivityThread.java:7681)\n\tat android.app.ActivityThread.handleBindApplication(Native Method)\n\tat android.app.ActivityThread.-$$Nest$mhandleBindApplication(Unknown Source:0)\n\tat android.app.ActivityThread$H.handleMessage(ActivityThread.java:2452)\n\tat android.os.Handler.dispatchMessage(Handler.java:106)\n\tat android.os.Looper.loopOnce(Looper.java:255)\n\tat android.os.Looper.loop(Looper.java:364)\n\tat android.app.ActivityThread.main(ActivityThread.java:8938)\n\tat java.lang.reflect.Method.invoke(Native Method)\n\tat com.android.internal.os.RuntimeInit$MethodAndArgsCaller.run(RuntimeInit.java:572)\n\tat com.android.internal.os.ZygoteInit.main(ZygoteInit.java:1053)\n",
    "is_privacy": false
},
{
    "type": "log",
    "source": "class",
    "method": "getInstance",
    "package_name": "com.fastsigninemail.securemail.bestemail",
    "class_name": "com.appsflyer.AppsFlyerLib",
    "timestamp": 1728460386661,
    "ref": "<class: com.appsflyer.AppsFlyerLib>",
    "arguments": "{}",
    "stack_trace": "java.lang.Exception\n\tat com.appsflyer.AppsFlyerLib.getInstance(Native Method)\n\tat com.core.adslib.sdk.AppsFlyerTracking.initAppsFlyer(SourceFile:37)\n\tat com.core.adslib.sdk.openbeta.BaseOpenApplication.initOnlyAppOpenAfterAppsflyer(SourceFile:1)\n\tat com.fastsigninemail.securemail.bestemail.common.BaseApplication.onCreate(SourceFile:32)\n\tat android.app.Instrumentation.callApplicationOnCreate(Instrumentation.java:1335)\n\tat android.app.ActivityThread.handleBindApplication(ActivityThread.java:7681)\n\tat android.app.ActivityThread.handleBindApplication(Native Method)\n\tat android.app.ActivityThread.-$$Nest$mhandleBindApplication(Unknown Source:0)\n\tat android.app.ActivityThread$H.handleMessage(ActivityThread.java:2452)\n\tat android.os.Handler.dispatchMessage(Handler.java:106)\n\tat android.os.Looper.loopOnce(Looper.java:255)\n\tat android.os.Looper.loop(Looper.java:364)\n\tat android.app.ActivityThread.main(ActivityThread.java:8938)\n\tat java.lang.reflect.Method.invoke(Native Method)\n\tat com.android.internal.os.RuntimeInit$MethodAndArgsCaller.run(RuntimeInit.java:572)\n\tat com.android.internal.os.ZygoteInit.main(ZygoteInit.java:1053)\n",
    "is_privacy": false
},
{
    "type": "log",
    "source": "class",
    "method": "getInstance",
    "package_name": "com.fastsigninemail.securemail.bestemail",
    "class_name": "com.appsflyer.AppsFlyerLib",
    "timestamp": 1728460386687,
    "ref": "<class: com.appsflyer.AppsFlyerLib>",
    "arguments": "{}",
    "stack_trace": "java.lang.Exception\n\tat com.appsflyer.AppsFlyerLib.getInstance(Native Method)\n\tat com.core.adslib.sdk.AppsFlyerTracking.initAppsFlyer(SourceFile:46)\n\tat com.core.adslib.sdk.openbeta.BaseOpenApplication.initOnlyAppOpenAfterAppsflyer(SourceFile:1)\n\tat com.fastsigninemail.securemail.bestemail.common.BaseApplication.onCreate(SourceFile:32)\n\tat android.app.Instrumentation.callApplicationOnCreate(Instrumentation.java:1335)\n\tat android.app.ActivityThread.handleBindApplication(ActivityThread.java:7681)\n\tat android.app.ActivityThread.handleBindApplication(Native Method)\n\tat android.app.ActivityThread.-$$Nest$mhandleBindApplication(Unknown Source:0)\n\tat android.app.ActivityThread$H.handleMessage(ActivityThread.java:2452)\n\tat android.os.Handler.dispatchMessage(Handler.java:106)\n\tat android.os.Looper.loopOnce(Looper.java:255)\n\tat android.os.Looper.loop(Looper.java:364)\n\tat android.app.ActivityThread.main(ActivityThread.java:8938)\n\tat java.lang.reflect.Method.invoke(Native Method)\n\tat com.android.internal.os.RuntimeInit$MethodAndArgsCaller.run(RuntimeInit.java:572)\n\tat com.android.internal.os.ZygoteInit.main(ZygoteInit.java:1053)\n",
    "is_privacy": false
},
{
    "type": "log",
    "source": "class",
    "method": "getInstance",
    "package_name": "com.fastsigninemail.securemail.bestemail",
    "class_name": "com.appsflyer.AppsFlyerLib",
    "timestamp": 1728460386693,
    "ref": "<class: com.appsflyer.AppsFlyerLib>",
    "arguments": "{}",
    "stack_trace": "java.lang.Exception\n\tat com.appsflyer.AppsFlyerLib.getInstance(Native Method)\n\tat com.appsflyer.api.PurchaseClient$Builder.build(SourceFile:5)\n\tat com.core.adslib.sdk.AppsFlyerTracking.initAppsFlyer(SourceFile:88)\n\tat com.core.adslib.sdk.openbeta.BaseOpenApplication.initOnlyAppOpenAfterAppsflyer(SourceFile:1)\n\tat com.fastsigninemail.securemail.bestemail.common.BaseApplication.onCreate(SourceFile:32)\n\tat android.app.Instrumentation.callApplicationOnCreate(Instrumentation.java:1335)\n\tat android.app.ActivityThread.handleBindApplication(ActivityThread.java:7681)\n\tat android.app.ActivityThread.handleBindApplication(Native Method)\n\tat android.app.ActivityThread.-$$Nest$mhandleBindApplication(Unknown Source:0)\n\tat android.app.ActivityThread$H.handleMessage(ActivityThread.java:2452)\n\tat android.os.Handler.dispatchMessage(Handler.java:106)\n\tat android.os.Looper.loopOnce(Looper.java:255)\n\tat android.os.Looper.loop(Looper.java:364)\n\tat android.app.ActivityThread.main(ActivityThread.java:8938)\n\tat java.lang.reflect.Method.invoke(Native Method)\n\tat com.android.internal.os.RuntimeInit$MethodAndArgsCaller.run(RuntimeInit.java:572)\n\tat com.android.internal.os.ZygoteInit.main(ZygoteInit.java:1053)\n",
    "is_privacy": false
},
{
    "type": "log",
    "source": "class",
    "method": "getInstance",
    "package_name": "com.fastsigninemail.securemail.bestemail",
    "class_name": "com.google.firebase.analytics.FirebaseAnalytics",
    "timestamp": 1728460386724,
    "ref": "<class: com.google.firebase.analytics.FirebaseAnalytics>",
    "arguments": "{\"0\":\"<instance: android.content.Context, $className: com.fastsigninemail.securemail.bestemail.common.BaseApplication>\"}",
    "stack_trace": "java.lang.Exception\n\tat com.google.firebase.analytics.FirebaseAnalytics.getInstance(Native Method)\n\tat java.lang.reflect.Method.invoke(Native Method)\n\tat com.google.android.gms.measurement.internal.zzfq.zzah(SourceFile:71)\n\tat com.google.android.gms.measurement.internal.zzfq.zza(SourceFile:22)\n\tat com.google.android.gms.measurement.internal.zzkx.zzc(SourceFile:3)\n\tat com.google.android.gms.measurement.internal.zzkx.zzac(SourceFile:8)\n\tat com.google.android.gms.measurement.internal.zziv.zzam(SourceFile:63)\n\tat com.google.android.gms.measurement.internal.zzhj.zza(SourceFile:273)\n\tat com.google.android.gms.measurement.internal.zzhk.run(SourceFile:14)\n\tat java.util.concurrent.Executors$RunnableAdapter.call(Executors.java:487)\n\tat java.util.concurrent.FutureTask.run(FutureTask.java:290)\n\tat com.google.android.gms.measurement.internal.zzhg.run(SourceFile:49)\n",
    "is_privacy": false
},
{
    "type": "log",
    "source": "class",
    "method": "getFirebaseInstanceId",
    "package_name": "com.fastsigninemail.securemail.bestemail",
    "class_name": "com.google.firebase.analytics.FirebaseAnalytics",
    "timestamp": 1728460386728,
    "ref": "com.google.firebase.analytics.FirebaseAnalytics@5e46376",
    "arguments": "{}",
    "stack_trace": "java.lang.Exception\n\tat com.google.firebase.analytics.FirebaseAnalytics.getFirebaseInstanceId(Native Method)\n\tat java.lang.reflect.Method.invoke(Native Method)\n\tat com.google.android.gms.measurement.internal.zzfq.zzah(SourceFile:84)\n\tat com.google.android.gms.measurement.internal.zzfq.zza(SourceFile:22)\n\tat com.google.android.gms.measurement.internal.zzkx.zzc(SourceFile:3)\n\tat com.google.android.gms.measurement.internal.zzkx.zzac(SourceFile:8)\n\tat com.google.android.gms.measurement.internal.zziv.zzam(SourceFile:63)\n\tat com.google.android.gms.measurement.internal.zzhj.zza(SourceFile:273)\n\tat com.google.android.gms.measurement.internal.zzhk.run(SourceFile:14)\n\tat java.util.concurrent.Executors$RunnableAdapter.call(Executors.java:487)\n\tat java.util.concurrent.FutureTask.run(FutureTask.java:290)\n\tat com.google.android.gms.measurement.internal.zzhg.run(SourceFile:49)\n",
    "is_privacy": false
},
{
    "type": "log",
    "source": "class",
    "method": "getInstance",
    "package_name": "com.fastsigninemail.securemail.bestemail",
    "class_name": "com.google.firebase.analytics.FirebaseAnalytics",
    "timestamp": 1728460386798,
    "ref": "<class: com.google.firebase.analytics.FirebaseAnalytics>",
    "arguments": "{\"0\":\"<instance: android.content.Context, $className: com.fastsigninemail.securemail.bestemail.common.BaseApplication>\"}",
    "stack_trace": "java.lang.Exception\n\tat com.google.firebase.analytics.FirebaseAnalytics.getInstance(Native Method)\n\tat java.lang.reflect.Method.invoke(Native Method)\n\tat com.google.android.gms.measurement.internal.zzfq.zzah(SourceFile:71)\n\tat com.google.android.gms.measurement.internal.zzfq.zza(SourceFile:22)\n\tat com.google.android.gms.measurement.internal.zzkx.zzc(SourceFile:3)\n\tat com.google.android.gms.measurement.internal.zzkx.zza(SourceFile:112)\n\tat com.google.android.gms.measurement.internal.zziv.zza(SourceFile:488)\n\tat com.google.android.gms.measurement.internal.zzmp.zzb(SourceFile:76)\n\tat com.google.android.gms.measurement.internal.zzmp.zza(SourceFile:8)\n\tat com.google.android.gms.measurement.internal.zzhj.zza(SourceFile:274)\n\tat com.google.android.gms.measurement.internal.zzhk.run(SourceFile:14)\n\tat java.util.concurrent.Executors$RunnableAdapter.call(Executors.java:487)\n\tat java.util.concurrent.FutureTask.run(FutureTask.java:290)\n\tat com.google.android.gms.measurement.internal.zzhg.run(SourceFile:49)\n",
    "is_privacy": false
},
{
    "type": "log",
    "source": "class",
    "method": "getFirebaseInstanceId",
    "package_name": "com.fastsigninemail.securemail.bestemail",
    "class_name": "com.google.firebase.analytics.FirebaseAnalytics",
    "timestamp": 1728460386801,
    "ref": "com.google.firebase.analytics.FirebaseAnalytics@5e46376",
    "arguments": "{}",
    "stack_trace": "java.lang.Exception\n\tat com.google.firebase.analytics.FirebaseAnalytics.getFirebaseInstanceId(Native Method)\n\tat java.lang.reflect.Method.invoke(Native Method)\n\tat com.google.android.gms.measurement.internal.zzfq.zzah(SourceFile:84)\n\tat com.google.android.gms.measurement.internal.zzfq.zza(SourceFile:22)\n\tat com.google.android.gms.measurement.internal.zzkx.zzc(SourceFile:3)\n\tat com.google.android.gms.measurement.internal.zzkx.zza(SourceFile:112)\n\tat com.google.android.gms.measurement.internal.zziv.zza(SourceFile:488)\n\tat com.google.android.gms.measurement.internal.zzmp.zzb(SourceFile:76)\n\tat com.google.android.gms.measurement.internal.zzmp.zza(SourceFile:8)\n\tat com.google.android.gms.measurement.internal.zzhj.zza(SourceFile:274)\n\tat com.google.android.gms.measurement.internal.zzhk.run(SourceFile:14)\n\tat java.util.concurrent.Executors$RunnableAdapter.call(Executors.java:487)\n\tat java.util.concurrent.FutureTask.run(FutureTask.java:290)\n\tat com.google.android.gms.measurement.internal.zzhg.run(SourceFile:49)\n",
    "is_privacy": false
},
{
    "type": "log",
    "source": "class",
    "method": "getInstance",
    "package_name": "com.fastsigninemail.securemail.bestemail",
    "class_name": "com.google.firebase.analytics.FirebaseAnalytics",
    "timestamp": 1728460386828,
    "ref": "<class: com.google.firebase.analytics.FirebaseAnalytics>",
    "arguments": "{\"0\":\"<instance: android.content.Context, $className: com.fastsigninemail.securemail.bestemail.common.BaseApplication>\"}",
    "stack_trace": "java.lang.Exception\n\tat com.google.firebase.analytics.FirebaseAnalytics.getInstance(Native Method)\n\tat java.lang.reflect.Method.invoke(Native Method)\n\tat com.google.android.gms.measurement.internal.zzfq.zzah(SourceFile:71)\n\tat com.google.android.gms.measurement.internal.zzfq.zza(SourceFile:22)\n\tat com.google.android.gms.measurement.internal.zzkx.zzc(SourceFile:3)\n\tat com.google.android.gms.measurement.internal.zzkx.zza(SourceFile:46)\n\tat com.google.android.gms.measurement.internal.zziv.zza(SourceFile:316)\n\tat com.google.android.gms.measurement.internal.zziv.zza(SourceFile:185)\n\tat com.google.android.gms.measurement.internal.zzmp.zzb(SourceFile:122)\n\tat com.google.android.gms.measurement.internal.zzmp.zza(SourceFile:8)\n\tat com.google.android.gms.measurement.internal.zzhj.zza(SourceFile:274)\n\tat com.google.android.gms.measurement.internal.zzhk.run(SourceFile:14)\n\tat java.util.concurrent.Executors$RunnableAdapter.call(Executors.java:487)\n\tat java.util.concurrent.FutureTask.run(FutureTask.java:290)\n\tat com.google.android.gms.measurement.internal.zzhg.run(SourceFile:49)\n",
    "is_privacy": false
},
{
    "type": "log",
    "source": "class",
    "method": "getFirebaseInstanceId",
    "package_name": "com.fastsigninemail.securemail.bestemail",
    "class_name": "com.google.firebase.analytics.FirebaseAnalytics",
    "timestamp": 1728460386831,
    "ref": "com.google.firebase.analytics.FirebaseAnalytics@5e46376",
    "arguments": "{}",
    "stack_trace": "java.lang.Exception\n\tat com.google.firebase.analytics.FirebaseAnalytics.getFirebaseInstanceId(Native Method)\n\tat java.lang.reflect.Method.invoke(Native Method)\n\tat com.google.android.gms.measurement.internal.zzfq.zzah(SourceFile:84)\n\tat com.google.android.gms.measurement.internal.zzfq.zza(SourceFile:22)\n\tat com.google.android.gms.measurement.internal.zzkx.zzc(SourceFile:3)\n\tat com.google.android.gms.measurement.internal.zzkx.zza(SourceFile:46)\n\tat com.google.android.gms.measurement.internal.zziv.zza(SourceFile:316)\n\tat com.google.android.gms.measurement.internal.zziv.zza(SourceFile:185)\n\tat com.google.android.gms.measurement.internal.zzmp.zzb(SourceFile:122)\n\tat com.google.android.gms.measurement.internal.zzmp.zza(SourceFile:8)\n\tat com.google.android.gms.measurement.internal.zzhj.zza(SourceFile:274)\n\tat com.google.android.gms.measurement.internal.zzhk.run(SourceFile:14)\n\tat java.util.concurrent.Executors$RunnableAdapter.call(Executors.java:487)\n\tat java.util.concurrent.FutureTask.run(FutureTask.java:290)\n\tat com.google.android.gms.measurement.internal.zzhg.run(SourceFile:49)\n",
    "is_privacy": false
},
{
    "type": "log",
    "source": "class",
    "method": "getInstance",
    "package_name": "com.fastsigninemail.securemail.bestemail",
    "class_name": "com.google.firebase.analytics.FirebaseAnalytics",
    "timestamp": 1728460386841,
    "ref": "<class: com.google.firebase.analytics.FirebaseAnalytics>",
    "arguments": "{\"0\":\"<instance: android.content.Context, $className: com.fastsigninemail.securemail.bestemail.common.BaseApplication>\"}",
    "stack_trace": "java.lang.Exception\n\tat com.google.firebase.analytics.FirebaseAnalytics.getInstance(Native Method)\n\tat java.lang.reflect.Method.invoke(Native Method)\n\tat com.google.android.gms.measurement.internal.zzfq.zzah(SourceFile:71)\n\tat com.google.android.gms.measurement.internal.zzfq.zza(SourceFile:22)\n\tat com.google.android.gms.measurement.internal.zzkx.zzc(SourceFile:3)\n\tat com.google.android.gms.measurement.internal.zzkx.zza(SourceFile:16)\n\tat com.google.android.gms.measurement.internal.zzhj.zza(SourceFile:275)\n\tat com.google.android.gms.measurement.internal.zzhk.run(SourceFile:14)\n\tat java.util.concurrent.Executors$RunnableAdapter.call(Executors.java:487)\n\tat java.util.concurrent.FutureTask.run(FutureTask.java:290)\n\tat com.google.android.gms.measurement.internal.zzhg.run(SourceFile:49)\n",
    "is_privacy": false
},
{
    "type": "log",
    "source": "class",
    "method": "getFirebaseInstanceId",
    "package_name": "com.fastsigninemail.securemail.bestemail",
    "class_name": "com.google.firebase.analytics.FirebaseAnalytics",
    "timestamp": 1728460386843,
    "ref": "com.google.firebase.analytics.FirebaseAnalytics@5e46376",
    "arguments": "{}",
    "stack_trace": "java.lang.Exception\n\tat com.google.firebase.analytics.FirebaseAnalytics.getFirebaseInstanceId(Native Method)\n\tat java.lang.reflect.Method.invoke(Native Method)\n\tat com.google.android.gms.measurement.internal.zzfq.zzah(SourceFile:84)\n\tat com.google.android.gms.measurement.internal.zzfq.zza(SourceFile:22)\n\tat com.google.android.gms.measurement.internal.zzkx.zzc(SourceFile:3)\n\tat com.google.android.gms.measurement.internal.zzkx.zza(SourceFile:16)\n\tat com.google.android.gms.measurement.internal.zzhj.zza(SourceFile:275)\n\tat com.google.android.gms.measurement.internal.zzhk.run(SourceFile:14)\n\tat java.util.concurrent.Executors$RunnableAdapter.call(Executors.java:487)\n\tat java.util.concurrent.FutureTask.run(FutureTask.java:290)\n\tat com.google.android.gms.measurement.internal.zzhg.run(SourceFile:49)\n",
    "is_privacy": false
},
{
    "type": "log",
    "source": "class",
    "method": "getInstance",
    "package_name": "com.fastsigninemail.securemail.bestemail",
    "class_name": "com.google.firebase.analytics.FirebaseAnalytics",
    "timestamp": 1728460386851,
    "ref": "<class: com.google.firebase.analytics.FirebaseAnalytics>",
    "arguments": "{\"0\":\"<instance: android.content.Context, $className: com.fastsigninemail.securemail.bestemail.common.BaseApplication>\"}",
    "stack_trace": "java.lang.Exception\n\tat com.google.firebase.analytics.FirebaseAnalytics.getInstance(Native Method)\n\tat java.lang.reflect.Method.invoke(Native Method)\n\tat com.google.android.gms.measurement.internal.zzfq.zzah(SourceFile:71)\n\tat com.google.android.gms.measurement.internal.zzfq.zza(SourceFile:22)\n\tat com.google.android.gms.measurement.internal.zzkx.zzc(SourceFile:3)\n\tat com.google.android.gms.measurement.internal.zzkx.zza(SourceFile:102)\n\tat com.google.android.gms.measurement.internal.zzhj.zza(SourceFile:277)\n\tat com.google.android.gms.measurement.internal.zzhk.run(SourceFile:14)\n\tat java.util.concurrent.Executors$RunnableAdapter.call(Executors.java:487)\n\tat java.util.concurrent.FutureTask.run(FutureTask.java:290)\n\tat com.google.android.gms.measurement.internal.zzhg.run(SourceFile:49)\n",
    "is_privacy": false
},
{
    "type": "log",
    "source": "class",
    "method": "getFirebaseInstanceId",
    "package_name": "com.fastsigninemail.securemail.bestemail",
    "class_name": "com.google.firebase.analytics.FirebaseAnalytics",
    "timestamp": 1728460386853,
    "ref": "com.google.firebase.analytics.FirebaseAnalytics@5e46376",
    "arguments": "{}",
    "stack_trace": "java.lang.Exception\n\tat com.google.firebase.analytics.FirebaseAnalytics.getFirebaseInstanceId(Native Method)\n\tat java.lang.reflect.Method.invoke(Native Method)\n\tat com.google.android.gms.measurement.internal.zzfq.zzah(SourceFile:84)\n\tat com.google.android.gms.measurement.internal.zzfq.zza(SourceFile:22)\n\tat com.google.android.gms.measurement.internal.zzkx.zzc(SourceFile:3)\n\tat com.google.android.gms.measurement.internal.zzkx.zza(SourceFile:102)\n\tat com.google.android.gms.measurement.internal.zzhj.zza(SourceFile:277)\n\tat com.google.android.gms.measurement.internal.zzhk.run(SourceFile:14)\n\tat java.util.concurrent.Executors$RunnableAdapter.call(Executors.java:487)\n\tat java.util.concurrent.FutureTask.run(FutureTask.java:290)\n\tat com.google.android.gms.measurement.internal.zzhg.run(SourceFile:49)\n",
    "is_privacy": false
},
{
    "type": "log",
    "source": "class",
    "method": "getInstance",
    "package_name": "com.fastsigninemail.securemail.bestemail",
    "class_name": "com.google.firebase.analytics.FirebaseAnalytics",
    "timestamp": 1728460386874,
    "ref": "<class: com.google.firebase.analytics.FirebaseAnalytics>",
    "arguments": "{\"0\":\"<instance: android.content.Context, $className: com.fastsigninemail.securemail.bestemail.common.BaseApplication>\"}",
    "stack_trace": "java.lang.Exception\n\tat com.google.firebase.analytics.FirebaseAnalytics.getInstance(Native Method)\n\tat l8.a.a(SourceFile:27)\n\tat com.core.adslib.sdk.FirebaseTracking.logEventFirebase(SourceFile:8)\n\tat com.fastsigninemail.securemail.bestemail.ui.splash.SplashActivity.onCreate(SourceFile:44)\n\tat android.app.Activity.performCreate(Activity.java:8780)\n\tat android.app.Activity.performCreate(Activity.java:8752)\n\tat android.app.Instrumentation.callActivityOnCreate(Instrumentation.java:1475)\n\tat android.app.ActivityThread.performLaunchActivity(ActivityThread.java:4067)\n\tat android.app.ActivityThread.handleLaunchActivity(ActivityThread.java:4243)\n\tat android.app.servertransaction.LaunchActivityItem.execute(LaunchActivityItem.java:114)\n\tat android.app.servertransaction.TransactionExecutor.executeCallbacks(TransactionExecutor.java:144)\n\tat android.app.servertransaction.TransactionExecutor.execute(TransactionExecutor.java:101)\n\tat android.app.ActivityThread$H.handleMessage(ActivityThread.java:2705)\n\tat android.os.Handler.dispatchMessage(Handler.java:106)\n\tat android.os.Looper.loopOnce(Looper.java:255)\n\tat android.os.Looper.loop(Looper.java:364)\n\tat android.app.ActivityThread.main(ActivityThread.java:8938)\n\tat java.lang.reflect.Method.invoke(Native Method)\n\tat com.android.internal.os.RuntimeInit$MethodAndArgsCaller.run(RuntimeInit.java:572)\n\tat com.android.internal.os.ZygoteInit.main(ZygoteInit.java:1053)\n",
    "is_privacy": false
},
{
    "type": "log",
    "source": "class",
    "method": "a",
    "package_name": "com.fastsigninemail.securemail.bestemail",
    "class_name": "com.google.firebase.analytics.FirebaseAnalytics",
    "timestamp": 1728460386877,
    "ref": "com.google.firebase.analytics.FirebaseAnalytics@5e46376",
    "arguments": "{\"0\":\"scr_splash_open\",\"1\":\"<instance: android.os.Bundle>\"}",
    "stack_trace": "java.lang.Exception\n\tat com.google.firebase.analytics.FirebaseAnalytics.a(Native Method)\n\tat com.core.adslib.sdk.FirebaseTracking.logEventFirebase(SourceFile:17)\n\tat com.fastsigninemail.securemail.bestemail.ui.splash.SplashActivity.onCreate(SourceFile:44)\n\tat android.app.Activity.performCreate(Activity.java:8780)\n\tat android.app.Activity.performCreate(Activity.java:8752)\n\tat android.app.Instrumentation.callActivityOnCreate(Instrumentation.java:1475)\n\tat android.app.ActivityThread.performLaunchActivity(ActivityThread.java:4067)\n\tat android.app.ActivityThread.handleLaunchActivity(ActivityThread.java:4243)\n\tat android.app.servertransaction.LaunchActivityItem.execute(LaunchActivityItem.java:114)\n\tat android.app.servertransaction.TransactionExecutor.executeCallbacks(TransactionExecutor.java:144)\n\tat android.app.servertransaction.TransactionExecutor.execute(TransactionExecutor.java:101)\n\tat android.app.ActivityThread$H.handleMessage(ActivityThread.java:2705)\n\tat android.os.Handler.dispatchMessage(Handler.java:106)\n\tat android.os.Looper.loopOnce(Looper.java:255)\n\tat android.os.Looper.loop(Looper.java:364)\n\tat android.app.ActivityThread.main(ActivityThread.java:8938)\n\tat java.lang.reflect.Method.invoke(Native Method)\n\tat com.android.internal.os.RuntimeInit$MethodAndArgsCaller.run(RuntimeInit.java:572)\n\tat com.android.internal.os.ZygoteInit.main(ZygoteInit.java:1053)\n",
    "is_privacy": false
},
{
    "type": "log",
    "source": "class",
    "method": "getInstance",
    "package_name": "com.fastsigninemail.securemail.bestemail",
    "class_name": "com.google.firebase.analytics.FirebaseAnalytics",
    "timestamp": 1728460386897,
    "ref": "<class: com.google.firebase.analytics.FirebaseAnalytics>",
    "arguments": "{\"0\":\"<instance: android.content.Context, $className: com.fastsigninemail.securemail.bestemail.common.BaseApplication>\"}",
    "stack_trace": "java.lang.Exception\n\tat com.google.firebase.analytics.FirebaseAnalytics.getInstance(Native Method)\n\tat java.lang.reflect.Method.invoke(Native Method)\n\tat com.google.android.gms.measurement.internal.zzfq.zzah(SourceFile:71)\n\tat com.google.android.gms.measurement.internal.zzfq.zza(SourceFile:22)\n\tat com.google.android.gms.measurement.internal.zzkx.zzc(SourceFile:3)\n\tat com.google.android.gms.measurement.internal.zzkx.zza(SourceFile:46)\n\tat com.google.android.gms.measurement.internal.zziv.zza(SourceFile:316)\n\tat com.google.android.gms.measurement.internal.zzjn.run(SourceFile:19)\n\tat java.util.concurrent.Executors$RunnableAdapter.call(Executors.java:487)\n\tat java.util.concurrent.FutureTask.run(FutureTask.java:290)\n\tat com.google.android.gms.measurement.internal.zzhg.run(SourceFile:49)\n",
    "is_privacy": false
},
{
    "type": "log",
    "source": "class",
    "method": "getFirebaseInstanceId",
    "package_name": "com.fastsigninemail.securemail.bestemail",
    "class_name": "com.google.firebase.analytics.FirebaseAnalytics",
    "timestamp": 1728460386901,
    "ref": "com.google.firebase.analytics.FirebaseAnalytics@5e46376",
    "arguments": "{}",
    "stack_trace": "java.lang.Exception\n\tat com.google.firebase.analytics.FirebaseAnalytics.getFirebaseInstanceId(Native Method)\n\tat java.lang.reflect.Method.invoke(Native Method)\n\tat com.google.android.gms.measurement.internal.zzfq.zzah(SourceFile:84)\n\tat com.google.android.gms.measurement.internal.zzfq.zza(SourceFile:22)\n\tat com.google.android.gms.measurement.internal.zzkx.zzc(SourceFile:3)\n\tat com.google.android.gms.measurement.internal.zzkx.zza(SourceFile:46)\n\tat com.google.android.gms.measurement.internal.zziv.zza(SourceFile:316)\n\tat com.google.android.gms.measurement.internal.zzjn.run(SourceFile:19)\n\tat java.util.concurrent.Executors$RunnableAdapter.call(Executors.java:487)\n\tat java.util.concurrent.FutureTask.run(FutureTask.java:290)\n\tat com.google.android.gms.measurement.internal.zzhg.run(SourceFile:49)\n",
    "is_privacy": false
},
{
    "type": "log",
    "source": "class",
    "method": "getInstance",
    "package_name": "com.fastsigninemail.securemail.bestemail",
    "class_name": "com.applovin.sdk.AppLovinSdk",
    "timestamp": 1728460386992,
    "ref": "<class: com.applovin.sdk.AppLovinSdk>",
    "arguments": "{\"0\":\"<instance: android.content.Context, $className: com.fastsigninemail.securemail.bestemail.common.BaseApplication>\"}",
    "stack_trace": "java.lang.Exception\n\tat com.applovin.sdk.AppLovinSdk.getInstance(Native Method)\n\tat com.core.adslib.sdk.openbeta.BaseOpenApplication.initApplovin(SourceFile:1)\n\tat com.fastsigninemail.securemail.bestemail.ui.splash.SplashBaseActivity.U(SourceFile:22)\n\tat com.fastsigninemail.securemail.bestemail.ui.splash.SplashBaseActivity.S(SourceFile:91)\n\tat com.fastsigninemail.securemail.bestemail.ui.splash.SplashActivity.onCreate(SourceFile:57)\n\tat android.app.Activity.performCreate(Activity.java:8780)\n\tat android.app.Activity.performCreate(Activity.java:8752)\n\tat android.app.Instrumentation.callActivityOnCreate(Instrumentation.java:1475)\n\tat android.app.ActivityThread.performLaunchActivity(ActivityThread.java:4067)\n\tat android.app.ActivityThread.handleLaunchActivity(ActivityThread.java:4243)\n\tat android.app.servertransaction.LaunchActivityItem.execute(LaunchActivityItem.java:114)\n\tat android.app.servertransaction.TransactionExecutor.executeCallbacks(TransactionExecutor.java:144)\n\tat android.app.servertransaction.TransactionExecutor.execute(TransactionExecutor.java:101)\n\tat android.app.ActivityThread$H.handleMessage(ActivityThread.java:2705)\n\tat android.os.Handler.dispatchMessage(Handler.java:106)\n\tat android.os.Looper.loopOnce(Looper.java:255)\n\tat android.os.Looper.loop(Looper.java:364)\n\tat android.app.ActivityThread.main(ActivityThread.java:8938)\n\tat java.lang.reflect.Method.invoke(Native Method)\n\tat com.android.internal.os.RuntimeInit$MethodAndArgsCaller.run(RuntimeInit.java:572)\n\tat com.android.internal.os.ZygoteInit.main(ZygoteInit.java:1053)\n",
    "is_privacy": false
},
{
    "type": "log",
    "source": "class",
    "method": "getInstance",
    "package_name": "com.fastsigninemail.securemail.bestemail",
    "class_name": "com.applovin.sdk.AppLovinSdk",
    "timestamp": 1728460386999,
    "ref": "<class: com.applovin.sdk.AppLovinSdk>",
    "arguments": "{\"0\":\"<instance: com.applovin.sdk.AppLovinSdkSettings, $className: com.applovin.sdk.AppLovinSdk$a>\",\"1\":\"<instance: android.content.Context, $className: com.fastsigninemail.securemail.bestemail.common.BaseApplication>\"}",
    "stack_trace": "java.lang.Exception\n\tat com.applovin.sdk.AppLovinSdk.getInstance(Native Method)\n\tat com.applovin.sdk.AppLovinSdk.getInstance(SourceFile:1)\n\tat com.applovin.sdk.AppLovinSdk.getInstance(Native Method)\n\tat com.core.adslib.sdk.openbeta.BaseOpenApplication.initApplovin(SourceFile:1)\n\tat com.fastsigninemail.securemail.bestemail.ui.splash.SplashBaseActivity.U(SourceFile:22)\n\tat com.fastsigninemail.securemail.bestemail.ui.splash.SplashBaseActivity.S(SourceFile:91)\n\tat com.fastsigninemail.securemail.bestemail.ui.splash.SplashActivity.onCreate(SourceFile:57)\n\tat android.app.Activity.performCreate(Activity.java:8780)\n\tat android.app.Activity.performCreate(Activity.java:8752)\n\tat android.app.Instrumentation.callActivityOnCreate(Instrumentation.java:1475)\n\tat android.app.ActivityThread.performLaunchActivity(ActivityThread.java:4067)\n\tat android.app.ActivityThread.handleLaunchActivity(ActivityThread.java:4243)\n\tat android.app.servertransaction.LaunchActivityItem.execute(LaunchActivityItem.java:114)\n\tat android.app.servertransaction.TransactionExecutor.executeCallbacks(TransactionExecutor.java:144)\n\tat android.app.servertransaction.TransactionExecutor.execute(TransactionExecutor.java:101)\n\tat android.app.ActivityThread$H.handleMessage(ActivityThread.java:2705)\n\tat android.os.Handler.dispatchMessage(Handler.java:106)\n\tat android.os.Looper.loopOnce(Looper.java:255)\n\tat android.os.Looper.loop(Looper.java:364)\n\tat android.app.ActivityThread.main(ActivityThread.java:8938)\n\tat java.lang.reflect.Method.invoke(Native Method)\n\tat com.android.internal.os.RuntimeInit$MethodAndArgsCaller.run(RuntimeInit.java:572)\n\tat com.android.internal.os.ZygoteInit.main(ZygoteInit.java:1053)\n",
    "is_privacy": false
},
{
    "type": "log",
    "source": "class",
    "method": "getInstance",
    "package_name": "com.fastsigninemail.securemail.bestemail",
    "class_name": "com.applovin.sdk.AppLovinSdk",
    "timestamp": 1728460387003,
    "ref": "<class: com.applovin.sdk.AppLovinSdk>",
    "arguments": "{\"0\":\"rorL-hZOQrQPuZ1_Xra-WlTwNoyr5pqakI0ycyoD0yDbzKSibORSwZu4eKeXdoc6q0U-mdRfxoNmP__iUKQgSu\",\"1\":\"<instance: com.applovin.sdk.AppLovinSdkSettings, $className: com.applovin.sdk.AppLovinSdk$a>\",\"2\":\"<instance: android.content.Context, $className: com.fastsigninemail.securemail.bestemail.common.BaseApplication>\"}",
    "stack_trace": "java.lang.Exception\n\tat com.applovin.sdk.AppLovinSdk.getInstance(Native Method)\n\tat com.applovin.sdk.AppLovinSdk.getInstance(SourceFile:3)\n\tat com.applovin.sdk.AppLovinSdk.getInstance(Native Method)\n\tat com.applovin.sdk.AppLovinSdk.getInstance(SourceFile:1)\n\tat com.applovin.sdk.AppLovinSdk.getInstance(Native Method)\n\tat com.core.adslib.sdk.openbeta.BaseOpenApplication.initApplovin(SourceFile:1)\n\tat com.fastsigninemail.securemail.bestemail.ui.splash.SplashBaseActivity.U(SourceFile:22)\n\tat com.fastsigninemail.securemail.bestemail.ui.splash.SplashBaseActivity.S(SourceFile:91)\n\tat com.fastsigninemail.securemail.bestemail.ui.splash.SplashActivity.onCreate(SourceFile:57)\n\tat android.app.Activity.performCreate(Activity.java:8780)\n\tat android.app.Activity.performCreate(Activity.java:8752)\n\tat android.app.Instrumentation.callActivityOnCreate(Instrumentation.java:1475)\n\tat android.app.ActivityThread.performLaunchActivity(ActivityThread.java:4067)\n\tat android.app.ActivityThread.handleLaunchActivity(ActivityThread.java:4243)\n\tat android.app.servertransaction.LaunchActivityItem.execute(LaunchActivityItem.java:114)\n\tat android.app.servertransaction.TransactionExecutor.executeCallbacks(TransactionExecutor.java:144)\n\tat android.app.servertransaction.TransactionExecutor.execute(TransactionExecutor.java:101)\n\tat android.app.ActivityThread$H.handleMessage(ActivityThread.java:2705)\n\tat android.os.Handler.dispatchMessage(Handler.java:106)\n\tat android.os.Looper.loopOnce(Looper.java:255)\n\tat android.os.Looper.loop(Looper.java:364)\n\tat android.app.ActivityThread.main(ActivityThread.java:8938)\n\tat java.lang.reflect.Method.invoke(Native Method)\n\tat com.android.internal.os.RuntimeInit$MethodAndArgsCaller.run(RuntimeInit.java:572)\n\tat com.android.internal.os.ZygoteInit.main(ZygoteInit.java:1053)\n",
    "is_privacy": false
},
