{
    "type": "log",
    "source": "class",
    "method": "getLogLevel",
    "package_name": "free.xnxx.hot.video.downloader",
    "class_name": "com.appodeal.ads.Appodeal",
    "timestamp": 1728462375605,
    "ref": "<class: com.appodeal.ads.Appodeal>",
    "arguments": "{}",
    "stack_trace": "java.lang.Exception\n\tat com.appodeal.ads.Appodeal.getLogLevel(Native Method)\n\tat com.appodeal.ads.utils.Log.log(Unknown Source:0)\n\tat com.appodeal.ads.utils.Log.log(Unknown Source:2)\n\tat com.appodeal.ads.ApdServiceRegistry.registerService(Unknown Source:17)\n\tat com.appodeal.ads.ApdServiceRegistry.register(Unknown Source:4)\n\tat com.appodeal.ads.services.crash_hunter.ApdCrashHunterContentProvider.onCreate(SourceFile:1)\n\tat android.content.ContentProvider.attachInfo(ContentProvider.java:2650)\n\tat android.content.ContentProvider.attachInfo(ContentProvider.java:2620)\n\tat android.app.ActivityThread.installProvider(ActivityThread.java:8465)\n\tat android.app.ActivityThread.installContentProviders(ActivityThread.java:7976)\n\tat android.app.ActivityThread.handleBindApplication(ActivityThread.java:7663)\n\tat android.app.ActivityThread.handleBindApplication(Native Method)\n\tat android.app.ActivityThread.-$$Nest$mhandleBindApplication(Unknown Source:0)\n\tat android.app.ActivityThread$H.handleMessage(ActivityThread.java:2452)\n\tat android.os.Handler.dispatchMessage(Handler.java:106)\n\tat android.os.Looper.loopOnce(Looper.java:255)\n\tat android.os.Looper.loop(Looper.java:364)\n\tat android.app.ActivityThread.main(ActivityThread.java:8938)\n\tat java.lang.reflect.Method.invoke(Native Method)\n\tat com.android.internal.os.RuntimeInit$MethodAndArgsCaller.run(RuntimeInit.java:572)\n\tat com.android.internal.os.ZygoteInit.main(ZygoteInit.java:1053)\n",
    "is_privacy": false
},
{
    "type": "log",
    "source": "class",
    "method": "getLogLevel",
    "package_name": "free.xnxx.hot.video.downloader",
    "class_name": "com.appodeal.ads.Appodeal",
    "timestamp": 1728462375613,
    "ref": "<class: com.appodeal.ads.Appodeal>",
    "arguments": "{}",
    "stack_trace": "java.lang.Exception\n\tat com.appodeal.ads.Appodeal.getLogLevel(Native Method)\n\tat com.appodeal.ads.utils.Log.log(Unknown Source:0)\n\tat com.appodeal.ads.utils.Log.log(Unknown Source:2)\n\tat com.appodeal.ads.ApdServiceRegistry.registerService(Unknown Source:17)\n\tat com.appodeal.ads.ApdServiceRegistry.register(Unknown Source:4)\n\tat com.appodeal.ads.adapters.bidmachine.ApdBidMachineContentProvider.onCreate(SourceFile:1)\n\tat android.content.ContentProvider.attachInfo(ContentProvider.java:2650)\n\tat android.content.ContentProvider.attachInfo(ContentProvider.java:2620)\n\tat android.app.ActivityThread.installProvider(ActivityThread.java:8465)\n\tat android.app.ActivityThread.installContentProviders(ActivityThread.java:7976)\n\tat android.app.ActivityThread.handleBindApplication(ActivityThread.java:7663)\n\tat android.app.ActivityThread.handleBindApplication(Native Method)\n\tat android.app.ActivityThread.-$$Nest$mhandleBindApplication(Unknown Source:0)\n\tat android.app.ActivityThread$H.handleMessage(ActivityThread.java:2452)\n\tat android.os.Handler.dispatchMessage(Handler.java:106)\n\tat android.os.Looper.loopOnce(Looper.java:255)\n\tat android.os.Looper.loop(Looper.java:364)\n\tat android.app.ActivityThread.main(ActivityThread.java:8938)\n\tat java.lang.reflect.Method.invoke(Native Method)\n\tat com.android.internal.os.RuntimeInit$MethodAndArgsCaller.run(RuntimeInit.java:572)\n\tat com.android.internal.os.ZygoteInit.main(ZygoteInit.java:1053)\n",
    "is_privacy": false
},
{
    "type": "log",
    "source": "class",
    "method": "getLogLevel",
    "package_name": "free.xnxx.hot.video.downloader",
    "class_name": "com.appodeal.ads.Appodeal",
    "timestamp": 1728462375655,
    "ref": "<class: com.appodeal.ads.Appodeal>",
    "arguments": "{}",
    "stack_trace": "java.lang.Exception\n\tat com.appodeal.ads.Appodeal.getLogLevel(Native Method)\n\tat com.appodeal.ads.utils.Log.log(Unknown Source:0)\n\tat com.appodeal.ads.utils.Log.log(Unknown Source:2)\n\tat com.appodeal.ads.ApdServiceRegistry.registerService(Unknown Source:17)\n\tat com.appodeal.ads.ApdServiceRegistry.register(Unknown Source:4)\n\tat com.appodeal.ads.services.event_service.ApdEventContentProvider.onCreate(SourceFile:1)\n\tat android.content.ContentProvider.attachInfo(ContentProvider.java:2650)\n\tat android.content.ContentProvider.attachInfo(ContentProvider.java:2620)\n\tat android.app.ActivityThread.installProvider(ActivityThread.java:8465)\n\tat android.app.ActivityThread.installContentProviders(ActivityThread.java:7976)\n\tat android.app.ActivityThread.handleBindApplication(ActivityThread.java:7663)\n\tat android.app.ActivityThread.handleBindApplication(Native Method)\n\tat android.app.ActivityThread.-$$Nest$mhandleBindApplication(Unknown Source:0)\n\tat android.app.ActivityThread$H.handleMessage(ActivityThread.java:2452)\n\tat android.os.Handler.dispatchMessage(Handler.java:106)\n\tat android.os.Looper.loopOnce(Looper.java:255)\n\tat android.os.Looper.loop(Looper.java:364)\n\tat android.app.ActivityThread.main(ActivityThread.java:8938)\n\tat java.lang.reflect.Method.invoke(Native Method)\n\tat com.android.internal.os.RuntimeInit$MethodAndArgsCaller.run(RuntimeInit.java:572)\n\tat com.android.internal.os.ZygoteInit.main(ZygoteInit.java:1053)\n",
    "is_privacy": false
},
{
    "type": "log",
    "source": "class",
    "method": "getInstance",
    "package_name": "free.xnxx.hot.video.downloader",
    "class_name": "com.google.firebase.analytics.FirebaseAnalytics",
    "timestamp": 1728462375669,
    "ref": "<class: com.google.firebase.analytics.FirebaseAnalytics>",
    "arguments": "{\"0\":\"<instance: android.content.Context, $className: com.MainApp>\"}",
    "stack_trace": "java.lang.Exception\n\tat com.google.firebase.analytics.FirebaseAnalytics.getInstance(Native Method)\n\tat jPY2BXlLIbG.xOWS8SnnFr.onCreate(SourceFile:3)\n\tat com.MainApp.onCreate(SourceFile:1)\n\tat android.app.Instrumentation.callApplicationOnCreate(Instrumentation.java:1335)\n\tat android.app.ActivityThread.handleBindApplication(ActivityThread.java:7681)\n\tat android.app.ActivityThread.handleBindApplication(Native Method)\n\tat android.app.ActivityThread.-$$Nest$mhandleBindApplication(Unknown Source:0)\n\tat android.app.ActivityThread$H.handleMessage(ActivityThread.java:2452)\n\tat android.os.Handler.dispatchMessage(Handler.java:106)\n\tat android.os.Looper.loopOnce(Looper.java:255)\n\tat android.os.Looper.loop(Looper.java:364)\n\tat android.app.ActivityThread.main(ActivityThread.java:8938)\n\tat java.lang.reflect.Method.invoke(Native Method)\n\tat com.android.internal.os.RuntimeInit$MethodAndArgsCaller.run(RuntimeInit.java:572)\n\tat com.android.internal.os.ZygoteInit.main(ZygoteInit.java:1053)\n",
    "is_privacy": false
},
{
    "type": "log",
    "source": "class",
    "method": "getInstance",
    "package_name": "free.xnxx.hot.video.downloader",
    "class_name": "com.google.firebase.analytics.FirebaseAnalytics",
    "timestamp": 1728462375957,
    "ref": "<class: com.google.firebase.analytics.FirebaseAnalytics>",
    "arguments": "{\"0\":\"<instance: android.content.Context, $className: com.MainApp>\"}",
    "stack_trace": "java.lang.Exception\n\tat com.google.firebase.analytics.FirebaseAnalytics.getInstance(Native Method)\n\tat java.lang.reflect.Method.invoke(Native Method)\n\tat m.oh.f(:com.google.android.gms.dynamite_measurementdynamite@240714038@24.07.14 (190400-0):63)\n\tat m.mu.s(:com.google.android.gms.dynamite_measurementdynamite@240714038@24.07.14 (190400-0):82)\n\tat m.kx.run(:com.google.android.gms.dynamite_measurementdynamite@240714038@24.07.14 (190400-0):1955)\n\tat java.util.concurrent.Executors$RunnableAdapter.call(Executors.java:487)\n\tat java.util.concurrent.FutureTask.run(FutureTask.java:290)\n\tat m.kt.run(:com.google.android.gms.dynamite_measurementdynamite@240714038@24.07.14 (190400-0):48)\n",
    "is_privacy": false
},
{
    "type": "log",
    "source": "class",
    "method": "getFirebaseInstanceId",
    "package_name": "free.xnxx.hot.video.downloader",
    "class_name": "com.google.firebase.analytics.FirebaseAnalytics",
    "timestamp": 1728462375968,
    "ref": "com.google.firebase.analytics.FirebaseAnalytics@c420ea4",
    "arguments": "{}",
    "stack_trace": "java.lang.Exception\n\tat com.google.firebase.analytics.FirebaseAnalytics.getFirebaseInstanceId(Native Method)\n\tat java.lang.reflect.Method.invoke(Native Method)\n\tat m.oh.f(:com.google.android.gms.dynamite_measurementdynamite@240714038@24.07.14 (190400-0):65)\n\tat m.mu.s(:com.google.android.gms.dynamite_measurementdynamite@240714038@24.07.14 (190400-0):82)\n\tat m.kx.run(:com.google.android.gms.dynamite_measurementdynamite@240714038@24.07.14 (190400-0):1955)\n\tat java.util.concurrent.Executors$RunnableAdapter.call(Executors.java:487)\n\tat java.util.concurrent.FutureTask.run(FutureTask.java:290)\n\tat m.kt.run(:com.google.android.gms.dynamite_measurementdynamite@240714038@24.07.14 (190400-0):48)\n",
    "is_privacy": false
},
{
    "type": "log",
    "source": "class",
    "method": "getInstance",
    "package_name": "free.xnxx.hot.video.downloader",
    "class_name": "com.google.firebase.analytics.FirebaseAnalytics",
    "timestamp": 1728462376074,
    "ref": "<class: com.google.firebase.analytics.FirebaseAnalytics>",
    "arguments": "{\"0\":\"<instance: android.content.Context, $className: com.MainApp>\"}",
    "stack_trace": "java.lang.Exception\n\tat com.google.firebase.analytics.FirebaseAnalytics.getInstance(Native Method)\n\tat java.lang.reflect.Method.invoke(Native Method)\n\tat m.oh.f(:com.google.android.gms.dynamite_measurementdynamite@240714038@24.07.14 (190400-0):63)\n\tat m.mu.W(:com.google.android.gms.dynamite_measurementdynamite@240714038@24.07.14 (190400-0):206)\n\tat m.op.a(:com.google.android.gms.dynamite_measurementdynamite@240714038@24.07.14 (190400-0):70)\n\tat m.kx.run(:com.google.android.gms.dynamite_measurementdynamite@240714038@24.07.14 (190400-0):2031)\n\tat java.util.concurrent.Executors$RunnableAdapter.call(Executors.java:487)\n\tat java.util.concurrent.FutureTask.run(FutureTask.java:290)\n\tat m.kt.run(:com.google.android.gms.dynamite_measurementdynamite@240714038@24.07.14 (190400-0):48)\n",
    "is_privacy": false
},
{
    "type": "log",
    "source": "class",
    "method": "getFirebaseInstanceId",
    "package_name": "free.xnxx.hot.video.downloader",
    "class_name": "com.google.firebase.analytics.FirebaseAnalytics",
    "timestamp": 1728462376076,
    "ref": "com.google.firebase.analytics.FirebaseAnalytics@c420ea4",
    "arguments": "{}",
    "stack_trace": "java.lang.Exception\n\tat com.google.firebase.analytics.FirebaseAnalytics.getFirebaseInstanceId(Native Method)\n\tat java.lang.reflect.Method.invoke(Native Method)\n\tat m.oh.f(:com.google.android.gms.dynamite_measurementdynamite@240714038@24.07.14 (190400-0):65)\n\tat m.mu.W(:com.google.android.gms.dynamite_measurementdynamite@240714038@24.07.14 (190400-0):206)\n\tat m.op.a(:com.google.android.gms.dynamite_measurementdynamite@240714038@24.07.14 (190400-0):70)\n\tat m.kx.run(:com.google.android.gms.dynamite_measurementdynamite@240714038@24.07.14 (190400-0):2031)\n\tat java.util.concurrent.Executors$RunnableAdapter.call(Executors.java:487)\n\tat java.util.concurrent.FutureTask.run(FutureTask.java:290)\n\tat m.kt.run(:com.google.android.gms.dynamite_measurementdynamite@240714038@24.07.14 (190400-0):48)\n",
    "is_privacy": false
},
{
    "type": "log",
    "source": "class",
    "method": "getInstance",
    "package_name": "free.xnxx.hot.video.downloader",
    "class_name": "com.google.firebase.analytics.FirebaseAnalytics",
    "timestamp": 1728462376112,
    "ref": "<class: com.google.firebase.analytics.FirebaseAnalytics>",
    "arguments": "{\"0\":\"<instance: android.content.Context, $className: com.MainApp>\"}",
    "stack_trace": "java.lang.Exception\n\tat com.google.firebase.analytics.FirebaseAnalytics.getInstance(Native Method)\n\tat java.lang.reflect.Method.invoke(Native Method)\n\tat m.oh.f(:com.google.android.gms.dynamite_measurementdynamite@240714038@24.07.14 (190400-0):63)\n\tat m.mu.aa(:com.google.android.gms.dynamite_measurementdynamite@240714038@24.07.14 (190400-0):165)\n\tat m.mu.G(:com.google.android.gms.dynamite_measurementdynamite@240714038@24.07.14 (190400-0):32)\n\tat m.op.a(:com.google.android.gms.dynamite_measurementdynamite@240714038@24.07.14 (190400-0):125)\n\tat m.kx.run(:com.google.android.gms.dynamite_measurementdynamite@240714038@24.07.14 (190400-0):2031)\n\tat java.util.concurrent.Executors$RunnableAdapter.call(Executors.java:487)\n\tat java.util.concurrent.FutureTask.run(FutureTask.java:290)\n\tat m.kt.run(:com.google.android.gms.dynamite_measurementdynamite@240714038@24.07.14 (190400-0):48)\n",
    "is_privacy": false
},
{
    "type": "log",
    "source": "class",
    "method": "getFirebaseInstanceId",
    "package_name": "free.xnxx.hot.video.downloader",
    "class_name": "com.google.firebase.analytics.FirebaseAnalytics",
    "timestamp": 1728462376114,
    "ref": "com.google.firebase.analytics.FirebaseAnalytics@c420ea4",
    "arguments": "{}",
    "stack_trace": "java.lang.Exception\n\tat com.google.firebase.analytics.FirebaseAnalytics.getFirebaseInstanceId(Native Method)\n\tat java.lang.reflect.Method.invoke(Native Method)\n\tat m.oh.f(:com.google.android.gms.dynamite_measurementdynamite@240714038@24.07.14 (190400-0):65)\n\tat m.mu.aa(:com.google.android.gms.dynamite_measurementdynamite@240714038@24.07.14 (190400-0):165)\n\tat m.mu.G(:com.google.android.gms.dynamite_measurementdynamite@240714038@24.07.14 (190400-0):32)\n\tat m.op.a(:com.google.android.gms.dynamite_measurementdynamite@240714038@24.07.14 (190400-0):125)\n\tat m.kx.run(:com.google.android.gms.dynamite_measurementdynamite@240714038@24.07.14 (190400-0):2031)\n\tat java.util.concurrent.Executors$RunnableAdapter.call(Executors.java:487)\n\tat java.util.concurrent.FutureTask.run(FutureTask.java:290)\n\tat m.kt.run(:com.google.android.gms.dynamite_measurementdynamite@240714038@24.07.14 (190400-0):48)\n",
    "is_privacy": false
},
{
    "type": "log",
    "source": "class",
    "method": "getInstance",
    "package_name": "free.xnxx.hot.video.downloader",
    "class_name": "com.google.firebase.analytics.FirebaseAnalytics",
    "timestamp": 1728462376127,
    "ref": "<class: com.google.firebase.analytics.FirebaseAnalytics>",
    "arguments": "{\"0\":\"<instance: android.content.Context, $className: com.MainApp>\"}",
    "stack_trace": "java.lang.Exception\n\tat com.google.firebase.analytics.FirebaseAnalytics.getInstance(Native Method)\n\tat java.lang.reflect.Method.invoke(Native Method)\n\tat m.oh.f(:com.google.android.gms.dynamite_measurementdynamite@240714038@24.07.14 (190400-0):63)\n\tat m.oh.s(:com.google.android.gms.dynamite_measurementdynamite@240714038@24.07.14 (190400-0):8)\n\tat m.kx.run(:com.google.android.gms.dynamite_measurementdynamite@240714038@24.07.14 (190400-0):2043)\n\tat java.util.concurrent.Executors$RunnableAdapter.call(Executors.java:487)\n\tat java.util.concurrent.FutureTask.run(FutureTask.java:290)\n\tat m.kt.run(:com.google.android.gms.dynamite_measurementdynamite@240714038@24.07.14 (190400-0):48)\n",
    "is_privacy": false
},
{
    "type": "log",
    "source": "class",
    "method": "getFirebaseInstanceId",
    "package_name": "free.xnxx.hot.video.downloader",
    "class_name": "com.google.firebase.analytics.FirebaseAnalytics",
    "timestamp": 1728462376128,
    "ref": "com.google.firebase.analytics.FirebaseAnalytics@c420ea4",
    "arguments": "{}",
    "stack_trace": "java.lang.Exception\n\tat com.google.firebase.analytics.FirebaseAnalytics.getFirebaseInstanceId(Native Method)\n\tat java.lang.reflect.Method.invoke(Native Method)\n\tat m.oh.f(:com.google.android.gms.dynamite_measurementdynamite@240714038@24.07.14 (190400-0):65)\n\tat m.oh.s(:com.google.android.gms.dynamite_measurementdynamite@240714038@24.07.14 (190400-0):8)\n\tat m.kx.run(:com.google.android.gms.dynamite_measurementdynamite@240714038@24.07.14 (190400-0):2043)\n\tat java.util.concurrent.Executors$RunnableAdapter.call(Executors.java:487)\n\tat java.util.concurrent.FutureTask.run(FutureTask.java:290)\n\tat m.kt.run(:com.google.android.gms.dynamite_measurementdynamite@240714038@24.07.14 (190400-0):48)\n",
    "is_privacy": false
},
{
    "type": "log",
    "source": "class",
    "method": "getInstance",
    "package_name": "free.xnxx.hot.video.downloader",
    "class_name": "com.google.firebase.analytics.FirebaseAnalytics",
    "timestamp": 1728462376138,
    "ref": "<class: com.google.firebase.analytics.FirebaseAnalytics>",
    "arguments": "{\"0\":\"<instance: android.content.Context, $className: com.MainApp>\"}",
    "stack_trace": "java.lang.Exception\n\tat com.google.firebase.analytics.FirebaseAnalytics.getInstance(Native Method)\n\tat java.lang.reflect.Method.invoke(Native Method)\n\tat m.oh.f(:com.google.android.gms.dynamite_measurementdynamite@240714038@24.07.14 (190400-0):63)\n\tat m.oh.G(:com.google.android.gms.dynamite_measurementdynamite@240714038@24.07.14 (190400-0):8)\n\tat m.kx.run(:com.google.android.gms.dynamite_measurementdynamite@240714038@24.07.14 (190400-0):2060)\n\tat java.util.concurrent.Executors$RunnableAdapter.call(Executors.java:487)\n\tat java.util.concurrent.FutureTask.run(FutureTask.java:290)\n\tat m.kt.run(:com.google.android.gms.dynamite_measurementdynamite@240714038@24.07.14 (190400-0):48)\n",
    "is_privacy": false
},
{
    "type": "log",
    "source": "class",
    "method": "getFirebaseInstanceId",
    "package_name": "free.xnxx.hot.video.downloader",
    "class_name": "com.google.firebase.analytics.FirebaseAnalytics",
    "timestamp": 1728462376139,
    "ref": "com.google.firebase.analytics.FirebaseAnalytics@c420ea4",
    "arguments": "{}",
    "stack_trace": "java.lang.Exception\n\tat com.google.firebase.analytics.FirebaseAnalytics.getFirebaseInstanceId(Native Method)\n\tat java.lang.reflect.Method.invoke(Native Method)\n\tat m.oh.f(:com.google.android.gms.dynamite_measurementdynamite@240714038@24.07.14 (190400-0):65)\n\tat m.oh.G(:com.google.android.gms.dynamite_measurementdynamite@240714038@24.07.14 (190400-0):8)\n\tat m.kx.run(:com.google.android.gms.dynamite_measurementdynamite@240714038@24.07.14 (190400-0):2060)\n\tat java.util.concurrent.Executors$RunnableAdapter.call(Executors.java:487)\n\tat java.util.concurrent.FutureTask.run(FutureTask.java:290)\n\tat m.kt.run(:com.google.android.gms.dynamite_measurementdynamite@240714038@24.07.14 (190400-0):48)\n",
    "is_privacy": false
},
{
    "type": "log",
    "source": "class",
    "method": "getInstance",
    "package_name": "free.xnxx.hot.video.downloader",
    "class_name": "com.google.firebase.analytics.FirebaseAnalytics",
    "timestamp": 1728462376170,
    "ref": "<class: com.google.firebase.analytics.FirebaseAnalytics>",
    "arguments": "{\"0\":\"<instance: android.content.Context, $className: com.MainApp>\"}",
    "stack_trace": "java.lang.Exception\n\tat com.google.firebase.analytics.FirebaseAnalytics.getInstance(Native Method)\n\tat java.lang.reflect.Method.invoke(Native Method)\n\tat m.oh.f(:com.google.android.gms.dynamite_measurementdynamite@240714038@24.07.14 (190400-0):63)\n\tat m.mu.aa(:com.google.android.gms.dynamite_measurementdynamite@240714038@24.07.14 (190400-0):165)\n\tat m.mu.G(:com.google.android.gms.dynamite_measurementdynamite@240714038@24.07.14 (190400-0):32)\n\tat m.nh.A(:com.google.android.gms.dynamite_measurementdynamite@240714038@24.07.14 (190400-0):188)\n\tat m.nc.run(:com.google.android.gms.dynamite_measurementdynamite@240714038@24.07.14 (190400-0):12)\n\tat java.util.concurrent.Executors$RunnableAdapter.call(Executors.java:487)\n\tat java.util.concurrent.FutureTask.run(FutureTask.java:290)\n\tat m.kt.run(:com.google.android.gms.dynamite_measurementdynamite@240714038@24.07.14 (190400-0):48)\n",
    "is_privacy": false
},
{
    "type": "log",
    "source": "class",
    "method": "getFirebaseInstanceId",
    "package_name": "free.xnxx.hot.video.downloader",
    "class_name": "com.google.firebase.analytics.FirebaseAnalytics",
    "timestamp": 1728462376172,
    "ref": "com.google.firebase.analytics.FirebaseAnalytics@c420ea4",
    "arguments": "{}",
    "stack_trace": "java.lang.Exception\n\tat com.google.firebase.analytics.FirebaseAnalytics.getFirebaseInstanceId(Native Method)\n\tat java.lang.reflect.Method.invoke(Native Method)\n\tat m.oh.f(:com.google.android.gms.dynamite_measurementdynamite@240714038@24.07.14 (190400-0):65)\n\tat m.mu.aa(:com.google.android.gms.dynamite_measurementdynamite@240714038@24.07.14 (190400-0):165)\n\tat m.mu.G(:com.google.android.gms.dynamite_measurementdynamite@240714038@24.07.14 (190400-0):32)\n\tat m.nh.A(:com.google.android.gms.dynamite_measurementdynamite@240714038@24.07.14 (190400-0):188)\n\tat m.nc.run(:com.google.android.gms.dynamite_measurementdynamite@240714038@24.07.14 (190400-0):12)\n\tat java.util.concurrent.Executors$RunnableAdapter.call(Executors.java:487)\n\tat java.util.concurrent.FutureTask.run(FutureTask.java:290)\n\tat m.kt.run(:com.google.android.gms.dynamite_measurementdynamite@240714038@24.07.14 (190400-0):48)\n",
    "is_privacy": false
},
{
    "type": "log",
    "source": "class",
    "method": "getInstance",
    "package_name": "free.xnxx.hot.video.downloader",
    "class_name": "com.google.firebase.analytics.FirebaseAnalytics",
    "timestamp": 1728462376857,
    "ref": "<class: com.google.firebase.analytics.FirebaseAnalytics>",
    "arguments": "{\"0\":\"<instance: android.content.Context, $className: com.MainApp>\"}",
    "stack_trace": "java.lang.Exception\n\tat com.google.firebase.analytics.FirebaseAnalytics.getInstance(Native Method)\n\tat java.lang.reflect.Method.invoke(Native Method)\n\tat m.oh.f(:com.google.android.gms.dynamite_measurementdynamite@240714038@24.07.14 (190400-0):63)\n\tat m.ex.run(:com.google.android.gms.dynamite_measurementdynamite@240714038@24.07.14 (190400-0):16)\n\tat java.util.concurrent.Executors$RunnableAdapter.call(Executors.java:487)\n\tat java.util.concurrent.FutureTask.run(FutureTask.java:290)\n\tat m.kt.run(:com.google.android.gms.dynamite_measurementdynamite@240714038@24.07.14 (190400-0):48)\n",
    "is_privacy": false
},
{
    "type": "log",
    "source": "class",
    "method": "getFirebaseInstanceId",
    "package_name": "free.xnxx.hot.video.downloader",
    "class_name": "com.google.firebase.analytics.FirebaseAnalytics",
    "timestamp": 1728462376860,
    "ref": "com.google.firebase.analytics.FirebaseAnalytics@c420ea4",
    "arguments": "{}",
    "stack_trace": "java.lang.Exception\n\tat com.google.firebase.analytics.FirebaseAnalytics.getFirebaseInstanceId(Native Method)\n\tat java.lang.reflect.Method.invoke(Native Method)\n\tat m.oh.f(:com.google.android.gms.dynamite_measurementdynamite@240714038@24.07.14 (190400-0):65)\n\tat m.ex.run(:com.google.android.gms.dynamite_measurementdynamite@240714038@24.07.14 (190400-0):16)\n\tat java.util.concurrent.Executors$RunnableAdapter.call(Executors.java:487)\n\tat java.util.concurrent.FutureTask.run(FutureTask.java:290)\n\tat m.kt.run(:com.google.android.gms.dynamite_measurementdynamite@240714038@24.07.14 (190400-0):48)\n",
    "is_privacy": false
},
{
    "type": "log",
    "source": "class",
    "method": "getInstance",
    "package_name": "free.xnxx.hot.video.downloader",
    "class_name": "com.google.firebase.analytics.FirebaseAnalytics",
    "timestamp": 1728462377691,
    "ref": "<class: com.google.firebase.analytics.FirebaseAnalytics>",
    "arguments": "{\"0\":\"<instance: android.content.Context, $className: com.MainApp>\"}",
    "stack_trace": "java.lang.Exception\n\tat com.google.firebase.analytics.FirebaseAnalytics.getInstance(Native Method)\n\tat java.lang.reflect.Method.invoke(Native Method)\n\tat m.oh.f(:com.google.android.gms.dynamite_measurementdynamite@240714038@24.07.14 (190400-0):63)\n\tat m.ez.run(:com.google.android.gms.dynamite_measurementdynamite@240714038@24.07.14 (190400-0):16)\n\tat java.util.concurrent.Executors$RunnableAdapter.call(Executors.java:487)\n\tat java.util.concurrent.FutureTask.run(FutureTask.java:290)\n\tat m.kt.run(:com.google.android.gms.dynamite_measurementdynamite@240714038@24.07.14 (190400-0):48)\n",
    "is_privacy": false
},
{
    "type": "log",
    "source": "class",
    "method": "getFirebaseInstanceId",
    "package_name": "free.xnxx.hot.video.downloader",
    "class_name": "com.google.firebase.analytics.FirebaseAnalytics",
    "timestamp": 1728462377694,
    "ref": "com.google.firebase.analytics.FirebaseAnalytics@c420ea4",
    "arguments": "{}",
    "stack_trace": "java.lang.Exception\n\tat com.google.firebase.analytics.FirebaseAnalytics.getFirebaseInstanceId(Native Method)\n\tat java.lang.reflect.Method.invoke(Native Method)\n\tat m.oh.f(:com.google.android.gms.dynamite_measurementdynamite@240714038@24.07.14 (190400-0):65)\n\tat m.ez.run(:com.google.android.gms.dynamite_measurementdynamite@240714038@24.07.14 (190400-0):16)\n\tat java.util.concurrent.Executors$RunnableAdapter.call(Executors.java:487)\n\tat java.util.concurrent.FutureTask.run(FutureTask.java:290)\n\tat m.kt.run(:com.google.android.gms.dynamite_measurementdynamite@240714038@24.07.14 (190400-0):48)\n",
    "is_privacy": false
},
{
    "type": "log",
    "source": "class",
    "method": "init",
    "package_name": "free.xnxx.hot.video.downloader",
    "class_name": "com.ironsource.mediationsdk.IronSource",
    "timestamp": 1728462382424,
    "ref": "<class: com.ironsource.mediationsdk.IronSource>",
    "arguments": "{\"0\":\"<instance: android.app.Activity, $className: com.MainActivity>\",\"1\":\"1b1720cd5\"}",
    "stack_trace": "java.lang.Exception\n\tat com.ironsource.mediationsdk.IronSource.init(Native Method)\n\tat svVdb17eTaGvbcR2VADOhxGkIPKpf.gDnpUbUaLNy.dals3WlWv8x8Ju1cy3L(SourceFile:48)\n\tat com.MainActivity$AqNpF9CVAE4L78NLn2mycxj1.ETpl0l05i1TIEKHq8(SourceFile:4)\n\tat com.MainActivity$AqNpF9CVAE4L78NLn2mycxj1.kjhIYTpnclphBJC9rwxBRQDm(Unknown Source:0)\n\tat jPY2BXlLIbG.CZHMLs6kcBShX2.run(Unknown Source:6)\n\tat android.os.Handler.handleCallback(Handler.java:958)\n\tat android.os.Handler.dispatchMessage(Handler.java:99)\n\tat android.os.Looper.loopOnce(Looper.java:255)\n\tat android.os.Looper.loop(Looper.java:364)\n\tat android.app.ActivityThread.main(ActivityThread.java:8938)\n\tat java.lang.reflect.Method.invoke(Native Method)\n\tat com.android.internal.os.RuntimeInit$MethodAndArgsCaller.run(RuntimeInit.java:572)\n\tat com.android.internal.os.ZygoteInit.main(ZygoteInit.java:1053)\n",
    "is_privacy": false
},
{
    "type": "log",
    "source": "class",
    "method": "init",
    "package_name": "free.xnxx.hot.video.downloader",
    "class_name": "com.ironsource.mediationsdk.IronSource",
    "timestamp": 1728462382428,
    "ref": "<class: com.ironsource.mediationsdk.IronSource>",
    "arguments": "{\"0\":\"<instance: android.app.Activity, $className: com.MainActivity>\",\"1\":\"1b1720cd5\",\"2\":null}",
    "stack_trace": "java.lang.Exception\n\tat com.ironsource.mediationsdk.IronSource.init(Native Method)\n\tat com.ironsource.mediationsdk.IronSource.init(Unknown Source:1)\n\tat com.ironsource.mediationsdk.IronSource.init(Native Method)\n\tat svVdb17eTaGvbcR2VADOhxGkIPKpf.gDnpUbUaLNy.dals3WlWv8x8Ju1cy3L(SourceFile:48)\n\tat com.MainActivity$AqNpF9CVAE4L78NLn2mycxj1.ETpl0l05i1TIEKHq8(SourceFile:4)\n\tat com.MainActivity$AqNpF9CVAE4L78NLn2mycxj1.kjhIYTpnclphBJC9rwxBRQDm(Unknown Source:0)\n\tat jPY2BXlLIbG.CZHMLs6kcBShX2.run(Unknown Source:6)\n\tat android.os.Handler.handleCallback(Handler.java:958)\n\tat android.os.Handler.dispatchMessage(Handler.java:99)\n\tat android.os.Looper.loopOnce(Looper.java:255)\n\tat android.os.Looper.loop(Looper.java:364)\n\tat android.app.ActivityThread.main(ActivityThread.java:8938)\n\tat java.lang.reflect.Method.invoke(Native Method)\n\tat com.android.internal.os.RuntimeInit$MethodAndArgsCaller.run(RuntimeInit.java:572)\n\tat com.android.internal.os.ZygoteInit.main(ZygoteInit.java:1053)\n",
    "is_privacy": false
},
{
    "type": "log",
    "source": "class",
    "method": "createBanner",
    "package_name": "free.xnxx.hot.video.downloader",
    "class_name": "com.ironsource.mediationsdk.IronSource",
    "timestamp": 1728462382721,
    "ref": "<class: com.ironsource.mediationsdk.IronSource>",
    "arguments": "{\"0\":\"<instance: android.app.Activity, $className: com.MainActivity>\",\"1\":\"<instance: com.ironsource.mediationsdk.ISBannerSize>\"}",
    "stack_trace": "java.lang.Exception\n\tat com.ironsource.mediationsdk.IronSource.createBanner(Native Method)\n\tat svVdb17eTaGvbcR2VADOhxGkIPKpf.gDnpUbUaLNy.tPUIoM7owl31b2JatI6aGL9N(SourceFile:2)\n\tat svVdb17eTaGvbcR2VADOhxGkIPKpf.gDnpUbUaLNy.anQ881Ea08Yitopb2lmRqR0SPm(SourceFile:14)\n\tat com.MainActivity$AqNpF9CVAE4L78NLn2mycxj1.ETpl0l05i1TIEKHq8(SourceFile:5)\n\tat com.MainActivity$AqNpF9CVAE4L78NLn2mycxj1.kjhIYTpnclphBJC9rwxBRQDm(Unknown Source:0)\n\tat jPY2BXlLIbG.CZHMLs6kcBShX2.run(Unknown Source:6)\n\tat android.os.Handler.handleCallback(Handler.java:958)\n\tat android.os.Handler.dispatchMessage(Handler.java:99)\n\tat android.os.Looper.loopOnce(Looper.java:255)\n\tat android.os.Looper.loop(Looper.java:364)\n\tat android.app.ActivityThread.main(ActivityThread.java:8938)\n\tat java.lang.reflect.Method.invoke(Native Method)\n\tat com.android.internal.os.RuntimeInit$MethodAndArgsCaller.run(RuntimeInit.java:572)\n\tat com.android.internal.os.ZygoteInit.main(ZygoteInit.java:1053)\n",
    "is_privacy": false
},
{
    "type": "log",
    "source": "class",
    "method": "loadBanner",
    "package_name": "free.xnxx.hot.video.downloader",
    "class_name": "com.ironsource.mediationsdk.IronSource",
    "timestamp": 1728462382728,
    "ref": "<class: com.ironsource.mediationsdk.IronSource>",
    "arguments": "{\"0\":\"<instance: com.ironsource.mediationsdk.IronSourceBannerLayout>\"}",
    "stack_trace": "java.lang.Exception\n\tat com.ironsource.mediationsdk.IronSource.loadBanner(Native Method)\n\tat svVdb17eTaGvbcR2VADOhxGkIPKpf.gDnpUbUaLNy.tPUIoM7owl31b2JatI6aGL9N(SourceFile:4)\n\tat svVdb17eTaGvbcR2VADOhxGkIPKpf.gDnpUbUaLNy.anQ881Ea08Yitopb2lmRqR0SPm(SourceFile:14)\n\tat com.MainActivity$AqNpF9CVAE4L78NLn2mycxj1.ETpl0l05i1TIEKHq8(SourceFile:5)\n\tat com.MainActivity$AqNpF9CVAE4L78NLn2mycxj1.kjhIYTpnclphBJC9rwxBRQDm(Unknown Source:0)\n\tat jPY2BXlLIbG.CZHMLs6kcBShX2.run(Unknown Source:6)\n\tat android.os.Handler.handleCallback(Handler.java:958)\n\tat android.os.Handler.dispatchMessage(Handler.java:99)\n\tat android.os.Looper.loopOnce(Looper.java:255)\n\tat android.os.Looper.loop(Looper.java:364)\n\tat android.app.ActivityThread.main(ActivityThread.java:8938)\n\tat java.lang.reflect.Method.invoke(Native Method)\n\tat com.android.internal.os.RuntimeInit$MethodAndArgsCaller.run(RuntimeInit.java:572)\n\tat com.android.internal.os.ZygoteInit.main(ZygoteInit.java:1053)\n",
    "is_privacy": false
},
{
    "type": "log",
    "source": "class",
    "method": "setInterstitialListener",
    "package_name": "free.xnxx.hot.video.downloader",
    "class_name": "com.ironsource.mediationsdk.IronSource",
    "timestamp": 1728462382733,
    "ref": "<class: com.ironsource.mediationsdk.IronSource>",
    "arguments": "{\"0\":\"<instance: com.ironsource.mediationsdk.sdk.InterstitialListener, $className: svVdb17eTaGvbcR2VADOhxGkIPKpf.gDnpUbUaLNy$AqNpF9CVAE4L78NLn2mycxj1>\"}",
    "stack_trace": "java.lang.Exception\n\tat com.ironsource.mediationsdk.IronSource.setInterstitialListener(Native Method)\n\tat svVdb17eTaGvbcR2VADOhxGkIPKpf.gDnpUbUaLNy.xtdxmGKA5pdgWZPGeRobBWb(SourceFile:2)\n\tat svVdb17eTaGvbcR2VADOhxGkIPKpf.gDnpUbUaLNy.PNeKTEHaQE(SourceFile:5)\n\tat svVdb17eTaGvbcR2VADOhxGkIPKpf.gDnpUbUaLNy.bsk7ZdWJJV(SourceFile:1)\n\tat com.MainActivity.bEHRT1CwNxADgKve(SourceFile:1)\n\tat com.MainActivity.ETpl0l05i1TIEKHq8(Unknown Source:0)\n\tat jPY2BXlLIbG.Yxh4vyRR85R4xr7hNC.run(Unknown Source:2)\n\tat android.app.Activity.runOnUiThread(Activity.java:7784)\n\tat com.MainActivity.VTGg8kIq3Z2yIQGpzTXZbbzC24p(SourceFile:1)\n\tat com.MainActivity.GLahzlMiHqpluOA3Q1M46oUqP(SourceFile:1)\n\tat com.MainActivity$AqNpF9CVAE4L78NLn2mycxj1.ETpl0l05i1TIEKHq8(SourceFile:8)\n\tat com.MainActivity$AqNpF9CVAE4L78NLn2mycxj1.kjhIYTpnclphBJC9rwxBRQDm(Unknown Source:0)\n\tat jPY2BXlLIbG.CZHMLs6kcBShX2.run(Unknown Source:6)\n\tat android.os.Handler.handleCallback(Handler.java:958)\n\tat android.os.Handler.dispatchMessage(Handler.java:99)\n\tat android.os.Looper.loopOnce(Looper.java:255)\n\tat android.os.Looper.loop(Looper.java:364)\n\tat android.app.ActivityThread.main(ActivityThread.java:8938)\n\tat java.lang.reflect.Method.invoke(Native Method)\n\tat com.android.internal.os.RuntimeInit$MethodAndArgsCaller.run(RuntimeInit.java:572)\n\tat com.android.internal.os.ZygoteInit.main(ZygoteInit.java:1053)\n",
    "is_privacy": false
},
{
    "type": "log",
    "source": "class",
    "method": "loadInterstitial",
    "package_name": "free.xnxx.hot.video.downloader",
    "class_name": "com.ironsource.mediationsdk.IronSource",
    "timestamp": 1728462382736,
    "ref": "<class: com.ironsource.mediationsdk.IronSource>",
    "arguments": "{}",
    "stack_trace": "java.lang.Exception\n\tat com.ironsource.mediationsdk.IronSource.loadInterstitial(Native Method)\n\tat svVdb17eTaGvbcR2VADOhxGkIPKpf.gDnpUbUaLNy.xtdxmGKA5pdgWZPGeRobBWb(SourceFile:3)\n\tat svVdb17eTaGvbcR2VADOhxGkIPKpf.gDnpUbUaLNy.PNeKTEHaQE(SourceFile:5)\n\tat svVdb17eTaGvbcR2VADOhxGkIPKpf.gDnpUbUaLNy.bsk7ZdWJJV(SourceFile:1)\n\tat com.MainActivity.bEHRT1CwNxADgKve(SourceFile:1)\n\tat com.MainActivity.ETpl0l05i1TIEKHq8(Unknown Source:0)\n\tat jPY2BXlLIbG.Yxh4vyRR85R4xr7hNC.run(Unknown Source:2)\n\tat android.app.Activity.runOnUiThread(Activity.java:7784)\n\tat com.MainActivity.VTGg8kIq3Z2yIQGpzTXZbbzC24p(SourceFile:1)\n\tat com.MainActivity.GLahzlMiHqpluOA3Q1M46oUqP(SourceFile:1)\n\tat com.MainActivity$AqNpF9CVAE4L78NLn2mycxj1.ETpl0l05i1TIEKHq8(SourceFile:8)\n\tat com.MainActivity$AqNpF9CVAE4L78NLn2mycxj1.kjhIYTpnclphBJC9rwxBRQDm(Unknown Source:0)\n\tat jPY2BXlLIbG.CZHMLs6kcBShX2.run(Unknown Source:6)\n\tat android.os.Handler.handleCallback(Handler.java:958)\n\tat android.os.Handler.dispatchMessage(Handler.java:99)\n\tat android.os.Looper.loopOnce(Looper.java:255)\n\tat android.os.Looper.loop(Looper.java:364)\n\tat android.app.ActivityThread.main(ActivityThread.java:8938)\n\tat java.lang.reflect.Method.invoke(Native Method)\n\tat com.android.internal.os.RuntimeInit$MethodAndArgsCaller.run(RuntimeInit.java:572)\n\tat com.android.internal.os.ZygoteInit.main(ZygoteInit.java:1053)\n",
    "is_privacy": false
},
{
    "type": "log",
    "source": "class",
    "method": "setInterstitialListener",
    "package_name": "free.xnxx.hot.video.downloader",
    "class_name": "com.ironsource.mediationsdk.IronSource",
    "timestamp": 1728462382907,
    "ref": "<class: com.ironsource.mediationsdk.IronSource>",
    "arguments": "{\"0\":\"<instance: com.ironsource.mediationsdk.sdk.InterstitialListener, $className: svVdb17eTaGvbcR2VADOhxGkIPKpf.gDnpUbUaLNy$AqNpF9CVAE4L78NLn2mycxj1>\"}",
    "stack_trace": "java.lang.Exception\n\tat com.ironsource.mediationsdk.IronSource.setInterstitialListener(Native Method)\n\tat svVdb17eTaGvbcR2VADOhxGkIPKpf.gDnpUbUaLNy.xtdxmGKA5pdgWZPGeRobBWb(SourceFile:2)\n\tat svVdb17eTaGvbcR2VADOhxGkIPKpf.gDnpUbUaLNy.NmDSOnsdFI2(SourceFile:9)\n\tat com.MainActivity$AqNpF9CVAE4L78NLn2mycxj1.ETpl0l05i1TIEKHq8(SourceFile:9)\n\tat com.MainActivity$AqNpF9CVAE4L78NLn2mycxj1.kjhIYTpnclphBJC9rwxBRQDm(Unknown Source:0)\n\tat jPY2BXlLIbG.CZHMLs6kcBShX2.run(Unknown Source:6)\n\tat android.os.Handler.handleCallback(Handler.java:958)\n\tat android.os.Handler.dispatchMessage(Handler.java:99)\n\tat android.os.Looper.loopOnce(Looper.java:255)\n\tat android.os.Looper.loop(Looper.java:364)\n\tat android.app.ActivityThread.main(ActivityThread.java:8938)\n\tat java.lang.reflect.Method.invoke(Native Method)\n\tat com.android.internal.os.RuntimeInit$MethodAndArgsCaller.run(RuntimeInit.java:572)\n\tat com.android.internal.os.ZygoteInit.main(ZygoteInit.java:1053)\n",
    "is_privacy": false
},
{
    "type": "log",
    "source": "class",
    "method": "loadInterstitial",
    "package_name": "free.xnxx.hot.video.downloader",
    "class_name": "com.ironsource.mediationsdk.IronSource",
    "timestamp": 1728462382909,
    "ref": "<class: com.ironsource.mediationsdk.IronSource>",
    "arguments": "{}",
    "stack_trace": "java.lang.Exception\n\tat com.ironsource.mediationsdk.IronSource.loadInterstitial(Native Method)\n\tat svVdb17eTaGvbcR2VADOhxGkIPKpf.gDnpUbUaLNy.xtdxmGKA5pdgWZPGeRobBWb(SourceFile:3)\n\tat svVdb17eTaGvbcR2VADOhxGkIPKpf.gDnpUbUaLNy.NmDSOnsdFI2(SourceFile:9)\n\tat com.MainActivity$AqNpF9CVAE4L78NLn2mycxj1.ETpl0l05i1TIEKHq8(SourceFile:9)\n\tat com.MainActivity$AqNpF9CVAE4L78NLn2mycxj1.kjhIYTpnclphBJC9rwxBRQDm(Unknown Source:0)\n\tat jPY2BXlLIbG.CZHMLs6kcBShX2.run(Unknown Source:6)\n\tat android.os.Handler.handleCallback(Handler.java:958)\n\tat android.os.Handler.dispatchMessage(Handler.java:99)\n\tat android.os.Looper.loopOnce(Looper.java:255)\n\tat android.os.Looper.loop(Looper.java:364)\n\tat android.app.ActivityThread.main(ActivityThread.java:8938)\n\tat java.lang.reflect.Method.invoke(Native Method)\n\tat com.android.internal.os.RuntimeInit$MethodAndArgsCaller.run(RuntimeInit.java:572)\n\tat com.android.internal.os.ZygoteInit.main(ZygoteInit.java:1053)\n",
    "is_privacy": false
},
{
    "type": "log",
    "source": "class",
    "method": "setMediationService",
    "package_name": "free.xnxx.hot.video.downloader",
    "class_name": "com.facebook.ads.AdSettings",
    "timestamp": 1728462384625,
    "ref": "<class: com.facebook.ads.AdSettings>",
    "arguments": "{\"0\":\"ironSource_7.1.12.1:4.3.33\"}",
    "stack_trace": "java.lang.Exception\n\tat com.facebook.ads.AdSettings.setMediationService(Native Method)\n\tat com.ironsource.adapters.facebook.FacebookAdapter.<init>(SourceFile:20)\n\tat com.ironsource.adapters.facebook.FacebookAdapter.startAdapter(SourceFile:1)\n\tat java.lang.reflect.Method.invoke(Native Method)\n\tat com.ironsource.mediationsdk.d.ctXOpSmyWu9CyrFnx67(Unknown Source:55)\n\tat com.ironsource.mediationsdk.d.a(Unknown Source:36)\n\tat com.ironsource.mediationsdk.jtcvEh6oQXY3ZAWL3eTSQRy.<init>(Unknown Source:149)\n\tat com.ironsource.mediationsdk.E.PNeKTEHaQE(Unknown Source:53)\n\tat com.ironsource.mediationsdk.E.C7lVizxp0zZHzUN(Unknown Source:48)\n\tat com.ironsource.mediationsdk.E.wEU2nbk4e5tSh8g958(Unknown Source:35)\n\tat com.ironsource.mediationsdk.E.a(Unknown Source:107)\n\tat com.ironsource.mediationsdk.b4CUsGXc368G0vxFbm5$ibu5KWKyEh3M.run(Unknown Source:611)\n\tat android.os.Handler.handleCallback(Handler.java:958)\n\tat android.os.Handler.dispatchMessage(Handler.java:99)\n\tat android.os.Looper.loopOnce(Looper.java:255)\n\tat android.os.Looper.loop(Looper.java:364)\n\tat android.os.HandlerThread.run(HandlerThread.java:67)\n",
    "is_privacy": false
},
{
    "type": "log",
    "source": "class",
    "method": "isInitialized",
    "package_name": "free.xnxx.hot.video.downloader",
    "class_name": "com.facebook.ads.AudienceNetworkAds",
    "timestamp": 1728462384638,
    "ref": "<class: com.facebook.ads.AudienceNetworkAds>",
    "arguments": "{\"0\":\"<instance: android.content.Context, $className: com.MainApp>\"}",
    "stack_trace": "java.lang.Exception\n\tat com.facebook.ads.AudienceNetworkAds.isInitialized(Native Method)\n\tat com.ironsource.adapters.facebook.FacebookAdapter.initSdk(SourceFile:3)\n\tat com.ironsource.adapters.facebook.FacebookAdapter.initInterstitial(SourceFile:10)\n\tat com.ironsource.adapters.facebook.FacebookAdapter.initInterstitialForBidding(SourceFile:2)\n\tat com.ironsource.mediationsdk.R.b(Unknown Source:21)\n\tat com.ironsource.mediationsdk.jtcvEh6oQXY3ZAWL3eTSQRy.<init>(Unknown Source:257)\n\tat com.ironsource.mediationsdk.E.PNeKTEHaQE(Unknown Source:53)\n\tat com.ironsource.mediationsdk.E.C7lVizxp0zZHzUN(Unknown Source:48)\n\tat com.ironsource.mediationsdk.E.wEU2nbk4e5tSh8g958(Unknown Source:35)\n\tat com.ironsource.mediationsdk.E.a(Unknown Source:107)\n\tat com.ironsource.mediationsdk.b4CUsGXc368G0vxFbm5$ibu5KWKyEh3M.run(Unknown Source:611)\n\tat android.os.Handler.handleCallback(Handler.java:958)\n\tat android.os.Handler.dispatchMessage(Handler.java:99)\n\tat android.os.Looper.loopOnce(Looper.java:255)\n\tat android.os.Looper.loop(Looper.java:364)\n\tat android.os.HandlerThread.run(HandlerThread.java:67)\n",
    "is_privacy": false
},
{
    "type": "log",
    "source": "class",
    "method": "buildInitSettings",
    "package_name": "free.xnxx.hot.video.downloader",
    "class_name": "com.facebook.ads.AudienceNetworkAds",
    "timestamp": 1728462384643,
    "ref": "<class: com.facebook.ads.AudienceNetworkAds>",
    "arguments": "{\"0\":\"<instance: android.content.Context, $className: com.MainApp>\"}",
    "stack_trace": "java.lang.Exception\n\tat com.facebook.ads.AudienceNetworkAds.buildInitSettings(Native Method)\n\tat com.ironsource.adapters.facebook.FacebookAdapter.initSdk(SourceFile:16)\n\tat com.ironsource.adapters.facebook.FacebookAdapter.initInterstitial(SourceFile:10)\n\tat com.ironsource.adapters.facebook.FacebookAdapter.initInterstitialForBidding(SourceFile:2)\n\tat com.ironsource.mediationsdk.R.b(Unknown Source:21)\n\tat com.ironsource.mediationsdk.jtcvEh6oQXY3ZAWL3eTSQRy.<init>(Unknown Source:257)\n\tat com.ironsource.mediationsdk.E.PNeKTEHaQE(Unknown Source:53)\n\tat com.ironsource.mediationsdk.E.C7lVizxp0zZHzUN(Unknown Source:48)\n\tat com.ironsource.mediationsdk.E.wEU2nbk4e5tSh8g958(Unknown Source:35)\n\tat com.ironsource.mediationsdk.E.a(Unknown Source:107)\n\tat com.ironsource.mediationsdk.b4CUsGXc368G0vxFbm5$ibu5KWKyEh3M.run(Unknown Source:611)\n\tat android.os.Handler.handleCallback(Handler.java:958)\n\tat android.os.Handler.dispatchMessage(Handler.java:99)\n\tat android.os.Looper.loopOnce(Looper.java:255)\n\tat android.os.Looper.loop(Looper.java:364)\n\tat android.os.HandlerThread.run(HandlerThread.java:67)\n",
    "is_privacy": false
},
{
    "type": "log",
    "source": "class",
    "method": "getTestAdType",
    "package_name": "free.xnxx.hot.video.downloader",
    "class_name": "com.facebook.ads.AdSettings",
    "timestamp": 1728462384657,
    "ref": "<class: com.facebook.ads.AdSettings>",
    "arguments": "{}",
    "stack_trace": "java.lang.Exception\n\tat com.facebook.ads.AdSettings.getTestAdType(Native Method)\n\tat com.facebook.ads.redexgen.X.XM.A05(:66411)\n\tat com.facebook.ads.redexgen.X.XM.A0C(:66441)\n\tat com.facebook.ads.redexgen.X.Xb.A06(:66604)\n\tat com.facebook.ads.redexgen.X.L7.run(:42790)\n\tat java.util.concurrent.ThreadPoolExecutor.runWorker(ThreadPoolExecutor.java:1145)\n\tat java.util.concurrent.ThreadPoolExecutor$Worker.run(ThreadPoolExecutor.java:644)\n\tat java.lang.Thread.run(Thread.java:1012)\n",
    "is_privacy": false
},
{
    "type": "log",
    "source": "class",
    "method": "isTestMode",
    "package_name": "free.xnxx.hot.video.downloader",
    "class_name": "com.facebook.ads.AdSettings",
    "timestamp": 1728462384661,
    "ref": "<class: com.facebook.ads.AdSettings>",
    "arguments": "{\"0\":\"<instance: android.content.Context, $className: com.facebook.ads.redexgen.X.Xn>\"}",
    "stack_trace": "java.lang.Exception\n\tat com.facebook.ads.AdSettings.isTestMode(Native Method)\n\tat com.facebook.ads.redexgen.X.XM.A05(:66414)\n\tat com.facebook.ads.redexgen.X.XM.A0C(:66441)\n\tat com.facebook.ads.redexgen.X.Xb.A06(:66604)\n\tat com.facebook.ads.redexgen.X.L7.run(:42790)\n\tat java.util.concurrent.ThreadPoolExecutor.runWorker(ThreadPoolExecutor.java:1145)\n\tat java.util.concurrent.ThreadPoolExecutor$Worker.run(ThreadPoolExecutor.java:644)\n\tat java.lang.Thread.run(Thread.java:1012)\n",
    "is_privacy": false
},
{
    "type": "log",
    "source": "class",
    "method": "isMixedAudience",
    "package_name": "free.xnxx.hot.video.downloader",
    "class_name": "com.facebook.ads.AdSettings",
    "timestamp": 1728462384666,
    "ref": "<class: com.facebook.ads.AdSettings>",
    "arguments": "{}",
    "stack_trace": "java.lang.Exception\n\tat com.facebook.ads.AdSettings.isMixedAudience(Native Method)\n\tat com.facebook.ads.redexgen.X.XM.A05(:66415)\n\tat com.facebook.ads.redexgen.X.XM.A0C(:66441)\n\tat com.facebook.ads.redexgen.X.Xb.A06(:66604)\n\tat com.facebook.ads.redexgen.X.L7.run(:42790)\n\tat java.util.concurrent.ThreadPoolExecutor.runWorker(ThreadPoolExecutor.java:1145)\n\tat java.util.concurrent.ThreadPoolExecutor$Worker.run(ThreadPoolExecutor.java:644)\n\tat java.lang.Thread.run(Thread.java:1012)\n",
    "is_privacy": false
},
{
    "type": "log",
    "source": "class",
    "method": "setInterstitialListener",
    "package_name": "free.xnxx.hot.video.downloader",
    "class_name": "com.ironsource.mediationsdk.IronSource",
    "timestamp": 1728462388225,
    "ref": "<class: com.ironsource.mediationsdk.IronSource>",
    "arguments": "{\"0\":\"<instance: com.ironsource.mediationsdk.sdk.InterstitialListener, $className: svVdb17eTaGvbcR2VADOhxGkIPKpf.gDnpUbUaLNy$AqNpF9CVAE4L78NLn2mycxj1>\"}",
    "stack_trace": "java.lang.Exception\n\tat com.ironsource.mediationsdk.IronSource.setInterstitialListener(Native Method)\n\tat svVdb17eTaGvbcR2VADOhxGkIPKpf.gDnpUbUaLNy.xtdxmGKA5pdgWZPGeRobBWb(SourceFile:2)\n\tat svVdb17eTaGvbcR2VADOhxGkIPKpf.gDnpUbUaLNy.PNeKTEHaQE(SourceFile:5)\n\tat y3W0qPOwhURVLPS6zA594XCb4F.iofOwFys2MZVSnlqyOFSpfr.wwNtlfzo39H9e9BEQ1N(SourceFile:2)\n\tat y3W0qPOwhURVLPS6zA594XCb4F.iofOwFys2MZVSnlqyOFSpfr.onViewCreated(SourceFile:14)\n\tat androidx.fragment.app.Fragment.performViewCreated(SourceFile:1)\n\tat androidx.fragment.app.FragmentStateManager.createView(SourceFile:26)\n\tat androidx.fragment.app.FragmentStateManager.moveToExpectedState(SourceFile:19)\n\tat androidx.fragment.app.FragmentManager.executeOpsTogether(SourceFile:34)\n\tat androidx.fragment.app.FragmentManager.removeRedundantOperationsAndExecute(SourceFile:10)\n\tat androidx.fragment.app.FragmentManager.execPendingActions(SourceFile:4)\n\tat androidx.fragment.app.FragmentManager$5.run(SourceFile:1)\n\tat android.os.Handler.handleCallback(Handler.java:958)\n\tat android.os.Handler.dispatchMessage(Handler.java:99)\n\tat android.os.Looper.loopOnce(Looper.java:255)\n\tat android.os.Looper.loop(Looper.java:364)\n\tat android.app.ActivityThread.main(ActivityThread.java:8938)\n\tat java.lang.reflect.Method.invoke(Native Method)\n\tat com.android.internal.os.RuntimeInit$MethodAndArgsCaller.run(RuntimeInit.java:572)\n\tat com.android.internal.os.ZygoteInit.main(ZygoteInit.java:1053)\n",
    "is_privacy": false
},
{
    "type": "log",
    "source": "class",
    "method": "loadInterstitial",
    "package_name": "free.xnxx.hot.video.downloader",
    "class_name": "com.ironsource.mediationsdk.IronSource",
    "timestamp": 1728462388230,
    "ref": "<class: com.ironsource.mediationsdk.IronSource>",
    "arguments": "{}",
    "stack_trace": "java.lang.Exception\n\tat com.ironsource.mediationsdk.IronSource.loadInterstitial(Native Method)\n\tat svVdb17eTaGvbcR2VADOhxGkIPKpf.gDnpUbUaLNy.xtdxmGKA5pdgWZPGeRobBWb(SourceFile:3)\n\tat svVdb17eTaGvbcR2VADOhxGkIPKpf.gDnpUbUaLNy.PNeKTEHaQE(SourceFile:5)\n\tat y3W0qPOwhURVLPS6zA594XCb4F.iofOwFys2MZVSnlqyOFSpfr.wwNtlfzo39H9e9BEQ1N(SourceFile:2)\n\tat y3W0qPOwhURVLPS6zA594XCb4F.iofOwFys2MZVSnlqyOFSpfr.onViewCreated(SourceFile:14)\n\tat androidx.fragment.app.Fragment.performViewCreated(SourceFile:1)\n\tat androidx.fragment.app.FragmentStateManager.createView(SourceFile:26)\n\tat androidx.fragment.app.FragmentStateManager.moveToExpectedState(SourceFile:19)\n\tat androidx.fragment.app.FragmentManager.executeOpsTogether(SourceFile:34)\n\tat androidx.fragment.app.FragmentManager.removeRedundantOperationsAndExecute(SourceFile:10)\n\tat androidx.fragment.app.FragmentManager.execPendingActions(SourceFile:4)\n\tat androidx.fragment.app.FragmentManager$5.run(SourceFile:1)\n\tat android.os.Handler.handleCallback(Handler.java:958)\n\tat android.os.Handler.dispatchMessage(Handler.java:99)\n\tat android.os.Looper.loopOnce(Looper.java:255)\n\tat android.os.Looper.loop(Looper.java:364)\n\tat android.app.ActivityThread.main(ActivityThread.java:8938)\n\tat java.lang.reflect.Method.invoke(Native Method)\n\tat com.android.internal.os.RuntimeInit$MethodAndArgsCaller.run(RuntimeInit.java:572)\n\tat com.android.internal.os.ZygoteInit.main(ZygoteInit.java:1053)\n",
    "is_privacy": false
},
{
    "type": "log",
    "source": "class",
    "method": "getInstance",
    "package_name": "free.xnxx.hot.video.downloader",
    "class_name": "com.google.firebase.analytics.FirebaseAnalytics",
    "timestamp": 1728462389372,
    "ref": "<class: com.google.firebase.analytics.FirebaseAnalytics>",
    "arguments": "{\"0\":\"<instance: android.content.Context, $className: com.MainApp>\"}",
    "stack_trace": "java.lang.Exception\n\tat com.google.firebase.analytics.FirebaseAnalytics.getInstance(Native Method)\n\tat java.lang.reflect.Method.invoke(Native Method)\n\tat m.oh.f(:com.google.android.gms.dynamite_measurementdynamite@240714038@24.07.14 (190400-0):63)\n\tat m.ex.run(:com.google.android.gms.dynamite_measurementdynamite@240714038@24.07.14 (190400-0):16)\n\tat java.util.concurrent.Executors$RunnableAdapter.call(Executors.java:487)\n\tat java.util.concurrent.FutureTask.run(FutureTask.java:290)\n\tat m.kt.run(:com.google.android.gms.dynamite_measurementdynamite@240714038@24.07.14 (190400-0):48)\n",
    "is_privacy": false
},
{
    "type": "log",
    "source": "class",
    "method": "getFirebaseInstanceId",
    "package_name": "free.xnxx.hot.video.downloader",
    "class_name": "com.google.firebase.analytics.FirebaseAnalytics",
    "timestamp": 1728462389386,
    "ref": "com.google.firebase.analytics.FirebaseAnalytics@c420ea4",
    "arguments": "{}",
    "stack_trace": "java.lang.Exception\n\tat com.google.firebase.analytics.FirebaseAnalytics.getFirebaseInstanceId(Native Method)\n\tat java.lang.reflect.Method.invoke(Native Method)\n\tat m.oh.f(:com.google.android.gms.dynamite_measurementdynamite@240714038@24.07.14 (190400-0):65)\n\tat m.ex.run(:com.google.android.gms.dynamite_measurementdynamite@240714038@24.07.14 (190400-0):16)\n\tat java.util.concurrent.Executors$RunnableAdapter.call(Executors.java:487)\n\tat java.util.concurrent.FutureTask.run(FutureTask.java:290)\n\tat m.kt.run(:com.google.android.gms.dynamite_measurementdynamite@240714038@24.07.14 (190400-0):48)\n",
    "is_privacy": false
},
{
    "type": "log",
    "source": "class",
    "method": "setInterstitialListener",
    "package_name": "free.xnxx.hot.video.downloader",
    "class_name": "com.ironsource.mediationsdk.IronSource",
    "timestamp": 1728462389948,
    "ref": "<class: com.ironsource.mediationsdk.IronSource>",
    "arguments": "{\"0\":\"<instance: com.ironsource.mediationsdk.sdk.InterstitialListener, $className: svVdb17eTaGvbcR2VADOhxGkIPKpf.gDnpUbUaLNy$AqNpF9CVAE4L78NLn2mycxj1>\"}",
    "stack_trace": "java.lang.Exception\n\tat com.ironsource.mediationsdk.IronSource.setInterstitialListener(Native Method)\n\tat svVdb17eTaGvbcR2VADOhxGkIPKpf.gDnpUbUaLNy.xtdxmGKA5pdgWZPGeRobBWb(SourceFile:2)\n\tat svVdb17eTaGvbcR2VADOhxGkIPKpf.gDnpUbUaLNy.PNeKTEHaQE(SourceFile:5)\n\tat y3W0qPOwhURVLPS6zA594XCb4F.iofOwFys2MZVSnlqyOFSpfr.wwNtlfzo39H9e9BEQ1N(SourceFile:2)\n\tat y3W0qPOwhURVLPS6zA594XCb4F.iofOwFys2MZVSnlqyOFSpfr.onViewCreated(SourceFile:14)\n\tat androidx.fragment.app.Fragment.performViewCreated(SourceFile:1)\n\tat androidx.fragment.app.FragmentStateManager.createView(SourceFile:26)\n\tat androidx.fragment.app.FragmentStateManager.moveToExpectedState(SourceFile:19)\n\tat androidx.fragment.app.FragmentManager.executeOpsTogether(SourceFile:34)\n\tat androidx.fragment.app.FragmentManager.removeRedundantOperationsAndExecute(SourceFile:10)\n\tat androidx.fragment.app.FragmentManager.execPendingActions(SourceFile:4)\n\tat androidx.fragment.app.FragmentManager$5.run(SourceFile:1)\n\tat android.os.Handler.handleCallback(Handler.java:958)\n\tat android.os.Handler.dispatchMessage(Handler.java:99)\n\tat android.os.Looper.loopOnce(Looper.java:255)\n\tat android.os.Looper.loop(Looper.java:364)\n\tat android.app.ActivityThread.main(ActivityThread.java:8938)\n\tat java.lang.reflect.Method.invoke(Native Method)\n\tat com.android.internal.os.RuntimeInit$MethodAndArgsCaller.run(RuntimeInit.java:572)\n\tat com.android.internal.os.ZygoteInit.main(ZygoteInit.java:1053)\n",
    "is_privacy": false
},
{
    "type": "log",
    "source": "class",
    "method": "loadInterstitial",
    "package_name": "free.xnxx.hot.video.downloader",
    "class_name": "com.ironsource.mediationsdk.IronSource",
    "timestamp": 1728462389951,
    "ref": "<class: com.ironsource.mediationsdk.IronSource>",
    "arguments": "{}",
    "stack_trace": "java.lang.Exception\n\tat com.ironsource.mediationsdk.IronSource.loadInterstitial(Native Method)\n\tat svVdb17eTaGvbcR2VADOhxGkIPKpf.gDnpUbUaLNy.xtdxmGKA5pdgWZPGeRobBWb(SourceFile:3)\n\tat svVdb17eTaGvbcR2VADOhxGkIPKpf.gDnpUbUaLNy.PNeKTEHaQE(SourceFile:5)\n\tat y3W0qPOwhURVLPS6zA594XCb4F.iofOwFys2MZVSnlqyOFSpfr.wwNtlfzo39H9e9BEQ1N(SourceFile:2)\n\tat y3W0qPOwhURVLPS6zA594XCb4F.iofOwFys2MZVSnlqyOFSpfr.onViewCreated(SourceFile:14)\n\tat androidx.fragment.app.Fragment.performViewCreated(SourceFile:1)\n\tat androidx.fragment.app.FragmentStateManager.createView(SourceFile:26)\n\tat androidx.fragment.app.FragmentStateManager.moveToExpectedState(SourceFile:19)\n\tat androidx.fragment.app.FragmentManager.executeOpsTogether(SourceFile:34)\n\tat androidx.fragment.app.FragmentManager.removeRedundantOperationsAndExecute(SourceFile:10)\n\tat androidx.fragment.app.FragmentManager.execPendingActions(SourceFile:4)\n\tat androidx.fragment.app.FragmentManager$5.run(SourceFile:1)\n\tat android.os.Handler.handleCallback(Handler.java:958)\n\tat android.os.Handler.dispatchMessage(Handler.java:99)\n\tat android.os.Looper.loopOnce(Looper.java:255)\n\tat android.os.Looper.loop(Looper.java:364)\n\tat android.app.ActivityThread.main(ActivityThread.java:8938)\n\tat java.lang.reflect.Method.invoke(Native Method)\n\tat com.android.internal.os.RuntimeInit$MethodAndArgsCaller.run(RuntimeInit.java:572)\n\tat com.android.internal.os.ZygoteInit.main(ZygoteInit.java:1053)\n",
    "is_privacy": false
},
