{
    "type": "log",
    "source": "class",
    "method": "getInstance",
    "package_name": "pl.cda",
    "class_name": "com.google.firebase.analytics.FirebaseAnalytics",
    "timestamp": 1728461893555,
    "ref": "<class: com.google.firebase.analytics.FirebaseAnalytics>",
    "arguments": "{\"0\":\"<instance: android.content.Context, $className: pl.cda.MyApplication>\"}",
    "stack_trace": "java.lang.Exception\n\tat com.google.firebase.analytics.FirebaseAnalytics.getInstance(Native Method)\n\tat java.lang.reflect.Method.invoke(Native Method)\n\tat com.google.android.gms.measurement.internal.zzft.zzah(SourceFile:73)\n\tat com.google.android.gms.measurement.internal.zzft.zza(SourceFile:22)\n\tat com.google.android.gms.measurement.internal.zzld.zzc(SourceFile:2)\n\tat com.google.android.gms.measurement.internal.zzld.zzac(SourceFile:8)\n\tat com.google.android.gms.measurement.internal.zzjc.zzak(SourceFile:69)\n\tat com.google.android.gms.measurement.internal.zzhm.zza(SourceFile:261)\n\tat com.google.android.gms.measurement.internal.zzhr.run(SourceFile:14)\n\tat java.util.concurrent.Executors$RunnableAdapter.call(Executors.java:487)\n\tat java.util.concurrent.FutureTask.run(FutureTask.java:290)\n\tat com.google.android.gms.measurement.internal.zzhn.run(SourceFile:49)\n",
    "is_privacy": false
},
{
    "type": "log",
    "source": "class",
    "method": "getFirebaseInstanceId",
    "package_name": "pl.cda",
    "class_name": "com.google.firebase.analytics.FirebaseAnalytics",
    "timestamp": 1728461893558,
    "ref": "com.google.firebase.analytics.FirebaseAnalytics@595bc64",
    "arguments": "{}",
    "stack_trace": "java.lang.Exception\n\tat com.google.firebase.analytics.FirebaseAnalytics.getFirebaseInstanceId(Native Method)\n\tat java.lang.reflect.Method.invoke(Native Method)\n\tat com.google.android.gms.measurement.internal.zzft.zzah(SourceFile:90)\n\tat com.google.android.gms.measurement.internal.zzft.zza(SourceFile:22)\n\tat com.google.android.gms.measurement.internal.zzld.zzc(SourceFile:2)\n\tat com.google.android.gms.measurement.internal.zzld.zzac(SourceFile:8)\n\tat com.google.android.gms.measurement.internal.zzjc.zzak(SourceFile:69)\n\tat com.google.android.gms.measurement.internal.zzhm.zza(SourceFile:261)\n\tat com.google.android.gms.measurement.internal.zzhr.run(SourceFile:14)\n\tat java.util.concurrent.Executors$RunnableAdapter.call(Executors.java:487)\n\tat java.util.concurrent.FutureTask.run(FutureTask.java:290)\n\tat com.google.android.gms.measurement.internal.zzhn.run(SourceFile:49)\n",
    "is_privacy": false
},
{
    "type": "log",
    "source": "class",
    "method": "getInstance",
    "package_name": "pl.cda",
    "class_name": "com.google.firebase.analytics.FirebaseAnalytics",
    "timestamp": 1728461894546,
    "ref": "<class: com.google.firebase.analytics.FirebaseAnalytics>",
    "arguments": "{\"0\":\"<instance: android.content.Context, $className: pl.cda.MyApplication>\"}",
    "stack_trace": "java.lang.Exception\n\tat com.google.firebase.analytics.FirebaseAnalytics.getInstance(Native Method)\n\tat pl.cda.MyApplication.onCreate(SourceFile:3)\n\tat android.app.Instrumentation.callApplicationOnCreate(Instrumentation.java:1335)\n\tat android.app.ActivityThread.handleBindApplication(ActivityThread.java:7681)\n\tat android.app.ActivityThread.handleBindApplication(Native Method)\n\tat android.app.ActivityThread.-$$Nest$mhandleBindApplication(Unknown Source:0)\n\tat android.app.ActivityThread$H.handleMessage(ActivityThread.java:2452)\n\tat android.os.Handler.dispatchMessage(Handler.java:106)\n\tat android.os.Looper.loopOnce(Looper.java:255)\n\tat android.os.Looper.loop(Looper.java:364)\n\tat android.app.ActivityThread.main(ActivityThread.java:8938)\n\tat java.lang.reflect.Method.invoke(Native Method)\n\tat com.android.internal.os.RuntimeInit$MethodAndArgsCaller.run(RuntimeInit.java:572)\n\tat com.android.internal.os.ZygoteInit.main(ZygoteInit.java:1053)\n",
    "is_privacy": false
},
{
    "type": "log",
    "source": "class",
    "method": "getInstance",
    "package_name": "pl.cda",
    "class_name": "com.google.firebase.analytics.FirebaseAnalytics",
    "timestamp": 1728461894621,
    "ref": "<class: com.google.firebase.analytics.FirebaseAnalytics>",
    "arguments": "{\"0\":\"<instance: android.content.Context, $className: pl.cda.MyApplication>\"}",
    "stack_trace": "java.lang.Exception\n\tat com.google.firebase.analytics.FirebaseAnalytics.getInstance(Native Method)\n\tat java.lang.reflect.Method.invoke(Native Method)\n\tat com.google.android.gms.measurement.internal.zzft.zzah(SourceFile:73)\n\tat com.google.android.gms.measurement.internal.zzft.zza(SourceFile:22)\n\tat com.google.android.gms.measurement.internal.zzld.zzc(SourceFile:2)\n\tat com.google.android.gms.measurement.internal.zzld.zza(SourceFile:110)\n\tat com.google.android.gms.measurement.internal.zzjc.zza(SourceFile:493)\n\tat com.google.android.gms.measurement.internal.zzmv.zzb(SourceFile:77)\n\tat com.google.android.gms.measurement.internal.zzmv.zza(SourceFile:8)\n\tat com.google.android.gms.measurement.internal.zzhm.zza(SourceFile:262)\n\tat com.google.android.gms.measurement.internal.zzhr.run(SourceFile:14)\n\tat java.util.concurrent.Executors$RunnableAdapter.call(Executors.java:487)\n\tat java.util.concurrent.FutureTask.run(FutureTask.java:290)\n\tat com.google.android.gms.measurement.internal.zzhn.run(SourceFile:49)\n",
    "is_privacy": false
},
{
    "type": "log",
    "source": "class",
    "method": "getFirebaseInstanceId",
    "package_name": "pl.cda",
    "class_name": "com.google.firebase.analytics.FirebaseAnalytics",
    "timestamp": 1728461894624,
    "ref": "com.google.firebase.analytics.FirebaseAnalytics@595bc64",
    "arguments": "{}",
    "stack_trace": "java.lang.Exception\n\tat com.google.firebase.analytics.FirebaseAnalytics.getFirebaseInstanceId(Native Method)\n\tat java.lang.reflect.Method.invoke(Native Method)\n\tat com.google.android.gms.measurement.internal.zzft.zzah(SourceFile:90)\n\tat com.google.android.gms.measurement.internal.zzft.zza(SourceFile:22)\n\tat com.google.android.gms.measurement.internal.zzld.zzc(SourceFile:2)\n\tat com.google.android.gms.measurement.internal.zzld.zza(SourceFile:110)\n\tat com.google.android.gms.measurement.internal.zzjc.zza(SourceFile:493)\n\tat com.google.android.gms.measurement.internal.zzmv.zzb(SourceFile:77)\n\tat com.google.android.gms.measurement.internal.zzmv.zza(SourceFile:8)\n\tat com.google.android.gms.measurement.internal.zzhm.zza(SourceFile:262)\n\tat com.google.android.gms.measurement.internal.zzhr.run(SourceFile:14)\n\tat java.util.concurrent.Executors$RunnableAdapter.call(Executors.java:487)\n\tat java.util.concurrent.FutureTask.run(FutureTask.java:290)\n\tat com.google.android.gms.measurement.internal.zzhn.run(SourceFile:49)\n",
    "is_privacy": false
},
{
    "type": "log",
    "source": "class",
    "method": "getInstance",
    "package_name": "pl.cda",
    "class_name": "com.google.firebase.analytics.FirebaseAnalytics",
    "timestamp": 1728461894674,
    "ref": "<class: com.google.firebase.analytics.FirebaseAnalytics>",
    "arguments": "{\"0\":\"<instance: android.content.Context, $className: pl.cda.MyApplication>\"}",
    "stack_trace": "java.lang.Exception\n\tat com.google.firebase.analytics.FirebaseAnalytics.getInstance(Native Method)\n\tat java.lang.reflect.Method.invoke(Native Method)\n\tat com.google.android.gms.measurement.internal.zzft.zzah(SourceFile:73)\n\tat com.google.android.gms.measurement.internal.zzft.zza(SourceFile:22)\n\tat com.google.android.gms.measurement.internal.zzld.zzc(SourceFile:2)\n\tat com.google.android.gms.measurement.internal.zzld.zza(SourceFile:44)\n\tat com.google.android.gms.measurement.internal.zzjc.zza(SourceFile:278)\n\tat com.google.android.gms.measurement.internal.zzjc.zza(SourceFile:143)\n\tat com.google.android.gms.measurement.internal.zzmv.zzb(SourceFile:132)\n\tat com.google.android.gms.measurement.internal.zzmv.zza(SourceFile:8)\n\tat com.google.android.gms.measurement.internal.zzhm.zza(SourceFile:262)\n\tat com.google.android.gms.measurement.internal.zzhr.run(SourceFile:14)\n\tat java.util.concurrent.Executors$RunnableAdapter.call(Executors.java:487)\n\tat java.util.concurrent.FutureTask.run(FutureTask.java:290)\n\tat com.google.android.gms.measurement.internal.zzhn.run(SourceFile:49)\n",
    "is_privacy": false
},
{
    "type": "log",
    "source": "class",
    "method": "getFirebaseInstanceId",
    "package_name": "pl.cda",
    "class_name": "com.google.firebase.analytics.FirebaseAnalytics",
    "timestamp": 1728461894677,
    "ref": "com.google.firebase.analytics.FirebaseAnalytics@595bc64",
    "arguments": "{}",
    "stack_trace": "java.lang.Exception\n\tat com.google.firebase.analytics.FirebaseAnalytics.getFirebaseInstanceId(Native Method)\n\tat java.lang.reflect.Method.invoke(Native Method)\n\tat com.google.android.gms.measurement.internal.zzft.zzah(SourceFile:90)\n\tat com.google.android.gms.measurement.internal.zzft.zza(SourceFile:22)\n\tat com.google.android.gms.measurement.internal.zzld.zzc(SourceFile:2)\n\tat com.google.android.gms.measurement.internal.zzld.zza(SourceFile:44)\n\tat com.google.android.gms.measurement.internal.zzjc.zza(SourceFile:278)\n\tat com.google.android.gms.measurement.internal.zzjc.zza(SourceFile:143)\n\tat com.google.android.gms.measurement.internal.zzmv.zzb(SourceFile:132)\n\tat com.google.android.gms.measurement.internal.zzmv.zza(SourceFile:8)\n\tat com.google.android.gms.measurement.internal.zzhm.zza(SourceFile:262)\n\tat com.google.android.gms.measurement.internal.zzhr.run(SourceFile:14)\n\tat java.util.concurrent.Executors$RunnableAdapter.call(Executors.java:487)\n\tat java.util.concurrent.FutureTask.run(FutureTask.java:290)\n\tat com.google.android.gms.measurement.internal.zzhn.run(SourceFile:49)\n",
    "is_privacy": false
},
{
    "type": "log",
    "source": "class",
    "method": "getInstance",
    "package_name": "pl.cda",
    "class_name": "com.google.firebase.analytics.FirebaseAnalytics",
    "timestamp": 1728461894693,
    "ref": "<class: com.google.firebase.analytics.FirebaseAnalytics>",
    "arguments": "{\"0\":\"<instance: android.content.Context, $className: pl.cda.MyApplication>\"}",
    "stack_trace": "java.lang.Exception\n\tat com.google.firebase.analytics.FirebaseAnalytics.getInstance(Native Method)\n\tat java.lang.reflect.Method.invoke(Native Method)\n\tat com.google.android.gms.measurement.internal.zzft.zzah(SourceFile:73)\n\tat com.google.android.gms.measurement.internal.zzft.zza(SourceFile:22)\n\tat com.google.android.gms.measurement.internal.zzld.zzc(SourceFile:2)\n\tat com.google.android.gms.measurement.internal.zzld.zza(SourceFile:14)\n\tat com.google.android.gms.measurement.internal.zzhm.zza(SourceFile:263)\n\tat com.google.android.gms.measurement.internal.zzhr.run(SourceFile:14)\n\tat java.util.concurrent.Executors$RunnableAdapter.call(Executors.java:487)\n\tat java.util.concurrent.FutureTask.run(FutureTask.java:290)\n\tat com.google.android.gms.measurement.internal.zzhn.run(SourceFile:49)\n",
    "is_privacy": false
},
{
    "type": "log",
    "source": "class",
    "method": "getFirebaseInstanceId",
    "package_name": "pl.cda",
    "class_name": "com.google.firebase.analytics.FirebaseAnalytics",
    "timestamp": 1728461894696,
    "ref": "com.google.firebase.analytics.FirebaseAnalytics@595bc64",
    "arguments": "{}",
    "stack_trace": "java.lang.Exception\n\tat com.google.firebase.analytics.FirebaseAnalytics.getFirebaseInstanceId(Native Method)\n\tat java.lang.reflect.Method.invoke(Native Method)\n\tat com.google.android.gms.measurement.internal.zzft.zzah(SourceFile:90)\n\tat com.google.android.gms.measurement.internal.zzft.zza(SourceFile:22)\n\tat com.google.android.gms.measurement.internal.zzld.zzc(SourceFile:2)\n\tat com.google.android.gms.measurement.internal.zzld.zza(SourceFile:14)\n\tat com.google.android.gms.measurement.internal.zzhm.zza(SourceFile:263)\n\tat com.google.android.gms.measurement.internal.zzhr.run(SourceFile:14)\n\tat java.util.concurrent.Executors$RunnableAdapter.call(Executors.java:487)\n\tat java.util.concurrent.FutureTask.run(FutureTask.java:290)\n\tat com.google.android.gms.measurement.internal.zzhn.run(SourceFile:49)\n",
    "is_privacy": false
},
{
    "type": "log",
    "source": "class",
    "method": "getInstance",
    "package_name": "pl.cda",
    "class_name": "com.google.firebase.analytics.FirebaseAnalytics",
    "timestamp": 1728461894713,
    "ref": "<class: com.google.firebase.analytics.FirebaseAnalytics>",
    "arguments": "{\"0\":\"<instance: android.content.Context, $className: pl.cda.MyApplication>\"}",
    "stack_trace": "java.lang.Exception\n\tat com.google.firebase.analytics.FirebaseAnalytics.getInstance(Native Method)\n\tat java.lang.reflect.Method.invoke(Native Method)\n\tat com.google.android.gms.measurement.internal.zzft.zzah(SourceFile:73)\n\tat com.google.android.gms.measurement.internal.zzft.zza(SourceFile:22)\n\tat com.google.android.gms.measurement.internal.zzld.zzc(SourceFile:2)\n\tat com.google.android.gms.measurement.internal.zzld.zza(SourceFile:100)\n\tat com.google.android.gms.measurement.internal.zzhm.zza(SourceFile:265)\n\tat com.google.android.gms.measurement.internal.zzhr.run(SourceFile:14)\n\tat java.util.concurrent.Executors$RunnableAdapter.call(Executors.java:487)\n\tat java.util.concurrent.FutureTask.run(FutureTask.java:290)\n\tat com.google.android.gms.measurement.internal.zzhn.run(SourceFile:49)\n",
    "is_privacy": false
},
{
    "type": "log",
    "source": "class",
    "method": "getFirebaseInstanceId",
    "package_name": "pl.cda",
    "class_name": "com.google.firebase.analytics.FirebaseAnalytics",
    "timestamp": 1728461894716,
    "ref": "com.google.firebase.analytics.FirebaseAnalytics@595bc64",
    "arguments": "{}",
    "stack_trace": "java.lang.Exception\n\tat com.google.firebase.analytics.FirebaseAnalytics.getFirebaseInstanceId(Native Method)\n\tat java.lang.reflect.Method.invoke(Native Method)\n\tat com.google.android.gms.measurement.internal.zzft.zzah(SourceFile:90)\n\tat com.google.android.gms.measurement.internal.zzft.zza(SourceFile:22)\n\tat com.google.android.gms.measurement.internal.zzld.zzc(SourceFile:2)\n\tat com.google.android.gms.measurement.internal.zzld.zza(SourceFile:100)\n\tat com.google.android.gms.measurement.internal.zzhm.zza(SourceFile:265)\n\tat com.google.android.gms.measurement.internal.zzhr.run(SourceFile:14)\n\tat java.util.concurrent.Executors$RunnableAdapter.call(Executors.java:487)\n\tat java.util.concurrent.FutureTask.run(FutureTask.java:290)\n\tat com.google.android.gms.measurement.internal.zzhn.run(SourceFile:49)\n",
    "is_privacy": false
},
{
    "type": "log",
    "source": "class",
    "method": "getInstance",
    "package_name": "pl.cda",
    "class_name": "com.google.firebase.analytics.FirebaseAnalytics",
    "timestamp": 1728461894868,
    "ref": "<class: com.google.firebase.analytics.FirebaseAnalytics>",
    "arguments": "{\"0\":\"<instance: android.content.Context, $className: pl.cda.MyApplication>\"}",
    "stack_trace": "java.lang.Exception\n\tat com.google.firebase.analytics.FirebaseAnalytics.getInstance(Native Method)\n\tat java.lang.reflect.Method.invoke(Native Method)\n\tat com.google.android.gms.measurement.internal.zzft.zzah(SourceFile:73)\n\tat com.google.android.gms.measurement.internal.zzft.zza(SourceFile:22)\n\tat com.google.android.gms.measurement.internal.zzld.zzc(SourceFile:2)\n\tat com.google.android.gms.measurement.internal.zzld.zza(SourceFile:44)\n\tat com.google.android.gms.measurement.internal.zzjc.zza(SourceFile:278)\n\tat com.google.android.gms.measurement.internal.zzjc.zza(SourceFile:143)\n\tat com.google.android.gms.measurement.internal.zzky.zza(SourceFile:47)\n\tat com.google.android.gms.measurement.internal.zzky.zza(Unknown Source:6)\n\tat com.google.android.gms.measurement.internal.zzla.run(Unknown Source:11)\n\tat java.util.concurrent.Executors$RunnableAdapter.call(Executors.java:487)\n\tat java.util.concurrent.FutureTask.run(FutureTask.java:290)\n\tat com.google.android.gms.measurement.internal.zzhn.run(SourceFile:49)\n",
    "is_privacy": false
},
{
    "type": "log",
    "source": "class",
    "method": "getFirebaseInstanceId",
    "package_name": "pl.cda",
    "class_name": "com.google.firebase.analytics.FirebaseAnalytics",
    "timestamp": 1728461894874,
    "ref": "com.google.firebase.analytics.FirebaseAnalytics@595bc64",
    "arguments": "{}",
    "stack_trace": "java.lang.Exception\n\tat com.google.firebase.analytics.FirebaseAnalytics.getFirebaseInstanceId(Native Method)\n\tat java.lang.reflect.Method.invoke(Native Method)\n\tat com.google.android.gms.measurement.internal.zzft.zzah(SourceFile:90)\n\tat com.google.android.gms.measurement.internal.zzft.zza(SourceFile:22)\n\tat com.google.android.gms.measurement.internal.zzld.zzc(SourceFile:2)\n\tat com.google.android.gms.measurement.internal.zzld.zza(SourceFile:44)\n\tat com.google.android.gms.measurement.internal.zzjc.zza(SourceFile:278)\n\tat com.google.android.gms.measurement.internal.zzjc.zza(SourceFile:143)\n\tat com.google.android.gms.measurement.internal.zzky.zza(SourceFile:47)\n\tat com.google.android.gms.measurement.internal.zzky.zza(Unknown Source:6)\n\tat com.google.android.gms.measurement.internal.zzla.run(Unknown Source:11)\n\tat java.util.concurrent.Executors$RunnableAdapter.call(Executors.java:487)\n\tat java.util.concurrent.FutureTask.run(FutureTask.java:290)\n\tat com.google.android.gms.measurement.internal.zzhn.run(SourceFile:49)\n",
    "is_privacy": false
},
{
    "type": "log",
    "source": "class",
    "method": "getInstance",
    "package_name": "pl.cda",
    "class_name": "com.google.firebase.analytics.FirebaseAnalytics",
    "timestamp": 1728461897145,
    "ref": "<class: com.google.firebase.analytics.FirebaseAnalytics>",
    "arguments": "{\"0\":\"<instance: android.content.Context, $className: pl.cda.MyApplication>\"}",
    "stack_trace": "java.lang.Exception\n\tat com.google.firebase.analytics.FirebaseAnalytics.getInstance(Native Method)\n\tat java.lang.reflect.Method.invoke(Native Method)\n\tat com.google.android.gms.measurement.internal.zzft.zzah(SourceFile:73)\n\tat com.google.android.gms.measurement.internal.zzft.zza(SourceFile:22)\n\tat com.google.android.gms.measurement.internal.zzld.zzc(SourceFile:2)\n\tat com.google.android.gms.measurement.internal.zzld.zza(SourceFile:44)\n\tat com.google.android.gms.measurement.internal.zzjc.zza(SourceFile:278)\n\tat com.google.android.gms.measurement.internal.zzjc.zza(SourceFile:143)\n\tat com.google.android.gms.measurement.internal.zzjc.zzc(SourceFile:3)\n\tat com.google.android.gms.measurement.internal.zzmt.zza(SourceFile:26)\n\tat com.google.android.gms.measurement.internal.zzmn.zza(SourceFile:10)\n\tat com.google.android.gms.measurement.internal.zzky.zza(SourceFile:70)\n\tat com.google.android.gms.measurement.internal.zzky.zza(Unknown Source:1)\n\tat com.google.android.gms.measurement.internal.zzlb.run(SourceFile:8)\n\tat java.util.concurrent.Executors$RunnableAdapter.call(Executors.java:487)\n\tat java.util.concurrent.FutureTask.run(FutureTask.java:290)\n\tat com.google.android.gms.measurement.internal.zzhn.run(SourceFile:49)\n",
    "is_privacy": false
},
{
    "type": "log",
    "source": "class",
    "method": "getFirebaseInstanceId",
    "package_name": "pl.cda",
    "class_name": "com.google.firebase.analytics.FirebaseAnalytics",
    "timestamp": 1728461897148,
    "ref": "com.google.firebase.analytics.FirebaseAnalytics@595bc64",
    "arguments": "{}",
    "stack_trace": "java.lang.Exception\n\tat com.google.firebase.analytics.FirebaseAnalytics.getFirebaseInstanceId(Native Method)\n\tat java.lang.reflect.Method.invoke(Native Method)\n\tat com.google.android.gms.measurement.internal.zzft.zzah(SourceFile:90)\n\tat com.google.android.gms.measurement.internal.zzft.zza(SourceFile:22)\n\tat com.google.android.gms.measurement.internal.zzld.zzc(SourceFile:2)\n\tat com.google.android.gms.measurement.internal.zzld.zza(SourceFile:44)\n\tat com.google.android.gms.measurement.internal.zzjc.zza(SourceFile:278)\n\tat com.google.android.gms.measurement.internal.zzjc.zza(SourceFile:143)\n\tat com.google.android.gms.measurement.internal.zzjc.zzc(SourceFile:3)\n\tat com.google.android.gms.measurement.internal.zzmt.zza(SourceFile:26)\n\tat com.google.android.gms.measurement.internal.zzmn.zza(SourceFile:10)\n\tat com.google.android.gms.measurement.internal.zzky.zza(SourceFile:70)\n\tat com.google.android.gms.measurement.internal.zzky.zza(Unknown Source:1)\n\tat com.google.android.gms.measurement.internal.zzlb.run(SourceFile:8)\n\tat java.util.concurrent.Executors$RunnableAdapter.call(Executors.java:487)\n\tat java.util.concurrent.FutureTask.run(FutureTask.java:290)\n\tat com.google.android.gms.measurement.internal.zzhn.run(SourceFile:49)\n",
    "is_privacy": false
},
{
    "type": "log",
    "source": "class",
    "method": "getInstance",
    "package_name": "pl.cda",
    "class_name": "com.google.firebase.analytics.FirebaseAnalytics",
    "timestamp": 1728461897266,
    "ref": "<class: com.google.firebase.analytics.FirebaseAnalytics>",
    "arguments": "{\"0\":\"<instance: android.content.Context, $className: pl.cda.MyApplication>\"}",
    "stack_trace": "java.lang.Exception\n\tat com.google.firebase.analytics.FirebaseAnalytics.getInstance(Native Method)\n\tat java.lang.reflect.Method.invoke(Native Method)\n\tat com.google.android.gms.measurement.internal.zzft.zzah(SourceFile:73)\n\tat com.google.android.gms.measurement.internal.zzft.zza(SourceFile:22)\n\tat com.google.android.gms.measurement.internal.zzld.zzc(SourceFile:2)\n\tat com.google.android.gms.measurement.internal.zzld.zza(SourceFile:44)\n\tat com.google.android.gms.measurement.internal.zzjc.zza(SourceFile:278)\n\tat com.google.android.gms.measurement.internal.zzjc.zza(SourceFile:143)\n\tat com.google.android.gms.measurement.internal.zzky.zza(SourceFile:47)\n\tat com.google.android.gms.measurement.internal.zzky.zza(Unknown Source:6)\n\tat com.google.android.gms.measurement.internal.zzla.run(Unknown Source:11)\n\tat java.util.concurrent.Executors$RunnableAdapter.call(Executors.java:487)\n\tat java.util.concurrent.FutureTask.run(FutureTask.java:290)\n\tat com.google.android.gms.measurement.internal.zzhn.run(SourceFile:49)\n",
    "is_privacy": false
},
{
    "type": "log",
    "source": "class",
    "method": "getFirebaseInstanceId",
    "package_name": "pl.cda",
    "class_name": "com.google.firebase.analytics.FirebaseAnalytics",
    "timestamp": 1728461897291,
    "ref": "com.google.firebase.analytics.FirebaseAnalytics@595bc64",
    "arguments": "{}",
    "stack_trace": "java.lang.Exception\n\tat com.google.firebase.analytics.FirebaseAnalytics.getFirebaseInstanceId(Native Method)\n\tat java.lang.reflect.Method.invoke(Native Method)\n\tat com.google.android.gms.measurement.internal.zzft.zzah(SourceFile:90)\n\tat com.google.android.gms.measurement.internal.zzft.zza(SourceFile:22)\n\tat com.google.android.gms.measurement.internal.zzld.zzc(SourceFile:2)\n\tat com.google.android.gms.measurement.internal.zzld.zza(SourceFile:44)\n\tat com.google.android.gms.measurement.internal.zzjc.zza(SourceFile:278)\n\tat com.google.android.gms.measurement.internal.zzjc.zza(SourceFile:143)\n\tat com.google.android.gms.measurement.internal.zzky.zza(SourceFile:47)\n\tat com.google.android.gms.measurement.internal.zzky.zza(Unknown Source:6)\n\tat com.google.android.gms.measurement.internal.zzla.run(Unknown Source:11)\n\tat java.util.concurrent.Executors$RunnableAdapter.call(Executors.java:487)\n\tat java.util.concurrent.FutureTask.run(FutureTask.java:290)\n\tat com.google.android.gms.measurement.internal.zzhn.run(SourceFile:49)\n",
    "is_privacy": false
},
{
    "type": "log",
    "source": "class",
    "method": "getInstance",
    "package_name": "pl.cda",
    "class_name": "com.google.firebase.analytics.FirebaseAnalytics",
    "timestamp": 1728461903028,
    "ref": "<class: com.google.firebase.analytics.FirebaseAnalytics>",
    "arguments": "{\"0\":\"<instance: android.content.Context, $className: pl.cda.MyApplication>\"}",
    "stack_trace": "java.lang.Exception\n\tat com.google.firebase.analytics.FirebaseAnalytics.getInstance(Native Method)\n\tat java.lang.reflect.Method.invoke(Native Method)\n\tat com.google.android.gms.measurement.internal.zzft.zzah(SourceFile:73)\n\tat com.google.android.gms.measurement.internal.zzft.zza(SourceFile:22)\n\tat com.google.android.gms.measurement.internal.zzld.zzc(SourceFile:2)\n\tat com.google.android.gms.measurement.internal.zzld.zza(SourceFile:44)\n\tat com.google.android.gms.measurement.internal.zzjc.zza(SourceFile:278)\n\tat com.google.android.gms.measurement.internal.zzjc.zza(SourceFile:143)\n\tat com.google.android.gms.measurement.internal.zzjc.zzc(SourceFile:3)\n\tat com.google.android.gms.measurement.internal.zzmt.zza(SourceFile:26)\n\tat com.google.android.gms.measurement.internal.zzmn.zza(SourceFile:10)\n\tat com.google.android.gms.measurement.internal.zzky.zza(SourceFile:70)\n\tat com.google.android.gms.measurement.internal.zzky.zza(Unknown Source:1)\n\tat com.google.android.gms.measurement.internal.zzlb.run(SourceFile:8)\n\tat java.util.concurrent.Executors$RunnableAdapter.call(Executors.java:487)\n\tat java.util.concurrent.FutureTask.run(FutureTask.java:290)\n\tat com.google.android.gms.measurement.internal.zzhn.run(SourceFile:49)\n",
    "is_privacy": false
},
{
    "type": "log",
    "source": "class",
    "method": "getFirebaseInstanceId",
    "package_name": "pl.cda",
    "class_name": "com.google.firebase.analytics.FirebaseAnalytics",
    "timestamp": 1728461903041,
    "ref": "com.google.firebase.analytics.FirebaseAnalytics@595bc64",
    "arguments": "{}",
    "stack_trace": "java.lang.Exception\n\tat com.google.firebase.analytics.FirebaseAnalytics.getFirebaseInstanceId(Native Method)\n\tat java.lang.reflect.Method.invoke(Native Method)\n\tat com.google.android.gms.measurement.internal.zzft.zzah(SourceFile:90)\n\tat com.google.android.gms.measurement.internal.zzft.zza(SourceFile:22)\n\tat com.google.android.gms.measurement.internal.zzld.zzc(SourceFile:2)\n\tat com.google.android.gms.measurement.internal.zzld.zza(SourceFile:44)\n\tat com.google.android.gms.measurement.internal.zzjc.zza(SourceFile:278)\n\tat com.google.android.gms.measurement.internal.zzjc.zza(SourceFile:143)\n\tat com.google.android.gms.measurement.internal.zzjc.zzc(SourceFile:3)\n\tat com.google.android.gms.measurement.internal.zzmt.zza(SourceFile:26)\n\tat com.google.android.gms.measurement.internal.zzmn.zza(SourceFile:10)\n\tat com.google.android.gms.measurement.internal.zzky.zza(SourceFile:70)\n\tat com.google.android.gms.measurement.internal.zzky.zza(Unknown Source:1)\n\tat com.google.android.gms.measurement.internal.zzlb.run(SourceFile:8)\n\tat java.util.concurrent.Executors$RunnableAdapter.call(Executors.java:487)\n\tat java.util.concurrent.FutureTask.run(FutureTask.java:290)\n\tat com.google.android.gms.measurement.internal.zzhn.run(SourceFile:49)\n",
    "is_privacy": false
},
{
    "type": "log",
    "source": "class",
    "method": "getInstance",
    "package_name": "pl.cda",
    "class_name": "com.google.firebase.analytics.FirebaseAnalytics",
    "timestamp": 1728461903549,
    "ref": "<class: com.google.firebase.analytics.FirebaseAnalytics>",
    "arguments": "{\"0\":\"<instance: android.content.Context, $className: pl.cda.MyApplication>\"}",
    "stack_trace": "java.lang.Exception\n\tat com.google.firebase.analytics.FirebaseAnalytics.getInstance(Native Method)\n\tat java.lang.reflect.Method.invoke(Native Method)\n\tat com.google.android.gms.measurement.internal.zzft.zzah(SourceFile:73)\n\tat com.google.android.gms.measurement.internal.zzft.zza(SourceFile:22)\n\tat com.google.android.gms.measurement.internal.zzld.zzc(SourceFile:2)\n\tat com.google.android.gms.measurement.internal.zzld.zza(SourceFile:44)\n\tat com.google.android.gms.measurement.internal.zzjc.zza(SourceFile:278)\n\tat com.google.android.gms.measurement.internal.zzjc.zza(SourceFile:143)\n\tat com.google.android.gms.measurement.internal.zzky.zza(SourceFile:47)\n\tat com.google.android.gms.measurement.internal.zzky.zza(Unknown Source:6)\n\tat com.google.android.gms.measurement.internal.zzla.run(Unknown Source:11)\n\tat java.util.concurrent.Executors$RunnableAdapter.call(Executors.java:487)\n\tat java.util.concurrent.FutureTask.run(FutureTask.java:290)\n\tat com.google.android.gms.measurement.internal.zzhn.run(SourceFile:49)\n",
    "is_privacy": false
},
{
    "type": "log",
    "source": "class",
    "method": "getFirebaseInstanceId",
    "package_name": "pl.cda",
    "class_name": "com.google.firebase.analytics.FirebaseAnalytics",
    "timestamp": 1728461903553,
    "ref": "com.google.firebase.analytics.FirebaseAnalytics@595bc64",
    "arguments": "{}",
    "stack_trace": "java.lang.Exception\n\tat com.google.firebase.analytics.FirebaseAnalytics.getFirebaseInstanceId(Native Method)\n\tat java.lang.reflect.Method.invoke(Native Method)\n\tat com.google.android.gms.measurement.internal.zzft.zzah(SourceFile:90)\n\tat com.google.android.gms.measurement.internal.zzft.zza(SourceFile:22)\n\tat com.google.android.gms.measurement.internal.zzld.zzc(SourceFile:2)\n\tat com.google.android.gms.measurement.internal.zzld.zza(SourceFile:44)\n\tat com.google.android.gms.measurement.internal.zzjc.zza(SourceFile:278)\n\tat com.google.android.gms.measurement.internal.zzjc.zza(SourceFile:143)\n\tat com.google.android.gms.measurement.internal.zzky.zza(SourceFile:47)\n\tat com.google.android.gms.measurement.internal.zzky.zza(Unknown Source:6)\n\tat com.google.android.gms.measurement.internal.zzla.run(Unknown Source:11)\n\tat java.util.concurrent.Executors$RunnableAdapter.call(Executors.java:487)\n\tat java.util.concurrent.FutureTask.run(FutureTask.java:290)\n\tat com.google.android.gms.measurement.internal.zzhn.run(SourceFile:49)\n",
    "is_privacy": false
},
