------------------------2024-10-09 03:55:46.577249
  TAG:Get Package Name Failed
  Error:apk:/Volumes/Yorca_T7/apks_new/extracted, Command '['aapt', 'dump', 'badging', '/Volumes/Yorca_T7/apks_new/extracted']' returned non-zero exit status 1.
------------------------2024-10-09 04:19:29.347143
  TAG:Get Package Name Failed
  Error:apk:/Volumes/YorcaDisk/class_apks/Duolingo_LanguageLessons_6.1.3_APKPure.xapk, Command '['aapt', 'dump', 'badging', '/Volumes/YorcaDisk/class_apks/Duolingo_LanguageLessons_6.1.3_APKPure.xapk']' returned non-zero exit status 1.
------------------------2024-10-09 04:25:06.551771
  TAG:Get Package Name Failed
  Error:apk:/Volumes/YorcaDisk/class_apks/CallApp_CallerID&Block_2.199_APKPure.xapk, Command '['aapt', 'dump', 'badging', '/Volumes/YorcaDisk/class_apks/CallApp_CallerID&Block_2.199_APKPure.xapk']' returned non-zero exit status 1.
------------------------2024-10-09 04:25:06.604704
  TAG:Get Package Name Failed
  Error:apk:/Volumes/YorcaDisk/class_apks/Botim-VideoandVoiceCall_3.21.2_APKPure.xapk, Command '['aapt', 'dump', 'badging', '/Volumes/YorcaDisk/class_apks/Botim-VideoandVoiceCall_3.21.2_APKPure.xapk']' returned non-zero exit status 1.
------------------------2024-10-09 04:28:22.563175
  TAG:Running Error
  Error:pkg:com.instagram.android, unexpectedly timed out while waiting for app to launch
------------------------2024-10-09 04:30:03.153754
  TAG:Get Package Name Failed
  Error:apk:/Volumes/YorcaDisk/class_apks/GooglePlayservices_24.37.34(040400-679256246)_apkcombo.com.apk, Command '['aapt', 'dump', 'badging', '/Volumes/YorcaDisk/class_apks/GooglePlayservices_24.37.34(040400-679256246)_apkcombo.com.apk']' returned non-zero exit status 1.
------------------------2024-10-09 04:30:03.215816
  TAG:Get Package Name Failed
  Error:apk:/Volumes/YorcaDisk/class_apks/PLAYit-ANewAll-in-OneVideoPlayer_2.7.26.12_APKPure.xapk, Command '['aapt', 'dump', 'badging', '/Volumes/YorcaDisk/class_apks/PLAYit-ANewAll-in-OneVideoPlayer_2.7.26.12_APKPure.xapk']' returned non-zero exit status 1.
------------------------2024-10-09 04:30:07.731224
  TAG:Get Package Name Failed
  Error:apk:/Volumes/YorcaDisk/class_apks/PhoneManager_15.9.1_apkcombo.com.apk, Command '['aapt', 'dump', 'badging', '/Volumes/YorcaDisk/class_apks/PhoneManager_15.9.1_apkcombo.com.apk']' returned non-zero exit status 1.
------------------------2024-10-09 04:33:09.206271
  TAG:Get Package Name Failed
  Error:apk:/Volumes/YorcaDisk/class_apks/PlutoTV_WatchFreeMovies_TV_5.47.1-leanback_APKPure.xapk, Command '['aapt', 'dump', 'badging', '/Volumes/YorcaDisk/class_apks/PlutoTV_WatchFreeMovies_TV_5.47.1-leanback_APKPure.xapk']' returned non-zero exit status 1.
------------------------2024-10-09 04:36:06.890881
  TAG:Get Package Name Failed
  Error:apk:/Volumes/YorcaDisk/class_apks/BeSoccer-SoccerLiveScore_5.5.3_APKPure.xapk, Command '['aapt', 'dump', 'badging', '/Volumes/YorcaDisk/class_apks/BeSoccer-SoccerLiveScore_5.5.3_APKPure.xapk']' returned non-zero exit status 1.
------------------------2024-10-09 04:39:30.548195
  TAG:Running Error
  Error:pkg:com.fundevs.app.mediaconverter, unexpectedly timed out while waiting for app to launch
------------------------2024-10-09 04:40:23.334494
  TAG:Get Package Name Failed
  Error:apk:/Volumes/YorcaDisk/class_apks/BuildAQueen_4.1_apkcombo.com.xapk, Command '['aapt', 'dump', 'badging', '/Volumes/YorcaDisk/class_apks/BuildAQueen_4.1_apkcombo.com.xapk']' returned non-zero exit status 1.
------------------------2024-10-09 04:40:23.380458
  TAG:Get Package Name Failed
  Error:apk:/Volumes/YorcaDisk/class_apks/Viki_AsianDramas&Movies_24.9.0_APKPure.xapk, Command '['aapt', 'dump', 'badging', '/Volumes/YorcaDisk/class_apks/Viki_AsianDramas&Movies_24.9.0_APKPure.xapk']' returned non-zero exit status 1.
------------------------2024-10-29 17:19:21.212820
  TAG:Get Package Name Failed
  Error:apk:test/.DS_Store, Command '['aapt', 'dump', 'badging', 'test/.DS_Store']' returned non-zero exit status 1.
------------------------2024-10-29 17:22:32.316926
  TAG:Running Error
  Error:pkg:com.sdkint.applovinfacebook2, need Gadget to attach on jailed Android; its default location is: /Users/yorca/.cache/frida/gadget-android-arm64.so
------------------------2024-10-29 17:24:48.715871
  TAG:Running Error
  Error:pkg:com.sdkint.applovinfacebook2, need Gadget to attach on jailed Android; its default location is: /Users/yorca/.cache/frida/gadget-android-arm64.so
------------------------2024-10-29 17:29:33.519149
  TAG:Running Error
  Error:pkg:com.sdkint.applovinfacebook2, need Gadget to attach on jailed Android; its default location is: /Users/yorca/.cache/frida/gadget-android-arm64.so
------------------------2024-10-29 17:30:32.204422
  TAG:Running Error
  Error:pkg:com.sdkint.applovinfacebook2, need Gadget to attach on jailed Android; its default location is: /Users/yorca/.cache/frida/gadget-android-arm64.so
------------------------2024-10-29 17:31:01.099330
  TAG:Running Error
  Error:pkg:com.sdkint.applovinfacebook2, need Gadget to attach on jailed Android; its default location is: /Users/yorca/.cache/frida/gadget-android-arm64.so
------------------------2024-10-29 17:32:55.371206
  TAG:Running Error
  Error:pkg:com.sdkint.applovinfacebook2, unexpectedly timed out while waiting for signal from process with PID 1398
------------------------2024-10-29 17:33:12.596086
  TAG:Running Error
  Error:pkg:com.sdkint.applovinfacebook2, unexpectedly timed out while waiting for signal from process with PID 1398
------------------------2024-10-29 17:52:57.660122
  TAG:Running Error
  Error:pkg:com.lemon.lvoverseas, unable to find application with identifier 'com.lemon.lvoverseas'
------------------------2024-11-04 13:14:37.895062
  TAG:Running Error
  Error:pkg:com.sdkint.applovinfacebook2, unexpectedly timed out while waiting for signal from process with PID 20694
------------------------2024-11-04 13:16:32.855988
  TAG:Running Error
  Error:pkg:com.sdkint.applovinfacebook2, unexpectedly timed out while waiting for signal from process with PID 20694
------------------------2024-11-04 13:17:39.820854
  TAG:Running Error
  Error:pkg:com.sdkint.applovinfacebook2, unexpectedly timed out while waiting for signal from process with PID 20694
------------------------2024-11-04 13:18:44.174817
  TAG:Running Error
  Error:pkg:com.sdkint.applovinfacebook2, unexpectedly timed out while waiting for signal from process with PID 20694
------------------------2024-11-04 13:19:56.362705
  TAG:Running Error
  Error:pkg:com.sdkint.applovinfacebook2, process with pid 8858 either refused to load frida-agent, or terminated during injection
------------------------2024-11-04 14:51:38.209897
  TAG:Get Package Name Failed
  Error:apk:/Users/yorca/Downloads/test/Free Fire_1.107.0_APKPure.xapk, Command '['aapt', 'dump', 'badging', '/Users/yorca/Downloads/test/Free Fire_1.107.0_APKPure.xapk']' returned non-zero exit status 1.
------------------------2024-11-04 14:52:19.630697
  TAG:Get Package Name Failed
  Error:apk:/Users/yorca/Downloads/test/Free Fire_1.107.0_APKPure.xapk, Command '['aapt', 'dump', 'badging', '/Users/yorca/Downloads/test/Free Fire_1.107.0_APKPure.xapk']' returned non-zero exit status 1.
------------------------2024-11-04 14:53:27.590814
  TAG:Get Package Name Failed
  Error:apk:/Users/yorca/Downloads/test/Free Fire_1.107.0_APKPure.xapk, Command '['aapt', 'dump', 'badging', '/Users/yorca/Downloads/test/Free Fire_1.107.0_APKPure.xapk']' returned non-zero exit status 1.
------------------------2024-11-04 15:27:12.477562
  TAG:Get Package Name Failed
  Error:apk:/Users/yorca/Downloads/test/Free Fire_1.107.0_APKPure.xapk, Command '['aapt', 'dump', 'badging', '/Users/yorca/Downloads/test/Free Fire_1.107.0_APKPure.xapk']' returned non-zero exit status 1.
------------------------2024-11-04 15:28:01.598092
  TAG:Get Package Name Failed
  Error:apk:/Users/yorca/Downloads/test/Free Fire_1.107.0_APKPure.xapk, Command '['aapt', 'dump', 'badging', '/Users/yorca/Downloads/test/Free Fire_1.107.0_APKPure.xapk']' returned non-zero exit status 1.
------------------------2024-11-04 15:28:54.605480
  TAG:Get Package Name Failed
  Error:apk:/Users/yorca/Downloads/test/Free Fire_1.107.0_APKPure.xapk, Command '['aapt', 'dump', 'badging', '/Users/yorca/Downloads/test/Free Fire_1.107.0_APKPure.xapk']' returned non-zero exit status 1.
------------------------2024-11-04 15:34:07.074355
  TAG:Get Package Name Failed
  Error:apk:com.dts.freefireth.apk, Command '['aapt', 'dump', 'badging', 'com.dts.freefireth.apk']' returned non-zero exit status 1.
------------------------2024-11-04 15:34:07.088402
  TAG:Get Package Name Failed
  Error:apk:icon.png, Command '['aapt', 'dump', 'badging', 'icon.png']' returned non-zero exit status 1.
------------------------2024-11-04 15:34:07.099569
  TAG:Get Package Name Failed
  Error:apk:Android/obb/com.dts.freefireth/main.2019117716.com.dts.freefireth.obb, Command '['aapt', 'dump', 'badging', 'Android/obb/com.dts.freefireth/main.2019117716.com.dts.freefireth.obb']' returned non-zero exit status 1.
------------------------2024-11-04 15:34:07.110220
  TAG:Get Package Name Failed
  Error:apk:manifest.json, Command '['aapt', 'dump', 'badging', 'manifest.json']' returned non-zero exit status 1.
------------------------2024-11-04 15:34:56.738881
  TAG:Get Package Name Failed
  Error:apk:com.dts.freefireth.apk, Command '['aapt', 'dump', 'badging', 'com.dts.freefireth.apk']' returned non-zero exit status 1.
------------------------2024-11-04 15:34:56.753076
  TAG:Get Package Name Failed
  Error:apk:icon.png, Command '['aapt', 'dump', 'badging', 'icon.png']' returned non-zero exit status 1.
------------------------2024-11-04 15:34:56.764095
  TAG:Get Package Name Failed
  Error:apk:Android/obb/com.dts.freefireth/main.2019117716.com.dts.freefireth.obb, Command '['aapt', 'dump', 'badging', 'Android/obb/com.dts.freefireth/main.2019117716.com.dts.freefireth.obb']' returned non-zero exit status 1.
------------------------2024-11-04 15:34:56.774591
  TAG:Get Package Name Failed
  Error:apk:manifest.json, Command '['aapt', 'dump', 'badging', 'manifest.json']' returned non-zero exit status 1.
------------------------2024-11-04 15:42:23.103153
  TAG:Get Package Name Failed
  Error:apk:com.dts.freefireth.apk, Command '['aapt', 'dump', 'badging', 'com.dts.freefireth.apk']' returned non-zero exit status 1.
------------------------2024-11-04 15:42:23.119372
  TAG:Get Package Name Failed
  Error:apk:icon.png, Command '['aapt', 'dump', 'badging', 'icon.png']' returned non-zero exit status 1.
------------------------2024-11-04 15:42:23.130410
  TAG:Get Package Name Failed
  Error:apk:Android/obb/com.dts.freefireth/main.2019117716.com.dts.freefireth.obb, Command '['aapt', 'dump', 'badging', 'Android/obb/com.dts.freefireth/main.2019117716.com.dts.freefireth.obb']' returned non-zero exit status 1.
------------------------2024-11-04 15:42:23.141382
  TAG:Get Package Name Failed
  Error:apk:manifest.json, Command '['aapt', 'dump', 'badging', 'manifest.json']' returned non-zero exit status 1.
------------------------2024-11-04 15:42:39.543305
  TAG:Get Package Name Failed
  Error:apk:com.android.chrome.apk, Command '['aapt', 'dump', 'badging', 'com.android.chrome.apk']' returned non-zero exit status 1.
------------------------2024-11-04 15:42:39.556510
  TAG:Get Package Name Failed
  Error:apk:icon.png, Command '['aapt', 'dump', 'badging', 'icon.png']' returned non-zero exit status 1.
------------------------2024-11-04 15:42:39.568886
  TAG:Get Package Name Failed
  Error:apk:config.en.apk, Command '['aapt', 'dump', 'badging', 'config.en.apk']' returned non-zero exit status 1.
------------------------2024-11-04 15:42:39.579682
  TAG:Get Package Name Failed
  Error:apk:auxiliary_search.apk, Command '['aapt', 'dump', 'badging', 'auxiliary_search.apk']' returned non-zero exit status 1.
------------------------2024-11-04 15:42:39.590483
  TAG:Get Package Name Failed
  Error:apk:cablev2_authenticator.apk, Command '['aapt', 'dump', 'badging', 'cablev2_authenticator.apk']' returned non-zero exit status 1.
------------------------2024-11-04 15:42:39.601087
  TAG:Get Package Name Failed
  Error:apk:chrome.apk, Command '['aapt', 'dump', 'badging', 'chrome.apk']' returned non-zero exit status 1.
------------------------2024-11-04 15:42:39.612164
  TAG:Get Package Name Failed
  Error:apk:feedv2.apk, Command '['aapt', 'dump', 'badging', 'feedv2.apk']' returned non-zero exit status 1.
------------------------2024-11-04 15:42:39.622982
  TAG:Get Package Name Failed
  Error:apk:read_aloud_playback.apk, Command '['aapt', 'dump', 'badging', 'read_aloud_playback.apk']' returned non-zero exit status 1.
------------------------2024-11-04 15:42:39.633675
  TAG:Get Package Name Failed
  Error:apk:survey.apk, Command '['aapt', 'dump', 'badging', 'survey.apk']' returned non-zero exit status 1.
------------------------2024-11-04 15:42:39.644245
  TAG:Get Package Name Failed
  Error:apk:manifest.json, Command '['aapt', 'dump', 'badging', 'manifest.json']' returned non-zero exit status 1.
------------------------2024-11-04 15:46:14.903429
  TAG:Get Package Name Failed
  Error:apk:com.dts.freefireth.apk, Command '['aapt', 'dump', 'badging', 'com.dts.freefireth.apk']' returned non-zero exit status 1.
------------------------2024-11-04 15:46:14.915862
  TAG:Get Package Name Failed
  Error:apk:icon.png, Command '['aapt', 'dump', 'badging', 'icon.png']' returned non-zero exit status 1.
------------------------2024-11-04 15:46:14.932127
  TAG:Get Package Name Failed
  Error:apk:Android/obb/com.dts.freefireth/main.2019117716.com.dts.freefireth.obb, Command '['aapt', 'dump', 'badging', 'Android/obb/com.dts.freefireth/main.2019117716.com.dts.freefireth.obb']' returned non-zero exit status 1.
------------------------2024-11-04 15:46:14.943484
  TAG:Get Package Name Failed
  Error:apk:manifest.json, Command '['aapt', 'dump', 'badging', 'manifest.json']' returned non-zero exit status 1.
------------------------2024-11-04 15:46:31.139084
  TAG:Get Package Name Failed
  Error:apk:com.android.chrome.apk, Command '['aapt', 'dump', 'badging', 'com.android.chrome.apk']' returned non-zero exit status 1.
------------------------2024-11-04 15:46:31.151321
  TAG:Get Package Name Failed
  Error:apk:icon.png, Command '['aapt', 'dump', 'badging', 'icon.png']' returned non-zero exit status 1.
------------------------2024-11-04 15:46:31.162275
  TAG:Get Package Name Failed
  Error:apk:config.en.apk, Command '['aapt', 'dump', 'badging', 'config.en.apk']' returned non-zero exit status 1.
------------------------2024-11-04 15:46:31.174140
  TAG:Get Package Name Failed
  Error:apk:auxiliary_search.apk, Command '['aapt', 'dump', 'badging', 'auxiliary_search.apk']' returned non-zero exit status 1.
------------------------2024-11-04 15:46:31.184954
  TAG:Get Package Name Failed
  Error:apk:cablev2_authenticator.apk, Command '['aapt', 'dump', 'badging', 'cablev2_authenticator.apk']' returned non-zero exit status 1.
------------------------2024-11-04 15:46:31.195803
  TAG:Get Package Name Failed
  Error:apk:chrome.apk, Command '['aapt', 'dump', 'badging', 'chrome.apk']' returned non-zero exit status 1.
------------------------2024-11-04 15:46:31.207071
  TAG:Get Package Name Failed
  Error:apk:feedv2.apk, Command '['aapt', 'dump', 'badging', 'feedv2.apk']' returned non-zero exit status 1.
------------------------2024-11-04 15:46:31.218482
  TAG:Get Package Name Failed
  Error:apk:read_aloud_playback.apk, Command '['aapt', 'dump', 'badging', 'read_aloud_playback.apk']' returned non-zero exit status 1.
------------------------2024-11-04 15:46:31.229266
  TAG:Get Package Name Failed
  Error:apk:survey.apk, Command '['aapt', 'dump', 'badging', 'survey.apk']' returned non-zero exit status 1.
------------------------2024-11-04 15:46:31.240214
  TAG:Get Package Name Failed
  Error:apk:manifest.json, Command '['aapt', 'dump', 'badging', 'manifest.json']' returned non-zero exit status 1.
------------------------2024-11-05 14:49:05.360662
  TAG:Running Error
  Error:pkg:advanced.scientific.calculator.calc991.plus, unexpectedly timed out while waiting for signal from process with PID 14808
------------------------2024-11-05 14:52:50.378200
  TAG:Running Error
  Error:pkg:advanced.scientific.calculator.calc991.plus, unexpectedly timed out while waiting for signal from process with PID 14808
------------------------2024-11-05 14:52:56.396197
  TAG:Running Error
  Error:pkg:ae.propertyfinder.propertyfinder, unexpectedly timed out while waiting for signal from process with PID 14808
------------------------2024-11-05 15:00:15.365880
  TAG:Running Error
  Error:pkg:advanced.scientific.calculator.calc991.plus, unexpectedly timed out while waiting for signal from process with PID 14808
------------------------2024-11-05 15:01:31.570117
  TAG:Running Error
  Error:pkg:advanced.scientific.calculator.calc991.plus, unexpectedly timed out while waiting for signal from process with PID 14808
------------------------2024-11-05 15:01:38.489519
  TAG:Running Error
  Error:pkg:ae.propertyfinder.propertyfinder, unexpectedly timed out while waiting for signal from process with PID 14808
------------------------2024-11-05 15:01:45.642873
  TAG:Running Error
  Error:pkg:aesthetic.wallpaper, unexpectedly timed out while waiting for signal from process with PID 14808
------------------------2024-11-05 15:01:52.563683
  TAG:Running Error
  Error:pkg:ai.aiart.aiartgenerator.creart, unexpectedly timed out while waiting for signal from process with PID 14808
------------------------2024-11-05 15:02:02.510235
  TAG:Running Error
  Error:pkg:ai.art.generator.paint.draw.photo, unexpectedly timed out while waiting for signal from process with PID 14808
------------------------2024-11-05 15:02:09.502302
  TAG:Running Error
  Error:pkg:ai.casanova.datingcopilot, unexpectedly timed out while waiting for signal from process with PID 14808
------------------------2024-11-05 15:02:16.526207
  TAG:Running Error
  Error:pkg:ai.character, unexpectedly timed out while waiting for signal from process with PID 14808
------------------------2024-11-05 15:02:23.639118
  TAG:Running Error
  Error:pkg:ai.chat.gpt.bot, unexpectedly timed out while waiting for signal from process with PID 14808
------------------------2024-11-05 15:02:31.611129
  TAG:Running Error
  Error:pkg:ai.easy.puzzle.word.cryptogram.free, unexpectedly timed out while waiting for signal from process with PID 14808
------------------------2024-11-05 15:02:38.448328
  TAG:Running Error
  Error:pkg:ai.face.swap.faceshow.video, unexpectedly timed out while waiting for signal from process with PID 14808
------------------------2024-11-05 15:02:47.510115
  TAG:Running Error
  Error:pkg:ai.generated.art.photo, unexpectedly timed out while waiting for signal from process with PID 14808
------------------------2024-11-05 15:02:57.461600
  TAG:Running Error
  Error:pkg:ai.haicolor.hairstylechanger, unexpectedly timed out while waiting for signal from process with PID 14808
------------------------2024-11-05 15:03:03.497575
  TAG:Running Error
  Error:pkg:ai.inflection.pi, unexpectedly timed out while waiting for signal from process with PID 14808
------------------------2024-11-05 15:03:09.532514
  TAG:Running Error
  Error:pkg:ai.interior.design.home.renovation, unexpectedly timed out while waiting for signal from process with PID 14808
------------------------2024-11-05 15:04:24.678047
  TAG:Running Error
  Error:pkg:advanced.scientific.calculator.calc991.plus, unexpectedly timed out while waiting for signal from process with PID 14808
------------------------2024-11-05 15:04:31.554666
  TAG:Running Error
  Error:pkg:ae.propertyfinder.propertyfinder, unexpectedly timed out while waiting for signal from process with PID 14808
------------------------2024-11-05 15:04:38.585707
  TAG:Running Error
  Error:pkg:aesthetic.wallpaper, unexpectedly timed out while waiting for signal from process with PID 14808
------------------------2024-11-05 15:08:10.467568
  TAG:Running Error
  Error:pkg:advanced.scientific.calculator.calc991.plus, unexpectedly timed out while waiting for signal from process with PID 14808
------------------------2024-11-05 15:09:46.563637
  TAG:Running Error
  Error:pkg:advanced.scientific.calculator.calc991.plus, unexpectedly timed out while waiting for signal from process with PID 14808
------------------------2024-11-05 15:09:53.672148
  TAG:Running Error
  Error:pkg:ae.propertyfinder.propertyfinder, unexpectedly timed out while waiting for signal from process with PID 14808
------------------------2024-11-05 15:10:00.667166
  TAG:Running Error
  Error:pkg:aesthetic.wallpaper, unexpectedly timed out while waiting for signal from process with PID 14808
------------------------2024-11-05 15:10:07.666577
  TAG:Running Error
  Error:pkg:ai.aiart.aiartgenerator.creart, unexpectedly timed out while waiting for signal from process with PID 14808
------------------------2024-11-05 15:10:17.671276
  TAG:Running Error
  Error:pkg:ai.art.generator.paint.draw.photo, unexpectedly timed out while waiting for signal from process with PID 14808
------------------------2024-11-05 15:10:24.477723
  TAG:Running Error
  Error:pkg:ai.casanova.datingcopilot, unexpectedly timed out while waiting for signal from process with PID 14808
------------------------2024-11-05 15:10:31.550394
  TAG:Running Error
  Error:pkg:ai.character, unexpectedly timed out while waiting for signal from process with PID 14808
------------------------2024-11-05 15:10:38.485929
  TAG:Running Error
  Error:pkg:ai.chat.gpt.bot, unexpectedly timed out while waiting for signal from process with PID 14808
------------------------2024-11-05 15:10:46.527892
  TAG:Running Error
  Error:pkg:ai.easy.puzzle.word.cryptogram.free, unexpectedly timed out while waiting for signal from process with PID 14808
------------------------2024-11-05 15:10:53.531750
  TAG:Running Error
  Error:pkg:ai.face.swap.faceshow.video, unexpectedly timed out while waiting for signal from process with PID 14808
------------------------2024-11-05 15:11:03.514748
  TAG:Running Error
  Error:pkg:ai.generated.art.photo, unexpectedly timed out while waiting for signal from process with PID 14808
------------------------2024-11-05 15:11:12.504677
  TAG:Running Error
  Error:pkg:ai.haicolor.hairstylechanger, unexpectedly timed out while waiting for signal from process with PID 14808
------------------------2024-11-05 15:11:18.442159
  TAG:Running Error
  Error:pkg:ai.inflection.pi, unexpectedly timed out while waiting for signal from process with PID 14808
------------------------2024-11-05 15:11:24.600769
  TAG:Running Error
  Error:pkg:ai.interior.design.home.renovation, unexpectedly timed out while waiting for signal from process with PID 14808
------------------------2024-11-05 15:11:36.518889
  TAG:Running Error
  Error:pkg:ai.kanghealth, unexpectedly timed out while waiting for signal from process with PID 14808
------------------------2024-11-05 15:11:46.528686
  TAG:Running Error
  Error:pkg:advanced.scientific.calculator.calc991.plus, unexpectedly timed out while waiting for signal from process with PID 14808
------------------------2024-11-05 15:11:53.521119
  TAG:Running Error
  Error:pkg:ae.propertyfinder.propertyfinder, unexpectedly timed out while waiting for signal from process with PID 14808
------------------------2024-11-05 15:12:00.574128
  TAG:Running Error
  Error:pkg:aesthetic.wallpaper, unexpectedly timed out while waiting for signal from process with PID 14808
------------------------2024-11-05 15:12:07.556997
  TAG:Running Error
  Error:pkg:ai.aiart.aiartgenerator.creart, unexpectedly timed out while waiting for signal from process with PID 14808
------------------------2024-11-05 15:12:33.608113
  TAG:Running Error
  Error:pkg:advanced.scientific.calculator.calc991.plus, unexpectedly timed out while waiting for signal from process with PID 14808
------------------------2024-11-05 15:12:40.589339
  TAG:Running Error
  Error:pkg:ae.propertyfinder.propertyfinder, unexpectedly timed out while waiting for signal from process with PID 14808
------------------------2024-11-06 14:41:38.678913
  TAG:Running Error
  Error:pkg:advanced.scientific.calculator.calc991.plus, process with pid 15478 either refused to load frida-agent, or terminated during injection
------------------------2024-11-06 14:44:44.345691
  TAG:Running Error
  Error:pkg:advanced.scientific.calculator.calc991.plus, process with pid 16880 either refused to load frida-agent, or terminated during injection
------------------------2024-11-06 14:45:16.146452
  TAG:Running Error
  Error:pkg:advanced.scientific.calculator.calc991.plus, 'advanced.scientific.calculator.calc991.plus'
------------------------2024-11-06 14:47:53.950984
  TAG:Running Error
  Error:pkg:advanced.scientific.calculator.calc991.plus, 'advanced.scientific.calculator.calc991.plus'
------------------------2024-11-06 14:49:21.642209
  TAG:Running Error
  Error:pkg:advanced.scientific.calculator.calc991.plus, 'advanced.scientific.calculator.calc991.plus'
------------------------2024-11-06 14:50:09.329580
  TAG:Running Error
  Error:pkg:advanced.scientific.calculator.calc991.plus, 'advanced.scientific.calculator.calc991.plus'
------------------------2024-11-06 14:50:45.678530
  TAG:Running Error
  Error:pkg:advanced.scientific.calculator.calc991.plus, 'advanced.scientific.calculator.calc991.plus'
------------------------2024-11-06 14:52:27.780946
  TAG:Running Error
  Error:pkg:advanced.scientific.calculator.calc991.plus, 'advanced.scientific.calculator.calc991.plus'
------------------------2024-11-06 14:55:57.141078
  TAG:Running Error
  Error:pkg:advanced.scientific.calculator.calc991.plus, 'advanced.scientific.calculator.calc991.plus'
------------------------2024-11-06 14:55:59.374915
  TAG:Running Error
  Error:pkg:aesthetic.wallpaper, 'aesthetic.wallpaper'
------------------------2024-11-06 14:56:05.266907
  TAG:Running Error
  Error:pkg:ai.art.generator.paint.draw.photo, 'ai.art.generator.paint.draw.photo'
------------------------2024-11-06 14:56:16.216451
  TAG:Running Error
  Error:pkg:ai.generated.art.photo, 'ai.generated.art.photo'
------------------------2024-11-06 14:56:27.286437
  TAG:Running Error
  Error:pkg:ai.kanghealth, 'ai.kanghealth'
------------------------2024-11-06 14:56:28.931330
  TAG:Running Error
  Error:pkg:ai.lumalabs.polar, 'ai.lumalabs.polar'
------------------------2024-11-06 14:56:55.725014
  TAG:Running Error
  Error:pkg:ai.mybuddy.talkingflashcards_new, 'ai.mybuddy.talkingflashcards_new'
------------------------2024-11-06 14:56:57.635105
  TAG:Running Error
  Error:pkg:ai.oc.experience.gulfpay, 'ai.oc.experience.gulfpay'
------------------------2024-11-06 14:57:45.819310
  TAG:Running Error
  Error:pkg:advanced.scientific.calculator.calc991.plus, 'advanced.scientific.calculator.calc991.plus'
------------------------2024-11-06 14:57:48.147958
  TAG:Running Error
  Error:pkg:aesthetic.wallpaper, 'aesthetic.wallpaper'
------------------------2024-11-06 14:57:53.882276
  TAG:Running Error
  Error:pkg:ai.art.generator.paint.draw.photo, 'ai.art.generator.paint.draw.photo'
------------------------2024-11-06 14:58:04.731918
  TAG:Running Error
  Error:pkg:ai.generated.art.photo, 'ai.generated.art.photo'
------------------------2024-11-06 14:58:15.627295
  TAG:Running Error
  Error:pkg:ai.kanghealth, 'ai.kanghealth'
------------------------2024-11-06 14:58:17.325421
  TAG:Running Error
  Error:pkg:ai.lumalabs.polar, 'ai.lumalabs.polar'
------------------------2024-11-06 14:58:43.014836
  TAG:Running Error
  Error:pkg:ai.mybuddy.talkingflashcards_new, 'ai.mybuddy.talkingflashcards_new'
------------------------2024-11-06 14:58:44.840005
  TAG:Running Error
  Error:pkg:ai.oc.experience.gulfpay, 'ai.oc.experience.gulfpay'
------------------------2024-11-06 15:02:39.116953
  TAG:Running Error
  Error:pkg:advanced.scientific.calculator.calc991.plus, 'advanced.scientific.calculator.calc991.plus'
------------------------2024-11-06 15:02:41.291206
  TAG:Running Error
  Error:pkg:aesthetic.wallpaper, 'aesthetic.wallpaper'
------------------------2024-11-06 15:06:46.234032
  TAG:Running Error
  Error:pkg:advanced.scientific.calculator.calc991.plus, 'str' object has no attribute 'packages'
------------------------2024-11-06 15:06:48.408238
  TAG:Running Error
  Error:pkg:aesthetic.wallpaper, 'str' object has no attribute 'packages'
