SDK:InMobi, Error:Error code: 400 - {'error': {'message': "This model's maximum context length is 128000 tokens. However, your messages resulted in 212379 tokens. Please reduce the length of the messages.", 'type': 'invalid_request_error', 'param': 'messages', 'code': 'context_length_exceeded'}} 
SDK:adMost, JSONDecodeError: Expecting value: line 166 column 54 (char 5262) 
SDK:mixpanel, JSONDecodeError: Expecting value: line 53 column 63 (char 1857) 
SDK:Firebase, Error:Error code: 400 - {'error': {'message': "This model's maximum context length is 128000 tokens. However, your messages resulted in 150040 tokens. Please reduce the length of the messages.", 'type': 'invalid_request_error', 'param': 'messages', 'code': 'context_length_exceeded'}} 
SDK:Visual Studio App Center, JSONDecodeError: Expecting ',' delimiter: line 195 column 46 (char 6849) 
SDK:InMobi, Error:Error code: 400 - {'error': {'message': "This model's maximum context length is 128000 tokens. However, your messages resulted in 187307 tokens. Please reduce the length of the messages.", 'type': 'invalid_request_error', 'param': 'messages', 'code': 'context_length_exceeded'}} 
SDK:InMobi, Error:Error code: 400 - {'error': {'message': "This model's maximum context length is 128000 tokens. However, your messages resulted in 185265 tokens. Please reduce the length of the messages.", 'type': 'invalid_request_error', 'param': 'messages', 'code': 'context_length_exceeded'}} 
SDK:mixpanel, JSONDecodeError: Expecting value: line 54 column 49 (char 1828) 
SDK:Visual Studio App Center, JSONDecodeError: Expecting ',' delimiter: line 107 column 34 (char 3593) 
SDK:mixpanel, JSONDecodeError: Expecting value: line 49 column 52 (char 1572) 
SDK:mixpanel, JSONDecodeError: Expecting value: line 54 column 52 (char 1741) 
2024-09-13 12:17:11 ----------------------------- 
2024-09-13 13:26:40 ----------------------------- 
SDK:AppNexus(Xandr), JSONDecodeError: Expecting value: line 175 column 40 (char 5876) 
SDK:Google Analytics, JSONDecodeError: Expecting ',' delimiter: line 81 column 27 (char 2713) 
SDK:mixpanel, JSONDecodeError: Expecting value: line 54 column 52 (char 1875) 
SDK:Ogury, JSONDecodeError: Expecting value: line 17 column 38 (char 610) 
2024-09-13 13:44:09 ----------------------------- 
2024-09-13 13:44:47 ----------------------------- 
SDK:Smaato, JSONDecodeError: Expecting ',' delimiter: line 118 column 35 (char 4056) 
SDK:Google Analytics, JSONDecodeError: Expecting ',' delimiter: line 65 column 36 (char 2203) 
SDK:mixpanel, JSONDecodeError: Expecting value: line 46 column 49 (char 1533) 
SDK:YouAppi, JSONDecodeError: Expecting ',' delimiter: line 20 column 30 (char 748) 
SDK:Visual Studio App Center, JSONDecodeError: Expecting ',' delimiter: line 99 column 28 (char 3529) 
SDK:Adbrix(DFINERY), JSONDecodeError: Expecting ',' delimiter: line 27 column 31 (char 972) 
SDK:Ogury, JSONDecodeError: Expecting value: line 17 column 38 (char 603) 
2024-09-13 13:57:12 ----------------------------- 
SDK:mixpanel, JSONDecodeError: Expecting value: line 84 column 64 (char 2781) 
SDK:Visual Studio App Center, JSONDecodeError: Expecting ',' delimiter: line 153 column 28 (char 5017) 
2024-09-13 13:58:44 ----------------------------- 
SDK:mixpanel, JSONDecodeError: Expecting value: line 54 column 49 (char 1760) 
SDK:Visual Studio App Center, JSONDecodeError: Expecting ',' delimiter: line 129 column 28 (char 4356) 
2024-09-13 13:58:58 ----------------------------- 
SDK:mixpanel, JSONDecodeError: Expecting value: line 51 column 63 (char 1734) 
2024-09-13 13:59:21 ----------------------------- 
SDK:mixpanel, JSONDecodeError: Expecting value: line 54 column 49 (char 1770) 
2024-09-13 13:59:58 ----------------------------- 
SDK:mixpanel, JSONDecodeError: Expecting value: line 71 column 49 (char 2424) 
2024-09-13 14:00:13 ----------------------------- 
SDK:mixpanel, JSONDecodeError: Expecting value: line 56 column 52 (char 1962) 
2024-09-13 14:00:54 ----------------------------- 
SDK:mixpanel, JSONDecodeError: Expecting value: line 53 column 63 (char 1782) 
2024-09-13 14:01:56 ----------------------------- 
2024-09-15 05:12:58 ----------------------------- index:2
SDK:TopOn, JSONDecodeError: Expecting value: line 57 column 33 (char 2371) 
SDK:mixpanel, JSONDecodeError: Expecting value: line 53 column 64 (char 1745) 
SDK:Visual Studio App Center, JSONDecodeError: Expecting ',' delimiter: line 127 column 28 (char 4186) 
2024-09-15 05:31:59 ----------------------------- index:3
SDK:Pollfish, JSONDecodeError: Invalid control character at: line 86 column 51 (char 2923) 
SDK:mixpanel, JSONDecodeError: Expecting value: line 83 column 50 (char 2807) 
SDK:Batch.com, JSONDecodeError: Expecting value: line 14 column 31 (char 439) 
SDK:Visual Studio App Center, JSONDecodeError: Expecting ',' delimiter: line 112 column 28 (char 4032) 
SDK:Ogury, JSONDecodeError: Expecting value: line 17 column 38 (char 630) 
2024-09-15 05:51:35 ----------------------------- index:4
SDK:mixpanel, JSONDecodeError: Expecting value: line 56 column 52 (char 1908) 
SDK:Batch.com, JSONDecodeError: Expecting ',' delimiter: line 16 column 31 (char 586) 
SDK:Visual Studio App Center, JSONDecodeError: Expecting ',' delimiter: line 95 column 28 (char 3154) 
SDK:Ogury, JSONDecodeError: Expecting value: line 16 column 38 (char 548) 
2024-09-15 06:10:29 ----------------------------- index:5
SDK:TopOn, JSONDecodeError: Expecting value: line 57 column 34 (char 2382) 
SDK:mixpanel, JSONDecodeError: Expecting value: line 55 column 63 (char 1903) 
SDK:Smart AdServer, JSONDecodeError: Expecting ',' delimiter: line 27 column 29 (char 959) 
SDK:MobileFuse, JSONDecodeError: Invalid control character at: line 31 column 56 (char 1205) 
2024-11-25 17:41:46 ----------------------------- index:9
2024-11-25 17:43:03 ----------------------------- index:9
SDK:TopOn, JSONDecodeError: Expecting value: line 55 column 33 (char 2234) 
SDK:Ogury, JSONDecodeError: Expecting value: line 18 column 38 (char 682) 
