pkg: ai.mate.app, Error: App not found(404).
pkg: app.bodava.sports, Error: App not found(404).
pkg: app.mums.date.casual.locals, Error: App not found(404).
pkg: azul.vpn.android, Error: App not found(404).
pkg: beautyrooom.filtersforselfie.sweet.face.camera.selfies, Error: App not found(404).
pkg: br.com.yazo.bienallivro2024v2, Error: App not found(404).
pkg: by.si.soundsleeper.free, Error: App not found(404).
pkg: clean.master.antivirus.battery.ora, Error: App not found(404).
pkg: co.fobomi.org, Error: App not found(404).
pkg: co.wl.aaghaz, Error: App not found(404).
pkg: com.FriendlyTerrorisStd.Fnf.PIano, Error: App not found(404).
pkg: com.ai.volume.ring, Error: App not found(404).
pkg: com.aiart.photoedit, Error: App not found(404).
pkg: com.aigc.ushow.skyreels, Error: App not found(404).
pkg: com.ama_care.app, Error: App not found(404).
pkg: com.aphmau.craftgame.tileshop, Error: App not found(404).
pkg: com.app.friendschat, Error: App not found(404).
pkg: com.arba.walsworth, Error: App not found(404).
pkg: com.arkadiykruglov.LabradorRetrieversWallpapers, Error: App not found(404).
pkg: com.astra.games, Error: App not found(404).
pkg: com.bacon.bc08b.traffic.bike.racing.city, Error: App not found(404).
pkg: com.bacon.bc19c.real.racing.bike.master, Error: App not found(404).
pkg: com.bacon.bc23b.traffic.car.driving.racing.city, Error: App not found(404).
pkg: com.baseapp.eyeem, Error: App not found(404).
pkg: com.bc10b.top.racing.car.master.game3d, Error: App not found(404).
pkg: com.beat.duet.music.cat.pop.cute.android, Error: App not found(404).
pkg: com.berslex.tiktokofflinevideoplayer, Error: App not found(404).
pkg: com.bible.catholic.ismla, Error: App not found(404).
pkg: ai.mate.app, Error: App not found(404).
pkg: app.bodava.sports, Error: App not found(404).
pkg: app.mums.date.casual.locals, Error: App not found(404).
pkg: azul.vpn.android, Error: App not found(404).
pkg: beautyrooom.filtersforselfie.sweet.face.camera.selfies, Error: App not found(404).
pkg: br.com.yazo.bienallivro2024v2, Error: App not found(404).
pkg: by.si.soundsleeper.free, Error: App not found(404).
pkg: clean.master.antivirus.battery.ora, Error: App not found(404).
pkg: co.fobomi.org, Error: App not found(404).
pkg: co.wl.aaghaz, Error: App not found(404).
pkg: com.FriendlyTerrorisStd.Fnf.PIano, Error: App not found(404).
pkg: com.ai.volume.ring, Error: App not found(404).
pkg: com.aiart.photoedit, Error: App not found(404).
pkg: com.aigc.ushow.skyreels, Error: App not found(404).
pkg: com.ama_care.app, Error: App not found(404).
pkg: com.aphmau.craftgame.tileshop, Error: App not found(404).
pkg: com.app.friendschat, Error: App not found(404).
pkg: com.arba.walsworth, Error: App not found(404).
pkg: com.arkadiykruglov.LabradorRetrieversWallpapers, Error: App not found(404).
pkg: com.astra.games, Error: App not found(404).
pkg: com.bacon.bc08b.traffic.bike.racing.city, Error: App not found(404).
pkg: com.bacon.bc19c.real.racing.bike.master, Error: App not found(404).
pkg: com.bacon.bc23b.traffic.car.driving.racing.city, Error: App not found(404).
pkg: com.baseapp.eyeem, Error: App not found(404).
pkg: com.bc10b.top.racing.car.master.game3d, Error: App not found(404).
pkg: com.beat.duet.music.cat.pop.cute.android, Error: App not found(404).
pkg: com.berslex.tiktokofflinevideoplayer, Error: App not found(404).
pkg: com.bible.catholic.ismla, Error: App not found(404).
pkg: com.bonhub.happy, Error: App not found(404).
pkg: com.burakgon.gamebooster3, Error: App not found(404).
pkg: com.carplay.car.play.apple, Error: App not found(404).
pkg: com.cashday.reward, Error: App not found(404).
pkg: com.clearweather.sunnyhome, Error: App not found(404).
pkg: com.cloaktp.browser, Error: App not found(404).
pkg: com.color.anime.paint.number.funanime, Error: App not found(404).
pkg: com.com2us.nbanow2.android.google.global.normal, Error: App not found(404).
pkg: com.connection.wireless.wirelessconnectortv, Error: App not found(404).
pkg: com.disney.datg.videoplatforms.android.abc, Error: App not found(404).
pkg: com.disney.datg.videoplatforms.android.watchdc, Error: App not found(404).
pkg: com.documentsviewer.all, Error: App not found(404).
pkg: com.domireel.video, Error: App not found(404).
pkg: com.duck10.mega.ramp.car.driving, Error: App not found(404).
pkg: com.duck13.car.driving.crash.game3d.simulator.v2, Error: App not found(404).
pkg: com.duck20.car.driving.open.city, Error: App not found(404).
pkg: com.easygames.race, Error: App not found(404).
pkg: com.easyweightloss.homeworkoutforlazy, Error: App not found(404).
pkg: com.emojievolution.emojimixstickerhdia, Error: App not found(404).
pkg: com.epicgames.fortnitechpater4, Error: App not found(404).
pkg: com.fatman.games.pocket.bolt, Error: App not found(404).
pkg: com.flashlight.brightest.torchlight.callalert, Error: App not found(404).
pkg: com.flashlight.plushhdfahdhisadh, Error: App not found(404).
pkg: com.floyds.guestapp, Error: App not found(404).
pkg: com.free.cp.bundle.freecp.cpquizforcod, Error: App not found(404).
pkg: com.free.hd.movies.justwatch, Error: App not found(404).
pkg: com.fun.d2m, Error: <urlopen error [Errno 54] Connection reset by peer>
pkg: com.gama.catdash, Error: App not found(404).
pkg: com.gameverse.epicquest, Error: App not found(404).
pkg: com.geotracker.gps.location.global, Error: App not found(404).
pkg: com.halulp.sweepmask, Error: App not found(404).
pkg: com.handy.finder.hf, Error: App not found(404).
pkg: com.healthapplines.healthsense.bloodpressure, Error: App not found(404).
pkg: com.hiit.home.workout.jian034lite, Error: App not found(404).
pkg: com.hsv.privatebrowser, Error: App not found(404).
pkg: com.hv.army.toys.war.attack.shooting.game, Error: App not found(404).
pkg: com.instinct.dating.unl, Error: App not found(404).
pkg: com.invinciblesstudioltd.soccermanager2024, Error: App not found(404).
pkg: com.jackerwang.pdfreader, Error: App not found(404).
pkg: com.jbstuk.bible.now, Error: App not found(404).
pkg: com.joyvendor.cryptogram.android.en, Error: App not found(404).
pkg: com.kaspersky.safekids, Error: App not found(404).
pkg: com.kingjamesbible.kjvbible.offline, Error: App not found(404).
pkg: com.kjv.bible.now, Error: App not found(404).
pkg: com.link.work, Error: App not found(404).
pkg: com.lionosur.ironmanarcreactor, Error: App not found(404).
pkg: com.lite.slots.casino.sweep.online, Error: App not found(404).
pkg: com.loeqm.jpurger, Error: App not found(404).
pkg: com.magnifier.superusagdasu, Error: App not found(404).
pkg: com.mayhem.us.army.missile.attack.ultimate.war, Error: App not found(404).
pkg: com.meetey.app, Error: App not found(404).
pkg: com.minecraft_Robot.modsformcpe_Roblox.pixelmonmod_Pikae, Error: App not found(404).
pkg: com.miniclip.baseballhomerun, Error: App not found(404).
pkg: com.mtgeek.energyinfoguide, Error: App not found(404).
pkg: com.mtgeek.housingvoucherinfo, Error: App not found(404).
pkg: com.music.downloader.sptfifst, Error: App not found(404).
pkg: com.musicho.andro, Error: App not found(404).
pkg: com.natgeomobile.ngmagazine, Error: App not found(404).
pkg: com.nayaappdev.reaytababel, Error: App not found(404).
pkg: com.nflfordofu.bestapp, Error: App not found(404).
pkg: com.nfllive.echofree, Error: App not found(404).
pkg: com.obrytge.browser, Error: App not found(404).
pkg: com.palmaging.palmistrywizardfhauwihg, Error: App not found(404).
pkg: com.parar.proxy.vpn, Error: App not found(404).
pkg: com.pdf.reader.offcer.pdf, Error: App not found(404).
pkg: com.peterpiperpizza.app, Error: App not found(404).
pkg: com.photovault.keepsafe.private.cloud, Error: App not found(404).
pkg: com.player.esound, Error: App not found(404).
pkg: com.ppxm.phonemate, Error: App not found(404).
pkg: com.pramitastudio.uuuu, Error: App not found(404).
pkg: com.preza.adabzi, Error: App not found(404).
pkg: com.pri.web.browser, Error: App not found(404).
pkg: com.productivity.aivideomaker.slideshow.withmusic, Error: App not found(404).
pkg: com.pvstcv.pbrowser, Error: App not found(404).
pkg: com.quick.cash.advance.loans, Error: App not found(404).
pkg: com.ragdoll.mutilate.people, Error: App not found(404).
pkg: com.rainbow_friends_assist.melon_playground_pg_mod, Error: App not found(404).
pkg: com.roetteri.colorx.behr, Error: App not found(404).
pkg: com.rosyandroid.xme, Error: App not found(404).
pkg: com.scholarr.areyousmartquiz, Error: App not found(404).
pkg: com.scholarr.sciencexplore, Error: App not found(404).
pkg: com.scholarr.sports.quiz.trivia, Error: App not found(404).
pkg: com.screenmirrorapp.casttotv.screenmirroring, Error: App not found(404).
pkg: com.sharetracker.live.location, Error: App not found(404).
pkg: com.supermarket.simulator.game.manage, Error: App not found(404).
pkg: com.syelken.browser, Error: App not found(404).
pkg: com.tfunslots.cashcarnival.android, Error: App not found(404).
pkg: com.tiklol.getfollowers, Error: App not found(404).
pkg: com.triple.tile.crush, Error: App not found(404).
pkg: com.v02.stunt.master.mega.ramp.racing.car, Error: App not found(404).
pkg: com.v02c.car.race.city.real.simulation, Error: App not found(404).
pkg: com.veiltge.browser, Error: App not found(404).
pkg: com.verizon.messaging.vzmsgs, Error: App not found(404).
pkg: com.vidgetet.browser, Error: App not found(404).
pkg: com.vipgame.stickwarsuper, Error: App not found(404).
pkg: com.volta.android, Error: App not found(404).
pkg: com.wahidabd.komiku, Error: App not found(404).
pkg: com.wallpaper.parallax.pro, Error: App not found(404).
pkg: com.wildflingmatch.intimatespark, Error: App not found(404).
pkg: com.women.fitness.body.inspire.herworkout, Error: App not found(404).
pkg: com.workout.weight.loss.diet.healthknowledge, Error: App not found(404).
pkg: com.zadeveloper.playstore.playservices.info, Error: App not found(404).
pkg: de.casparwre.insult, Error: App not found(404).
pkg: fff.ff.skintools.zone.emotes.elitepass, Error: App not found(404).
pkg: io.gam.tvremote.smarttv, Error: App not found(404).
pkg: maps.gpstracker.phonetracker, Error: App not found(404).
pkg: news.local.now.alert.safety, Error: App not found(404).
pkg: org.eitamessenger.ga, Error: App not found(404).
pkg: roxa.vpn.android, Error: App not found(404).
pkg: sh.whisper, Error: App not found(404).
pkg: supra.balob, Error: App not found(404).
pkg: ai.mate.app, Error: App not found(404).
pkg: app.bodava.sports, Error: App not found(404).
pkg: app.mums.date.casual.locals, Error: App not found(404).
pkg: azul.vpn.android, Error: App not found(404).
pkg: beautyrooom.filtersforselfie.sweet.face.camera.selfies, Error: App not found(404).
pkg: br.com.yazo.bienallivro2024v2, Error: App not found(404).
pkg: by.si.soundsleeper.free, Error: App not found(404).
pkg: clean.master.antivirus.battery.ora, Error: App not found(404).
pkg: co.fobomi.org, Error: App not found(404).
pkg: co.wl.aaghaz, Error: App not found(404).
pkg: com.FriendlyTerrorisStd.Fnf.PIano, Error: App not found(404).
pkg: com.ai.volume.ring, Error: App not found(404).
pkg: com.aiart.photoedit, Error: App not found(404).
pkg: com.aigc.ushow.skyreels, Error: App not found(404).
pkg: com.ama_care.app, Error: App not found(404).
pkg: com.aphmau.craftgame.tileshop, Error: App not found(404).
pkg: com.app.friendschat, Error: App not found(404).
pkg: com.arba.walsworth, Error: App not found(404).
pkg: com.arkadiykruglov.LabradorRetrieversWallpapers, Error: App not found(404).
pkg: com.astra.games, Error: App not found(404).
pkg: com.bacon.bc08b.traffic.bike.racing.city, Error: App not found(404).
pkg: com.bacon.bc19c.real.racing.bike.master, Error: App not found(404).
pkg: com.bacon.bc23b.traffic.car.driving.racing.city, Error: App not found(404).
pkg: com.baseapp.eyeem, Error: App not found(404).
pkg: com.bc10b.top.racing.car.master.game3d, Error: App not found(404).
pkg: com.beat.duet.music.cat.pop.cute.android, Error: App not found(404).
pkg: com.berslex.tiktokofflinevideoplayer, Error: App not found(404).
pkg: com.bible.catholic.ismla, Error: App not found(404).
pkg: com.bonhub.happy, Error: App not found(404).
pkg: com.burakgon.gamebooster3, Error: App not found(404).
pkg: com.carplay.car.play.apple, Error: App not found(404).
pkg: com.cashday.reward, Error: App not found(404).
pkg: com.clearweather.sunnyhome, Error: App not found(404).
pkg: com.cloaktp.browser, Error: App not found(404).
pkg: com.color.anime.paint.number.funanime, Error: App not found(404).
pkg: com.com2us.nbanow2.android.google.global.normal, Error: App not found(404).
pkg: com.connection.wireless.wirelessconnectortv, Error: App not found(404).
pkg: com.disney.datg.videoplatforms.android.abc, Error: App not found(404).
pkg: com.disney.datg.videoplatforms.android.watchdc, Error: App not found(404).
pkg: com.documentsviewer.all, Error: App not found(404).
pkg: com.domireel.video, Error: App not found(404).
pkg: com.duck10.mega.ramp.car.driving, Error: App not found(404).
pkg: com.duck13.car.driving.crash.game3d.simulator.v2, Error: App not found(404).
pkg: com.duck20.car.driving.open.city, Error: App not found(404).
pkg: com.easygames.race, Error: App not found(404).
pkg: com.easyweightloss.homeworkoutforlazy, Error: App not found(404).
pkg: com.emojievolution.emojimixstickerhdia, Error: App not found(404).
pkg: com.epicgames.fortnitechpater4, Error: App not found(404).
pkg: com.fatman.games.pocket.bolt, Error: App not found(404).
pkg: com.flashlight.brightest.torchlight.callalert, Error: App not found(404).
pkg: com.flashlight.plushhdfahdhisadh, Error: App not found(404).
pkg: com.floyds.guestapp, Error: App not found(404).
pkg: com.free.cp.bundle.freecp.cpquizforcod, Error: App not found(404).
pkg: com.free.hd.movies.justwatch, Error: App not found(404).
pkg: com.gama.catdash, Error: App not found(404).
pkg: com.gameverse.epicquest, Error: App not found(404).
pkg: com.geotracker.gps.location.global, Error: App not found(404).
pkg: com.halulp.sweepmask, Error: App not found(404).
pkg: com.handy.finder.hf, Error: App not found(404).
pkg: com.healthapplines.healthsense.bloodpressure, Error: App not found(404).
pkg: com.hiit.home.workout.jian034lite, Error: App not found(404).
pkg: com.hsv.privatebrowser, Error: App not found(404).
pkg: com.hv.army.toys.war.attack.shooting.game, Error: App not found(404).
pkg: com.instinct.dating.unl, Error: App not found(404).
pkg: com.invinciblesstudioltd.soccermanager2024, Error: App not found(404).
pkg: com.jackerwang.pdfreader, Error: App not found(404).
pkg: com.jbstuk.bible.now, Error: App not found(404).
pkg: com.joyvendor.cryptogram.android.en, Error: App not found(404).
pkg: com.kaspersky.safekids, Error: App not found(404).
pkg: com.kingjamesbible.kjvbible.offline, Error: App not found(404).
pkg: com.kjv.bible.now, Error: App not found(404).
pkg: com.link.work, Error: App not found(404).
pkg: com.lionosur.ironmanarcreactor, Error: App not found(404).
pkg: com.lite.slots.casino.sweep.online, Error: App not found(404).
pkg: com.loeqm.jpurger, Error: App not found(404).
pkg: com.magnifier.superusagdasu, Error: App not found(404).
pkg: com.mayhem.us.army.missile.attack.ultimate.war, Error: App not found(404).
pkg: com.meetey.app, Error: App not found(404).
pkg: com.minecraft_Robot.modsformcpe_Roblox.pixelmonmod_Pikae, Error: App not found(404).
pkg: com.miniclip.baseballhomerun, Error: App not found(404).
pkg: com.mtgeek.energyinfoguide, Error: App not found(404).
pkg: com.mtgeek.housingvoucherinfo, Error: App not found(404).
pkg: com.music.downloader.sptfifst, Error: App not found(404).
pkg: com.musicho.andro, Error: App not found(404).
pkg: com.natgeomobile.ngmagazine, Error: App not found(404).
pkg: com.nayaappdev.reaytababel, Error: App not found(404).
pkg: com.nflfordofu.bestapp, Error: App not found(404).
pkg: com.nfllive.echofree, Error: App not found(404).
pkg: com.obrytge.browser, Error: App not found(404).
pkg: com.palmaging.palmistrywizardfhauwihg, Error: App not found(404).
pkg: com.parar.proxy.vpn, Error: App not found(404).
pkg: com.pdf.reader.offcer.pdf, Error: App not found(404).
pkg: com.peterpiperpizza.app, Error: App not found(404).
pkg: com.photovault.keepsafe.private.cloud, Error: App not found(404).
pkg: com.player.esound, Error: App not found(404).
pkg: com.ppxm.phonemate, Error: App not found(404).
pkg: com.pramitastudio.uuuu, Error: App not found(404).
pkg: com.preza.adabzi, Error: App not found(404).
pkg: com.pri.web.browser, Error: App not found(404).
pkg: com.productivity.aivideomaker.slideshow.withmusic, Error: App not found(404).
pkg: com.pvstcv.pbrowser, Error: App not found(404).
pkg: com.quick.cash.advance.loans, Error: App not found(404).
pkg: com.ragdoll.mutilate.people, Error: App not found(404).
pkg: com.rainbow_friends_assist.melon_playground_pg_mod, Error: App not found(404).
pkg: com.roetteri.colorx.behr, Error: App not found(404).
pkg: com.rosyandroid.xme, Error: App not found(404).
pkg: com.scholarr.areyousmartquiz, Error: App not found(404).
pkg: com.scholarr.sciencexplore, Error: App not found(404).
pkg: com.scholarr.sports.quiz.trivia, Error: App not found(404).
pkg: com.screenmirrorapp.casttotv.screenmirroring, Error: App not found(404).
pkg: com.sharetracker.live.location, Error: App not found(404).
pkg: com.supermarket.simulator.game.manage, Error: App not found(404).
pkg: com.syelken.browser, Error: App not found(404).
pkg: com.tfunslots.cashcarnival.android, Error: App not found(404).
pkg: com.tiklol.getfollowers, Error: App not found(404).
pkg: com.triple.tile.crush, Error: App not found(404).
pkg: com.v02.stunt.master.mega.ramp.racing.car, Error: App not found(404).
pkg: com.v02c.car.race.city.real.simulation, Error: App not found(404).
pkg: com.veiltge.browser, Error: App not found(404).
pkg: com.verizon.messaging.vzmsgs, Error: App not found(404).
pkg: com.vidgetet.browser, Error: App not found(404).
pkg: com.vipgame.stickwarsuper, Error: App not found(404).
pkg: com.volta.android, Error: App not found(404).
pkg: com.wahidabd.komiku, Error: App not found(404).
pkg: com.wallpaper.parallax.pro, Error: App not found(404).
pkg: com.wildflingmatch.intimatespark, Error: App not found(404).
pkg: com.women.fitness.body.inspire.herworkout, Error: App not found(404).
pkg: com.workout.weight.loss.diet.healthknowledge, Error: App not found(404).
pkg: com.zadeveloper.playstore.playservices.info, Error: App not found(404).
pkg: de.casparwre.insult, Error: App not found(404).
pkg: fff.ff.skintools.zone.emotes.elitepass, Error: App not found(404).
pkg: io.gam.tvremote.smarttv, Error: App not found(404).
pkg: maps.gpstracker.phonetracker, Error: App not found(404).
pkg: news.local.now.alert.safety, Error: App not found(404).
pkg: org.eitamessenger.ga, Error: App not found(404).
pkg: roxa.vpn.android, Error: App not found(404).
pkg: sh.whisper, Error: App not found(404).
pkg: supra.balob, Error: App not found(404).
pkg: vizio.remote.control.tv.smartcast, Error: App not found(404).
pkg: wrakeck.comze.watch.nfl.streaming, Error: App not found(404).
pkg: ai.mate.app, Error: App not found(404).
pkg: app.bodava.sports, Error: App not found(404).
pkg: app.mums.date.casual.locals, Error: App not found(404).
pkg: azul.vpn.android, Error: App not found(404).
pkg: beautyrooom.filtersforselfie.sweet.face.camera.selfies, Error: App not found(404).
pkg: br.com.yazo.bienallivro2024v2, Error: App not found(404).
pkg: by.si.soundsleeper.free, Error: App not found(404).
pkg: clean.master.antivirus.battery.ora, Error: App not found(404).
pkg: co.fobomi.org, Error: App not found(404).
pkg: co.wl.aaghaz, Error: App not found(404).
pkg: com.FriendlyTerrorisStd.Fnf.PIano, Error: App not found(404).
pkg: com.ai.volume.ring, Error: App not found(404).
pkg: com.aiart.photoedit, Error: App not found(404).
pkg: com.aigc.ushow.skyreels, Error: App not found(404).
pkg: com.ama_care.app, Error: App not found(404).
pkg: com.aphmau.craftgame.tileshop, Error: App not found(404).
pkg: com.app.friendschat, Error: App not found(404).
pkg: com.arba.walsworth, Error: App not found(404).
pkg: com.arkadiykruglov.LabradorRetrieversWallpapers, Error: App not found(404).
pkg: com.astra.games, Error: App not found(404).
pkg: com.bacon.bc08b.traffic.bike.racing.city, Error: App not found(404).
pkg: com.bacon.bc19c.real.racing.bike.master, Error: App not found(404).
pkg: com.bacon.bc23b.traffic.car.driving.racing.city, Error: App not found(404).
pkg: com.baseapp.eyeem, Error: App not found(404).
pkg: com.bc10b.top.racing.car.master.game3d, Error: App not found(404).
pkg: com.beat.duet.music.cat.pop.cute.android, Error: App not found(404).
pkg: com.berslex.tiktokofflinevideoplayer, Error: App not found(404).
pkg: com.bible.catholic.ismla, Error: App not found(404).
pkg: com.bonhub.happy, Error: App not found(404).
pkg: com.burakgon.gamebooster3, Error: App not found(404).
pkg: com.carplay.car.play.apple, Error: App not found(404).
pkg: com.cashday.reward, Error: App not found(404).
pkg: com.clearweather.sunnyhome, Error: App not found(404).
pkg: com.cloaktp.browser, Error: App not found(404).
pkg: com.color.anime.paint.number.funanime, Error: App not found(404).
pkg: com.com2us.nbanow2.android.google.global.normal, Error: App not found(404).
pkg: com.connection.wireless.wirelessconnectortv, Error: App not found(404).
pkg: com.disney.datg.videoplatforms.android.abc, Error: App not found(404).
pkg: com.disney.datg.videoplatforms.android.watchdc, Error: App not found(404).
pkg: com.documentsviewer.all, Error: App not found(404).
pkg: com.domireel.video, Error: App not found(404).
pkg: com.duck10.mega.ramp.car.driving, Error: App not found(404).
pkg: com.duck13.car.driving.crash.game3d.simulator.v2, Error: App not found(404).
pkg: com.duck20.car.driving.open.city, Error: App not found(404).
pkg: com.easygames.race, Error: App not found(404).
pkg: com.easyweightloss.homeworkoutforlazy, Error: App not found(404).
pkg: com.emojievolution.emojimixstickerhdia, Error: App not found(404).
pkg: com.epicgames.fortnitechpater4, Error: App not found(404).
pkg: com.fatman.games.pocket.bolt, Error: App not found(404).
pkg: com.flashlight.brightest.torchlight.callalert, Error: App not found(404).
pkg: com.flashlight.plushhdfahdhisadh, Error: App not found(404).
pkg: com.floyds.guestapp, Error: App not found(404).
pkg: com.free.cp.bundle.freecp.cpquizforcod, Error: App not found(404).
pkg: com.free.hd.movies.justwatch, Error: App not found(404).
pkg: com.gama.catdash, Error: App not found(404).
pkg: com.gameverse.epicquest, Error: App not found(404).
pkg: com.geotracker.gps.location.global, Error: App not found(404).
pkg: com.halulp.sweepmask, Error: App not found(404).
pkg: com.handy.finder.hf, Error: App not found(404).
pkg: com.healthapplines.healthsense.bloodpressure, Error: App not found(404).
pkg: com.hiit.home.workout.jian034lite, Error: App not found(404).
pkg: com.hsv.privatebrowser, Error: App not found(404).
pkg: com.hv.army.toys.war.attack.shooting.game, Error: App not found(404).
pkg: com.instinct.dating.unl, Error: App not found(404).
pkg: com.invinciblesstudioltd.soccermanager2024, Error: App not found(404).
pkg: com.jackerwang.pdfreader, Error: App not found(404).
pkg: com.jbstuk.bible.now, Error: App not found(404).
pkg: com.joyvendor.cryptogram.android.en, Error: App not found(404).
pkg: com.kaspersky.safekids, Error: App not found(404).
pkg: com.kingjamesbible.kjvbible.offline, Error: App not found(404).
pkg: com.kjv.bible.now, Error: App not found(404).
pkg: com.link.work, Error: App not found(404).
pkg: com.lionosur.ironmanarcreactor, Error: App not found(404).
pkg: com.lite.slots.casino.sweep.online, Error: App not found(404).
pkg: com.loeqm.jpurger, Error: App not found(404).
pkg: com.magnifier.superusagdasu, Error: App not found(404).
pkg: com.mayhem.us.army.missile.attack.ultimate.war, Error: App not found(404).
pkg: com.meetey.app, Error: App not found(404).
pkg: com.minecraft_Robot.modsformcpe_Roblox.pixelmonmod_Pikae, Error: App not found(404).
pkg: com.miniclip.baseballhomerun, Error: App not found(404).
pkg: com.mtgeek.energyinfoguide, Error: App not found(404).
pkg: com.mtgeek.housingvoucherinfo, Error: App not found(404).
pkg: com.music.downloader.sptfifst, Error: App not found(404).
pkg: com.musicho.andro, Error: App not found(404).
pkg: com.natgeomobile.ngmagazine, Error: App not found(404).
pkg: com.nayaappdev.reaytababel, Error: App not found(404).
pkg: com.nflfordofu.bestapp, Error: App not found(404).
pkg: com.nfllive.echofree, Error: App not found(404).
pkg: com.obrytge.browser, Error: App not found(404).
pkg: com.palmaging.palmistrywizardfhauwihg, Error: App not found(404).
pkg: com.parar.proxy.vpn, Error: App not found(404).
pkg: com.pdf.reader.offcer.pdf, Error: App not found(404).
pkg: com.peterpiperpizza.app, Error: App not found(404).
pkg: com.photovault.keepsafe.private.cloud, Error: App not found(404).
pkg: com.player.esound, Error: App not found(404).
pkg: com.ppxm.phonemate, Error: App not found(404).
pkg: com.pramitastudio.uuuu, Error: App not found(404).
pkg: com.preza.adabzi, Error: App not found(404).
pkg: com.pri.web.browser, Error: App not found(404).
pkg: com.productivity.aivideomaker.slideshow.withmusic, Error: App not found(404).
pkg: com.pvstcv.pbrowser, Error: App not found(404).
pkg: com.quick.cash.advance.loans, Error: App not found(404).
pkg: com.ragdoll.mutilate.people, Error: App not found(404).
pkg: com.rainbow_friends_assist.melon_playground_pg_mod, Error: App not found(404).
pkg: com.roetteri.colorx.behr, Error: App not found(404).
pkg: com.rosyandroid.xme, Error: App not found(404).
pkg: com.scholarr.areyousmartquiz, Error: App not found(404).
pkg: com.scholarr.sciencexplore, Error: App not found(404).
pkg: com.scholarr.sports.quiz.trivia, Error: App not found(404).
pkg: com.screenmirrorapp.casttotv.screenmirroring, Error: App not found(404).
pkg: com.sharetracker.live.location, Error: App not found(404).
pkg: com.supermarket.simulator.game.manage, Error: App not found(404).
pkg: com.syelken.browser, Error: App not found(404).
pkg: com.tfunslots.cashcarnival.android, Error: App not found(404).
pkg: com.tiklol.getfollowers, Error: App not found(404).
pkg: com.triple.tile.crush, Error: App not found(404).
pkg: com.v02.stunt.master.mega.ramp.racing.car, Error: App not found(404).
pkg: com.v02c.car.race.city.real.simulation, Error: App not found(404).
pkg: com.veiltge.browser, Error: App not found(404).
pkg: com.verizon.messaging.vzmsgs, Error: App not found(404).
pkg: com.vidgetet.browser, Error: App not found(404).
pkg: com.vipgame.stickwarsuper, Error: App not found(404).
pkg: com.volta.android, Error: App not found(404).
pkg: com.wahidabd.komiku, Error: App not found(404).
pkg: com.wallpaper.parallax.pro, Error: App not found(404).
pkg: com.wildflingmatch.intimatespark, Error: App not found(404).
pkg: com.women.fitness.body.inspire.herworkout, Error: App not found(404).
pkg: com.workout.weight.loss.diet.healthknowledge, Error: App not found(404).
pkg: com.zadeveloper.playstore.playservices.info, Error: App not found(404).
pkg: de.casparwre.insult, Error: App not found(404).
pkg: fff.ff.skintools.zone.emotes.elitepass, Error: App not found(404).
pkg: io.gam.tvremote.smarttv, Error: App not found(404).
pkg: maps.gpstracker.phonetracker, Error: App not found(404).
pkg: news.local.now.alert.safety, Error: App not found(404).
pkg: org.eitamessenger.ga, Error: App not found(404).
pkg: roxa.vpn.android, Error: App not found(404).
pkg: sh.whisper, Error: App not found(404).
pkg: supra.balob, Error: App not found(404).
pkg: vizio.remote.control.tv.smartcast, Error: App not found(404).
pkg: wrakeck.comze.watch.nfl.streaming, Error: App not found(404).
