{
    "title": "Bus Out",
    "description": "Bus Out - Ultimate Bus Puzzle Jam Adventure!\r\n\r\nGet ready for an exciting new challenge with Bus Out, the ultimate brain-teasing puzzle game. \r\nIf you\u2019re a fan of bus driving games, parking game jams, and car puzzles, then Bus Out is the game for you!\r\n\r\nIn Bus Out, your goal is simple but addictive: guide the buses out of the gridlocked bus out jam. \r\nBut be careful! The buses are tangled up in traffic, and every move counts. \r\nCan you solve the puzzle and help the buses escape without causing even more chaos? \r\nThis isn\u2019t just any ordinary bus driving game; it's a thrilling car puzzle game that will challenge your strategic thinking and problem-solving skills.\r\n\r\nIf you love parking puzzle jam games or solving complex car parking puzzles, then Bus Out is designed just for you. \r\nNavigate around tricky obstacles, unblock the buses, and avoid gridlocks while mastering the most intricate bus out jam scenarios. \r\nEach bus, whether it's a color car or a big bus, needs your precise navigation skills to make it out!\r\n\r\n\ud83e\udde9 Features:\r\n\ud83d\ude8c Bus Out Jam Puzzle Fun: Solve engaging car out jam and bus out jam puzzles in each level.\r\n\ud83c\udfae Addictive Gameplay: Strategically move buses to free them from traffic in this ultimate bus driving game.\r\n\ud83c\udf0d Bus Out Across the World: Navigate global traffic jams with buses from different cities and countries.\r\n\ud83c\udfc6 Compete with Friends: Challenge your friends in this epic bus puzzle jam and see who can solve the puzzles faster!\r\n\ud83d\udea6 Fun and Relaxing: Take a break with some satisfying bus driving games and relaxing puzzles.\r\n\r\nBus Out is more than just a bus puzzle jam game \u2013 it\u2019s a fun and immersive adventure that will keep you coming back for more. \r\nWhether you\u2019re a fan of parking game jam, bus games, or love solving intricate car parking game jam puzzles, Bus Out offers endless fun and challenges.\r\n\r\nJump into the world of Bus Out and see how fast you can untangle the chaos of the bus puzzle jams! \r\nDownload Bus Out today and become the ultimate master of bus driving games and car puzzles jam!",
    "descriptionHTML": "Bus Out - Ultimate Bus Puzzle Jam Adventure!<br><br>Get ready for an exciting new challenge with Bus Out, the ultimate brain-teasing puzzle game. <br>If you\u2019re a fan of bus driving games, parking game jams, and car puzzles, then Bus Out is the game for you!<br><br>In Bus Out, your goal is simple but addictive: guide the buses out of the gridlocked bus out jam. <br>But be careful! The buses are tangled up in traffic, and every move counts. <br>Can you solve the puzzle and help the buses escape without causing even more chaos? <br>This isn\u2019t just any ordinary bus driving game; it&#39;s a thrilling car puzzle game that will challenge your strategic thinking and problem-solving skills.<br><br>If you love parking puzzle jam games or solving complex car parking puzzles, then Bus Out is designed just for you. <br>Navigate around tricky obstacles, unblock the buses, and avoid gridlocks while mastering the most intricate bus out jam scenarios. <br>Each bus, whether it&#39;s a color car or a big bus, needs your precise navigation skills to make it out!<br><br>\ud83e\udde9 Features:<br>\ud83d\ude8c Bus Out Jam Puzzle Fun: Solve engaging car out jam and bus out jam puzzles in each level.<br>\ud83c\udfae Addictive Gameplay: Strategically move buses to free them from traffic in this ultimate bus driving game.<br>\ud83c\udf0d Bus Out Across the World: Navigate global traffic jams with buses from different cities and countries.<br>\ud83c\udfc6 Compete with Friends: Challenge your friends in this epic bus puzzle jam and see who can solve the puzzles faster!<br>\ud83d\udea6 Fun and Relaxing: Take a break with some satisfying bus driving games and relaxing puzzles.<br><br>Bus Out is more than just a bus puzzle jam game \u2013 it\u2019s a fun and immersive adventure that will keep you coming back for more. <br>Whether you\u2019re a fan of parking game jam, bus games, or love solving intricate car parking game jam puzzles, Bus Out offers endless fun and challenges.<br><br>Jump into the world of Bus Out and see how fast you can untangle the chaos of the bus puzzle jams! <br>Download Bus Out today and become the ultimate master of bus driving games and car puzzles jam!",
    "summary": "Match the bus to passengers, fill the bus in this challenging colorful adventure",
    "installs": "10,000,000+",
    "minInstalls": 10000000,
    "realInstalls": 12745390,
    "score": 4.6679068,
    "ratings": 297869,
    "reviews": 1414,
    "histogram": [
        7885,
        3448,
        12183,
        32547,
        241751
    ],
    "price": 0,
    "free": true,
    "currency": "USD",
    "sale": false,
    "saleTime": null,
    "originalPrice": null,
    "saleText": null,
    "offersIAP": true,
    "inAppProductPrice": "$1.99 - $89.99 per item",
    "developer": "Zego Global Pte",
    "developerId": "4900731214850202819",
    "developerEmail": "info@zegostudio.com",
    "developerWebsite": "https://zegostudio.com",
    "developerAddress": null,
    "privacyPolicy": "https://zegostudio.com/privacy-policy.html",
    "genre": "Puzzle",
    "genreId": "GAME_PUZZLE",
    "categories": [
        {
            "name": "Puzzle",
            "id": "GAME_PUZZLE"
        }
    ],
    "icon": "https://play-lh.googleusercontent.com/tR69ZfRD168PuVMKYwwcMuoGFBlOOFwqm2FscKwVUl7aKGU0ixH9kbXOatBB8yzHe-Rn",
    "headerImage": "https://play-lh.googleusercontent.com/ddheP9SsT7cjn3ETtlOVn6BtmVgUpShS3z_JKfhzwTtMl4AOFyb7I-9RnC6jBvN4wg",
    "screenshots": [
        "https://play-lh.googleusercontent.com/hdTcn0FDbHKvsk-juyFW_b_BKFmSsmpNUPmc277BrS8KBgFw-uLGwXEn9EA4WWMs1Ue4",
        "https://play-lh.googleusercontent.com/0Is9B5b4n8QRPSv_QpAKgYExtc98GA1_UcR6LA6HKTetkoqN7Ry3W39a51W5bAhq3A",
        "https://play-lh.googleusercontent.com/tZZPb-xG1Xp6OhLj7Pq0JossS886PoEmsTzyZJFITgNr-K0DssT1oXiY2HAFY94JXKc",
        "https://play-lh.googleusercontent.com/i1p7p9TQ5gy47qavWxc7WzuvqbyE9HtO-xcIFAU1g5eUwPqTMTl6NTJCCJiJKk1NiQQ",
        "https://play-lh.googleusercontent.com/NoazCXQc6WxA0xt4MzI6alp7LL-lUhirvc8tITD7dy5wv2kgG7Ea3Phi6DgrhjJnjnA",
        "https://play-lh.googleusercontent.com/WWt61g-atY0wqnCNjCXDDFVgktJe5FDGclwdS5W_cplusAyBrXSRnfrBmGUB_r-CdPbs",
        "https://play-lh.googleusercontent.com/z98Ylra4LLWm_wrKZUt10c3U5ykhU7_4EGZiKsBw-zQyuBPUcOGt2gqxJK_Mj2w4ggKw",
        "https://play-lh.googleusercontent.com/198SsSW3WmlfUdx7cc4KV2ExJx_bBwxxaNizX0XJ7x-GsvP6S9085YFYZ_Honfyxxw",
        "https://play-lh.googleusercontent.com/tbPmgEqFBVWAE-x-y5mGEqBCx7vXYIArZyTpJAvths3SWel3kq6zm7ZGSTOKAi2SnW4",
        "https://play-lh.googleusercontent.com/Oo3dEXwyHxEgsOUmuGSk628xFQyADcXNQ3zG5des8tYje08yxemHk8GKNU1k8g29SI4",
        "https://play-lh.googleusercontent.com/PhMVq5Tj8QHncMAftpQ-vOpMSMl_SUcPlcKy64OMxvQFf8z_jgbu0CBHnuSNUDfenYU",
        "https://play-lh.googleusercontent.com/penYZWNxSTyBtt524-lYINoYyzhIjUfqGqfCghEDgRx1YvDi2jmy8YnqWjr_9G5uWUg",
        "https://play-lh.googleusercontent.com/r7DBH6URz8zMl0lIKzIN93d-0gsnhs9FKMotEpeO_q0nvWRL7N6UFb1cq8j8ukX8Xg",
        "https://play-lh.googleusercontent.com/oczDoALKXKUndE-2VX0-M_FvhZCLr8h2YTe3jh3Ij7HU9pGPx_GSbte-k3z1NT5qSe1P",
        "https://play-lh.googleusercontent.com/CKG8P875N2SFHa5TuulVQfmU0kgPK9huqRYtat0eKk181wrtleQ_ye6z7ETblwZ_yQ",
        "https://play-lh.googleusercontent.com/ZZrq424Rm3jtOtRoRpP_JMokoxFo9Qe_oAWLtRYverTaN5ycuCWzLI7__HkKsYtr5Fs",
        "https://play-lh.googleusercontent.com/5A4Rh8EUvbWQSM3NJUPgIr1wzRwAoVxcPYVeHS_1kMSTR-xYyio77Pp0QqtwVALpGsE",
        "https://play-lh.googleusercontent.com/8KX1fa-NR6Nl0OpsB0bZBi8tIILynmU1W0ZucokNNFgdh2NRMiDiXM5H2RGL9AWHbQ",
        "https://play-lh.googleusercontent.com/ANnyKhm2xd23JWceKW1iLoTa_Bztlspf6OEIyXvDzUEKWV1sa5ZqVE11NxnF8Ugeo5o",
        "https://play-lh.googleusercontent.com/uB3hjnNeecdqrQ2Xp4EtVBozHMplNkNUe17rBfiU-LlmxcLZAzQ8ic-aBuL1EEcHYQ",
        "https://play-lh.googleusercontent.com/R8KyV1QcYuF_2uSbJHDqluK4mbc8YnEczdlr7Mhdk9ObyZqvClyZf5JkklOTA8sMzbU",
        "https://play-lh.googleusercontent.com/zLwejIJ0KareXW3mRRHgjyeoWVpGZYlov0bQjMC4iq4jSOsmErhVEnVO7r0sP5AlB8M-",
        "https://play-lh.googleusercontent.com/I4YHq-xvXzMMCKZIGHKfp3ALFqOEWtcVpuDU60H6okMqEGCtQecR7CJiF7wLeXGKLs3X",
        "https://play-lh.googleusercontent.com/b9gDykF1rXriYEIpU6Lyi9gi0wYKhbDgZ0fTCnL2ZXwVV-20W2frj4VhShfg445vVhan",
        "https://play-lh.googleusercontent.com/4XY_8-SBgJFGVVF7Uzm1ysaDmvw4NJsk_SGUFJ4hIEaWgn2-p1YQs_8QJQizscoMYc-2",
        "https://play-lh.googleusercontent.com/1k-Bziud-ay1cGRlcuEVqUPpdBP3fLZD1SpI1OlAlHc299_jn1gWxADhrjOobVWe-g",
        "https://play-lh.googleusercontent.com/2kNB1jHnVPG2_HPdJ9iPH9DBil4Vka0EPZQEj4BcQLVuITryz5R7a4UZzMCrJxu7PWY",
        "https://play-lh.googleusercontent.com/dKWoBAD5rhAjFQU35k7EH9UHhPGnjD21qEDhsbIjOAoc3ZEOPaANpTQFSaM3RuBYpKQ7",
        "https://play-lh.googleusercontent.com/F9PRCC-7JbQVMsRzt1eXSMHKMXs6AAKmZlhMGAcU6kR6vglPlXFtJY-epyLgl9FPMfEq",
        "https://play-lh.googleusercontent.com/MzH-VfaRCeAoHhvmXAVa5txu5byUlVhJqodZOijO4JeYA0PwF9SKkMXRxIkrzNgZxP5A",
        "https://play-lh.googleusercontent.com/1M1564womPI8HmbvLDOtfkl1XY_x2v2wiGpb8sGbEoHJuKy32WCUokkulYY5MQiW",
        "https://play-lh.googleusercontent.com/hmNySMm6BnMMDH0XGn9Y3UAjxY-0nu_0UlkeNOPt7HcYd39urqG13zz6vCudL1KEFmru"
    ],
    "video": "https://www.youtube.com/embed/ctnS-FmtWBY?ps=play&vq=large&rel=0&autohide=1&showinfo=0",
    "videoImage": "https://play-lh.googleusercontent.com/ddheP9SsT7cjn3ETtlOVn6BtmVgUpShS3z_JKfhzwTtMl4AOFyb7I-9RnC6jBvN4wg",
    "contentRating": "Everyone",
    "contentRatingDescription": null,
    "adSupported": true,
    "containsAds": true,
    "released": "Sep 27, 2024",
    "lastUpdatedOn": "Nov 19, 2024",
    "updated": 1732033445,
    "version": "1.68",
    "comments": [],
    "appId": "com.ig.bus.out",
    "url": "https://play.google.com/store/apps/details?id=com.ig.bus.out&hl=en&gl=us"
}