{
    "title": "AR Drawing: Sketch, Art, Trace",
    "description": "AR Drawing: Sketch, Art, Trace combines the power of augmented reality (AR) technology with intuitive drawing tools to revolutionize your artistic experience. Whether you're a seasoned artist or just starting on your creative journey, this app is designed to inspire and enhance your skills.\r\n\r\n\ud83c\udfa8 Unleash Your Creativity:\r\nTransform your phone into a canvas with AR Drawing: Sketch, Art, Trace. Dive into a world where your imagination knows no limits, and every surface becomes a potential masterpiece waiting to happen.\r\n\r\n\ud83d\uddbc\ufe0f Abundant Templates & Tracing Options:\r\nExplore a vast collection of templates ranging from Animals, Nature, Car, Plane, People, Anime, and more. Use these templates to kickstart your creativity or trace them onto your canvas for a guided drawing experience. With over 200+ templates, there's something for every style and preference.\r\n\r\n\ud83d\udd26 Enhanced Drawing Experience:\r\nIlluminate your workspace with the built-in flashlight feature, ensuring that you capture every detail and create precise strokes even in low-light environments. This enhanced visibility feature lets you focus on your art without limitations.\r\n\r\n\u2728 Key Features:\r\n\r\nEffortlessly draw and trace using AR technology\r\nExtensive collection of 200+ tracing templates\r\nBuilt-in flashlight for enhanced visibility\r\nIntuitive interface suitable for beginners and experienced artists alike\r\nReady to embark on a journey where your phone becomes a powerful tool for creativity? Download AR Drawing: Sketch, Art, Trace now and elevate your artistic skills while enjoying a seamless and enjoyable drawing experience. Don't forget to share your feedback and creations with us \u2013 your inspiration fuels our innovation!",
    "descriptionHTML": "AR Drawing: Sketch, Art, Trace combines the power of augmented reality (AR) technology with intuitive drawing tools to revolutionize your artistic experience. Whether you&#39;re a seasoned artist or just starting on your creative journey, this app is designed to inspire and enhance your skills.<br><br>\ud83c\udfa8 Unleash Your Creativity:<br>Transform your phone into a canvas with AR Drawing: Sketch, Art, Trace. Dive into a world where your imagination knows no limits, and every surface becomes a potential masterpiece waiting to happen.<br><br>\ud83d\uddbc\ufe0f Abundant Templates &amp; Tracing Options:<br>Explore a vast collection of templates ranging from Animals, Nature, Car, Plane, People, Anime, and more. Use these templates to kickstart your creativity or trace them onto your canvas for a guided drawing experience. With over 200+ templates, there&#39;s something for every style and preference.<br><br>\ud83d\udd26 Enhanced Drawing Experience:<br>Illuminate your workspace with the built-in flashlight feature, ensuring that you capture every detail and create precise strokes even in low-light environments. This enhanced visibility feature lets you focus on your art without limitations.<br><br>\u2728 Key Features:<br><br>Effortlessly draw and trace using AR technology<br>Extensive collection of 200+ tracing templates<br>Built-in flashlight for enhanced visibility<br>Intuitive interface suitable for beginners and experienced artists alike<br>Ready to embark on a journey where your phone becomes a powerful tool for creativity? Download AR Drawing: Sketch, Art, Trace now and elevate your artistic skills while enjoying a seamless and enjoyable drawing experience. Don&#39;t forget to share your feedback and creations with us \u2013 your inspiration fuels our innovation!",
    "summary": "Drawing and sketching are made simple with the AR Drawing app. Anyone can draw!",
    "installs": "5,000,000+",
    "minInstalls": 5000000,
    "realInstalls": 6253882,
    "score": 3.28,
    "ratings": 2990,
    "reviews": 43,
    "histogram": [
        996,
        204,
        127,
        127,
        1456
    ],
    "price": 0,
    "free": true,
    "currency": "USD",
    "sale": false,
    "saleTime": null,
    "originalPrice": null,
    "saleText": null,
    "offersIAP": false,
    "inAppProductPrice": null,
    "developer": "Color App Team",
    "developerId": "Color+App+Team",
    "developerEmail": "vikas.dragunov.raywar@gmail.com",
    "developerWebsite": null,
    "developerAddress": null,
    "privacyPolicy": "https://docs.google.com/document/d/1y-fkFekscs_BlTS2z0Ib4gN2NK97PMXDRAXN5yXmHeU/edit?usp=sharing",
    "genre": "Art & Design",
    "genreId": "ART_AND_DESIGN",
    "categories": [
        {
            "name": "Art & Design",
            "id": "ART_AND_DESIGN"
        }
    ],
    "icon": "https://play-lh.googleusercontent.com/3C9G1bDMfVRfu5HZqovA-a-7FJt9zscxTJ2w2Q2DdEdyfWd4iLPlEOixIxKfOJbMNx4",
    "headerImage": "https://play-lh.googleusercontent.com/cMD1voa-_t9_3TrhAPZQPSyEkTuLv6zE20BoPZJt-nNqE67o3kQ--zrxEBHkVTdSng",
    "screenshots": [
        "https://play-lh.googleusercontent.com/wh192ysLYsdB6nZI9Bb04wwgQkYAcaLIhBC2TLE5T8ai_wsldsdSJVojTM1hu0zn3iA",
        "https://play-lh.googleusercontent.com/rSUrBQbEyLUp67ukfgofgxA2IzDHn0EdYh6IInxoVm39I3WxB7v9nntUoYaOjuaklw",
        "https://play-lh.googleusercontent.com/yKwLb0ucDKo8VALGXIxCzQm1ma3xCQp0J6hwL8av5aS8wjKwzCMjXIVKyA-9METBdg",
        "https://play-lh.googleusercontent.com/UCQWpW1Mm1wD8P-GnvzUmfuQqN9iIwU9UaITpNOh50D2DGG66tA0g6NdCK5OGr0_Qcs",
        "https://play-lh.googleusercontent.com/CDXLvTWgPafozQOqDZej6dw5HTbik9llu1WQE-JYVfUwihtEKMmORlsONedKM6qFxcVg",
        "https://play-lh.googleusercontent.com/rC_uHXd5FkqxRcnYV0c5bYD-Ysyq-Q9N6uSYi52BhKTmSAtfD-spAbXw81QwDw4xYdE2"
    ],
    "video": null,
    "videoImage": null,
    "contentRating": "Everyone",
    "contentRatingDescription": null,
    "adSupported": true,
    "containsAds": true,
    "released": "Apr 9, 2024",
    "lastUpdatedOn": "Oct 16, 2024",
    "updated": 1729143471,
    "version": "1.2.8",
    "comments": [],
    "appId": "com.ardrawing.drawingsketch.easydraw.trace",
    "url": "https://play.google.com/store/apps/details?id=com.ardrawing.drawingsketch.easydraw.trace&hl=en&gl=us"
}