{
    "type": "log",
    "source": "class",
    "method": "getInstance",
    "package_name": "com.fenceshow.mobileApp",
    "class_name": "com.google.firebase.analytics.FirebaseAnalytics",
    "timestamp": 1728284083454,
    "ref": "<class: com.google.firebase.analytics.FirebaseAnalytics>",
    "arguments": "{\"0\":\"<instance: android.content.Context, $className: android.app.Application>\"}",
    "stack_trace": "java.lang.Exception\n\tat com.google.firebase.analytics.FirebaseAnalytics.getInstance(Native Method)\n\tat java.lang.reflect.Method.invoke(Native Method)\n\tat m.tf.f(:com.google.android.gms.dynamite_measurementdynamite@243834029@24.38.34 (190400-0):47)\n\tat m.rp.s(:com.google.android.gms.dynamite_measurementdynamite@243834029@24.38.34 (190400-0):81)\n\tat m.pp.run(:com.google.android.gms.dynamite_measurementdynamite@243834029@24.38.34 (190400-0):2084)\n\tat java.util.concurrent.Executors$RunnableAdapter.call(Executors.java:463)\n\tat java.util.concurrent.FutureTask.run(FutureTask.java:264)\n\tat m.pl.run(:com.google.android.gms.dynamite_measurementdynamite@243834029@24.38.34 (190400-0):48)\n"
},
{
    "type": "log",
    "source": "class",
    "method": "getFirebaseInstanceId",
    "package_name": "com.fenceshow.mobileApp",
    "class_name": "com.google.firebase.analytics.FirebaseAnalytics",
    "timestamp": 1728284083485,
    "ref": "com.google.firebase.analytics.FirebaseAnalytics@77076f",
    "arguments": "{}",
    "stack_trace": "java.lang.Exception\n\tat com.google.firebase.analytics.FirebaseAnalytics.getFirebaseInstanceId(Native Method)\n\tat java.lang.reflect.Method.invoke(Native Method)\n\tat m.tf.f(:com.google.android.gms.dynamite_measurementdynamite@243834029@24.38.34 (190400-0):49)\n\tat m.rp.s(:com.google.android.gms.dynamite_measurementdynamite@243834029@24.38.34 (190400-0):81)\n\tat m.pp.run(:com.google.android.gms.dynamite_measurementdynamite@243834029@24.38.34 (190400-0):2084)\n\tat java.util.concurrent.Executors$RunnableAdapter.call(Executors.java:463)\n\tat java.util.concurrent.FutureTask.run(FutureTask.java:264)\n\tat m.pl.run(:com.google.android.gms.dynamite_measurementdynamite@243834029@24.38.34 (190400-0):48)\n"
},
{
    "type": "log",
    "source": "class",
    "method": "getInstance",
    "package_name": "com.fenceshow.mobileApp",
    "class_name": "com.google.firebase.analytics.FirebaseAnalytics",
    "timestamp": 1728284083706,
    "ref": "<class: com.google.firebase.analytics.FirebaseAnalytics>",
    "arguments": "{\"0\":\"<instance: android.content.Context, $className: android.app.Application>\"}",
    "stack_trace": "java.lang.Exception\n\tat com.google.firebase.analytics.FirebaseAnalytics.getInstance(Native Method)\n\tat java.lang.reflect.Method.invoke(Native Method)\n\tat m.tf.f(:com.google.android.gms.dynamite_measurementdynamite@243834029@24.38.34 (190400-0):47)\n\tat m.rp.X(:com.google.android.gms.dynamite_measurementdynamite@243834029@24.38.34 (190400-0):209)\n\tat m.tn.b(:com.google.android.gms.dynamite_measurementdynamite@243834029@24.38.34 (190400-0):70)\n\tat m.tn.a(:com.google.android.gms.dynamite_measurementdynamite@243834029@24.38.34 (190400-0):65)\n\tat m.pp.run(:com.google.android.gms.dynamite_measurementdynamite@243834029@24.38.34 (190400-0):2093)\n\tat java.util.concurrent.Executors$RunnableAdapter.call(Executors.java:463)\n\tat java.util.concurrent.FutureTask.run(FutureTask.java:264)\n\tat m.pl.run(:com.google.android.gms.dynamite_measurementdynamite@243834029@24.38.34 (190400-0):48)\n"
},
{
    "type": "log",
    "source": "class",
    "method": "getFirebaseInstanceId",
    "package_name": "com.fenceshow.mobileApp",
    "class_name": "com.google.firebase.analytics.FirebaseAnalytics",
    "timestamp": 1728284083717,
    "ref": "com.google.firebase.analytics.FirebaseAnalytics@77076f",
    "arguments": "{}",
    "stack_trace": "java.lang.Exception\n\tat com.google.firebase.analytics.FirebaseAnalytics.getFirebaseInstanceId(Native Method)\n\tat java.lang.reflect.Method.invoke(Native Method)\n\tat m.tf.f(:com.google.android.gms.dynamite_measurementdynamite@243834029@24.38.34 (190400-0):49)\n\tat m.rp.X(:com.google.android.gms.dynamite_measurementdynamite@243834029@24.38.34 (190400-0):209)\n\tat m.tn.b(:com.google.android.gms.dynamite_measurementdynamite@243834029@24.38.34 (190400-0):70)\n\tat m.tn.a(:com.google.android.gms.dynamite_measurementdynamite@243834029@24.38.34 (190400-0):65)\n\tat m.pp.run(:com.google.android.gms.dynamite_measurementdynamite@243834029@24.38.34 (190400-0):2093)\n\tat java.util.concurrent.Executors$RunnableAdapter.call(Executors.java:463)\n\tat java.util.concurrent.FutureTask.run(FutureTask.java:264)\n\tat m.pl.run(:com.google.android.gms.dynamite_measurementdynamite@243834029@24.38.34 (190400-0):48)\n"
},
{
    "type": "log",
    "source": "class",
    "method": "getInstance",
    "package_name": "com.fenceshow.mobileApp",
    "class_name": "com.google.firebase.analytics.FirebaseAnalytics",
    "timestamp": 1728284083774,
    "ref": "<class: com.google.firebase.analytics.FirebaseAnalytics>",
    "arguments": "{\"0\":\"<instance: android.content.Context, $className: android.app.Application>\"}",
    "stack_trace": "java.lang.Exception\n\tat com.google.firebase.analytics.FirebaseAnalytics.getInstance(Native Method)\n\tat java.lang.reflect.Method.invoke(Native Method)\n\tat m.tf.f(:com.google.android.gms.dynamite_measurementdynamite@243834029@24.38.34 (190400-0):47)\n\tat m.rp.ab(:com.google.android.gms.dynamite_measurementdynamite@243834029@24.38.34 (190400-0):143)\n\tat m.rp.H(:com.google.android.gms.dynamite_measurementdynamite@243834029@24.38.34 (190400-0):30)\n\tat m.tn.b(:com.google.android.gms.dynamite_measurementdynamite@243834029@24.38.34 (190400-0):123)\n\tat m.tn.a(:com.google.android.gms.dynamite_measurementdynamite@243834029@24.38.34 (190400-0):65)\n\tat m.pp.run(:com.google.android.gms.dynamite_measurementdynamite@243834029@24.38.34 (190400-0):2093)\n\tat java.util.concurrent.Executors$RunnableAdapter.call(Executors.java:463)\n\tat java.util.concurrent.FutureTask.run(FutureTask.java:264)\n\tat m.pl.run(:com.google.android.gms.dynamite_measurementdynamite@243834029@24.38.34 (190400-0):48)\n"
},
{
    "type": "log",
    "source": "class",
    "method": "getFirebaseInstanceId",
    "package_name": "com.fenceshow.mobileApp",
    "class_name": "com.google.firebase.analytics.FirebaseAnalytics",
    "timestamp": 1728284083778,
    "ref": "com.google.firebase.analytics.FirebaseAnalytics@77076f",
    "arguments": "{}",
    "stack_trace": "java.lang.Exception\n\tat com.google.firebase.analytics.FirebaseAnalytics.getFirebaseInstanceId(Native Method)\n\tat java.lang.reflect.Method.invoke(Native Method)\n\tat m.tf.f(:com.google.android.gms.dynamite_measurementdynamite@243834029@24.38.34 (190400-0):49)\n\tat m.rp.ab(:com.google.android.gms.dynamite_measurementdynamite@243834029@24.38.34 (190400-0):143)\n\tat m.rp.H(:com.google.android.gms.dynamite_measurementdynamite@243834029@24.38.34 (190400-0):30)\n\tat m.tn.b(:com.google.android.gms.dynamite_measurementdynamite@243834029@24.38.34 (190400-0):123)\n\tat m.tn.a(:com.google.android.gms.dynamite_measurementdynamite@243834029@24.38.34 (190400-0):65)\n\tat m.pp.run(:com.google.android.gms.dynamite_measurementdynamite@243834029@24.38.34 (190400-0):2093)\n\tat java.util.concurrent.Executors$RunnableAdapter.call(Executors.java:463)\n\tat java.util.concurrent.FutureTask.run(FutureTask.java:264)\n\tat m.pl.run(:com.google.android.gms.dynamite_measurementdynamite@243834029@24.38.34 (190400-0):48)\n"
},
{
    "type": "log",
    "source": "class",
    "method": "getInstance",
    "package_name": "com.fenceshow.mobileApp",
    "class_name": "com.google.firebase.analytics.FirebaseAnalytics",
    "timestamp": 1728284083826,
    "ref": "<class: com.google.firebase.analytics.FirebaseAnalytics>",
    "arguments": "{\"0\":\"<instance: android.content.Context, $className: android.app.Application>\"}",
    "stack_trace": "java.lang.Exception\n\tat com.google.firebase.analytics.FirebaseAnalytics.getInstance(Native Method)\n\tat java.lang.reflect.Method.invoke(Native Method)\n\tat m.tf.f(:com.google.android.gms.dynamite_measurementdynamite@243834029@24.38.34 (190400-0):47)\n\tat m.tf.s(:com.google.android.gms.dynamite_measurementdynamite@243834029@24.38.34 (190400-0):8)\n\tat m.pp.run(:com.google.android.gms.dynamite_measurementdynamite@243834029@24.38.34 (190400-0):2105)\n\tat java.util.concurrent.Executors$RunnableAdapter.call(Executors.java:463)\n\tat java.util.concurrent.FutureTask.run(FutureTask.java:264)\n\tat m.pl.run(:com.google.android.gms.dynamite_measurementdynamite@243834029@24.38.34 (190400-0):48)\n"
},
{
    "type": "log",
    "source": "class",
    "method": "getFirebaseInstanceId",
    "package_name": "com.fenceshow.mobileApp",
    "class_name": "com.google.firebase.analytics.FirebaseAnalytics",
    "timestamp": 1728284083845,
    "ref": "com.google.firebase.analytics.FirebaseAnalytics@77076f",
    "arguments": "{}",
    "stack_trace": "java.lang.Exception\n\tat com.google.firebase.analytics.FirebaseAnalytics.getFirebaseInstanceId(Native Method)\n\tat java.lang.reflect.Method.invoke(Native Method)\n\tat m.tf.f(:com.google.android.gms.dynamite_measurementdynamite@243834029@24.38.34 (190400-0):49)\n\tat m.tf.s(:com.google.android.gms.dynamite_measurementdynamite@243834029@24.38.34 (190400-0):8)\n\tat m.pp.run(:com.google.android.gms.dynamite_measurementdynamite@243834029@24.38.34 (190400-0):2105)\n\tat java.util.concurrent.Executors$RunnableAdapter.call(Executors.java:463)\n\tat java.util.concurrent.FutureTask.run(FutureTask.java:264)\n\tat m.pl.run(:com.google.android.gms.dynamite_measurementdynamite@243834029@24.38.34 (190400-0):48)\n"
},
{
    "type": "log",
    "source": "class",
    "method": "getInstance",
    "package_name": "com.fenceshow.mobileApp",
    "class_name": "com.google.firebase.analytics.FirebaseAnalytics",
    "timestamp": 1728284083892,
    "ref": "<class: com.google.firebase.analytics.FirebaseAnalytics>",
    "arguments": "{\"0\":\"<instance: android.content.Context, $className: android.app.Application>\"}",
    "stack_trace": "java.lang.Exception\n\tat com.google.firebase.analytics.FirebaseAnalytics.getInstance(Native Method)\n\tat java.lang.reflect.Method.invoke(Native Method)\n\tat m.tf.f(:com.google.android.gms.dynamite_measurementdynamite@243834029@24.38.34 (190400-0):47)\n\tat m.tf.G(:com.google.android.gms.dynamite_measurementdynamite@243834029@24.38.34 (190400-0):8)\n\tat m.pp.run(:com.google.android.gms.dynamite_measurementdynamite@243834029@24.38.34 (190400-0):2122)\n\tat java.util.concurrent.Executors$RunnableAdapter.call(Executors.java:463)\n\tat java.util.concurrent.FutureTask.run(FutureTask.java:264)\n\tat m.pl.run(:com.google.android.gms.dynamite_measurementdynamite@243834029@24.38.34 (190400-0):48)\n"
},
{
    "type": "log",
    "source": "class",
    "method": "getFirebaseInstanceId",
    "package_name": "com.fenceshow.mobileApp",
    "class_name": "com.google.firebase.analytics.FirebaseAnalytics",
    "timestamp": 1728284083895,
    "ref": "com.google.firebase.analytics.FirebaseAnalytics@77076f",
    "arguments": "{}",
    "stack_trace": "java.lang.Exception\n\tat com.google.firebase.analytics.FirebaseAnalytics.getFirebaseInstanceId(Native Method)\n\tat java.lang.reflect.Method.invoke(Native Method)\n\tat m.tf.f(:com.google.android.gms.dynamite_measurementdynamite@243834029@24.38.34 (190400-0):49)\n\tat m.tf.G(:com.google.android.gms.dynamite_measurementdynamite@243834029@24.38.34 (190400-0):8)\n\tat m.pp.run(:com.google.android.gms.dynamite_measurementdynamite@243834029@24.38.34 (190400-0):2122)\n\tat java.util.concurrent.Executors$RunnableAdapter.call(Executors.java:463)\n\tat java.util.concurrent.FutureTask.run(FutureTask.java:264)\n\tat m.pl.run(:com.google.android.gms.dynamite_measurementdynamite@243834029@24.38.34 (190400-0):48)\n"
},
{
    "type": "log",
    "source": "class",
    "method": "getInstance",
    "package_name": "com.fenceshow.mobileApp",
    "class_name": "com.google.firebase.analytics.FirebaseAnalytics",
    "timestamp": 1728284085198,
    "ref": "<class: com.google.firebase.analytics.FirebaseAnalytics>",
    "arguments": "{\"0\":\"<instance: android.content.Context, $className: android.app.Application>\"}",
    "stack_trace": "java.lang.Exception\n\tat com.google.firebase.analytics.FirebaseAnalytics.getInstance(Native Method)\n\tat java.lang.reflect.Method.invoke(Native Method)\n\tat m.tf.f(:com.google.android.gms.dynamite_measurementdynamite@243834029@24.38.34 (190400-0):47)\n\tat m.rp.ab(:com.google.android.gms.dynamite_measurementdynamite@243834029@24.38.34 (190400-0):143)\n\tat m.qu.run(:com.google.android.gms.dynamite_measurementdynamite@243834029@24.38.34 (190400-0):17)\n\tat java.util.concurrent.Executors$RunnableAdapter.call(Executors.java:463)\n\tat java.util.concurrent.FutureTask.run(FutureTask.java:264)\n\tat m.pl.run(:com.google.android.gms.dynamite_measurementdynamite@243834029@24.38.34 (190400-0):48)\n"
},
{
    "type": "log",
    "source": "class",
    "method": "getFirebaseInstanceId",
    "package_name": "com.fenceshow.mobileApp",
    "class_name": "com.google.firebase.analytics.FirebaseAnalytics",
    "timestamp": 1728284085205,
    "ref": "com.google.firebase.analytics.FirebaseAnalytics@77076f",
    "arguments": "{}",
    "stack_trace": "java.lang.Exception\n\tat com.google.firebase.analytics.FirebaseAnalytics.getFirebaseInstanceId(Native Method)\n\tat java.lang.reflect.Method.invoke(Native Method)\n\tat m.tf.f(:com.google.android.gms.dynamite_measurementdynamite@243834029@24.38.34 (190400-0):49)\n\tat m.rp.ab(:com.google.android.gms.dynamite_measurementdynamite@243834029@24.38.34 (190400-0):143)\n\tat m.qu.run(:com.google.android.gms.dynamite_measurementdynamite@243834029@24.38.34 (190400-0):17)\n\tat java.util.concurrent.Executors$RunnableAdapter.call(Executors.java:463)\n\tat java.util.concurrent.FutureTask.run(FutureTask.java:264)\n\tat m.pl.run(:com.google.android.gms.dynamite_measurementdynamite@243834029@24.38.34 (190400-0):48)\n"
},
