{
    "title": "Find It Out: Hidden Objects",
    "description": "Welcome to the most captivating FREE hidden object and scavenger hunt game ! Embark on a scavenger hunt adventure, find hidden objects across challenging levels, and unwind your mind. Play now and DISCOVER the excitement!\r\n\r\nIn this free scavenger hunt picture puzzle, simply focus on the items listed below, tap on the hidden objects, and bring these captivating scenes to life. Take on the challenge and solve the hidden objects puzzles with speed and precision!\r\n\r\nAs an innovative search and find hidden object game, Find It offers multiple vibrant maps and engaging game scenes for you to uncover missing objects. Explore numerous mysterious locations, find all hidden objects, and unlock new maps for free in this ultimate Find It and scavenger hunt puzzle game!\r\n\r\nSearch, seek, and find out in stunning graphics, collecting hundreds of hidden objects for endless scavenger hunt fun. If you're a fan of find hidden objects games, Spot It games, and other scavenger hunt puzzles, this free brain teaser is the perfect fit for you!\r\n\r\nKey Features\r\n\ud83c\udf89 Completely free to play - indulge in the joy of hidden object games!\r\n\ud83d\udd79\ufe0f Easy rules and gameplay - survey the scene, find hidden objects, and complete the picture!\r\n\ud83d\udc68\u200d\ud83d\udc69\u200d\ud83d\udc67\u200d\ud83d\udc66 Suitable for all age groups - enjoy the picture puzzle game with family and friends!\r\n\u2705 Varied difficulties - the more hidden objects you find, the tougher the maps you can tackle.\r\n\ud83e\udde0 Carefully designed hidden objects - put your searching skills to the test!\r\n\ud83d\udca1 Handy tools - use hints to locate the last hidden object when you're stuck.\r\n\u2b50 Zoom feature - magnify your view at any time to spot well-hidden objects!\r\n\ud83e\udd29 Multiple levels and scenes - explore the animal park, ocean world, children's playground, and more exciting destinations!\r\n\ud83c\udfae Different gaming modes - play with Classic and Match modes as per your preference!\r\n\r\nHow to Play\r\n\ud83e\uddd0 Observe, seek, and find the required hidden objects.\r\n\ud83e\udded Use hints to locate the target and uncover it.\r\n\ud83d\udd0e Zoom in, out, and swipe through every corner of the maps.\r\n\ud83d\udcaa Collect all hidden objects to complete a scene.\r\n\r\nExperience the exhilaration of discovering treasures through our weekly updated maps! Immerse yourself in a diverse collection of captivating maps, including San Francisco, Miracle Street, Ocean Resort, Magic Forest, Wild West, Mysterious Japan, Lamp Of Wonders, Alien Exploration, Dreamy Factory, and many more.\r\n\r\nGet set for an unforgettable journey into a realm filled with wonder and excitement. Join us today!\r\n\r\nFind It Out - Find Hidden Objects is the quintessential 'seek, find, and find out game' to enhance your observation skills! Stay sharp and be patient! Take a close look at the map, uncover all hidden objects, and reveal the mysteries within!\r\n\r\nWe're always improving and genuinely love hearing your feedback, so contact us at orangplayer@tggamesstudio.com or visit our website https://tggamesstudio.com.\r\nPrivacy Policy: https://tggamesstudio.com/privacy.html\r\nTerms of Service: https://tggamesstudio.com/useragreement.html",
    "descriptionHTML": "Welcome to the most captivating FREE hidden object and scavenger hunt game ! Embark on a scavenger hunt adventure, find hidden objects across challenging levels, and unwind your mind. Play now and DISCOVER the excitement!<br><br>In this free scavenger hunt picture puzzle, simply focus on the items listed below, tap on the hidden objects, and bring these captivating scenes to life. Take on the challenge and solve the hidden objects puzzles with speed and precision!<br><br>As an innovative search and find hidden object game, Find It offers multiple vibrant maps and engaging game scenes for you to uncover missing objects. Explore numerous mysterious locations, find all hidden objects, and unlock new maps for free in this ultimate Find It and scavenger hunt puzzle game!<br><br>Search, seek, and find out in stunning graphics, collecting hundreds of hidden objects for endless scavenger hunt fun. If you&#39;re a fan of find hidden objects games, Spot It games, and other scavenger hunt puzzles, this free brain teaser is the perfect fit for you!<br><br>Key Features<br>\ud83c\udf89 Completely free to play - indulge in the joy of hidden object games!<br>\ud83d\udd79\ufe0f Easy rules and gameplay - survey the scene, find hidden objects, and complete the picture!<br>\ud83d\udc68\u200d\ud83d\udc69\u200d\ud83d\udc67\u200d\ud83d\udc66 Suitable for all age groups - enjoy the picture puzzle game with family and friends!<br>\u2705 Varied difficulties - the more hidden objects you find, the tougher the maps you can tackle.<br>\ud83e\udde0 Carefully designed hidden objects - put your searching skills to the test!<br>\ud83d\udca1 Handy tools - use hints to locate the last hidden object when you&#39;re stuck.<br>\u2b50 Zoom feature - magnify your view at any time to spot well-hidden objects!<br>\ud83e\udd29 Multiple levels and scenes - explore the animal park, ocean world, children&#39;s playground, and more exciting destinations!<br>\ud83c\udfae Different gaming modes - play with Classic and Match modes as per your preference!<br><br>How to Play<br>\ud83e\uddd0 Observe, seek, and find the required hidden objects.<br>\ud83e\udded Use hints to locate the target and uncover it.<br>\ud83d\udd0e Zoom in, out, and swipe through every corner of the maps.<br>\ud83d\udcaa Collect all hidden objects to complete a scene.<br><br>Experience the exhilaration of discovering treasures through our weekly updated maps! Immerse yourself in a diverse collection of captivating maps, including San Francisco, Miracle Street, Ocean Resort, Magic Forest, Wild West, Mysterious Japan, Lamp Of Wonders, Alien Exploration, Dreamy Factory, and many more.<br><br>Get set for an unforgettable journey into a realm filled with wonder and excitement. Join us today!<br><br>Find It Out - Find Hidden Objects is the quintessential &#39;seek, find, and find out game&#39; to enhance your observation skills! Stay sharp and be patient! Take a close look at the map, uncover all hidden objects, and reveal the mysteries within!<br><br>We&#39;re always improving and genuinely love hearing your feedback, so contact us at orangplayer@tggamesstudio.com or visit our website https://tggamesstudio.com.<br>Privacy Policy: https://tggamesstudio.com/privacy.html<br>Terms of Service: https://tggamesstudio.com/useragreement.html",
    "summary": "Seek and find out hidden objects! Enjoy Offline scavenger hunt game and find it!",
    "installs": "1,000,000+",
    "minInstalls": 1000000,
    "realInstalls": 1824330,
    "score": 4.5273776,
    "ratings": 15965,
    "reviews": 569,
    "histogram": [
        962,
        504,
        598,
        962,
        12928
    ],
    "price": 0,
    "free": true,
    "currency": "USD",
    "sale": false,
    "saleTime": null,
    "originalPrice": null,
    "saleText": null,
    "offersIAP": true,
    "inAppProductPrice": "$0.99 - $99.99 per item",
    "developer": "Pleasure City",
    "developerId": "4810488365344915641",
    "developerEmail": "orangplayer@tggamesstudio.com",
    "developerWebsite": "https://tggamesstudio.com",
    "developerAddress": null,
    "privacyPolicy": "https://tggamesstudio.com/privacy.html",
    "genre": "Puzzle",
    "genreId": "GAME_PUZZLE",
    "categories": [
        {
            "name": "Puzzle",
            "id": "GAME_PUZZLE"
        },
        {
            "name": "Hidden object",
            "id": null
        },
        {
            "name": "Casual",
            "id": "GAME_CASUAL"
        },
        {
            "name": "Single player",
            "id": null
        },
        {
            "name": "Stylized",
            "id": null
        },
        {
            "name": "Offline",
            "id": null
        }
    ],
    "icon": "https://play-lh.googleusercontent.com/Uifv31RwlEJlPsauKyNV4-Zii7yWaXJ_xby4088hFh_AH4EFtsF3bfSyYo-9iPNGoDqs",
    "headerImage": "https://play-lh.googleusercontent.com/miHYYQmRZ4m3g77bhV-n5dQ2jlvCXRHB5YingfjgsBhINUWX4mpbc4Uyn0AZdKfukgF4",
    "screenshots": [
        "https://play-lh.googleusercontent.com/J9RaWEgx2kZH6KhVcw2MPOZYEvuo_j5E-fsZ5jb5wnusVPyl2u4-CyJ2kn9Ch430xg",
        "https://play-lh.googleusercontent.com/bkTIOPhw2YOofKxkwWvPK5uP_Dl8YgIwDgQjFT1Bgj6h4zcHQfgg73Yl08GsJkhJGp4",
        "https://play-lh.googleusercontent.com/RIj85Wl-1Gn0JilWdbE9iId3f7lnMtdEQgV2_rJ5zjogBUV9Dt2WYjc5y1Im0x_wfJg",
        "https://play-lh.googleusercontent.com/O-U50QdkVuwFNTE6v-IjL4KGpyZ5_ttfWHNCMcuN0P5HpfHvxWI49jUIjER2M8K1fg",
        "https://play-lh.googleusercontent.com/qgdBV9HRIysjopSXpnf2WSIeGaLaBfHIxR8o8rRlBYOY9Cu5aOp9uRAVVMrvdgTGeplG",
        "https://play-lh.googleusercontent.com/6eW1QZlgueathLO2pejb-4qZ0egPxjpoMO0Prog9KI44_IlE1J4sP4SHzXVHROnGzw",
        "https://play-lh.googleusercontent.com/2K4IgIUjquq74c2YBE8ILCWwfZ_qMRaEikN7p7SMDD4f7mC6pBeHJJSED11SmzowRiQ",
        "https://play-lh.googleusercontent.com/nFOjPR-SwXnz6mZ1sD9jOShvSNIHRnMAv5WQtsLBUucmCc2rEOIL8G0URjS3Ux_3X3A",
        "https://play-lh.googleusercontent.com/znlxgcYcBJEXzxttiDGaOyMaGqKbQR3XzQBEygDzHJM_3cDlIlSnw9pCb-_b0piKc6k",
        "https://play-lh.googleusercontent.com/b-KrYDrWY5C3DK6_cohLXTuT_4OMaoW8--z8yL8Amd15H3gX5_JQ2GdqxWERssM6B10",
        "https://play-lh.googleusercontent.com/cIIWKFR8sZbC8FxVJ-oyoEzreZGumb7aH-hY_iB6oKsuGlm9Ngv0VMzMp_I0sWkQeGvA",
        "https://play-lh.googleusercontent.com/VOzTcDQWVelTs7-FXeLAm_CJ_aP24Ktwp8kQiTjWI9ocuQ9XebFHXnYa194F3i_kpw",
        "https://play-lh.googleusercontent.com/ldCemB5T9faGSVkxvmnhCl3Y-ilanya151HtJQ2P3QV036EursrgI154g3ucB2nMbg",
        "https://play-lh.googleusercontent.com/QzH3pb-GplH9Y9LMKrPyT8fZruDbkmS3p5CETkHSeZ2YZEZ3o4BJ9F-BUpiSn_ag1VOi",
        "https://play-lh.googleusercontent.com/9-ZkdEA56PBWYYQwVy3xQWMm1_Esp6s3RhXVGNyC-Hye8Wp-JDG5KRIDpoYXyKXxRw",
        "https://play-lh.googleusercontent.com/py9TlguerdU2SK7oavIA_8GqgtLfNQyiEV2hZDD5N5be7l-qqdLw2FMc9iJ7kxv9Eek",
        "https://play-lh.googleusercontent.com/zv-UclRaiWhdfkT1K1Vt8I0Sa20PF2ICMftJvvnl_1NB-dXfhqDBULFHXqJwlKvm",
        "https://play-lh.googleusercontent.com/bWWLGWF9F5yLRXyXZ0FUI9ofKKltTQaJsVJ3DrcwPAKThV2l6lewPU_KeIUnSnteE_TG",
        "https://play-lh.googleusercontent.com/8tCSdFftJmi5XFAqmMeZk8OHZ5s-LhyE0q7HPTKNu2PzBhgnwgK9WoDRKv5JHqE5rw8",
        "https://play-lh.googleusercontent.com/oWq8k0HnKzx-9pPycQTPslHjXUldGFlhP8GdONq0669ZEQ4D_SeCJj77czHPl-72rQ",
        "https://play-lh.googleusercontent.com/uQOFOwqSCddbY0uy3mHmgHGuLDzUDqkiA1XdjJH90e-pn5IJABEJZn-vxyVipp-8Gug",
        "https://play-lh.googleusercontent.com/7OkVXzsNJeUp5-j-KWTjqh_IkyC6z_dOiVAi44WRpGQqwJJq00drGBa3ndlLgBwrF8g",
        "https://play-lh.googleusercontent.com/6JGNdw_-eJzRelJYOJ7a5TFpNwLTSfvku2cPBPpuiOZ0LBWSNMjZHsshBg9ZS1ZwWus",
        "https://play-lh.googleusercontent.com/qi66XB-GivKOJpbrErIA7ikJjBVgV36x2e85JS0oXz-B0EFpj38-sMZlBMH6dlaV"
    ],
    "video": "https://www.youtube.com/embed/5uu52y8TIcg?ps=play&vq=large&rel=0&autohide=1&showinfo=0",
    "videoImage": "https://play-lh.googleusercontent.com/miHYYQmRZ4m3g77bhV-n5dQ2jlvCXRHB5YingfjgsBhINUWX4mpbc4Uyn0AZdKfukgF4",
    "contentRating": "Everyone",
    "contentRatingDescription": null,
    "adSupported": true,
    "containsAds": true,
    "released": "Mar 31, 2023",
    "lastUpdatedOn": "May 10, 2024",
    "updated": 1715335133,
    "version": "1.2.6",
    "comments": [],
    "appId": "com.find.hidden.objects.game.hunt.out",
    "url": "https://play.google.com/store/apps/details?id=com.find.hidden.objects.game.hunt.out&hl=en&gl=us"
}