pkg: com.quizland.triviagame.kofos, Error: App not found(404).
pkg: com.wifikeyview.wifikeyrecovery.wifi.passwordview.wifispeedtest.wifianalyzer.password.show, Error: App not found(404).
pkg: com.gswave.paperwall.design.studio, Error: App not found(404).
pkg: com.mimanga.app, Error: App not found(404).
pkg: com.fnf.music.character.test, Error: App not found(404).
pkg: com.slwldi.lqwposkj, Error: App not found(404).
pkg: com.haircolor.beautycamera.hairstyle.hairstylechanger, Error: App not found(404).
pkg: com.ffmapmcpe.ffFieMaxminecraftaddon, Error: App not found(404).
pkg: com.narnxt2024, Error: App not found(404).
pkg: com.kk.junkcleaner.easy.zxkk, Error: App not found(404).
pkg: com.whitespiritgames.the.school, Error: App not found(404).
pkg: com.sgatech.free.sports.tv, Error: App not found(404).
pkg: com.tmobile.pr.mytmobile, Error: App not found(404).
pkg: com.animewallpapers4K.STUDIOLOVE, Error: App not found(404).
pkg: com.watchfacestudio.per003_signatra, Error: App not found(404).
pkg: com.painting.book.colorme, Error: App not found(404).
pkg: com.ksowkl.iskql, Error: App not found(404).
pkg: com.gswave.paperwall.design.studio, Error: App not found(404).
pkg: com.fnf.music.character.test, Error: App not found(404).
pkg: com.mimanga.app, Error: App not found(404).
pkg: com.narnxt2024, Error: App not found(404).
pkg: com.ksowkl.iskql, Error: App not found(404).
pkg: com.slwldi.lqwposkj, Error: App not found(404).
pkg: com.painting.book.colorme, Error: App not found(404).
pkg: com.tmobile.pr.mytmobile, Error: App not found(404).
pkg: com.wifikeyview.wifikeyrecovery.wifi.passwordview.wifispeedtest.wifianalyzer.password.show, Error: App not found(404).
pkg: com.ffmapmcpe.ffFieMaxminecraftaddon, Error: App not found(404).
pkg: com.sgatech.free.sports.tv, Error: App not found(404).
pkg: com.whitespiritgames.the.school, Error: App not found(404).
pkg: com.kk.junkcleaner.easy.zxkk, Error: App not found(404).
pkg: com.haircolor.beautycamera.hairstyle.hairstylechanger, Error: App not found(404).
pkg: com.quizland.triviagame.kofos, Error: App not found(404).
pkg: com.watchfacestudio.per003_signatra, Error: App not found(404).
pkg: com.animewallpapers4K.STUDIOLOVE, Error: App not found(404).
